Starting ACHNN regression training with 16 CPUs and 1 GPU at Wed Apr 16 04:57:31 AM EDT 2025
Loading configuration from config_baseline_mlp.yaml...
Loading preprocessed features and labels...
 Feature shape: (546, 19927), Label shape: (546,)
 Label distribution: [279 267]
Random seed set to 42
Using GPU: NVIDIA RTX A5000

--- Fold 1/10 ---
Starting training for Fold 1...
F1 E001 | Tr Loss: 0.7246 | Te Loss: 0.6752 | Te Acc: 0.5455 | Te AUC: 0.6640
F1 E005 | Tr Loss: 0.4768 | Te Loss: 0.6311 | Te Acc: 0.6545 | Te AUC: 0.7050
F1 E010 | Tr Loss: 0.2170 | Te Loss: 0.6776 | Te Acc: 0.6909 | Te AUC: 0.7249
F1 E015 | Tr Loss: 0.1419 | Te Loss: 0.7876 | Te Acc: 0.6545 | Te AUC: 0.7275
F1 E020 | Tr Loss: 0.1144 | Te Loss: 0.7743 | Te Acc: 0.6545 | Te AUC: 0.7050
F1 E025 | Tr Loss: 0.1222 | Te Loss: 0.8324 | Te Acc: 0.6909 | Te AUC: 0.7315
F1 E030 | Tr Loss: 0.0943 | Te Loss: 0.8602 | Te Acc: 0.6727 | Te AUC: 0.7341
F1 E035 | Tr Loss: 0.0637 | Te Loss: 0.9226 | Te Acc: 0.7091 | Te AUC: 0.7368
F1 E040 | Tr Loss: 0.0455 | Te Loss: 0.9862 | Te Acc: 0.7091 | Te AUC: 0.7526
F1 E045 | Tr Loss: 0.0159 | Te Loss: 1.1558 | Te Acc: 0.6727 | Te AUC: 0.7169
F1 E050 | Tr Loss: 0.0572 | Te Loss: 1.1597 | Te Acc: 0.6364 | Te AUC: 0.7063
F1 E055 | Tr Loss: 0.0558 | Te Loss: 1.0868 | Te Acc: 0.7091 | Te AUC: 0.7474
F1 E060 | Tr Loss: 0.0381 | Te Loss: 1.2868 | Te Acc: 0.7273 | Te AUC: 0.7500
F1 E065 | Tr Loss: 0.0262 | Te Loss: 1.2520 | Te Acc: 0.7091 | Te AUC: 0.7540
F1 E070 | Tr Loss: 0.0357 | Te Loss: 1.2482 | Te Acc: 0.7273 | Te AUC: 0.7606
F1 E075 | Tr Loss: 0.0208 | Te Loss: 1.2277 | Te Acc: 0.6909 | Te AUC: 0.7407
F1 E080 | Tr Loss: 0.0266 | Te Loss: 1.3888 | Te Acc: 0.6727 | Te AUC: 0.7116
F1 E085 | Tr Loss: 0.0351 | Te Loss: 1.3425 | Te Acc: 0.6727 | Te AUC: 0.7328
F1 E090 | Tr Loss: 0.0205 | Te Loss: 1.2542 | Te Acc: 0.6909 | Te AUC: 0.7394
F1 E095 | Tr Loss: 0.0342 | Te Loss: 1.3812 | Te Acc: 0.7273 | Te AUC: 0.7394
F1 E100 | Tr Loss: 0.0143 | Te Loss: 1.3911 | Te Acc: 0.6909 | Te AUC: 0.7394
F1 E105 | Tr Loss: 0.0263 | Te Loss: 1.6231 | Te Acc: 0.6545 | Te AUC: 0.7341
F1 E110 | Tr Loss: 0.0258 | Te Loss: 1.4762 | Te Acc: 0.6727 | Te AUC: 0.7222
F1 E115 | Tr Loss: 0.0152 | Te Loss: 1.4175 | Te Acc: 0.6909 | Te AUC: 0.7460
F1 E120 | Tr Loss: 0.0358 | Te Loss: 1.4686 | Te Acc: 0.6545 | Te AUC: 0.7288
F1 E125 | Tr Loss: 0.0295 | Te Loss: 1.4615 | Te Acc: 0.6909 | Te AUC: 0.7262
F1 E130 | Tr Loss: 0.0096 | Te Loss: 1.4580 | Te Acc: 0.7091 | Te AUC: 0.7354
F1 E135 | Tr Loss: 0.0039 | Te Loss: 1.5271 | Te Acc: 0.6909 | Te AUC: 0.7183
F1 E140 | Tr Loss: 0.0120 | Te Loss: 1.5302 | Te Acc: 0.7091 | Te AUC: 0.7275
F1 E145 | Tr Loss: 0.0062 | Te Loss: 1.5556 | Te Acc: 0.6727 | Te AUC: 0.7077
F1 E150 | Tr Loss: 0.0084 | Te Loss: 1.5455 | Te Acc: 0.7091 | Te AUC: 0.7302
F1 E155 | Tr Loss: 0.0063 | Te Loss: 1.5460 | Te Acc: 0.7091 | Te AUC: 0.7302
F1 E160 | Tr Loss: 0.0036 | Te Loss: 1.5572 | Te Acc: 0.6909 | Te AUC: 0.7328
F1 E165 | Tr Loss: 0.0035 | Te Loss: 1.5784 | Te Acc: 0.6909 | Te AUC: 0.7196
F1 E170 | Tr Loss: 0.0024 | Te Loss: 1.5795 | Te Acc: 0.6909 | Te AUC: 0.7315
Early stopping triggered at epoch 170.
Fold 1 - Training finished. Best Test Accuracy: 0.7273, AUC: 0.7606
Fold 1 elapsed time: 8.41 seconds.

--- Fold 2/10 ---
Starting training for Fold 2...
F2 E001 | Tr Loss: 0.7178 | Te Loss: 0.7281 | Te Acc: 0.6182 | Te AUC: 0.6587
F2 E005 | Tr Loss: 0.4772 | Te Loss: 0.6842 | Te Acc: 0.6727 | Te AUC: 0.6759
F2 E010 | Tr Loss: 0.2525 | Te Loss: 0.7447 | Te Acc: 0.6545 | Te AUC: 0.6759
F2 E015 | Tr Loss: 0.1482 | Te Loss: 0.7178 | Te Acc: 0.6545 | Te AUC: 0.7646
F2 E020 | Tr Loss: 0.1346 | Te Loss: 0.7351 | Te Acc: 0.7455 | Te AUC: 0.7870
F2 E025 | Tr Loss: 0.0622 | Te Loss: 0.8026 | Te Acc: 0.6909 | Te AUC: 0.7791
F2 E030 | Tr Loss: 0.0641 | Te Loss: 0.9402 | Te Acc: 0.6909 | Te AUC: 0.7579
F2 E035 | Tr Loss: 0.0695 | Te Loss: 0.9344 | Te Acc: 0.6909 | Te AUC: 0.7606
F2 E040 | Tr Loss: 0.0544 | Te Loss: 1.0504 | Te Acc: 0.6182 | Te AUC: 0.7447
F2 E045 | Tr Loss: 0.0680 | Te Loss: 1.1211 | Te Acc: 0.6727 | Te AUC: 0.7434
F2 E050 | Tr Loss: 0.0440 | Te Loss: 0.9926 | Te Acc: 0.7273 | Te AUC: 0.7685
F2 E055 | Tr Loss: 0.0406 | Te Loss: 1.0092 | Te Acc: 0.7273 | Te AUC: 0.7910
F2 E060 | Tr Loss: 0.0228 | Te Loss: 1.1510 | Te Acc: 0.6909 | Te AUC: 0.7817
F2 E065 | Tr Loss: 0.0634 | Te Loss: 1.1773 | Te Acc: 0.6909 | Te AUC: 0.7712
F2 E070 | Tr Loss: 0.0433 | Te Loss: 1.4240 | Te Acc: 0.7273 | Te AUC: 0.7712
F2 E075 | Tr Loss: 0.0267 | Te Loss: 1.2679 | Te Acc: 0.6727 | Te AUC: 0.7751
F2 E080 | Tr Loss: 0.0372 | Te Loss: 1.4469 | Te Acc: 0.6545 | Te AUC: 0.7500
F2 E085 | Tr Loss: 0.0216 | Te Loss: 1.4473 | Te Acc: 0.6727 | Te AUC: 0.7553
F2 E090 | Tr Loss: 0.0223 | Te Loss: 1.2849 | Te Acc: 0.6909 | Te AUC: 0.7817
F2 E095 | Tr Loss: 0.0404 | Te Loss: 1.3528 | Te Acc: 0.6545 | Te AUC: 0.7884
F2 E100 | Tr Loss: 0.0148 | Te Loss: 1.4148 | Te Acc: 0.7091 | Te AUC: 0.7381
F2 E105 | Tr Loss: 0.0327 | Te Loss: 1.4652 | Te Acc: 0.6909 | Te AUC: 0.7831
F2 E110 | Tr Loss: 0.0141 | Te Loss: 1.3048 | Te Acc: 0.6909 | Te AUC: 0.7778
F2 E115 | Tr Loss: 0.0188 | Te Loss: 1.3028 | Te Acc: 0.6909 | Te AUC: 0.7738
F2 E120 | Tr Loss: 0.0135 | Te Loss: 1.3183 | Te Acc: 0.6909 | Te AUC: 0.7791
F2 E125 | Tr Loss: 0.0083 | Te Loss: 1.3186 | Te Acc: 0.6909 | Te AUC: 0.7817
F2 E130 | Tr Loss: 0.0038 | Te Loss: 1.3747 | Te Acc: 0.6727 | Te AUC: 0.7844
F2 E135 | Tr Loss: 0.0074 | Te Loss: 1.3755 | Te Acc: 0.6909 | Te AUC: 0.7804
F2 E140 | Tr Loss: 0.0047 | Te Loss: 1.3406 | Te Acc: 0.6909 | Te AUC: 0.7844
F2 E145 | Tr Loss: 0.0038 | Te Loss: 1.3432 | Te Acc: 0.6909 | Te AUC: 0.7844
F2 E150 | Tr Loss: 0.0029 | Te Loss: 1.3542 | Te Acc: 0.6727 | Te AUC: 0.7844
F2 E155 | Tr Loss: 0.0044 | Te Loss: 1.3937 | Te Acc: 0.6727 | Te AUC: 0.7857
Early stopping triggered at epoch 155.
Fold 2 - Training finished. Best Test Accuracy: 0.7273, AUC: 0.7910
Fold 2 elapsed time: 4.80 seconds.

--- Fold 3/10 ---
Starting training for Fold 3...
F3 E001 | Tr Loss: 0.7271 | Te Loss: 0.6424 | Te Acc: 0.5818 | Te AUC: 0.7103
F3 E005 | Tr Loss: 0.4663 | Te Loss: 0.5869 | Te Acc: 0.7091 | Te AUC: 0.7765
F3 E010 | Tr Loss: 0.2321 | Te Loss: 0.5643 | Te Acc: 0.8182 | Te AUC: 0.8069
F3 E015 | Tr Loss: 0.1227 | Te Loss: 0.5754 | Te Acc: 0.7273 | Te AUC: 0.8188
F3 E020 | Tr Loss: 0.1015 | Te Loss: 0.5933 | Te Acc: 0.7273 | Te AUC: 0.8042
F3 E025 | Tr Loss: 0.0762 | Te Loss: 0.6916 | Te Acc: 0.6909 | Te AUC: 0.7765
F3 E030 | Tr Loss: 0.0683 | Te Loss: 0.6764 | Te Acc: 0.7455 | Te AUC: 0.7870
F3 E035 | Tr Loss: 0.0501 | Te Loss: 0.8012 | Te Acc: 0.7636 | Te AUC: 0.7937
F3 E040 | Tr Loss: 0.0543 | Te Loss: 0.7064 | Te Acc: 0.7091 | Te AUC: 0.8108
F3 E045 | Tr Loss: 0.0851 | Te Loss: 0.8032 | Te Acc: 0.6909 | Te AUC: 0.7923
F3 E050 | Tr Loss: 0.0275 | Te Loss: 0.7945 | Te Acc: 0.7273 | Te AUC: 0.8003
F3 E055 | Tr Loss: 0.0240 | Te Loss: 0.9371 | Te Acc: 0.7455 | Te AUC: 0.7738
F3 E060 | Tr Loss: 0.0260 | Te Loss: 0.9910 | Te Acc: 0.7273 | Te AUC: 0.7791
F3 E065 | Tr Loss: 0.0284 | Te Loss: 1.1258 | Te Acc: 0.7091 | Te AUC: 0.7685
F3 E070 | Tr Loss: 0.0236 | Te Loss: 0.9561 | Te Acc: 0.7636 | Te AUC: 0.7831
F3 E075 | Tr Loss: 0.0181 | Te Loss: 1.0004 | Te Acc: 0.7273 | Te AUC: 0.7857
F3 E080 | Tr Loss: 0.0092 | Te Loss: 1.0108 | Te Acc: 0.7273 | Te AUC: 0.7950
F3 E085 | Tr Loss: 0.0120 | Te Loss: 0.9990 | Te Acc: 0.7455 | Te AUC: 0.7897
F3 E090 | Tr Loss: 0.0082 | Te Loss: 0.9912 | Te Acc: 0.7636 | Te AUC: 0.7937
F3 E095 | Tr Loss: 0.0091 | Te Loss: 1.0000 | Te Acc: 0.7273 | Te AUC: 0.7897
F3 E100 | Tr Loss: 0.0054 | Te Loss: 1.0095 | Te Acc: 0.7455 | Te AUC: 0.7870
F3 E105 | Tr Loss: 0.0055 | Te Loss: 1.0150 | Te Acc: 0.7455 | Te AUC: 0.7884
F3 E110 | Tr Loss: 0.0162 | Te Loss: 1.0098 | Te Acc: 0.7273 | Te AUC: 0.7844
F3 E115 | Tr Loss: 0.0069 | Te Loss: 1.0376 | Te Acc: 0.7455 | Te AUC: 0.7884
Early stopping triggered at epoch 115.
Fold 3 - Training finished. Best Test Accuracy: 0.7273, AUC: 0.8188
Fold 3 elapsed time: 3.56 seconds.

--- Fold 4/10 ---
Starting training for Fold 4...
F4 E001 | Tr Loss: 0.7192 | Te Loss: 0.6479 | Te Acc: 0.6182 | Te AUC: 0.6892
F4 E005 | Tr Loss: 0.5082 | Te Loss: 0.5671 | Te Acc: 0.7636 | Te AUC: 0.7976
F4 E010 | Tr Loss: 0.2672 | Te Loss: 0.5828 | Te Acc: 0.6000 | Te AUC: 0.7407
F4 E015 | Tr Loss: 0.1761 | Te Loss: 0.6382 | Te Acc: 0.6364 | Te AUC: 0.7500
F4 E020 | Tr Loss: 0.1460 | Te Loss: 0.6505 | Te Acc: 0.6545 | Te AUC: 0.7672
F4 E025 | Tr Loss: 0.0743 | Te Loss: 0.8494 | Te Acc: 0.6364 | Te AUC: 0.7116
F4 E030 | Tr Loss: 0.0555 | Te Loss: 0.9488 | Te Acc: 0.6364 | Te AUC: 0.6918
F4 E035 | Tr Loss: 0.0660 | Te Loss: 0.8963 | Te Acc: 0.6364 | Te AUC: 0.7156
F4 E040 | Tr Loss: 0.0429 | Te Loss: 1.0436 | Te Acc: 0.6545 | Te AUC: 0.6997
F4 E045 | Tr Loss: 0.0548 | Te Loss: 0.9541 | Te Acc: 0.6727 | Te AUC: 0.7077
F4 E050 | Tr Loss: 0.0270 | Te Loss: 1.2490 | Te Acc: 0.6364 | Te AUC: 0.6825
F4 E055 | Tr Loss: 0.0447 | Te Loss: 1.2085 | Te Acc: 0.6545 | Te AUC: 0.7090
F4 E060 | Tr Loss: 0.0355 | Te Loss: 1.2233 | Te Acc: 0.6545 | Te AUC: 0.7024
F4 E065 | Tr Loss: 0.0178 | Te Loss: 1.2843 | Te Acc: 0.6545 | Te AUC: 0.7090
F4 E070 | Tr Loss: 0.0185 | Te Loss: 1.3038 | Te Acc: 0.6545 | Te AUC: 0.7169
F4 E075 | Tr Loss: 0.0077 | Te Loss: 1.3333 | Te Acc: 0.6545 | Te AUC: 0.7130
F4 E080 | Tr Loss: 0.0102 | Te Loss: 1.3599 | Te Acc: 0.6545 | Te AUC: 0.7116
F4 E085 | Tr Loss: 0.0107 | Te Loss: 1.3776 | Te Acc: 0.6545 | Te AUC: 0.7156
F4 E090 | Tr Loss: 0.0061 | Te Loss: 1.3877 | Te Acc: 0.6545 | Te AUC: 0.7130
F4 E095 | Tr Loss: 0.0051 | Te Loss: 1.3732 | Te Acc: 0.6545 | Te AUC: 0.7130
F4 E100 | Tr Loss: 0.0069 | Te Loss: 1.3992 | Te Acc: 0.6545 | Te AUC: 0.7116
F4 E105 | Tr Loss: 0.0075 | Te Loss: 1.4183 | Te Acc: 0.6545 | Te AUC: 0.7050
Early stopping triggered at epoch 105.
Fold 4 - Training finished. Best Test Accuracy: 0.7636, AUC: 0.7976
Fold 4 elapsed time: 3.32 seconds.

--- Fold 5/10 ---
Starting training for Fold 5...
F5 E001 | Tr Loss: 0.7687 | Te Loss: 0.7198 | Te Acc: 0.6364 | Te AUC: 0.6772
F5 E005 | Tr Loss: 0.4700 | Te Loss: 0.6977 | Te Acc: 0.5818 | Te AUC: 0.6667
F5 E010 | Tr Loss: 0.2211 | Te Loss: 0.7468 | Te Acc: 0.6000 | Te AUC: 0.6680
F5 E015 | Tr Loss: 0.1548 | Te Loss: 0.9174 | Te Acc: 0.6545 | Te AUC: 0.6574
F5 E020 | Tr Loss: 0.0818 | Te Loss: 1.0344 | Te Acc: 0.5818 | Te AUC: 0.6733
F5 E025 | Tr Loss: 0.0811 | Te Loss: 1.1757 | Te Acc: 0.6364 | Te AUC: 0.6521
F5 E030 | Tr Loss: 0.1257 | Te Loss: 1.2348 | Te Acc: 0.5455 | Te AUC: 0.6521
F5 E035 | Tr Loss: 0.0621 | Te Loss: 1.3225 | Te Acc: 0.5636 | Te AUC: 0.6706
F5 E040 | Tr Loss: 0.0501 | Te Loss: 1.4545 | Te Acc: 0.5636 | Te AUC: 0.6481
F5 E045 | Tr Loss: 0.0257 | Te Loss: 1.5877 | Te Acc: 0.6000 | Te AUC: 0.6667
F5 E050 | Tr Loss: 0.0346 | Te Loss: 1.4835 | Te Acc: 0.6000 | Te AUC: 0.6667
F5 E055 | Tr Loss: 0.0557 | Te Loss: 1.5309 | Te Acc: 0.6364 | Te AUC: 0.6667
F5 E060 | Tr Loss: 0.0318 | Te Loss: 1.6064 | Te Acc: 0.6182 | Te AUC: 0.6680
F5 E065 | Tr Loss: 0.0160 | Te Loss: 1.6235 | Te Acc: 0.6182 | Te AUC: 0.6653
F5 E070 | Tr Loss: 0.0177 | Te Loss: 1.6640 | Te Acc: 0.6182 | Te AUC: 0.6680
F5 E075 | Tr Loss: 0.0113 | Te Loss: 1.6735 | Te Acc: 0.6182 | Te AUC: 0.6653
F5 E080 | Tr Loss: 0.0102 | Te Loss: 1.6696 | Te Acc: 0.6000 | Te AUC: 0.6653
F5 E085 | Tr Loss: 0.0093 | Te Loss: 1.7298 | Te Acc: 0.6182 | Te AUC: 0.6720
F5 E090 | Tr Loss: 0.0120 | Te Loss: 1.7098 | Te Acc: 0.6182 | Te AUC: 0.6720
F5 E095 | Tr Loss: 0.0088 | Te Loss: 1.7313 | Te Acc: 0.6000 | Te AUC: 0.6733
F5 E100 | Tr Loss: 0.0092 | Te Loss: 1.7530 | Te Acc: 0.5818 | Te AUC: 0.6693
Early stopping triggered at epoch 100.
Fold 5 - Training finished. Best Test Accuracy: 0.6364, AUC: 0.6772
Fold 5 elapsed time: 3.11 seconds.

--- Fold 6/10 ---
Starting training for Fold 6...
F6 E001 | Tr Loss: 0.7131 | Te Loss: 0.6814 | Te Acc: 0.5818 | Te AUC: 0.6481
F6 E005 | Tr Loss: 0.4867 | Te Loss: 0.5439 | Te Acc: 0.7818 | Te AUC: 0.8228
F6 E010 | Tr Loss: 0.2328 | Te Loss: 0.5384 | Te Acc: 0.7455 | Te AUC: 0.8267
F6 E015 | Tr Loss: 0.1343 | Te Loss: 0.4842 | Te Acc: 0.7818 | Te AUC: 0.8638
F6 E020 | Tr Loss: 0.0919 | Te Loss: 0.5533 | Te Acc: 0.6909 | Te AUC: 0.8333
F6 E025 | Tr Loss: 0.1047 | Te Loss: 0.6433 | Te Acc: 0.7091 | Te AUC: 0.8280
F6 E030 | Tr Loss: 0.0760 | Te Loss: 0.5997 | Te Acc: 0.7636 | Te AUC: 0.8611
F6 E035 | Tr Loss: 0.0430 | Te Loss: 0.5877 | Te Acc: 0.8000 | Te AUC: 0.8677
F6 E040 | Tr Loss: 0.0573 | Te Loss: 0.5595 | Te Acc: 0.8000 | Te AUC: 0.8770
F6 E045 | Tr Loss: 0.0258 | Te Loss: 0.6695 | Te Acc: 0.7818 | Te AUC: 0.8690
F6 E050 | Tr Loss: 0.0534 | Te Loss: 0.6996 | Te Acc: 0.7818 | Te AUC: 0.8571
F6 E055 | Tr Loss: 0.0528 | Te Loss: 0.5615 | Te Acc: 0.8000 | Te AUC: 0.8836
F6 E060 | Tr Loss: 0.0274 | Te Loss: 0.6555 | Te Acc: 0.8000 | Te AUC: 0.8757
F6 E065 | Tr Loss: 0.0349 | Te Loss: 0.6039 | Te Acc: 0.7818 | Te AUC: 0.8823
F6 E070 | Tr Loss: 0.0391 | Te Loss: 0.7458 | Te Acc: 0.7636 | Te AUC: 0.8651
F6 E075 | Tr Loss: 0.0302 | Te Loss: 0.6664 | Te Acc: 0.8182 | Te AUC: 0.8783
F6 E080 | Tr Loss: 0.0203 | Te Loss: 0.7046 | Te Acc: 0.7455 | Te AUC: 0.8717
F6 E085 | Tr Loss: 0.0149 | Te Loss: 0.8008 | Te Acc: 0.8000 | Te AUC: 0.8558
F6 E090 | Tr Loss: 0.0580 | Te Loss: 0.8717 | Te Acc: 0.7455 | Te AUC: 0.8452
F6 E095 | Tr Loss: 0.0554 | Te Loss: 0.9113 | Te Acc: 0.7273 | Te AUC: 0.8598
F6 E100 | Tr Loss: 0.0238 | Te Loss: 0.7457 | Te Acc: 0.7636 | Te AUC: 0.8690
F6 E105 | Tr Loss: 0.0095 | Te Loss: 0.7260 | Te Acc: 0.7818 | Te AUC: 0.8770
F6 E110 | Tr Loss: 0.0209 | Te Loss: 0.6735 | Te Acc: 0.7636 | Te AUC: 0.8896
F6 E115 | Tr Loss: 0.0260 | Te Loss: 0.7786 | Te Acc: 0.8000 | Te AUC: 0.8571
F6 E120 | Tr Loss: 0.0235 | Te Loss: 0.9084 | Te Acc: 0.7818 | Te AUC: 0.8399
F6 E125 | Tr Loss: 0.0096 | Te Loss: 0.8632 | Te Acc: 0.7818 | Te AUC: 0.8624
F6 E130 | Tr Loss: 0.0182 | Te Loss: 1.0901 | Te Acc: 0.7455 | Te AUC: 0.8386
F6 E135 | Tr Loss: 0.0066 | Te Loss: 0.9155 | Te Acc: 0.7273 | Te AUC: 0.8413
F6 E140 | Tr Loss: 0.0163 | Te Loss: 0.8318 | Te Acc: 0.7455 | Te AUC: 0.8677
F6 E145 | Tr Loss: 0.0128 | Te Loss: 0.8918 | Te Acc: 0.7636 | Te AUC: 0.8690
F6 E150 | Tr Loss: 0.0175 | Te Loss: 0.9393 | Te Acc: 0.7273 | Te AUC: 0.8558
F6 E155 | Tr Loss: 0.0250 | Te Loss: 0.8936 | Te Acc: 0.7273 | Te AUC: 0.8677
F6 E160 | Tr Loss: 0.0261 | Te Loss: 0.9608 | Te Acc: 0.8000 | Te AUC: 0.8664
F6 E165 | Tr Loss: 0.0061 | Te Loss: 0.9267 | Te Acc: 0.8000 | Te AUC: 0.8790
F6 E170 | Tr Loss: 0.0123 | Te Loss: 0.9283 | Te Acc: 0.7636 | Te AUC: 0.8710
F6 E175 | Tr Loss: 0.0116 | Te Loss: 0.9183 | Te Acc: 0.7636 | Te AUC: 0.8743
F6 E180 | Tr Loss: 0.0064 | Te Loss: 0.9464 | Te Acc: 0.7818 | Te AUC: 0.8757
F6 E185 | Tr Loss: 0.0053 | Te Loss: 0.9488 | Te Acc: 0.7636 | Te AUC: 0.8690
F6 E190 | Tr Loss: 0.0064 | Te Loss: 0.9848 | Te Acc: 0.7636 | Te AUC: 0.8704
F6 E195 | Tr Loss: 0.0046 | Te Loss: 0.9996 | Te Acc: 0.7455 | Te AUC: 0.8704
F6 E200 | Tr Loss: 0.0091 | Te Loss: 1.0213 | Te Acc: 0.7455 | Te AUC: 0.8717
Fold 6 - Training finished. Best Test Accuracy: 0.7636, AUC: 0.8896
Fold 6 elapsed time: 6.69 seconds.

--- Fold 7/10 ---
Starting training for Fold 7...
F7 E001 | Tr Loss: 0.7616 | Te Loss: 0.6573 | Te Acc: 0.7037 | Te AUC: 0.6968
F7 E005 | Tr Loss: 0.5661 | Te Loss: 0.5803 | Te Acc: 0.6852 | Te AUC: 0.7613
F7 E010 | Tr Loss: 0.2685 | Te Loss: 0.5803 | Te Acc: 0.6667 | Te AUC: 0.7627
F7 E015 | Tr Loss: 0.1351 | Te Loss: 0.7675 | Te Acc: 0.6852 | Te AUC: 0.7353
F7 E020 | Tr Loss: 0.0955 | Te Loss: 0.7793 | Te Acc: 0.6852 | Te AUC: 0.7531
F7 E025 | Tr Loss: 0.0846 | Te Loss: 0.8309 | Te Acc: 0.6667 | Te AUC: 0.7462
F7 E030 | Tr Loss: 0.0700 | Te Loss: 0.8492 | Te Acc: 0.7037 | Te AUC: 0.7709
F7 E035 | Tr Loss: 0.0433 | Te Loss: 0.8874 | Te Acc: 0.6667 | Te AUC: 0.7778
F7 E040 | Tr Loss: 0.0639 | Te Loss: 0.9985 | Te Acc: 0.6296 | Te AUC: 0.7421
F7 E045 | Tr Loss: 0.0607 | Te Loss: 1.0271 | Te Acc: 0.6852 | Te AUC: 0.7476
F7 E050 | Tr Loss: 0.0387 | Te Loss: 1.1270 | Te Acc: 0.6296 | Te AUC: 0.7394
F7 E055 | Tr Loss: 0.0452 | Te Loss: 1.1552 | Te Acc: 0.6667 | Te AUC: 0.7257
F7 E060 | Tr Loss: 0.0352 | Te Loss: 1.2352 | Te Acc: 0.6296 | Te AUC: 0.7284
F7 E065 | Tr Loss: 0.0356 | Te Loss: 1.2263 | Te Acc: 0.6296 | Te AUC: 0.7490
F7 E070 | Tr Loss: 0.0410 | Te Loss: 1.3897 | Te Acc: 0.6296 | Te AUC: 0.7229
F7 E075 | Tr Loss: 0.0372 | Te Loss: 1.2526 | Te Acc: 0.6296 | Te AUC: 0.7490
F7 E080 | Tr Loss: 0.0212 | Te Loss: 1.2939 | Te Acc: 0.6481 | Te AUC: 0.7449
F7 E085 | Tr Loss: 0.0156 | Te Loss: 1.4048 | Te Acc: 0.6481 | Te AUC: 0.7229
F7 E090 | Tr Loss: 0.0295 | Te Loss: 1.4190 | Te Acc: 0.6667 | Te AUC: 0.7449
F7 E095 | Tr Loss: 0.0104 | Te Loss: 1.4649 | Te Acc: 0.6481 | Te AUC: 0.7366
F7 E100 | Tr Loss: 0.0060 | Te Loss: 1.4642 | Te Acc: 0.6296 | Te AUC: 0.7339
F7 E105 | Tr Loss: 0.0240 | Te Loss: 1.4794 | Te Acc: 0.6296 | Te AUC: 0.7243
F7 E110 | Tr Loss: 0.0098 | Te Loss: 1.4795 | Te Acc: 0.6296 | Te AUC: 0.7366
F7 E115 | Tr Loss: 0.0073 | Te Loss: 1.4545 | Te Acc: 0.6667 | Te AUC: 0.7339
F7 E120 | Tr Loss: 0.0069 | Te Loss: 1.4465 | Te Acc: 0.6852 | Te AUC: 0.7380
F7 E125 | Tr Loss: 0.0041 | Te Loss: 1.4780 | Te Acc: 0.6481 | Te AUC: 0.7311
F7 E130 | Tr Loss: 0.0036 | Te Loss: 1.4892 | Te Acc: 0.6481 | Te AUC: 0.7339
F7 E135 | Tr Loss: 0.0075 | Te Loss: 1.5161 | Te Acc: 0.6481 | Te AUC: 0.7229
Early stopping triggered at epoch 135.
Fold 7 - Training finished. Best Test Accuracy: 0.6667, AUC: 0.7778
Fold 7 elapsed time: 4.53 seconds.

--- Fold 8/10 ---
Starting training for Fold 8...
F8 E001 | Tr Loss: 0.7247 | Te Loss: 0.6721 | Te Acc: 0.5370 | Te AUC: 0.5824
F8 E005 | Tr Loss: 0.4970 | Te Loss: 0.6012 | Te Acc: 0.6296 | Te AUC: 0.7363
F8 E010 | Tr Loss: 0.2214 | Te Loss: 0.5869 | Te Acc: 0.7037 | Te AUC: 0.7637
F8 E015 | Tr Loss: 0.1224 | Te Loss: 0.6966 | Te Acc: 0.6667 | Te AUC: 0.7321
F8 E020 | Tr Loss: 0.1124 | Te Loss: 0.7120 | Te Acc: 0.6481 | Te AUC: 0.7253
F8 E025 | Tr Loss: 0.0645 | Te Loss: 0.7966 | Te Acc: 0.7037 | Te AUC: 0.7624
F8 E030 | Tr Loss: 0.0586 | Te Loss: 0.7094 | Te Acc: 0.7407 | Te AUC: 0.7816
F8 E035 | Tr Loss: 0.0656 | Te Loss: 0.9376 | Te Acc: 0.6481 | Te AUC: 0.6909
F8 E040 | Tr Loss: 0.0466 | Te Loss: 0.8612 | Te Acc: 0.6481 | Te AUC: 0.7569
F8 E045 | Tr Loss: 0.0355 | Te Loss: 0.9112 | Te Acc: 0.7593 | Te AUC: 0.7816
F8 E050 | Tr Loss: 0.0361 | Te Loss: 0.9837 | Te Acc: 0.7037 | Te AUC: 0.7349
F8 E055 | Tr Loss: 0.0214 | Te Loss: 0.9769 | Te Acc: 0.7407 | Te AUC: 0.7582
F8 E060 | Tr Loss: 0.0229 | Te Loss: 0.9665 | Te Acc: 0.7222 | Te AUC: 0.7816
F8 E065 | Tr Loss: 0.0420 | Te Loss: 1.0352 | Te Acc: 0.7593 | Te AUC: 0.7830
F8 E070 | Tr Loss: 0.0327 | Te Loss: 1.0047 | Te Acc: 0.7037 | Te AUC: 0.7830
F8 E075 | Tr Loss: 0.0300 | Te Loss: 1.0231 | Te Acc: 0.7778 | Te AUC: 0.7871
F8 E080 | Tr Loss: 0.0759 | Te Loss: 1.0163 | Te Acc: 0.6852 | Te AUC: 0.7747
F8 E085 | Tr Loss: 0.0507 | Te Loss: 0.8780 | Te Acc: 0.7407 | Te AUC: 0.7885
F8 E090 | Tr Loss: 0.0251 | Te Loss: 1.0821 | Te Acc: 0.7222 | Te AUC: 0.7720
F8 E095 | Tr Loss: 0.0079 | Te Loss: 1.5825 | Te Acc: 0.6481 | Te AUC: 0.7170
F8 E100 | Tr Loss: 0.0102 | Te Loss: 1.2215 | Te Acc: 0.6852 | Te AUC: 0.7527
F8 E105 | Tr Loss: 0.0065 | Te Loss: 1.2812 | Te Acc: 0.6852 | Te AUC: 0.7486
F8 E110 | Tr Loss: 0.0508 | Te Loss: 1.6768 | Te Acc: 0.6667 | Te AUC: 0.7239
F8 E115 | Tr Loss: 0.0091 | Te Loss: 1.1546 | Te Acc: 0.6852 | Te AUC: 0.7582
F8 E120 | Tr Loss: 0.0276 | Te Loss: 1.1576 | Te Acc: 0.7407 | Te AUC: 0.7706
F8 E125 | Tr Loss: 0.0213 | Te Loss: 1.2126 | Te Acc: 0.7407 | Te AUC: 0.7734
F8 E130 | Tr Loss: 0.0248 | Te Loss: 1.4204 | Te Acc: 0.6667 | Te AUC: 0.7418
F8 E135 | Tr Loss: 0.0179 | Te Loss: 1.3165 | Te Acc: 0.7593 | Te AUC: 0.7665
F8 E140 | Tr Loss: 0.0233 | Te Loss: 1.2002 | Te Acc: 0.7593 | Te AUC: 0.7843
F8 E145 | Tr Loss: 0.0195 | Te Loss: 1.2146 | Te Acc: 0.7222 | Te AUC: 0.7775
F8 E150 | Tr Loss: 0.0197 | Te Loss: 1.2425 | Te Acc: 0.7407 | Te AUC: 0.7761
F8 E155 | Tr Loss: 0.0083 | Te Loss: 1.2696 | Te Acc: 0.7222 | Te AUC: 0.7775
F8 E160 | Tr Loss: 0.0081 | Te Loss: 1.2762 | Te Acc: 0.7037 | Te AUC: 0.7747
F8 E165 | Tr Loss: 0.0109 | Te Loss: 1.2991 | Te Acc: 0.7037 | Te AUC: 0.7734
F8 E170 | Tr Loss: 0.0046 | Te Loss: 1.2973 | Te Acc: 0.7037 | Te AUC: 0.7679
F8 E175 | Tr Loss: 0.0037 | Te Loss: 1.3345 | Te Acc: 0.7037 | Te AUC: 0.7679
F8 E180 | Tr Loss: 0.0026 | Te Loss: 1.3249 | Te Acc: 0.7222 | Te AUC: 0.7651
F8 E185 | Tr Loss: 0.0038 | Te Loss: 1.3131 | Te Acc: 0.7222 | Te AUC: 0.7706
Early stopping triggered at epoch 185.
Fold 8 - Training finished. Best Test Accuracy: 0.7407, AUC: 0.7885
Fold 8 elapsed time: 6.71 seconds.

--- Fold 9/10 ---
Starting training for Fold 9...
F9 E001 | Tr Loss: 0.7147 | Te Loss: 0.6216 | Te Acc: 0.6667 | Te AUC: 0.7308
F9 E005 | Tr Loss: 0.4670 | Te Loss: 0.5568 | Te Acc: 0.7407 | Te AUC: 0.8173
F9 E010 | Tr Loss: 0.2060 | Te Loss: 0.5201 | Te Acc: 0.7593 | Te AUC: 0.8173
F9 E015 | Tr Loss: 0.1195 | Te Loss: 0.5298 | Te Acc: 0.7593 | Te AUC: 0.8393
F9 E020 | Tr Loss: 0.1096 | Te Loss: 0.5847 | Te Acc: 0.7037 | Te AUC: 0.8338
F9 E025 | Tr Loss: 0.0809 | Te Loss: 0.5617 | Te Acc: 0.7593 | Te AUC: 0.8365
F9 E030 | Tr Loss: 0.0871 | Te Loss: 0.7494 | Te Acc: 0.7037 | Te AUC: 0.8077
F9 E035 | Tr Loss: 0.0764 | Te Loss: 0.7023 | Te Acc: 0.7222 | Te AUC: 0.8077
F9 E040 | Tr Loss: 0.0704 | Te Loss: 0.7210 | Te Acc: 0.7222 | Te AUC: 0.8214
F9 E045 | Tr Loss: 0.0550 | Te Loss: 0.7301 | Te Acc: 0.7222 | Te AUC: 0.8242
F9 E050 | Tr Loss: 0.0330 | Te Loss: 0.8756 | Te Acc: 0.7037 | Te AUC: 0.8077
F9 E055 | Tr Loss: 0.0348 | Te Loss: 0.8858 | Te Acc: 0.7037 | Te AUC: 0.8310
F9 E060 | Tr Loss: 0.0647 | Te Loss: 0.8580 | Te Acc: 0.7037 | Te AUC: 0.8132
F9 E065 | Tr Loss: 0.0379 | Te Loss: 0.8582 | Te Acc: 0.7407 | Te AUC: 0.8201
F9 E070 | Tr Loss: 0.0251 | Te Loss: 1.0075 | Te Acc: 0.7037 | Te AUC: 0.8201
F9 E075 | Tr Loss: 0.0203 | Te Loss: 0.9169 | Te Acc: 0.7037 | Te AUC: 0.8091
F9 E080 | Tr Loss: 0.0246 | Te Loss: 0.9075 | Te Acc: 0.7222 | Te AUC: 0.8118
F9 E085 | Tr Loss: 0.0154 | Te Loss: 0.9189 | Te Acc: 0.6852 | Te AUC: 0.8132
F9 E090 | Tr Loss: 0.0107 | Te Loss: 0.9327 | Te Acc: 0.6852 | Te AUC: 0.8159
F9 E095 | Tr Loss: 0.0133 | Te Loss: 0.9331 | Te Acc: 0.6852 | Te AUC: 0.8173
F9 E100 | Tr Loss: 0.0083 | Te Loss: 0.9287 | Te Acc: 0.7037 | Te AUC: 0.8132
F9 E105 | Tr Loss: 0.0044 | Te Loss: 0.9375 | Te Acc: 0.7037 | Te AUC: 0.8104
F9 E110 | Tr Loss: 0.0044 | Te Loss: 0.9384 | Te Acc: 0.7037 | Te AUC: 0.8187
F9 E115 | Tr Loss: 0.0037 | Te Loss: 0.9568 | Te Acc: 0.7037 | Te AUC: 0.8173
Early stopping triggered at epoch 115.
Fold 9 - Training finished. Best Test Accuracy: 0.7593, AUC: 0.8393
Fold 9 elapsed time: 4.07 seconds.

--- Fold 10/10 ---
Starting training for Fold 10...
F10 E001 | Tr Loss: 0.7030 | Te Loss: 0.6009 | Te Acc: 0.7037 | Te AUC: 0.7898
F10 E005 | Tr Loss: 0.5014 | Te Loss: 0.5383 | Te Acc: 0.7222 | Te AUC: 0.8269
F10 E010 | Tr Loss: 0.2352 | Te Loss: 0.5067 | Te Acc: 0.7593 | Te AUC: 0.8393
F10 E015 | Tr Loss: 0.1577 | Te Loss: 0.4939 | Te Acc: 0.7778 | Te AUC: 0.8462
F10 E020 | Tr Loss: 0.0847 | Te Loss: 0.6163 | Te Acc: 0.7593 | Te AUC: 0.8008
F10 E025 | Tr Loss: 0.0953 | Te Loss: 0.6139 | Te Acc: 0.7407 | Te AUC: 0.8118
F10 E030 | Tr Loss: 0.0565 | Te Loss: 0.6470 | Te Acc: 0.7407 | Te AUC: 0.8255
F10 E035 | Tr Loss: 0.0554 | Te Loss: 0.7263 | Te Acc: 0.7037 | Te AUC: 0.8269
F10 E040 | Tr Loss: 0.0470 | Te Loss: 0.6911 | Te Acc: 0.7593 | Te AUC: 0.8173
F10 E045 | Tr Loss: 0.0709 | Te Loss: 0.6718 | Te Acc: 0.7963 | Te AUC: 0.8338
F10 E050 | Tr Loss: 0.0701 | Te Loss: 0.8226 | Te Acc: 0.7222 | Te AUC: 0.8063
F10 E055 | Tr Loss: 0.0349 | Te Loss: 0.7703 | Te Acc: 0.7407 | Te AUC: 0.8228
F10 E060 | Tr Loss: 0.0204 | Te Loss: 0.7567 | Te Acc: 0.7963 | Te AUC: 0.8228
F10 E065 | Tr Loss: 0.0548 | Te Loss: 0.9074 | Te Acc: 0.6852 | Te AUC: 0.7802
F10 E070 | Tr Loss: 0.0315 | Te Loss: 0.9231 | Te Acc: 0.7222 | Te AUC: 0.7940
F10 E075 | Tr Loss: 0.0277 | Te Loss: 0.9344 | Te Acc: 0.7222 | Te AUC: 0.7926
F10 E080 | Tr Loss: 0.0095 | Te Loss: 0.9281 | Te Acc: 0.7222 | Te AUC: 0.7912
F10 E085 | Tr Loss: 0.0137 | Te Loss: 0.9435 | Te Acc: 0.7222 | Te AUC: 0.7926
F10 E090 | Tr Loss: 0.0105 | Te Loss: 0.9408 | Te Acc: 0.7037 | Te AUC: 0.7871
F10 E095 | Tr Loss: 0.0090 | Te Loss: 0.9175 | Te Acc: 0.6852 | Te AUC: 0.7940
F10 E100 | Tr Loss: 0.0095 | Te Loss: 0.9278 | Te Acc: 0.6852 | Te AUC: 0.7926
F10 E105 | Tr Loss: 0.0066 | Te Loss: 0.9293 | Te Acc: 0.6852 | Te AUC: 0.8008
F10 E110 | Tr Loss: 0.0110 | Te Loss: 0.9139 | Te Acc: 0.7037 | Te AUC: 0.8008
F10 E115 | Tr Loss: 0.0101 | Te Loss: 0.9269 | Te Acc: 0.7037 | Te AUC: 0.8063
Early stopping triggered at epoch 115.
Fold 10 - Training finished. Best Test Accuracy: 0.7778, AUC: 0.8462
Fold 10 elapsed time: 4.12 seconds.

--- Cross-Validation Results ---
Number of successfully completed folds: 10/10
Average Accuracy:  0.7290 +/- 0.0428
Average F1-Score:  0.7269
Average Precision: 0.7346
Average Recall:    0.7290
Average AUC:       0.7986

Total elapsed time: 49.49 seconds.
--- Baseline MLP Run Finished ---
Frankenstein Training completed at Wed Apr 16 04:58:27 AM EDT 2025
