Starting ACHNN regression training with 16 CPUs and 1 GPU at Wed Apr 16 05:37:26 AM EDT 2025
Loading configuration from config_baseline_xgboost.yaml...
Loading preprocessed features and labels...
 Feature shape: (546, 19927), Label shape: (546,)
 Label distribution: [279 267]

--- Fold 1/10 ---
Applying RFE to select 200 features...
 RFE finished. Selected features shape: (491, 200)
Training XGBoost Classifier...
Evaluating on test set...
Fold 1 Results: Acc=0.6364, AUC=0.7116, F1=0.6327
Fold 1 elapsed time: 4.97 seconds.

--- Fold 2/10 ---
Applying RFE to select 200 features...
 RFE finished. Selected features shape: (491, 200)
Training XGBoost Classifier...
Evaluating on test set...
Fold 2 Results: Acc=0.6000, AUC=0.6720, F1=0.6000
Fold 2 elapsed time: 4.63 seconds.

--- Fold 3/10 ---
Applying RFE to select 200 features...
 RFE finished. Selected features shape: (491, 200)
Training XGBoost Classifier...
Evaluating on test set...
Fold 3 Results: Acc=0.6909, AUC=0.7976, F1=0.6907
Fold 3 elapsed time: 4.64 seconds.

--- Fold 4/10 ---
Applying RFE to select 200 features...
 RFE finished. Selected features shape: (491, 200)
Training XGBoost Classifier...
Evaluating on test set...
Fold 4 Results: Acc=0.7455, AUC=0.7989, F1=0.7438
Fold 4 elapsed time: 4.66 seconds.

--- Fold 5/10 ---
Applying RFE to select 200 features...
 RFE finished. Selected features shape: (491, 200)
Training XGBoost Classifier...
Evaluating on test set...
Fold 5 Results: Acc=0.6000, AUC=0.6415, F1=0.5992
Fold 5 elapsed time: 4.73 seconds.

--- Fold 6/10 ---
Applying RFE to select 200 features...
 RFE finished. Selected features shape: (491, 200)
Training XGBoost Classifier...
Evaluating on test set...
Fold 6 Results: Acc=0.7091, AUC=0.7831, F1=0.7085
Fold 6 elapsed time: 4.66 seconds.

--- Fold 7/10 ---
Applying RFE to select 200 features...
 RFE finished. Selected features shape: (492, 200)
Training XGBoost Classifier...
Evaluating on test set...
Fold 7 Results: Acc=0.6852, AUC=0.7531, F1=0.6842
Fold 7 elapsed time: 4.74 seconds.

--- Fold 8/10 ---
Applying RFE to select 200 features...
 RFE finished. Selected features shape: (492, 200)
Training XGBoost Classifier...
Evaluating on test set...
Fold 8 Results: Acc=0.6667, AUC=0.6882, F1=0.6611
Fold 8 elapsed time: 4.64 seconds.

--- Fold 9/10 ---
Applying RFE to select 200 features...
 RFE finished. Selected features shape: (492, 200)
Training XGBoost Classifier...
Evaluating on test set...
Fold 9 Results: Acc=0.7407, AUC=0.8146, F1=0.7400
Fold 9 elapsed time: 4.67 seconds.

--- Fold 10/10 ---
Applying RFE to select 200 features...
 RFE finished. Selected features shape: (492, 200)
Training XGBoost Classifier...
Evaluating on test set...
Fold 10 Results: Acc=0.6852, AUC=0.7679, F1=0.6836
Fold 10 elapsed time: 4.67 seconds.

--- Cross-Validation Results ---
Number of successfully completed folds: 10/10
Average Accuracy:  0.6760 +/- 0.0487
Average F1-Score:  0.6744
Average Precision: 0.6783
Average Recall:    0.6760
Average AUC:       0.7428

Feature importances not averaged when RFE is enabled.

Total elapsed time: 47.08 seconds.
--- Baseline XGBoost Run Finished ---
Frankenstein Training completed at Wed Apr 16 05:38:16 AM EDT 2025
