Starting ACHNN regression training with 16 CPUs and 1 GPU at Wed Apr 16 04:21:01 AM EDT 2025
Loading configuration from config_baseline_logreg.yaml...
Loading preprocessed features and labels...
 Feature shape: (546, 19927), Label shape: (546,)
 Label distribution: [279 267]
Attempting to retrieve feature names...

--- Fold 1/10 ---
Training Logistic Regression Classifier...
Evaluating on test set...
Fold 1 Results: Acc=0.6545, AUC=0.7288, F1=0.6539
Fold 1 elapsed time: 0.79 seconds.

--- Fold 2/10 ---
Training Logistic Regression Classifier...
Evaluating on test set...
Fold 2 Results: Acc=0.7273, AUC=0.7725, F1=0.7267
Fold 2 elapsed time: 0.80 seconds.

--- Fold 3/10 ---
Training Logistic Regression Classifier...
Evaluating on test set...
Fold 3 Results: Acc=0.7455, AUC=0.7989, F1=0.7455
Fold 3 elapsed time: 0.86 seconds.

--- Fold 4/10 ---
Training Logistic Regression Classifier...
Evaluating on test set...
Fold 4 Results: Acc=0.5818, AUC=0.7024, F1=0.5818
Fold 4 elapsed time: 0.82 seconds.

--- Fold 5/10 ---
Training Logistic Regression Classifier...
Evaluating on test set...
Fold 5 Results: Acc=0.6182, AUC=0.6958, F1=0.6179
Fold 5 elapsed time: 0.86 seconds.

--- Fold 6/10 ---
Training Logistic Regression Classifier...
Evaluating on test set...
Fold 6 Results: Acc=0.7455, AUC=0.8413, F1=0.7429
Fold 6 elapsed time: 0.86 seconds.

--- Fold 7/10 ---
Training Logistic Regression Classifier...
Evaluating on test set...
Fold 7 Results: Acc=0.6296, AUC=0.6859, F1=0.6276
Fold 7 elapsed time: 0.90 seconds.

--- Fold 8/10 ---
Training Logistic Regression Classifier...
Evaluating on test set...
Fold 8 Results: Acc=0.6481, AUC=0.7527, F1=0.6478
Fold 8 elapsed time: 0.82 seconds.

--- Fold 9/10 ---
Training Logistic Regression Classifier...
Evaluating on test set...
Fold 9 Results: Acc=0.6667, AUC=0.8008, F1=0.6639
Fold 9 elapsed time: 0.83 seconds.

--- Fold 10/10 ---
Training Logistic Regression Classifier...
Evaluating on test set...
Fold 10 Results: Acc=0.7037, AUC=0.7569, F1=0.7029
Fold 10 elapsed time: 0.82 seconds.

--- Cross-Validation Results ---
Number of successfully completed folds: 10/10
Average Accuracy:  0.6721 +/- 0.0535
Average F1-Score:  0.6711
Average Precision: 0.6755
Average Recall:    0.6721
Average AUC:       0.7536

--- Average Feature Importances (Logistic Regression Coefficients) ---
Total features: 19927, FC features: 19900, Pheno features: 27

Top 20 Most Important Features (Absolute Coefficient):
 1. Phenotype: FIQ (Index: 19901) - Coef: -0.6350
 2. FC between regions (np.int64(30), np.int64(193)) (Index: 5697) - Coef: 0.4995
 3. FC between regions (np.int64(28), np.int64(192)) (Index: 5357) - Coef: -0.3446
 4. FC between regions (np.int64(61), np.int64(140)) (Index: 10387) - Coef: 0.3338
 5. FC between regions (np.int64(64), np.int64(143)) (Index: 10798) - Coef: 0.3166
 6. FC between regions (np.int64(38), np.int64(90)) (Index: 6910) - Coef: 0.3004
 7. FC between regions (np.int64(20), np.int64(131)) (Index: 3900) - Coef: 0.2954
 8. FC between regions (np.int64(31), np.int64(172)) (Index: 5844) - Coef: -0.2920
 9. FC between regions (np.int64(35), np.int64(107)) (Index: 6441) - Coef: -0.2845
 10. FC between regions (np.int64(32), np.int64(141)) (Index: 5980) - Coef: -0.2730
 11. FC between regions (np.int64(150), np.int64(190)) (Index: 18714) - Coef: 0.2610
 12. FC between regions (np.int64(45), np.int64(108)) (Index: 8027) - Coef: -0.2573
 13. FC between regions (np.int64(48), np.int64(108)) (Index: 8483) - Coef: -0.2552
 14. FC between regions (np.int64(67), np.int64(93)) (Index: 11147) - Coef: -0.2532
 15. FC between regions (np.int64(5), np.int64(132)) (Index: 1111) - Coef: -0.2392
 16. FC between regions (np.int64(86), np.int64(173)) (Index: 13545) - Coef: -0.2317
 17. FC between regions (np.int64(48), np.int64(116)) (Index: 8491) - Coef: -0.2297
 18. FC between regions (np.int64(23), np.int64(197)) (Index: 4497) - Coef: -0.2234
 19. FC between regions (np.int64(42), np.int64(188)) (Index: 7642) - Coef: -0.2177
 20. FC between regions (np.int64(29), np.int64(38)) (Index: 5373) - Coef: 0.2176

Number of features with non-zero average coefficient (L1 Selection): 1420 / 19927

Total elapsed time: 8.42 seconds.
--- Baseline Logistic Regression Run Finished ---
Frankenstein Training completed at Wed Apr 16 04:21:12 AM EDT 2025
