Starting ACHNN regression training with 16 CPUs and 1 GPU at Wed Apr 16 05:39:38 AM EDT 2025
Loading configuration from config_baseline_xgboost.yaml...
Loading preprocessed features and labels...
 Feature shape: (546, 19927), Label shape: (546,)
 Label distribution: [279 267]

--- Fold 1/10 ---
Applying RFE to select 1000 features...
 RFE finished. Selected features shape: (491, 1000)
Training XGBoost Classifier...
Evaluating on test set...
Fold 1 Results: Acc=0.6364, AUC=0.7130, F1=0.6295
Fold 1 elapsed time: 5.77 seconds.

--- Fold 2/10 ---
Applying RFE to select 1000 features...
 RFE finished. Selected features shape: (491, 1000)
Training XGBoost Classifier...
Evaluating on test set...
Fold 2 Results: Acc=0.5818, AUC=0.6878, F1=0.5802
Fold 2 elapsed time: 5.36 seconds.

--- Fold 3/10 ---
Applying RFE to select 1000 features...
 RFE finished. Selected features shape: (491, 1000)
Training XGBoost Classifier...
Evaluating on test set...
Fold 3 Results: Acc=0.6909, AUC=0.7870, F1=0.6903
Fold 3 elapsed time: 5.33 seconds.

--- Fold 4/10 ---
Applying RFE to select 1000 features...
 RFE finished. Selected features shape: (491, 1000)
Training XGBoost Classifier...
Evaluating on test set...
Fold 4 Results: Acc=0.6727, AUC=0.7672, F1=0.6721
Fold 4 elapsed time: 5.39 seconds.

--- Fold 5/10 ---
Applying RFE to select 1000 features...
 RFE finished. Selected features shape: (491, 1000)
Training XGBoost Classifier...
Evaluating on test set...
Fold 5 Results: Acc=0.6182, AUC=0.6429, F1=0.6167
Fold 5 elapsed time: 5.45 seconds.

--- Fold 6/10 ---
Applying RFE to select 1000 features...
 RFE finished. Selected features shape: (491, 1000)
Training XGBoost Classifier...
Evaluating on test set...
Fold 6 Results: Acc=0.7455, AUC=0.7725, F1=0.7438
Fold 6 elapsed time: 5.41 seconds.

--- Fold 7/10 ---
Applying RFE to select 1000 features...
 RFE finished. Selected features shape: (492, 1000)
Training XGBoost Classifier...
Evaluating on test set...
Fold 7 Results: Acc=0.6296, AUC=0.7421, F1=0.6276
Fold 7 elapsed time: 5.46 seconds.

--- Fold 8/10 ---
Applying RFE to select 1000 features...
 RFE finished. Selected features shape: (492, 1000)
Training XGBoost Classifier...
Evaluating on test set...
Fold 8 Results: Acc=0.6852, AUC=0.7349, F1=0.6813
Fold 8 elapsed time: 5.39 seconds.

--- Fold 9/10 ---
Applying RFE to select 1000 features...
 RFE finished. Selected features shape: (492, 1000)
Training XGBoost Classifier...
Evaluating on test set...
Fold 9 Results: Acc=0.7037, AUC=0.7830, F1=0.7029
Fold 9 elapsed time: 5.41 seconds.

--- Fold 10/10 ---
Applying RFE to select 1000 features...
 RFE finished. Selected features shape: (492, 1000)
Training XGBoost Classifier...
Evaluating on test set...
Fold 10 Results: Acc=0.7037, AUC=0.7816, F1=0.7029
Fold 10 elapsed time: 5.46 seconds.

--- Cross-Validation Results ---
Number of successfully completed folds: 10/10
Average Accuracy:  0.6668 +/- 0.0466
Average F1-Score:  0.6647
Average Precision: 0.6699
Average Recall:    0.6668
Average AUC:       0.7412

Feature importances not averaged when RFE is enabled.

Total elapsed time: 54.49 seconds.
--- Baseline XGBoost Run Finished ---
Frankenstein Training completed at Wed Apr 16 05:40:35 AM EDT 2025
