Starting ACHNN regression training with 16 CPUs and 1 GPU at Wed Apr 16 03:44:35 AM EDT 2025
Loading configuration from config.yaml...

--- Configuration Used ---
data_params:
  exclude_cols:
  - 'Unnamed: 0'
  - X
  - subject
  - FILE_ID
  - qc_rater_1
  - qc_notes_rater_1
  - qc_anat_rater_2
  - qc_anat_notes_rater_2
  - qc_func_rater_2
  - qc_func_notes_rater_2
  - qc_anat_rater_3
  - qc_anat_notes_rater_3
  - qc_func_rater_3
  - qc_func_notes_rater_3
  max_ts_length: -1
  num_regions: 200
  phenotype_cols_categorical:
  - SEX
  - SITE_ID
  - EYE_STATUS_AT_SCAN
  phenotype_cols_numerical:
  - AGE_AT_SCAN
  - FIQ
  - func_mean_fd
  phenotype_file: Phenotypic_V1_0b_preprocessed1.csv
  region_dir: /home/pl217/frankensteins_model/results/abide_timeseries/ccs_filt_noglobal_rois_cc200
  site_id_col: SITE_ID
  sub_id_col: SUB_ID
  target_col: DX_GROUP
graph_params:
  k_neighbors: 50
model_params:
  dropout_rate: 0.2
  gnn_heads: 6
  gnn_hidden_dim: 128
  gnn_output_dim: 2
  pheno_embedding_dim: 64
  pheno_hidden_dim: 128
  ts_embedding_dim: 128
  ts_transformer_d_model: 128
  ts_transformer_dim_feedforward: 512
  ts_transformer_nhead: 8
  ts_transformer_num_layers: 8
run_params:
  device: cuda
  early_stopping_patience: 30
  encoder_batch_size: 32
  epochs: 200
  learning_rate: 0.0002
  lr_scheduler_factor: 0.5
  lr_scheduler_patience: 15
  n_splits: 10
  seed: 42
  weight_decay: 0.0005

--------------------------

Using configured max_ts_length setting: -1 (-1 means use max in fold)
Using configured num_regions: 200
Using configured encoder_batch_size: 32
Random seed set to 42
Using GPU: NVIDIA RTX A5000
Loading phenotype data from: Phenotypic_V1_0b_preprocessed1.csv
Original selected data shape: (1112, 8)
Using target column: 'DX_GROUP'
Filtered out 0 rows with invalid/missing target values.
Phenotype data shape after target filtering: (1112, 8)
Processing specified numerical features...
 Processing numerical columns: ['AGE_AT_SCAN', 'FIQ', 'func_mean_fd']
Processing specified categorical features...
 Processing categorical columns: ['SEX', 'SITE_ID', 'EYE_STATUS_AT_SCAN']
  Encoded categorical columns: ['SEX_1', 'SEX_2', 'SITE_ID_CALTECH', 'SITE_ID_CMU', 'SITE_ID_KKI', 'SITE_ID_LEUVEN_1', 'SITE_ID_LEUVEN_2', 'SITE_ID_MAX_MUN', 'SITE_ID_NYU', 'SITE_ID_OHSU', 'SITE_ID_OLIN', 'SITE_ID_PITT', 'SITE_ID_SBL', 'SITE_ID_SDSU', 'SITE_ID_STANFORD', 'SITE_ID_TRINITY', 'SITE_ID_UCLA_1', 'SITE_ID_UCLA_2', 'SITE_ID_UM_1', 'SITE_ID_UM_2', 'SITE_ID_USM', 'SITE_ID_YALE', 'EYE_STATUS_AT_SCAN_1', 'EYE_STATUS_AT_SCAN_2']
Final phenotype features identified (27): ['AGE_AT_SCAN', 'FIQ', 'func_mean_fd', 'SEX_1', 'SEX_2', 'SITE_ID_CALTECH', 'SITE_ID_CMU', 'SITE_ID_KKI', 'SITE_ID_LEUVEN_1', 'SITE_ID_LEUVEN_2', 'SITE_ID_MAX_MUN', 'SITE_ID_NYU', 'SITE_ID_OHSU', 'SITE_ID_OLIN', 'SITE_ID_PITT', 'SITE_ID_SBL', 'SITE_ID_SDSU', 'SITE_ID_STANFORD', 'SITE_ID_TRINITY', 'SITE_ID_UCLA_1', 'SITE_ID_UCLA_2', 'SITE_ID_UM_1', 'SITE_ID_UM_2', 'SITE_ID_USM', 'SITE_ID_YALE', 'EYE_STATUS_AT_SCAN_1', 'EYE_STATUS_AT_SCAN_2']
Checking for corresponding TS files in: /home/pl217/frankensteins_model/results/abide_timeseries/ccs_filt_noglobal_rois_cc200
Processed 1112 subjects from phenotype data.
Found existing, non-empty TS files for 624 subjects.
Skipped 488 subjects (missing file or invalid ID/Site).
Skipped 0 subjects (empty file).
Total subjects available for K-Fold analysis: 624

--- Fold 1/10 ---
Calculating max TS length for Positional Encoding (624 subjects)...
Determined max TS length 295 from 624 valid files for Positional Encoding.
Fold 1 using dynamic max length (up to 295 for PE).
Loading time series for 624 subjects in fold...
No truncation active. Will pad to max length found in this fold's successful loads.
Padding to max length found in fold: 295
Padding 624 time series to final length: 295
Proceeding with 624 subjects for Fold 1 model training/evaluation.
Phenotype encoder created.
Generating initial embeddings for graph construction (Batch Size: 32)...
Initial embeddings generated.
Building k-NN graph (k=50)...
Graph built with 624 nodes and 31200 edges.
Starting training for Fold 1... Train samples: 561, Test samples: 63
  Epoch 1, Grad Norm: 0.5625
F1 E001 | Loss: 0.7003 | Tr Acc: 0.4831 | Te Acc: 0.4921 | Te AUC: 0.6381 | Te F1: 0.3246
F1 E002 | Loss: 0.6926 | Tr Acc: 0.4813 | Te Acc: 0.4762 | Te AUC: 0.6411 | Te F1: 0.3175
F1 E003 | Loss: 0.6711 | Tr Acc: 0.5651 | Te Acc: 0.5397 | Te AUC: 0.6552 | Te F1: 0.5060
F1 E004 | Loss: 0.6733 | Tr Acc: 0.6114 | Te Acc: 0.6032 | Te AUC: 0.6482 | Te F1: 0.5975
  Epoch 5, Grad Norm: 0.4875
F1 E005 | Loss: 0.6601 | Tr Acc: 0.5651 | Te Acc: 0.6032 | Te AUC: 0.6371 | Te F1: 0.5386
F1 E006 | Loss: 0.6675 | Tr Acc: 0.5651 | Te Acc: 0.6032 | Te AUC: 0.6321 | Te F1: 0.5386
F1 E007 | Loss: 0.6488 | Tr Acc: 0.5668 | Te Acc: 0.6032 | Te AUC: 0.6310 | Te F1: 0.5386
F1 E008 | Loss: 0.6708 | Tr Acc: 0.5597 | Te Acc: 0.5714 | Te AUC: 0.6280 | Te F1: 0.4697
F1 E009 | Loss: 0.6568 | Tr Acc: 0.5455 | Te Acc: 0.5556 | Te AUC: 0.6321 | Te F1: 0.4402
  Epoch 10, Grad Norm: 0.4674
F1 E010 | Loss: 0.6534 | Tr Acc: 0.5455 | Te Acc: 0.5556 | Te AUC: 0.6310 | Te F1: 0.4402
F1 E011 | Loss: 0.6537 | Tr Acc: 0.5455 | Te Acc: 0.5556 | Te AUC: 0.6351 | Te F1: 0.4402
F1 E012 | Loss: 0.6447 | Tr Acc: 0.5455 | Te Acc: 0.5397 | Te AUC: 0.6411 | Te F1: 0.4092
F1 E013 | Loss: 0.6512 | Tr Acc: 0.5472 | Te Acc: 0.5397 | Te AUC: 0.6391 | Te F1: 0.4092
F1 E014 | Loss: 0.6419 | Tr Acc: 0.5455 | Te Acc: 0.5714 | Te AUC: 0.6331 | Te F1: 0.4697
  Epoch 15, Grad Norm: 0.3552
F1 E015 | Loss: 0.6377 | Tr Acc: 0.5526 | Te Acc: 0.5714 | Te AUC: 0.6341 | Te F1: 0.4697
F1 E016 | Loss: 0.6413 | Tr Acc: 0.5544 | Te Acc: 0.5714 | Te AUC: 0.6361 | Te F1: 0.4697
F1 E017 | Loss: 0.6475 | Tr Acc: 0.5561 | Te Acc: 0.6190 | Te AUC: 0.6431 | Te F1: 0.5507
F1 E018 | Loss: 0.6403 | Tr Acc: 0.5651 | Te Acc: 0.6032 | Te AUC: 0.6472 | Te F1: 0.5386
F1 E019 | Loss: 0.6515 | Tr Acc: 0.5686 | Te Acc: 0.6032 | Te AUC: 0.6452 | Te F1: 0.5386
  Learning rate reduced to 1.0e-04
  Epoch 20, Grad Norm: 0.4116
F1 E020 | Loss: 0.6458 | Tr Acc: 0.5704 | Te Acc: 0.6032 | Te AUC: 0.6462 | Te F1: 0.5386
F1 E021 | Loss: 0.6303 | Tr Acc: 0.5793 | Te Acc: 0.5873 | Te AUC: 0.6442 | Te F1: 0.5266
F1 E022 | Loss: 0.6214 | Tr Acc: 0.5793 | Te Acc: 0.5714 | Te AUC: 0.6512 | Te F1: 0.5146
F1 E023 | Loss: 0.6377 | Tr Acc: 0.5847 | Te Acc: 0.5714 | Te AUC: 0.6532 | Te F1: 0.5146
F1 E024 | Loss: 0.6429 | Tr Acc: 0.5865 | Te Acc: 0.5873 | Te AUC: 0.6613 | Te F1: 0.5382
  Epoch 25, Grad Norm: 0.4082
F1 E025 | Loss: 0.6284 | Tr Acc: 0.5918 | Te Acc: 0.6032 | Te AUC: 0.6593 | Te F1: 0.5609
F1 E026 | Loss: 0.6271 | Tr Acc: 0.6061 | Te Acc: 0.6032 | Te AUC: 0.6573 | Te F1: 0.5609
F1 E027 | Loss: 0.6390 | Tr Acc: 0.6168 | Te Acc: 0.6032 | Te AUC: 0.6472 | Te F1: 0.5775
F1 E028 | Loss: 0.6302 | Tr Acc: 0.6257 | Te Acc: 0.5873 | Te AUC: 0.6492 | Te F1: 0.5755
F1 E029 | Loss: 0.6330 | Tr Acc: 0.6239 | Te Acc: 0.5556 | Te AUC: 0.6472 | Te F1: 0.5553
  Epoch 30, Grad Norm: 0.3564
F1 E030 | Loss: 0.6281 | Tr Acc: 0.6185 | Te Acc: 0.5873 | Te AUC: 0.6401 | Te F1: 0.5777
F1 E031 | Loss: 0.6290 | Tr Acc: 0.6132 | Te Acc: 0.6349 | Te AUC: 0.6331 | Te F1: 0.6146
F1 E032 | Loss: 0.6352 | Tr Acc: 0.5954 | Te Acc: 0.6032 | Te AUC: 0.6300 | Te F1: 0.5741
F1 E033 | Loss: 0.6290 | Tr Acc: 0.5989 | Te Acc: 0.5873 | Te AUC: 0.6310 | Te F1: 0.5438
F1 E034 | Loss: 0.6364 | Tr Acc: 0.5615 | Te Acc: 0.5238 | Te AUC: 0.6431 | Te F1: 0.4474
  Epoch 35, Grad Norm: 0.4088
F1 E035 | Loss: 0.6265 | Tr Acc: 0.5419 | Te Acc: 0.4921 | Te AUC: 0.6401 | Te F1: 0.3735
F1 E036 | Loss: 0.6227 | Tr Acc: 0.5223 | Te Acc: 0.4921 | Te AUC: 0.6321 | Te F1: 0.3735
F1 E037 | Loss: 0.6162 | Tr Acc: 0.5223 | Te Acc: 0.4762 | Te AUC: 0.6371 | Te F1: 0.3426
F1 E038 | Loss: 0.6216 | Tr Acc: 0.5258 | Te Acc: 0.4921 | Te AUC: 0.6361 | Te F1: 0.3735
F1 E039 | Loss: 0.6204 | Tr Acc: 0.5455 | Te Acc: 0.5079 | Te AUC: 0.6351 | Te F1: 0.4030
  Epoch 40, Grad Norm: 0.3843
F1 E040 | Loss: 0.6263 | Tr Acc: 0.5508 | Te Acc: 0.5079 | Te AUC: 0.6401 | Te F1: 0.4030
  Learning rate reduced to 5.0e-05
F1 E041 | Loss: 0.6167 | Tr Acc: 0.5668 | Te Acc: 0.5397 | Te AUC: 0.6371 | Te F1: 0.4583
F1 E042 | Loss: 0.6223 | Tr Acc: 0.5686 | Te Acc: 0.5556 | Te AUC: 0.6351 | Te F1: 0.4842
F1 E043 | Loss: 0.6290 | Tr Acc: 0.5704 | Te Acc: 0.5556 | Te AUC: 0.6351 | Te F1: 0.4842
F1 E044 | Loss: 0.6157 | Tr Acc: 0.6007 | Te Acc: 0.5556 | Te AUC: 0.6391 | Te F1: 0.4842
  Epoch 45, Grad Norm: 0.3370
F1 E045 | Loss: 0.6205 | Tr Acc: 0.6043 | Te Acc: 0.5556 | Te AUC: 0.6381 | Te F1: 0.4974
F1 E046 | Loss: 0.6329 | Tr Acc: 0.5989 | Te Acc: 0.5397 | Te AUC: 0.6371 | Te F1: 0.4728
F1 E047 | Loss: 0.6084 | Tr Acc: 0.6078 | Te Acc: 0.5556 | Te AUC: 0.6401 | Te F1: 0.5087
F1 E048 | Loss: 0.6154 | Tr Acc: 0.6114 | Te Acc: 0.5556 | Te AUC: 0.6391 | Te F1: 0.5087
F1 E049 | Loss: 0.6196 | Tr Acc: 0.6132 | Te Acc: 0.5873 | Te AUC: 0.6442 | Te F1: 0.5530
  Epoch 50, Grad Norm: 0.3372
F1 E050 | Loss: 0.6098 | Tr Acc: 0.6096 | Te Acc: 0.6032 | Te AUC: 0.6401 | Te F1: 0.5741
  Epoch 55, Grad Norm: 0.3454
F1 E055 | Loss: 0.6112 | Tr Acc: 0.6524 | Te Acc: 0.6190 | Te AUC: 0.6492 | Te F1: 0.6060
  Epoch 60, Grad Norm: 0.3824
F1 E060 | Loss: 0.5991 | Tr Acc: 0.6542 | Te Acc: 0.6508 | Te AUC: 0.6421 | Te F1: 0.6458
  Epoch 65, Grad Norm: 0.3627
F1 E065 | Loss: 0.6015 | Tr Acc: 0.6560 | Te Acc: 0.6349 | Te AUC: 0.6411 | Te F1: 0.6282
  Epoch 70, Grad Norm: 0.3866
F1 E070 | Loss: 0.6056 | Tr Acc: 0.6453 | Te Acc: 0.6190 | Te AUC: 0.6462 | Te F1: 0.6008
Early stopping triggered at epoch 70 due to lack of improvement in Test AUC for 30 evaluation steps.
Fold 1 - Training finished. Best Test Accuracy: 0.5873, AUC: 0.6613
Fold 1 elapsed time: 89.95 seconds.

--- Fold 2/10 ---
Calculating max TS length for Positional Encoding (624 subjects)...
Determined max TS length 295 from 624 valid files for Positional Encoding.
Fold 2 using dynamic max length (up to 295 for PE).
Loading time series for 624 subjects in fold...
No truncation active. Will pad to max length found in this fold's successful loads.
Padding to max length found in fold: 295
Padding 624 time series to final length: 295
Proceeding with 624 subjects for Fold 2 model training/evaluation.
Phenotype encoder created.
Generating initial embeddings for graph construction (Batch Size: 32)...
Initial embeddings generated.
Building k-NN graph (k=50)...
Graph built with 624 nodes and 31200 edges.
Starting training for Fold 2... Train samples: 561, Test samples: 63
  Epoch 1, Grad Norm: 0.6738
F2 E001 | Loss: 0.6988 | Tr Acc: 0.5116 | Te Acc: 0.4762 | Te AUC: 0.4647 | Te F1: 0.4145
F2 E002 | Loss: 0.6996 | Tr Acc: 0.5098 | Te Acc: 0.5238 | Te AUC: 0.4688 | Te F1: 0.4312
F2 E003 | Loss: 0.6852 | Tr Acc: 0.4848 | Te Acc: 0.4921 | Te AUC: 0.5040 | Te F1: 0.3246
F2 E004 | Loss: 0.6817 | Tr Acc: 0.4848 | Te Acc: 0.4921 | Te AUC: 0.4990 | Te F1: 0.3246
  Epoch 5, Grad Norm: 0.4085
F2 E005 | Loss: 0.6776 | Tr Acc: 0.4884 | Te Acc: 0.4921 | Te AUC: 0.5181 | Te F1: 0.3246
F2 E006 | Loss: 0.6569 | Tr Acc: 0.4902 | Te Acc: 0.5079 | Te AUC: 0.5131 | Te F1: 0.3588
F2 E007 | Loss: 0.6680 | Tr Acc: 0.5294 | Te Acc: 0.5397 | Te AUC: 0.5212 | Te F1: 0.4583
F2 E008 | Loss: 0.6697 | Tr Acc: 0.5811 | Te Acc: 0.5397 | Te AUC: 0.5302 | Te F1: 0.5290
F2 E009 | Loss: 0.6757 | Tr Acc: 0.5615 | Te Acc: 0.5397 | Te AUC: 0.5081 | Te F1: 0.4648
  Epoch 10, Grad Norm: 0.3572
F2 E010 | Loss: 0.6635 | Tr Acc: 0.5455 | Te Acc: 0.5556 | Te AUC: 0.4879 | Te F1: 0.4593
F2 E011 | Loss: 0.6587 | Tr Acc: 0.5383 | Te Acc: 0.5556 | Te AUC: 0.4879 | Te F1: 0.4593
F2 E012 | Loss: 0.6580 | Tr Acc: 0.5437 | Te Acc: 0.5556 | Te AUC: 0.4849 | Te F1: 0.4593
F2 E013 | Loss: 0.6594 | Tr Acc: 0.5526 | Te Acc: 0.5714 | Te AUC: 0.4919 | Te F1: 0.4868
F2 E014 | Loss: 0.6659 | Tr Acc: 0.5526 | Te Acc: 0.5397 | Te AUC: 0.4990 | Te F1: 0.4648
  Epoch 15, Grad Norm: 0.3600
F2 E015 | Loss: 0.6631 | Tr Acc: 0.5704 | Te Acc: 0.5079 | Te AUC: 0.4929 | Te F1: 0.4427
F2 E016 | Loss: 0.6645 | Tr Acc: 0.5936 | Te Acc: 0.4921 | Te AUC: 0.4980 | Te F1: 0.4439
F2 E017 | Loss: 0.6485 | Tr Acc: 0.5936 | Te Acc: 0.5079 | Te AUC: 0.5000 | Te F1: 0.4666
F2 E018 | Loss: 0.6590 | Tr Acc: 0.5936 | Te Acc: 0.5238 | Te AUC: 0.5030 | Te F1: 0.5043
F2 E019 | Loss: 0.6571 | Tr Acc: 0.6150 | Te Acc: 0.5079 | Te AUC: 0.5020 | Te F1: 0.5064
  Epoch 20, Grad Norm: 0.3843
F2 E020 | Loss: 0.6641 | Tr Acc: 0.6203 | Te Acc: 0.4762 | Te AUC: 0.4960 | Te F1: 0.4762
F2 E021 | Loss: 0.6581 | Tr Acc: 0.5775 | Te Acc: 0.4603 | Te AUC: 0.5091 | Te F1: 0.4257
F2 E022 | Loss: 0.6484 | Tr Acc: 0.5508 | Te Acc: 0.5079 | Te AUC: 0.5101 | Te F1: 0.4365
F2 E023 | Loss: 0.6499 | Tr Acc: 0.5472 | Te Acc: 0.5238 | Te AUC: 0.5171 | Te F1: 0.4474
F2 E024 | Loss: 0.6534 | Tr Acc: 0.5383 | Te Acc: 0.5079 | Te AUC: 0.5161 | Te F1: 0.4209
  Learning rate reduced to 1.0e-04
  Epoch 25, Grad Norm: 0.3883
F2 E025 | Loss: 0.6642 | Tr Acc: 0.5419 | Te Acc: 0.4921 | Te AUC: 0.5161 | Te F1: 0.4106
F2 E026 | Loss: 0.6510 | Tr Acc: 0.5455 | Te Acc: 0.4603 | Te AUC: 0.5151 | Te F1: 0.3896
F2 E027 | Loss: 0.6562 | Tr Acc: 0.5490 | Te Acc: 0.4762 | Te AUC: 0.5141 | Te F1: 0.4001
F2 E028 | Loss: 0.6430 | Tr Acc: 0.5651 | Te Acc: 0.4762 | Te AUC: 0.5081 | Te F1: 0.4145
F2 E029 | Loss: 0.6476 | Tr Acc: 0.5829 | Te Acc: 0.4286 | Te AUC: 0.5081 | Te F1: 0.3919
  Epoch 30, Grad Norm: 0.3586
F2 E030 | Loss: 0.6516 | Tr Acc: 0.5954 | Te Acc: 0.4603 | Te AUC: 0.5050 | Te F1: 0.4345
F2 E031 | Loss: 0.6537 | Tr Acc: 0.6025 | Te Acc: 0.4444 | Te AUC: 0.5101 | Te F1: 0.4218
F2 E032 | Loss: 0.6459 | Tr Acc: 0.6114 | Te Acc: 0.4127 | Te AUC: 0.5081 | Te F1: 0.3960
F2 E033 | Loss: 0.6399 | Tr Acc: 0.6292 | Te Acc: 0.4286 | Te AUC: 0.5091 | Te F1: 0.4153
F2 E034 | Loss: 0.6467 | Tr Acc: 0.6364 | Te Acc: 0.4921 | Te AUC: 0.5030 | Te F1: 0.4921
  Epoch 35, Grad Norm: 0.3420
F2 E035 | Loss: 0.6448 | Tr Acc: 0.6221 | Te Acc: 0.5397 | Te AUC: 0.5040 | Te F1: 0.5331
F2 E036 | Loss: 0.6465 | Tr Acc: 0.6275 | Te Acc: 0.5397 | Te AUC: 0.5050 | Te F1: 0.5238
F2 E037 | Loss: 0.6390 | Tr Acc: 0.6310 | Te Acc: 0.4921 | Te AUC: 0.5131 | Te F1: 0.4636
F2 E038 | Loss: 0.6450 | Tr Acc: 0.6275 | Te Acc: 0.4921 | Te AUC: 0.5040 | Te F1: 0.4636
Early stopping triggered at epoch 38 due to lack of improvement in Test AUC for 30 evaluation steps.
Fold 2 - Training finished. Best Test Accuracy: 0.5397, AUC: 0.5302
Fold 2 elapsed time: 56.97 seconds.

--- Fold 3/10 ---
Calculating max TS length for Positional Encoding (624 subjects)...
Determined max TS length 295 from 624 valid files for Positional Encoding.
Fold 3 using dynamic max length (up to 295 for PE).
Loading time series for 624 subjects in fold...
No truncation active. Will pad to max length found in this fold's successful loads.
Padding to max length found in fold: 295
Padding 624 time series to final length: 295
Proceeding with 624 subjects for Fold 3 model training/evaluation.
Phenotype encoder created.
Generating initial embeddings for graph construction (Batch Size: 32)...
Initial embeddings generated.
Building k-NN graph (k=50)...
Graph built with 624 nodes and 31200 edges.
Starting training for Fold 3... Train samples: 561, Test samples: 63
  Epoch 1, Grad Norm: 0.7296
F3 E001 | Loss: 0.7202 | Tr Acc: 0.5152 | Te Acc: 0.5238 | Te AUC: 0.5707 | Te F1: 0.3601
F3 E002 | Loss: 0.7087 | Tr Acc: 0.5152 | Te Acc: 0.5238 | Te AUC: 0.6081 | Te F1: 0.3601
F3 E003 | Loss: 0.6924 | Tr Acc: 0.5152 | Te Acc: 0.5238 | Te AUC: 0.6101 | Te F1: 0.3601
F3 E004 | Loss: 0.6834 | Tr Acc: 0.5152 | Te Acc: 0.5238 | Te AUC: 0.6040 | Te F1: 0.3601
  Epoch 5, Grad Norm: 0.4667
F3 E005 | Loss: 0.6793 | Tr Acc: 0.5152 | Te Acc: 0.5238 | Te AUC: 0.5980 | Te F1: 0.3601
F3 E006 | Loss: 0.6877 | Tr Acc: 0.5152 | Te Acc: 0.5238 | Te AUC: 0.6061 | Te F1: 0.3601
F3 E007 | Loss: 0.6799 | Tr Acc: 0.5401 | Te Acc: 0.5714 | Te AUC: 0.6485 | Te F1: 0.4583
F3 E008 | Loss: 0.6699 | Tr Acc: 0.5615 | Te Acc: 0.5397 | Te AUC: 0.6515 | Te F1: 0.4561
F3 E009 | Loss: 0.6862 | Tr Acc: 0.5722 | Te Acc: 0.5556 | Te AUC: 0.6293 | Te F1: 0.5079
  Epoch 10, Grad Norm: 0.6069
F3 E010 | Loss: 0.6810 | Tr Acc: 0.5882 | Te Acc: 0.5873 | Te AUC: 0.6283 | Te F1: 0.5779
F3 E011 | Loss: 0.6665 | Tr Acc: 0.6114 | Te Acc: 0.6032 | Te AUC: 0.6323 | Te F1: 0.5942
F3 E012 | Loss: 0.6758 | Tr Acc: 0.5758 | Te Acc: 0.6190 | Te AUC: 0.6545 | Te F1: 0.5749
F3 E013 | Loss: 0.6589 | Tr Acc: 0.5401 | Te Acc: 0.5397 | Te AUC: 0.6636 | Te F1: 0.4518
F3 E014 | Loss: 0.6705 | Tr Acc: 0.4955 | Te Acc: 0.4762 | Te AUC: 0.6636 | Te F1: 0.3072
  Epoch 15, Grad Norm: 0.4578
F3 E015 | Loss: 0.6664 | Tr Acc: 0.4938 | Te Acc: 0.4762 | Te AUC: 0.6646 | Te F1: 0.3072
F3 E016 | Loss: 0.6663 | Tr Acc: 0.4973 | Te Acc: 0.4762 | Te AUC: 0.6667 | Te F1: 0.3072
F3 E017 | Loss: 0.6655 | Tr Acc: 0.4866 | Te Acc: 0.4762 | Te AUC: 0.6646 | Te F1: 0.3072
F3 E018 | Loss: 0.6593 | Tr Acc: 0.4866 | Te Acc: 0.4762 | Te AUC: 0.6545 | Te F1: 0.3072
F3 E019 | Loss: 0.6663 | Tr Acc: 0.4973 | Te Acc: 0.4762 | Te AUC: 0.6485 | Te F1: 0.3072
  Epoch 20, Grad Norm: 0.5184
F3 E020 | Loss: 0.6774 | Tr Acc: 0.5009 | Te Acc: 0.4762 | Te AUC: 0.6606 | Te F1: 0.3072
F3 E021 | Loss: 0.6607 | Tr Acc: 0.5258 | Te Acc: 0.5714 | Te AUC: 0.6657 | Te F1: 0.4896
F3 E022 | Loss: 0.6526 | Tr Acc: 0.5989 | Te Acc: 0.5873 | Te AUC: 0.6727 | Te F1: 0.5647
F3 E023 | Loss: 0.6612 | Tr Acc: 0.5900 | Te Acc: 0.6349 | Te AUC: 0.6768 | Te F1: 0.6227
F3 E024 | Loss: 0.6558 | Tr Acc: 0.6185 | Te Acc: 0.6349 | Te AUC: 0.6778 | Te F1: 0.6323
  Epoch 25, Grad Norm: 0.4379
F3 E025 | Loss: 0.6522 | Tr Acc: 0.6096 | Te Acc: 0.6190 | Te AUC: 0.6737 | Te F1: 0.6085
F3 E026 | Loss: 0.6463 | Tr Acc: 0.6043 | Te Acc: 0.6032 | Te AUC: 0.6788 | Te F1: 0.5707
F3 E027 | Loss: 0.6607 | Tr Acc: 0.5472 | Te Acc: 0.5873 | Te AUC: 0.6798 | Te F1: 0.5283
F3 E028 | Loss: 0.6540 | Tr Acc: 0.5205 | Te Acc: 0.5397 | Te AUC: 0.6848 | Te F1: 0.4343
F3 E029 | Loss: 0.6387 | Tr Acc: 0.4955 | Te Acc: 0.4762 | Te AUC: 0.6747 | Te F1: 0.3072
  Epoch 30, Grad Norm: 0.3809
F3 E030 | Loss: 0.6482 | Tr Acc: 0.4884 | Te Acc: 0.4762 | Te AUC: 0.6657 | Te F1: 0.3072
F3 E031 | Loss: 0.6463 | Tr Acc: 0.4866 | Te Acc: 0.4762 | Te AUC: 0.6687 | Te F1: 0.3072
F3 E032 | Loss: 0.6498 | Tr Acc: 0.4848 | Te Acc: 0.4762 | Te AUC: 0.6606 | Te F1: 0.3072
F3 E033 | Loss: 0.6415 | Tr Acc: 0.4848 | Te Acc: 0.4762 | Te AUC: 0.6677 | Te F1: 0.3072
F3 E034 | Loss: 0.6436 | Tr Acc: 0.4848 | Te Acc: 0.4762 | Te AUC: 0.6667 | Te F1: 0.3072
  Epoch 35, Grad Norm: 0.3931
F3 E035 | Loss: 0.6372 | Tr Acc: 0.4848 | Te Acc: 0.4762 | Te AUC: 0.6727 | Te F1: 0.3072
F3 E036 | Loss: 0.6357 | Tr Acc: 0.4831 | Te Acc: 0.4762 | Te AUC: 0.6747 | Te F1: 0.3072
F3 E037 | Loss: 0.6370 | Tr Acc: 0.4848 | Te Acc: 0.4762 | Te AUC: 0.6737 | Te F1: 0.3072
F3 E038 | Loss: 0.6360 | Tr Acc: 0.4866 | Te Acc: 0.4762 | Te AUC: 0.6717 | Te F1: 0.3072
F3 E039 | Loss: 0.6259 | Tr Acc: 0.4866 | Te Acc: 0.4762 | Te AUC: 0.6758 | Te F1: 0.3072
  Epoch 40, Grad Norm: 0.3609
F3 E040 | Loss: 0.6427 | Tr Acc: 0.4848 | Te Acc: 0.4762 | Te AUC: 0.6778 | Te F1: 0.3072
F3 E041 | Loss: 0.6268 | Tr Acc: 0.4848 | Te Acc: 0.4762 | Te AUC: 0.6778 | Te F1: 0.3072
F3 E042 | Loss: 0.6260 | Tr Acc: 0.4902 | Te Acc: 0.4762 | Te AUC: 0.6717 | Te F1: 0.3072
F3 E043 | Loss: 0.6169 | Tr Acc: 0.4920 | Te Acc: 0.4762 | Te AUC: 0.6758 | Te F1: 0.3072
F3 E044 | Loss: 0.6168 | Tr Acc: 0.5205 | Te Acc: 0.4762 | Te AUC: 0.6848 | Te F1: 0.3072
  Learning rate reduced to 1.0e-04
  Epoch 45, Grad Norm: 0.4389
F3 E045 | Loss: 0.6251 | Tr Acc: 0.5383 | Te Acc: 0.5079 | Te AUC: 0.6909 | Te F1: 0.3953
F3 E046 | Loss: 0.6358 | Tr Acc: 0.5758 | Te Acc: 0.5556 | Te AUC: 0.6980 | Te F1: 0.4921
F3 E047 | Loss: 0.6202 | Tr Acc: 0.5989 | Te Acc: 0.5714 | Te AUC: 0.7101 | Te F1: 0.5270
F3 E048 | Loss: 0.6213 | Tr Acc: 0.6257 | Te Acc: 0.6190 | Te AUC: 0.6798 | Te F1: 0.6038
F3 E049 | Loss: 0.6224 | Tr Acc: 0.6185 | Te Acc: 0.6667 | Te AUC: 0.6616 | Te F1: 0.6668
  Epoch 50, Grad Norm: 0.3613
F3 E050 | Loss: 0.6236 | Tr Acc: 0.6132 | Te Acc: 0.5714 | Te AUC: 0.6515 | Te F1: 0.5670
  Epoch 55, Grad Norm: 0.4113
F3 E055 | Loss: 0.6265 | Tr Acc: 0.6043 | Te Acc: 0.5714 | Te AUC: 0.6697 | Te F1: 0.5078
  Epoch 60, Grad Norm: 0.3607
F3 E060 | Loss: 0.6051 | Tr Acc: 0.6381 | Te Acc: 0.6825 | Te AUC: 0.7091 | Te F1: 0.6737
  Epoch 65, Grad Norm: 0.3989
F3 E065 | Loss: 0.6155 | Tr Acc: 0.5419 | Te Acc: 0.5238 | Te AUC: 0.7222 | Te F1: 0.4048
  Epoch 70, Grad Norm: 0.4594
F3 E070 | Loss: 0.5997 | Tr Acc: 0.6684 | Te Acc: 0.6667 | Te AUC: 0.7121 | Te F1: 0.6633
  Epoch 75, Grad Norm: 0.3971
F3 E075 | Loss: 0.5964 | Tr Acc: 0.6471 | Te Acc: 0.5714 | Te AUC: 0.6929 | Te F1: 0.5474
  Epoch 80, Grad Norm: 0.4589
F3 E080 | Loss: 0.5891 | Tr Acc: 0.5775 | Te Acc: 0.5714 | Te AUC: 0.6758 | Te F1: 0.4772
  Epoch 85, Grad Norm: 0.5612
F3 E085 | Loss: 0.6039 | Tr Acc: 0.5918 | Te Acc: 0.5873 | Te AUC: 0.6727 | Te F1: 0.5194
  Epoch 90, Grad Norm: 0.6298
F3 E090 | Loss: 0.5732 | Tr Acc: 0.5116 | Te Acc: 0.4762 | Te AUC: 0.7131 | Te F1: 0.3072
  Epoch 95, Grad Norm: 0.5058
F3 E095 | Loss: 0.5665 | Tr Acc: 0.4991 | Te Acc: 0.4762 | Te AUC: 0.7192 | Te F1: 0.3072
  Epoch 100, Grad Norm: 0.7732
F3 E100 | Loss: 0.5810 | Tr Acc: 0.6435 | Te Acc: 0.6349 | Te AUC: 0.7010 | Te F1: 0.6227
  Epoch 105, Grad Norm: 0.5480
F3 E105 | Loss: 0.5598 | Tr Acc: 0.6168 | Te Acc: 0.6667 | Te AUC: 0.7394 | Te F1: 0.6555
  Epoch 110, Grad Norm: 0.6422
F3 E110 | Loss: 0.5738 | Tr Acc: 0.5954 | Te Acc: 0.6190 | Te AUC: 0.7131 | Te F1: 0.5916
  Epoch 115, Grad Norm: 0.5326
F3 E115 | Loss: 0.5605 | Tr Acc: 0.5544 | Te Acc: 0.5873 | Te AUC: 0.6616 | Te F1: 0.4878
  Epoch 120, Grad Norm: 0.4592
F3 E120 | Loss: 0.5539 | Tr Acc: 0.5829 | Te Acc: 0.5714 | Te AUC: 0.6586 | Te F1: 0.4772
  Epoch 125, Grad Norm: 0.7156
F3 E125 | Loss: 0.5436 | Tr Acc: 0.5080 | Te Acc: 0.4762 | Te AUC: 0.7030 | Te F1: 0.3072
  Epoch 130, Grad Norm: 0.4939
F3 E130 | Loss: 0.5485 | Tr Acc: 0.4938 | Te Acc: 0.4762 | Te AUC: 0.7061 | Te F1: 0.3072
  Epoch 135, Grad Norm: 0.6144
F3 E135 | Loss: 0.5412 | Tr Acc: 0.6952 | Te Acc: 0.5873 | Te AUC: 0.7040 | Te F1: 0.5606
  Epoch 140, Grad Norm: 0.9102
F3 E140 | Loss: 0.5341 | Tr Acc: 0.5472 | Te Acc: 0.5397 | Te AUC: 0.6505 | Te F1: 0.4182
  Epoch 145, Grad Norm: 1.1500
F3 E145 | Loss: 0.5058 | Tr Acc: 0.5472 | Te Acc: 0.4921 | Te AUC: 0.7303 | Te F1: 0.3414
  Epoch 150, Grad Norm: 0.5864
F3 E150 | Loss: 0.4997 | Tr Acc: 0.4991 | Te Acc: 0.4762 | Te AUC: 0.7283 | Te F1: 0.3072
  Epoch 155, Grad Norm: 0.6043
F3 E155 | Loss: 0.4944 | Tr Acc: 0.5633 | Te Acc: 0.5714 | Te AUC: 0.6737 | Te F1: 0.4772
  Epoch 160, Grad Norm: 0.9393
F3 E160 | Loss: 0.5044 | Tr Acc: 0.6898 | Te Acc: 0.5556 | Te AUC: 0.7051 | Te F1: 0.5079
  Epoch 165, Grad Norm: 0.9728
F3 E165 | Loss: 0.5161 | Tr Acc: 0.5597 | Te Acc: 0.5397 | Te AUC: 0.7172 | Te F1: 0.4343
  Epoch 170, Grad Norm: 1.5293
F3 E170 | Loss: 0.4973 | Tr Acc: 0.6043 | Te Acc: 0.5556 | Te AUC: 0.6949 | Te F1: 0.4667
  Epoch 175, Grad Norm: 0.5757
F3 E175 | Loss: 0.4792 | Tr Acc: 0.6970 | Te Acc: 0.6349 | Te AUC: 0.6939 | Te F1: 0.6177
  Epoch 180, Grad Norm: 1.3873
F3 E180 | Loss: 0.4828 | Tr Acc: 0.6863 | Te Acc: 0.5714 | Te AUC: 0.6828 | Te F1: 0.5200
  Epoch 185, Grad Norm: 1.2392
F3 E185 | Loss: 0.4720 | Tr Acc: 0.7380 | Te Acc: 0.5873 | Te AUC: 0.6636 | Te F1: 0.5844
  Learning rate reduced to 5.0e-05
  Epoch 190, Grad Norm: 0.5875
F3 E190 | Loss: 0.4489 | Tr Acc: 0.7362 | Te Acc: 0.6032 | Te AUC: 0.6838 | Te F1: 0.5809
  Epoch 195, Grad Norm: 0.9874
F3 E195 | Loss: 0.4384 | Tr Acc: 0.6827 | Te Acc: 0.5556 | Te AUC: 0.6586 | Te F1: 0.5079
  Epoch 200, Grad Norm: 1.4548
F3 E200 | Loss: 0.4405 | Tr Acc: 0.7041 | Te Acc: 0.6032 | Te AUC: 0.6778 | Te F1: 0.5654
Fold 3 - Training finished. Best Test Accuracy: 0.6667, AUC: 0.7394
Fold 3 elapsed time: 207.50 seconds.

--- Fold 4/10 ---
Calculating max TS length for Positional Encoding (624 subjects)...
Determined max TS length 295 from 624 valid files for Positional Encoding.
Fold 4 using dynamic max length (up to 295 for PE).
Loading time series for 624 subjects in fold...
No truncation active. Will pad to max length found in this fold's successful loads.
Padding to max length found in fold: 295
Padding 624 time series to final length: 295
Proceeding with 624 subjects for Fold 4 model training/evaluation.
Phenotype encoder created.
Generating initial embeddings for graph construction (Batch Size: 32)...
Initial embeddings generated.
Building k-NN graph (k=50)...
Graph built with 624 nodes and 31200 edges.
Starting training for Fold 4... Train samples: 561, Test samples: 63
  Epoch 1, Grad Norm: 0.6126
F4 E001 | Loss: 0.7034 | Tr Acc: 0.5152 | Te Acc: 0.5238 | Te AUC: 0.5727 | Te F1: 0.3601
F4 E002 | Loss: 0.6949 | Tr Acc: 0.5152 | Te Acc: 0.5238 | Te AUC: 0.5768 | Te F1: 0.3601
F4 E003 | Loss: 0.6869 | Tr Acc: 0.5152 | Te Acc: 0.5238 | Te AUC: 0.5838 | Te F1: 0.3601
F4 E004 | Loss: 0.6831 | Tr Acc: 0.5152 | Te Acc: 0.5238 | Te AUC: 0.5768 | Te F1: 0.3601
  Epoch 5, Grad Norm: 0.4515
F4 E005 | Loss: 0.6764 | Tr Acc: 0.5152 | Te Acc: 0.5238 | Te AUC: 0.5818 | Te F1: 0.3601
F4 E006 | Loss: 0.6750 | Tr Acc: 0.5152 | Te Acc: 0.5238 | Te AUC: 0.5970 | Te F1: 0.3601
F4 E007 | Loss: 0.6646 | Tr Acc: 0.5152 | Te Acc: 0.5238 | Te AUC: 0.6030 | Te F1: 0.3601
F4 E008 | Loss: 0.6665 | Tr Acc: 0.5152 | Te Acc: 0.5238 | Te AUC: 0.5990 | Te F1: 0.3601
F4 E009 | Loss: 0.6758 | Tr Acc: 0.5169 | Te Acc: 0.5238 | Te AUC: 0.6000 | Te F1: 0.3601
  Epoch 10, Grad Norm: 0.3936
F4 E010 | Loss: 0.6692 | Tr Acc: 0.5419 | Te Acc: 0.5397 | Te AUC: 0.6182 | Te F1: 0.3946
F4 E011 | Loss: 0.6547 | Tr Acc: 0.5811 | Te Acc: 0.5873 | Te AUC: 0.6111 | Te F1: 0.5321
F4 E012 | Loss: 0.6600 | Tr Acc: 0.5811 | Te Acc: 0.5397 | Te AUC: 0.6091 | Te F1: 0.5334
F4 E013 | Loss: 0.6575 | Tr Acc: 0.5597 | Te Acc: 0.5397 | Te AUC: 0.6091 | Te F1: 0.4804
F4 E014 | Loss: 0.6632 | Tr Acc: 0.5258 | Te Acc: 0.4762 | Te AUC: 0.6182 | Te F1: 0.3072
  Epoch 15, Grad Norm: 0.3898
F4 E015 | Loss: 0.6538 | Tr Acc: 0.4938 | Te Acc: 0.4762 | Te AUC: 0.6061 | Te F1: 0.3072
F4 E016 | Loss: 0.6526 | Tr Acc: 0.4938 | Te Acc: 0.4762 | Te AUC: 0.5980 | Te F1: 0.3072
F4 E017 | Loss: 0.6541 | Tr Acc: 0.4920 | Te Acc: 0.4762 | Te AUC: 0.6010 | Te F1: 0.3072
F4 E018 | Loss: 0.6501 | Tr Acc: 0.4902 | Te Acc: 0.4762 | Te AUC: 0.5990 | Te F1: 0.3072
F4 E019 | Loss: 0.6445 | Tr Acc: 0.4902 | Te Acc: 0.4762 | Te AUC: 0.5990 | Te F1: 0.3072
  Epoch 20, Grad Norm: 0.2949
F4 E020 | Loss: 0.6405 | Tr Acc: 0.4938 | Te Acc: 0.4762 | Te AUC: 0.5980 | Te F1: 0.3072
F4 E021 | Loss: 0.6487 | Tr Acc: 0.4955 | Te Acc: 0.4762 | Te AUC: 0.6040 | Te F1: 0.3072
F4 E022 | Loss: 0.6456 | Tr Acc: 0.4955 | Te Acc: 0.4762 | Te AUC: 0.5949 | Te F1: 0.3072
F4 E023 | Loss: 0.6404 | Tr Acc: 0.4955 | Te Acc: 0.4762 | Te AUC: 0.5859 | Te F1: 0.3072
F4 E024 | Loss: 0.6329 | Tr Acc: 0.4938 | Te Acc: 0.4762 | Te AUC: 0.5677 | Te F1: 0.3072
  Epoch 25, Grad Norm: 0.3631
F4 E025 | Loss: 0.6394 | Tr Acc: 0.5062 | Te Acc: 0.4762 | Te AUC: 0.5657 | Te F1: 0.3072
F4 E026 | Loss: 0.6341 | Tr Acc: 0.5205 | Te Acc: 0.4762 | Te AUC: 0.5717 | Te F1: 0.3072
  Learning rate reduced to 1.0e-04
F4 E027 | Loss: 0.6359 | Tr Acc: 0.5383 | Te Acc: 0.4603 | Te AUC: 0.5657 | Te F1: 0.3254
F4 E028 | Loss: 0.6228 | Tr Acc: 0.5544 | Te Acc: 0.4762 | Te AUC: 0.5616 | Te F1: 0.3563
F4 E029 | Loss: 0.6299 | Tr Acc: 0.5793 | Te Acc: 0.4921 | Te AUC: 0.5586 | Te F1: 0.4195
  Epoch 30, Grad Norm: 0.3111
F4 E030 | Loss: 0.6254 | Tr Acc: 0.6007 | Te Acc: 0.5079 | Te AUC: 0.5545 | Te F1: 0.4769
F4 E031 | Loss: 0.6226 | Tr Acc: 0.6025 | Te Acc: 0.5079 | Te AUC: 0.5545 | Te F1: 0.4968
F4 E032 | Loss: 0.6303 | Tr Acc: 0.6096 | Te Acc: 0.5079 | Te AUC: 0.5545 | Te F1: 0.5074
F4 E033 | Loss: 0.6343 | Tr Acc: 0.6025 | Te Acc: 0.6508 | Te AUC: 0.5667 | Te F1: 0.6214
F4 E034 | Loss: 0.6317 | Tr Acc: 0.5740 | Te Acc: 0.6508 | Te AUC: 0.5758 | Te F1: 0.6134
  Epoch 35, Grad Norm: 0.3462
F4 E035 | Loss: 0.6408 | Tr Acc: 0.5758 | Te Acc: 0.6190 | Te AUC: 0.5667 | Te F1: 0.5564
F4 E036 | Loss: 0.6263 | Tr Acc: 0.5740 | Te Acc: 0.5873 | Te AUC: 0.5596 | Te F1: 0.5048
F4 E037 | Loss: 0.6225 | Tr Acc: 0.5758 | Te Acc: 0.5873 | Te AUC: 0.5505 | Te F1: 0.5048
F4 E038 | Loss: 0.6160 | Tr Acc: 0.5722 | Te Acc: 0.5714 | Te AUC: 0.5455 | Te F1: 0.4936
F4 E039 | Loss: 0.6231 | Tr Acc: 0.5740 | Te Acc: 0.5556 | Te AUC: 0.5354 | Te F1: 0.4667
  Epoch 40, Grad Norm: 0.3342
F4 E040 | Loss: 0.6252 | Tr Acc: 0.5722 | Te Acc: 0.5714 | Te AUC: 0.5232 | Te F1: 0.4936
Early stopping triggered at epoch 40 due to lack of improvement in Test AUC for 30 evaluation steps.
Fold 4 - Training finished. Best Test Accuracy: 0.5397, AUC: 0.6182
Fold 4 elapsed time: 61.80 seconds.

--- Fold 5/10 ---
Calculating max TS length for Positional Encoding (624 subjects)...
Determined max TS length 295 from 624 valid files for Positional Encoding.
Fold 5 using dynamic max length (up to 295 for PE).
Loading time series for 624 subjects in fold...
No truncation active. Will pad to max length found in this fold's successful loads.
Padding to max length found in fold: 295
Padding 624 time series to final length: 295
Proceeding with 624 subjects for Fold 5 model training/evaluation.
Phenotype encoder created.
Generating initial embeddings for graph construction (Batch Size: 32)...
Initial embeddings generated.
Building k-NN graph (k=50)...
Graph built with 624 nodes and 31200 edges.
Starting training for Fold 5... Train samples: 562, Test samples: 62
  Epoch 1, Grad Norm: 0.7619
F5 E001 | Loss: 0.7214 | Tr Acc: 0.5160 | Te Acc: 0.5161 | Te AUC: 0.4281 | Te F1: 0.3514
F5 E002 | Loss: 0.6953 | Tr Acc: 0.5160 | Te Acc: 0.5161 | Te AUC: 0.5250 | Te F1: 0.3514
F5 E003 | Loss: 0.7039 | Tr Acc: 0.5178 | Te Acc: 0.5161 | Te AUC: 0.6396 | Te F1: 0.3514
F5 E004 | Loss: 0.6955 | Tr Acc: 0.5214 | Te Acc: 0.5323 | Te AUC: 0.6365 | Te F1: 0.3864
  Epoch 5, Grad Norm: 0.5216
F5 E005 | Loss: 0.6824 | Tr Acc: 0.5747 | Te Acc: 0.5484 | Te AUC: 0.5802 | Te F1: 0.4409
F5 E006 | Loss: 0.6804 | Tr Acc: 0.5463 | Te Acc: 0.5484 | Te AUC: 0.5687 | Te F1: 0.4195
F5 E007 | Loss: 0.6813 | Tr Acc: 0.5374 | Te Acc: 0.5484 | Te AUC: 0.5833 | Te F1: 0.4195
F5 E008 | Loss: 0.6783 | Tr Acc: 0.5320 | Te Acc: 0.5484 | Te AUC: 0.5771 | Te F1: 0.4195
F5 E009 | Loss: 0.6670 | Tr Acc: 0.5338 | Te Acc: 0.5484 | Te AUC: 0.5760 | Te F1: 0.4195
  Epoch 10, Grad Norm: 0.3978
F5 E010 | Loss: 0.6638 | Tr Acc: 0.5356 | Te Acc: 0.5484 | Te AUC: 0.5812 | Te F1: 0.4195
F5 E011 | Loss: 0.6661 | Tr Acc: 0.5427 | Te Acc: 0.5484 | Te AUC: 0.5865 | Te F1: 0.4195
F5 E012 | Loss: 0.6671 | Tr Acc: 0.5427 | Te Acc: 0.5484 | Te AUC: 0.5938 | Te F1: 0.4195
F5 E013 | Loss: 0.6528 | Tr Acc: 0.5427 | Te Acc: 0.5484 | Te AUC: 0.5958 | Te F1: 0.4195
F5 E014 | Loss: 0.6664 | Tr Acc: 0.5356 | Te Acc: 0.5484 | Te AUC: 0.5979 | Te F1: 0.4195
  Epoch 15, Grad Norm: 0.4146
F5 E015 | Loss: 0.6456 | Tr Acc: 0.5374 | Te Acc: 0.5484 | Te AUC: 0.5812 | Te F1: 0.4195
F5 E016 | Loss: 0.6495 | Tr Acc: 0.5445 | Te Acc: 0.5484 | Te AUC: 0.5677 | Te F1: 0.4195
F5 E017 | Loss: 0.6501 | Tr Acc: 0.5427 | Te Acc: 0.5484 | Te AUC: 0.5833 | Te F1: 0.4195
F5 E018 | Loss: 0.6526 | Tr Acc: 0.5427 | Te Acc: 0.5484 | Te AUC: 0.5719 | Te F1: 0.4195
F5 E019 | Loss: 0.6460 | Tr Acc: 0.5463 | Te Acc: 0.5484 | Te AUC: 0.5865 | Te F1: 0.4195
  Learning rate reduced to 1.0e-04
  Epoch 20, Grad Norm: 0.4342
F5 E020 | Loss: 0.6572 | Tr Acc: 0.5498 | Te Acc: 0.5484 | Te AUC: 0.5885 | Te F1: 0.4195
F5 E021 | Loss: 0.6448 | Tr Acc: 0.5623 | Te Acc: 0.5484 | Te AUC: 0.5875 | Te F1: 0.4195
F5 E022 | Loss: 0.6583 | Tr Acc: 0.5605 | Te Acc: 0.5484 | Te AUC: 0.5906 | Te F1: 0.4195
F5 E023 | Loss: 0.6448 | Tr Acc: 0.5623 | Te Acc: 0.5484 | Te AUC: 0.5865 | Te F1: 0.4195
F5 E024 | Loss: 0.6342 | Tr Acc: 0.5552 | Te Acc: 0.5484 | Te AUC: 0.5844 | Te F1: 0.4195
  Epoch 25, Grad Norm: 0.4346
F5 E025 | Loss: 0.6310 | Tr Acc: 0.5587 | Te Acc: 0.5484 | Te AUC: 0.5792 | Te F1: 0.4195
F5 E026 | Loss: 0.6425 | Tr Acc: 0.5587 | Te Acc: 0.5484 | Te AUC: 0.5604 | Te F1: 0.4195
F5 E027 | Loss: 0.6331 | Tr Acc: 0.5676 | Te Acc: 0.5484 | Te AUC: 0.5583 | Te F1: 0.4409
F5 E028 | Loss: 0.6366 | Tr Acc: 0.5854 | Te Acc: 0.5645 | Te AUC: 0.5677 | Te F1: 0.4701
F5 E029 | Loss: 0.6321 | Tr Acc: 0.5979 | Te Acc: 0.5645 | Te AUC: 0.5719 | Te F1: 0.4867
  Epoch 30, Grad Norm: 0.5499
F5 E030 | Loss: 0.6473 | Tr Acc: 0.5890 | Te Acc: 0.5806 | Te AUC: 0.5760 | Te F1: 0.5129
F5 E031 | Loss: 0.6393 | Tr Acc: 0.6014 | Te Acc: 0.5968 | Te AUC: 0.5781 | Te F1: 0.5380
F5 E032 | Loss: 0.6305 | Tr Acc: 0.6121 | Te Acc: 0.5806 | Te AUC: 0.5833 | Te F1: 0.5463
F5 E033 | Loss: 0.6359 | Tr Acc: 0.6085 | Te Acc: 0.5806 | Te AUC: 0.5917 | Te F1: 0.5463
Early stopping triggered at epoch 33 due to lack of improvement in Test AUC for 30 evaluation steps.
Fold 5 - Training finished. Best Test Accuracy: 0.5161, AUC: 0.6396
Fold 5 elapsed time: 50.88 seconds.

--- Fold 6/10 ---
Calculating max TS length for Positional Encoding (624 subjects)...
Determined max TS length 295 from 624 valid files for Positional Encoding.
Fold 6 using dynamic max length (up to 295 for PE).
Loading time series for 624 subjects in fold...
No truncation active. Will pad to max length found in this fold's successful loads.
Padding to max length found in fold: 295
Padding 624 time series to final length: 295
Proceeding with 624 subjects for Fold 6 model training/evaluation.
Phenotype encoder created.
Generating initial embeddings for graph construction (Batch Size: 32)...
Initial embeddings generated.
Building k-NN graph (k=50)...
Graph built with 624 nodes and 31200 edges.
Starting training for Fold 6... Train samples: 562, Test samples: 62
  Epoch 1, Grad Norm: 0.5238
F6 E001 | Loss: 0.7125 | Tr Acc: 0.5160 | Te Acc: 0.5161 | Te AUC: 0.5750 | Te F1: 0.3514
F6 E002 | Loss: 0.6933 | Tr Acc: 0.5160 | Te Acc: 0.5161 | Te AUC: 0.6260 | Te F1: 0.3514
F6 E003 | Loss: 0.6856 | Tr Acc: 0.5160 | Te Acc: 0.5161 | Te AUC: 0.6198 | Te F1: 0.3514
F6 E004 | Loss: 0.6780 | Tr Acc: 0.5160 | Te Acc: 0.5161 | Te AUC: 0.6281 | Te F1: 0.3514
  Epoch 5, Grad Norm: 0.4488
F6 E005 | Loss: 0.6799 | Tr Acc: 0.5160 | Te Acc: 0.5161 | Te AUC: 0.6271 | Te F1: 0.3514
F6 E006 | Loss: 0.6680 | Tr Acc: 0.5160 | Te Acc: 0.5161 | Te AUC: 0.6250 | Te F1: 0.3514
F6 E007 | Loss: 0.6681 | Tr Acc: 0.5160 | Te Acc: 0.5161 | Te AUC: 0.6271 | Te F1: 0.3514
F6 E008 | Loss: 0.6626 | Tr Acc: 0.5160 | Te Acc: 0.5161 | Te AUC: 0.5865 | Te F1: 0.3514
F6 E009 | Loss: 0.6653 | Tr Acc: 0.5160 | Te Acc: 0.5161 | Te AUC: 0.5781 | Te F1: 0.3514
  Epoch 10, Grad Norm: 0.3789
F6 E010 | Loss: 0.6587 | Tr Acc: 0.5160 | Te Acc: 0.5161 | Te AUC: 0.5802 | Te F1: 0.3514
F6 E011 | Loss: 0.6598 | Tr Acc: 0.5160 | Te Acc: 0.5161 | Te AUC: 0.5792 | Te F1: 0.3514
F6 E012 | Loss: 0.6575 | Tr Acc: 0.5160 | Te Acc: 0.5161 | Te AUC: 0.5865 | Te F1: 0.3514
F6 E013 | Loss: 0.6644 | Tr Acc: 0.5214 | Te Acc: 0.5161 | Te AUC: 0.5917 | Te F1: 0.3514
F6 E014 | Loss: 0.6598 | Tr Acc: 0.5249 | Te Acc: 0.5000 | Te AUC: 0.5865 | Te F1: 0.3441
  Epoch 15, Grad Norm: 0.3888
F6 E015 | Loss: 0.6664 | Tr Acc: 0.5302 | Te Acc: 0.5000 | Te AUC: 0.5885 | Te F1: 0.3441
F6 E016 | Loss: 0.6582 | Tr Acc: 0.5374 | Te Acc: 0.5484 | Te AUC: 0.5937 | Te F1: 0.4409
F6 E017 | Loss: 0.6503 | Tr Acc: 0.5427 | Te Acc: 0.5484 | Te AUC: 0.5990 | Te F1: 0.4409
F6 E018 | Loss: 0.6465 | Tr Acc: 0.5427 | Te Acc: 0.5484 | Te AUC: 0.5948 | Te F1: 0.4409
F6 E019 | Loss: 0.6500 | Tr Acc: 0.5463 | Te Acc: 0.5484 | Te AUC: 0.6000 | Te F1: 0.4409
  Epoch 20, Grad Norm: 0.3247
F6 E020 | Loss: 0.6503 | Tr Acc: 0.5463 | Te Acc: 0.5484 | Te AUC: 0.6021 | Te F1: 0.4409
  Learning rate reduced to 1.0e-04
F6 E021 | Loss: 0.6498 | Tr Acc: 0.5552 | Te Acc: 0.5645 | Te AUC: 0.6062 | Te F1: 0.4701
F6 E022 | Loss: 0.6456 | Tr Acc: 0.5569 | Te Acc: 0.5484 | Te AUC: 0.6083 | Te F1: 0.4594
F6 E023 | Loss: 0.6493 | Tr Acc: 0.5587 | Te Acc: 0.5323 | Te AUC: 0.6062 | Te F1: 0.4487
F6 E024 | Loss: 0.6433 | Tr Acc: 0.5587 | Te Acc: 0.5323 | Te AUC: 0.6021 | Te F1: 0.4487
  Epoch 25, Grad Norm: 0.3244
F6 E025 | Loss: 0.6440 | Tr Acc: 0.5676 | Te Acc: 0.5484 | Te AUC: 0.5865 | Te F1: 0.4754
F6 E026 | Loss: 0.6481 | Tr Acc: 0.5676 | Te Acc: 0.5323 | Te AUC: 0.5771 | Te F1: 0.4641
F6 E027 | Loss: 0.6503 | Tr Acc: 0.5694 | Te Acc: 0.5484 | Te AUC: 0.5750 | Te F1: 0.4892
F6 E028 | Loss: 0.6428 | Tr Acc: 0.5783 | Te Acc: 0.5484 | Te AUC: 0.5885 | Te F1: 0.4892
F6 E029 | Loss: 0.6425 | Tr Acc: 0.5783 | Te Acc: 0.5645 | Te AUC: 0.5917 | Te F1: 0.5135
  Epoch 30, Grad Norm: 0.3892
F6 E030 | Loss: 0.6475 | Tr Acc: 0.5890 | Te Acc: 0.5323 | Te AUC: 0.6031 | Te F1: 0.4987
F6 E031 | Loss: 0.6334 | Tr Acc: 0.5872 | Te Acc: 0.5323 | Te AUC: 0.6104 | Te F1: 0.5071
F6 E032 | Loss: 0.6406 | Tr Acc: 0.6068 | Te Acc: 0.5806 | Te AUC: 0.6042 | Te F1: 0.5670
F6 E033 | Loss: 0.6354 | Tr Acc: 0.6050 | Te Acc: 0.5323 | Te AUC: 0.6042 | Te F1: 0.5279
F6 E034 | Loss: 0.6527 | Tr Acc: 0.6121 | Te Acc: 0.5484 | Te AUC: 0.6000 | Te F1: 0.5474
Early stopping triggered at epoch 34 due to lack of improvement in Test AUC for 30 evaluation steps.
Fold 6 - Training finished. Best Test Accuracy: 0.5161, AUC: 0.6281
Fold 6 elapsed time: 52.39 seconds.

--- Fold 7/10 ---
Calculating max TS length for Positional Encoding (624 subjects)...
Determined max TS length 295 from 624 valid files for Positional Encoding.
Fold 7 using dynamic max length (up to 295 for PE).
Loading time series for 624 subjects in fold...
No truncation active. Will pad to max length found in this fold's successful loads.
Padding to max length found in fold: 295
Padding 624 time series to final length: 295
Proceeding with 624 subjects for Fold 7 model training/evaluation.
Phenotype encoder created.
Generating initial embeddings for graph construction (Batch Size: 32)...
Initial embeddings generated.
Building k-NN graph (k=50)...
Graph built with 624 nodes and 31200 edges.
Starting training for Fold 7... Train samples: 562, Test samples: 62
  Epoch 1, Grad Norm: 0.5793
F7 E001 | Loss: 0.7039 | Tr Acc: 0.5160 | Te Acc: 0.5161 | Te AUC: 0.5042 | Te F1: 0.3514
F7 E002 | Loss: 0.6878 | Tr Acc: 0.5160 | Te Acc: 0.5161 | Te AUC: 0.4938 | Te F1: 0.3514
F7 E003 | Loss: 0.6924 | Tr Acc: 0.5160 | Te Acc: 0.5161 | Te AUC: 0.4865 | Te F1: 0.3514
F7 E004 | Loss: 0.6836 | Tr Acc: 0.5160 | Te Acc: 0.5161 | Te AUC: 0.5208 | Te F1: 0.3514
  Epoch 5, Grad Norm: 0.4839
F7 E005 | Loss: 0.6923 | Tr Acc: 0.5160 | Te Acc: 0.5161 | Te AUC: 0.5365 | Te F1: 0.3514
F7 E006 | Loss: 0.6740 | Tr Acc: 0.5160 | Te Acc: 0.5161 | Te AUC: 0.5333 | Te F1: 0.3514
F7 E007 | Loss: 0.6823 | Tr Acc: 0.5160 | Te Acc: 0.5161 | Te AUC: 0.5292 | Te F1: 0.3514
F7 E008 | Loss: 0.6673 | Tr Acc: 0.5160 | Te Acc: 0.5161 | Te AUC: 0.4979 | Te F1: 0.3514
F7 E009 | Loss: 0.6786 | Tr Acc: 0.5160 | Te Acc: 0.5161 | Te AUC: 0.4885 | Te F1: 0.3514
  Epoch 10, Grad Norm: 0.4743
F7 E010 | Loss: 0.6686 | Tr Acc: 0.5160 | Te Acc: 0.5161 | Te AUC: 0.4792 | Te F1: 0.3514
F7 E011 | Loss: 0.6635 | Tr Acc: 0.5160 | Te Acc: 0.5161 | Te AUC: 0.4844 | Te F1: 0.3514
F7 E012 | Loss: 0.6778 | Tr Acc: 0.5160 | Te Acc: 0.5161 | Te AUC: 0.4896 | Te F1: 0.3514
F7 E013 | Loss: 0.6749 | Tr Acc: 0.5160 | Te Acc: 0.5161 | Te AUC: 0.4875 | Te F1: 0.3514
F7 E014 | Loss: 0.6672 | Tr Acc: 0.5196 | Te Acc: 0.5161 | Te AUC: 0.4906 | Te F1: 0.3514
  Epoch 15, Grad Norm: 0.4543
F7 E015 | Loss: 0.6687 | Tr Acc: 0.5249 | Te Acc: 0.5161 | Te AUC: 0.4979 | Te F1: 0.3514
F7 E016 | Loss: 0.6739 | Tr Acc: 0.5267 | Te Acc: 0.5161 | Te AUC: 0.5000 | Te F1: 0.3514
F7 E017 | Loss: 0.6571 | Tr Acc: 0.5320 | Te Acc: 0.5161 | Te AUC: 0.4969 | Te F1: 0.3514
F7 E018 | Loss: 0.6736 | Tr Acc: 0.5302 | Te Acc: 0.5161 | Te AUC: 0.4979 | Te F1: 0.3514
F7 E019 | Loss: 0.6556 | Tr Acc: 0.5267 | Te Acc: 0.5161 | Te AUC: 0.4958 | Te F1: 0.3514
  Epoch 20, Grad Norm: 0.4104
F7 E020 | Loss: 0.6620 | Tr Acc: 0.5391 | Te Acc: 0.5161 | Te AUC: 0.4969 | Te F1: 0.3514
F7 E021 | Loss: 0.6529 | Tr Acc: 0.5231 | Te Acc: 0.5161 | Te AUC: 0.4885 | Te F1: 0.3514
  Learning rate reduced to 1.0e-04
F7 E022 | Loss: 0.6577 | Tr Acc: 0.5249 | Te Acc: 0.5161 | Te AUC: 0.4917 | Te F1: 0.3514
F7 E023 | Loss: 0.6512 | Tr Acc: 0.5320 | Te Acc: 0.5161 | Te AUC: 0.4917 | Te F1: 0.3514
F7 E024 | Loss: 0.6635 | Tr Acc: 0.5427 | Te Acc: 0.5161 | Te AUC: 0.4958 | Te F1: 0.3514
  Epoch 25, Grad Norm: 0.3690
F7 E025 | Loss: 0.6503 | Tr Acc: 0.5445 | Te Acc: 0.5161 | Te AUC: 0.4969 | Te F1: 0.3514
F7 E026 | Loss: 0.6497 | Tr Acc: 0.5463 | Te Acc: 0.5161 | Te AUC: 0.5052 | Te F1: 0.3514
F7 E027 | Loss: 0.6419 | Tr Acc: 0.5480 | Te Acc: 0.5323 | Te AUC: 0.5188 | Te F1: 0.3864
F7 E028 | Loss: 0.6488 | Tr Acc: 0.5480 | Te Acc: 0.5323 | Te AUC: 0.5229 | Te F1: 0.3864
F7 E029 | Loss: 0.6406 | Tr Acc: 0.5498 | Te Acc: 0.5161 | Te AUC: 0.5375 | Te F1: 0.3781
  Epoch 30, Grad Norm: 0.3865
F7 E030 | Loss: 0.6402 | Tr Acc: 0.5534 | Te Acc: 0.5323 | Te AUC: 0.5469 | Te F1: 0.4103
F7 E031 | Loss: 0.6435 | Tr Acc: 0.5587 | Te Acc: 0.5323 | Te AUC: 0.5583 | Te F1: 0.4103
F7 E032 | Loss: 0.6490 | Tr Acc: 0.5694 | Te Acc: 0.5323 | Te AUC: 0.5615 | Te F1: 0.4103
F7 E033 | Loss: 0.6444 | Tr Acc: 0.5765 | Te Acc: 0.5645 | Te AUC: 0.5719 | Te F1: 0.4867
F7 E034 | Loss: 0.6401 | Tr Acc: 0.5890 | Te Acc: 0.5806 | Te AUC: 0.5667 | Te F1: 0.5368
  Epoch 35, Grad Norm: 0.4047
F7 E035 | Loss: 0.6400 | Tr Acc: 0.5943 | Te Acc: 0.6129 | Te AUC: 0.5583 | Te F1: 0.5951
F7 E036 | Loss: 0.6374 | Tr Acc: 0.5890 | Te Acc: 0.5645 | Te AUC: 0.5510 | Te F1: 0.5572
F7 E037 | Loss: 0.6276 | Tr Acc: 0.6103 | Te Acc: 0.5323 | Te AUC: 0.5531 | Te F1: 0.5304
F7 E038 | Loss: 0.6459 | Tr Acc: 0.6246 | Te Acc: 0.5161 | Te AUC: 0.5573 | Te F1: 0.5161
F7 E039 | Loss: 0.6353 | Tr Acc: 0.6192 | Te Acc: 0.5000 | Te AUC: 0.5490 | Te F1: 0.4808
  Epoch 40, Grad Norm: 0.4160
F7 E040 | Loss: 0.6431 | Tr Acc: 0.5801 | Te Acc: 0.5161 | Te AUC: 0.5531 | Te F1: 0.4401
F7 E041 | Loss: 0.6360 | Tr Acc: 0.5356 | Te Acc: 0.4516 | Te AUC: 0.5552 | Te F1: 0.3256
F7 E042 | Loss: 0.6320 | Tr Acc: 0.5196 | Te Acc: 0.4677 | Te AUC: 0.5521 | Te F1: 0.3084
F7 E043 | Loss: 0.6316 | Tr Acc: 0.5018 | Te Acc: 0.4839 | Te AUC: 0.5521 | Te F1: 0.3156
F7 E044 | Loss: 0.6306 | Tr Acc: 0.4982 | Te Acc: 0.4839 | Te AUC: 0.5646 | Te F1: 0.3156
  Epoch 45, Grad Norm: 0.4489
F7 E045 | Loss: 0.6220 | Tr Acc: 0.4964 | Te Acc: 0.4839 | Te AUC: 0.5677 | Te F1: 0.3156
F7 E046 | Loss: 0.6233 | Tr Acc: 0.5000 | Te Acc: 0.4839 | Te AUC: 0.5656 | Te F1: 0.3156
F7 E047 | Loss: 0.6269 | Tr Acc: 0.5071 | Te Acc: 0.4677 | Te AUC: 0.5625 | Te F1: 0.3084
F7 E048 | Loss: 0.6356 | Tr Acc: 0.5125 | Te Acc: 0.4677 | Te AUC: 0.5573 | Te F1: 0.3084
F7 E049 | Loss: 0.6249 | Tr Acc: 0.5267 | Te Acc: 0.4677 | Te AUC: 0.5635 | Te F1: 0.3340
  Learning rate reduced to 5.0e-05
  Epoch 50, Grad Norm: 0.3961
F7 E050 | Loss: 0.6067 | Tr Acc: 0.5320 | Te Acc: 0.4677 | Te AUC: 0.5708 | Te F1: 0.3340
  Epoch 55, Grad Norm: 0.3842
F7 E055 | Loss: 0.6111 | Tr Acc: 0.5658 | Te Acc: 0.4355 | Te AUC: 0.5635 | Te F1: 0.3171
  Epoch 60, Grad Norm: 0.3949
F7 E060 | Loss: 0.6160 | Tr Acc: 0.5979 | Te Acc: 0.5484 | Te AUC: 0.5635 | Te F1: 0.4594
  Epoch 65, Grad Norm: 0.3903
F7 E065 | Loss: 0.6068 | Tr Acc: 0.5730 | Te Acc: 0.5161 | Te AUC: 0.5563 | Te F1: 0.3514
  Epoch 70, Grad Norm: 0.6082
F7 E070 | Loss: 0.6188 | Tr Acc: 0.6637 | Te Acc: 0.5806 | Te AUC: 0.5740 | Te F1: 0.5670
  Epoch 75, Grad Norm: 0.4467
F7 E075 | Loss: 0.5977 | Tr Acc: 0.5694 | Te Acc: 0.4677 | Te AUC: 0.5469 | Te F1: 0.3922
  Epoch 80, Grad Norm: 0.4005
F7 E080 | Loss: 0.5956 | Tr Acc: 0.5142 | Te Acc: 0.4355 | Te AUC: 0.5438 | Te F1: 0.2936
  Epoch 85, Grad Norm: 0.4424
F7 E085 | Loss: 0.6014 | Tr Acc: 0.5285 | Te Acc: 0.4194 | Te AUC: 0.5385 | Te F1: 0.2859
  Epoch 90, Grad Norm: 0.4761
F7 E090 | Loss: 0.5883 | Tr Acc: 0.5160 | Te Acc: 0.4839 | Te AUC: 0.5510 | Te F1: 0.3156
  Epoch 95, Grad Norm: 0.4004
F7 E095 | Loss: 0.5741 | Tr Acc: 0.5641 | Te Acc: 0.4516 | Te AUC: 0.5375 | Te F1: 0.3654
  Epoch 100, Grad Norm: 0.4283
F7 E100 | Loss: 0.5843 | Tr Acc: 0.6584 | Te Acc: 0.4839 | Te AUC: 0.5250 | Te F1: 0.4673
  Epoch 105, Grad Norm: 0.3674
F7 E105 | Loss: 0.5807 | Tr Acc: 0.5587 | Te Acc: 0.4032 | Te AUC: 0.5219 | Te F1: 0.2997
  Epoch 110, Grad Norm: 0.5731
F7 E110 | Loss: 0.5906 | Tr Acc: 0.5498 | Te Acc: 0.4032 | Te AUC: 0.5198 | Te F1: 0.2997
  Epoch 115, Grad Norm: 0.4122
F7 E115 | Loss: 0.5750 | Tr Acc: 0.5445 | Te Acc: 0.4194 | Te AUC: 0.5281 | Te F1: 0.3281
  Epoch 120, Grad Norm: 0.6672
F7 E120 | Loss: 0.5694 | Tr Acc: 0.6851 | Te Acc: 0.5806 | Te AUC: 0.5271 | Te F1: 0.5613
  Epoch 125, Grad Norm: 0.5352
F7 E125 | Loss: 0.5739 | Tr Acc: 0.6851 | Te Acc: 0.5806 | Te AUC: 0.5667 | Te F1: 0.5798
  Epoch 130, Grad Norm: 0.5604
F7 E130 | Loss: 0.5712 | Tr Acc: 0.6335 | Te Acc: 0.5484 | Te AUC: 0.5323 | Te F1: 0.4892
  Epoch 135, Grad Norm: 0.4896
F7 E135 | Loss: 0.5690 | Tr Acc: 0.5801 | Te Acc: 0.4355 | Te AUC: 0.5542 | Te F1: 0.3554
  Epoch 140, Grad Norm: 0.4378
F7 E140 | Loss: 0.5641 | Tr Acc: 0.5836 | Te Acc: 0.4677 | Te AUC: 0.5104 | Te F1: 0.4068
  Epoch 145, Grad Norm: 0.6217
F7 E145 | Loss: 0.5625 | Tr Acc: 0.5018 | Te Acc: 0.4677 | Te AUC: 0.5094 | Te F1: 0.3084
  Epoch 150, Grad Norm: 0.6353
F7 E150 | Loss: 0.5548 | Tr Acc: 0.4982 | Te Acc: 0.4677 | Te AUC: 0.5083 | Te F1: 0.3084
  Learning rate reduced to 2.5e-05
  Epoch 155, Grad Norm: 0.5941
F7 E155 | Loss: 0.5653 | Tr Acc: 0.5374 | Te Acc: 0.4194 | Te AUC: 0.5104 | Te F1: 0.2859
  Epoch 160, Grad Norm: 0.8659
F7 E160 | Loss: 0.5573 | Tr Acc: 0.6495 | Te Acc: 0.4677 | Te AUC: 0.5177 | Te F1: 0.4068
  Epoch 165, Grad Norm: 0.6529
F7 E165 | Loss: 0.5511 | Tr Acc: 0.7206 | Te Acc: 0.5484 | Te AUC: 0.5500 | Te F1: 0.5455
  Epoch 170, Grad Norm: 0.5974
F7 E170 | Loss: 0.5477 | Tr Acc: 0.7189 | Te Acc: 0.5645 | Te AUC: 0.5479 | Te F1: 0.5529
  Epoch 175, Grad Norm: 0.4480
F7 E175 | Loss: 0.5422 | Tr Acc: 0.7028 | Te Acc: 0.5161 | Te AUC: 0.5448 | Te F1: 0.4942
  Epoch 180, Grad Norm: 0.5925
F7 E180 | Loss: 0.5538 | Tr Acc: 0.7171 | Te Acc: 0.5000 | Te AUC: 0.5417 | Te F1: 0.4868
  Epoch 185, Grad Norm: 0.4711
F7 E185 | Loss: 0.5493 | Tr Acc: 0.7242 | Te Acc: 0.5645 | Te AUC: 0.5323 | Te F1: 0.5572
  Epoch 190, Grad Norm: 0.4837
F7 E190 | Loss: 0.5375 | Tr Acc: 0.7224 | Te Acc: 0.5000 | Te AUC: 0.5292 | Te F1: 0.4980
  Epoch 195, Grad Norm: 0.6319
F7 E195 | Loss: 0.5356 | Tr Acc: 0.6975 | Te Acc: 0.5000 | Te AUC: 0.5385 | Te F1: 0.4808
  Epoch 200, Grad Norm: 0.5264
F7 E200 | Loss: 0.5376 | Tr Acc: 0.6530 | Te Acc: 0.4677 | Te AUC: 0.5062 | Te F1: 0.4068
Fold 7 - Training finished. Best Test Accuracy: 0.5806, AUC: 0.5740
Fold 7 elapsed time: 207.87 seconds.

--- Fold 8/10 ---
Calculating max TS length for Positional Encoding (624 subjects)...
Determined max TS length 295 from 624 valid files for Positional Encoding.
Fold 8 using dynamic max length (up to 295 for PE).
Loading time series for 624 subjects in fold...
No truncation active. Will pad to max length found in this fold's successful loads.
Padding to max length found in fold: 295
Padding 624 time series to final length: 295
Proceeding with 624 subjects for Fold 8 model training/evaluation.
Phenotype encoder created.
Generating initial embeddings for graph construction (Batch Size: 32)...
Initial embeddings generated.
Building k-NN graph (k=50)...
Graph built with 624 nodes and 31200 edges.
Starting training for Fold 8... Train samples: 562, Test samples: 62
  Epoch 1, Grad Norm: 0.5613
F8 E001 | Loss: 0.7011 | Tr Acc: 0.5160 | Te Acc: 0.5161 | Te AUC: 0.5375 | Te F1: 0.3514
F8 E002 | Loss: 0.6833 | Tr Acc: 0.5160 | Te Acc: 0.5161 | Te AUC: 0.5042 | Te F1: 0.3514
F8 E003 | Loss: 0.6796 | Tr Acc: 0.5160 | Te Acc: 0.5161 | Te AUC: 0.5156 | Te F1: 0.3514
F8 E004 | Loss: 0.6756 | Tr Acc: 0.5160 | Te Acc: 0.5161 | Te AUC: 0.5177 | Te F1: 0.3514
  Epoch 5, Grad Norm: 0.4540
F8 E005 | Loss: 0.6683 | Tr Acc: 0.5160 | Te Acc: 0.5161 | Te AUC: 0.5229 | Te F1: 0.3514
F8 E006 | Loss: 0.6653 | Tr Acc: 0.5160 | Te Acc: 0.5161 | Te AUC: 0.5208 | Te F1: 0.3514
F8 E007 | Loss: 0.6692 | Tr Acc: 0.5160 | Te Acc: 0.5161 | Te AUC: 0.5302 | Te F1: 0.3514
F8 E008 | Loss: 0.6732 | Tr Acc: 0.5160 | Te Acc: 0.5161 | Te AUC: 0.5385 | Te F1: 0.3514
F8 E009 | Loss: 0.6542 | Tr Acc: 0.5178 | Te Acc: 0.5161 | Te AUC: 0.5573 | Te F1: 0.3514
  Epoch 10, Grad Norm: 0.3868
F8 E010 | Loss: 0.6598 | Tr Acc: 0.5214 | Te Acc: 0.5323 | Te AUC: 0.5656 | Te F1: 0.3864
F8 E011 | Loss: 0.6598 | Tr Acc: 0.5356 | Te Acc: 0.5161 | Te AUC: 0.5740 | Te F1: 0.4010
F8 E012 | Loss: 0.6534 | Tr Acc: 0.5409 | Te Acc: 0.5161 | Te AUC: 0.5646 | Te F1: 0.4208
F8 E013 | Loss: 0.6662 | Tr Acc: 0.5587 | Te Acc: 0.5161 | Te AUC: 0.5656 | Te F1: 0.4208
F8 E014 | Loss: 0.6492 | Tr Acc: 0.5730 | Te Acc: 0.5000 | Te AUC: 0.5708 | Te F1: 0.4271
  Epoch 15, Grad Norm: 0.3766
F8 E015 | Loss: 0.6526 | Tr Acc: 0.5872 | Te Acc: 0.4839 | Te AUC: 0.5646 | Te F1: 0.4516
F8 E016 | Loss: 0.6544 | Tr Acc: 0.5819 | Te Acc: 0.5484 | Te AUC: 0.5625 | Te F1: 0.5337
F8 E017 | Loss: 0.6542 | Tr Acc: 0.6014 | Te Acc: 0.5645 | Te AUC: 0.5635 | Te F1: 0.5572
F8 E018 | Loss: 0.6426 | Tr Acc: 0.6068 | Te Acc: 0.5806 | Te AUC: 0.5594 | Te F1: 0.5670
F8 E019 | Loss: 0.6466 | Tr Acc: 0.6050 | Te Acc: 0.5645 | Te AUC: 0.5615 | Te F1: 0.5572
  Epoch 20, Grad Norm: 0.4117
F8 E020 | Loss: 0.6583 | Tr Acc: 0.6085 | Te Acc: 0.5806 | Te AUC: 0.5719 | Te F1: 0.5780
F8 E021 | Loss: 0.6467 | Tr Acc: 0.6228 | Te Acc: 0.5806 | Te AUC: 0.5802 | Te F1: 0.5798
F8 E022 | Loss: 0.6399 | Tr Acc: 0.6085 | Te Acc: 0.5645 | Te AUC: 0.5833 | Te F1: 0.5628
F8 E023 | Loss: 0.6452 | Tr Acc: 0.6085 | Te Acc: 0.5484 | Te AUC: 0.5802 | Te F1: 0.5456
F8 E024 | Loss: 0.6553 | Tr Acc: 0.6121 | Te Acc: 0.6129 | Te AUC: 0.5906 | Te F1: 0.6005
  Epoch 25, Grad Norm: 0.4115
F8 E025 | Loss: 0.6531 | Tr Acc: 0.6192 | Te Acc: 0.6129 | Te AUC: 0.5990 | Te F1: 0.6005
F8 E026 | Loss: 0.6357 | Tr Acc: 0.5890 | Te Acc: 0.5323 | Te AUC: 0.6156 | Te F1: 0.4787
F8 E027 | Loss: 0.6478 | Tr Acc: 0.5925 | Te Acc: 0.5484 | Te AUC: 0.5948 | Te F1: 0.5022
F8 E028 | Loss: 0.6369 | Tr Acc: 0.6139 | Te Acc: 0.5161 | Te AUC: 0.5979 | Te F1: 0.4942
F8 E029 | Loss: 0.6273 | Tr Acc: 0.6139 | Te Acc: 0.5323 | Te AUC: 0.5938 | Te F1: 0.5143
  Epoch 30, Grad Norm: 0.3797
F8 E030 | Loss: 0.6426 | Tr Acc: 0.6068 | Te Acc: 0.5000 | Te AUC: 0.5917 | Te F1: 0.4735
F8 E031 | Loss: 0.6326 | Tr Acc: 0.6068 | Te Acc: 0.5161 | Te AUC: 0.5865 | Te F1: 0.4773
F8 E032 | Loss: 0.6368 | Tr Acc: 0.6352 | Te Acc: 0.5645 | Te AUC: 0.5917 | Te F1: 0.5531
F8 E033 | Loss: 0.6387 | Tr Acc: 0.6068 | Te Acc: 0.5161 | Te AUC: 0.5896 | Te F1: 0.4773
F8 E034 | Loss: 0.6411 | Tr Acc: 0.5694 | Te Acc: 0.5161 | Te AUC: 0.5885 | Te F1: 0.4401
  Epoch 35, Grad Norm: 0.3847
F8 E035 | Loss: 0.6254 | Tr Acc: 0.5302 | Te Acc: 0.4677 | Te AUC: 0.5865 | Te F1: 0.3561
F8 E036 | Loss: 0.6209 | Tr Acc: 0.5071 | Te Acc: 0.4677 | Te AUC: 0.5844 | Te F1: 0.3340
F8 E037 | Loss: 0.6253 | Tr Acc: 0.5071 | Te Acc: 0.4839 | Te AUC: 0.5865 | Te F1: 0.3422
F8 E038 | Loss: 0.6183 | Tr Acc: 0.5018 | Te Acc: 0.4677 | Te AUC: 0.5927 | Te F1: 0.3084
F8 E039 | Loss: 0.6259 | Tr Acc: 0.5000 | Te Acc: 0.4677 | Te AUC: 0.5938 | Te F1: 0.3084
  Epoch 40, Grad Norm: 0.3556
F8 E040 | Loss: 0.6226 | Tr Acc: 0.5000 | Te Acc: 0.4677 | Te AUC: 0.5802 | Te F1: 0.3084
F8 E041 | Loss: 0.6239 | Tr Acc: 0.5000 | Te Acc: 0.4677 | Te AUC: 0.5792 | Te F1: 0.3084
F8 E042 | Loss: 0.6163 | Tr Acc: 0.5018 | Te Acc: 0.4677 | Te AUC: 0.5740 | Te F1: 0.3084
  Learning rate reduced to 1.0e-04
F8 E043 | Loss: 0.6300 | Tr Acc: 0.5036 | Te Acc: 0.4839 | Te AUC: 0.5729 | Te F1: 0.3422
F8 E044 | Loss: 0.6167 | Tr Acc: 0.5071 | Te Acc: 0.4839 | Te AUC: 0.5719 | Te F1: 0.3422
  Epoch 45, Grad Norm: 0.4075
F8 E045 | Loss: 0.6137 | Tr Acc: 0.5089 | Te Acc: 0.4839 | Te AUC: 0.5750 | Te F1: 0.3422
F8 E046 | Loss: 0.6277 | Tr Acc: 0.5107 | Te Acc: 0.4839 | Te AUC: 0.5792 | Te F1: 0.3422
F8 E047 | Loss: 0.6188 | Tr Acc: 0.5071 | Te Acc: 0.4839 | Te AUC: 0.5760 | Te F1: 0.3422
F8 E048 | Loss: 0.6164 | Tr Acc: 0.5053 | Te Acc: 0.4677 | Te AUC: 0.5771 | Te F1: 0.3084
F8 E049 | Loss: 0.6209 | Tr Acc: 0.5000 | Te Acc: 0.4677 | Te AUC: 0.5781 | Te F1: 0.3084
  Epoch 50, Grad Norm: 0.5232
F8 E050 | Loss: 0.6197 | Tr Acc: 0.5000 | Te Acc: 0.4677 | Te AUC: 0.5812 | Te F1: 0.3084
  Epoch 55, Grad Norm: 0.3842
F8 E055 | Loss: 0.6108 | Tr Acc: 0.5125 | Te Acc: 0.4677 | Te AUC: 0.5469 | Te F1: 0.3084
  Epoch 60, Grad Norm: 0.3999
F8 E060 | Loss: 0.6066 | Tr Acc: 0.5142 | Te Acc: 0.4677 | Te AUC: 0.5615 | Te F1: 0.3340
  Epoch 65, Grad Norm: 0.4116
F8 E065 | Loss: 0.6077 | Tr Acc: 0.6085 | Te Acc: 0.5000 | Te AUC: 0.5802 | Te F1: 0.4290
  Epoch 70, Grad Norm: 0.3904
F8 E070 | Loss: 0.5994 | Tr Acc: 0.6601 | Te Acc: 0.5968 | Te AUC: 0.6052 | Te F1: 0.5969
  Epoch 75, Grad Norm: 0.4233
F8 E075 | Loss: 0.5948 | Tr Acc: 0.6673 | Te Acc: 0.5161 | Te AUC: 0.6031 | Te F1: 0.5059
  Epoch 80, Grad Norm: 0.5695
F8 E080 | Loss: 0.5908 | Tr Acc: 0.6815 | Te Acc: 0.5645 | Te AUC: 0.5885 | Te F1: 0.5628
Early stopping triggered at epoch 80 due to lack of improvement in Test AUC for 30 evaluation steps.
Fold 8 - Training finished. Best Test Accuracy: 0.5323, AUC: 0.6156
Fold 8 elapsed time: 111.72 seconds.

--- Fold 9/10 ---
Calculating max TS length for Positional Encoding (624 subjects)...
Determined max TS length 295 from 624 valid files for Positional Encoding.
Fold 9 using dynamic max length (up to 295 for PE).
Loading time series for 624 subjects in fold...
No truncation active. Will pad to max length found in this fold's successful loads.
Padding to max length found in fold: 295
Padding 624 time series to final length: 295
Proceeding with 624 subjects for Fold 9 model training/evaluation.
Phenotype encoder created.
Generating initial embeddings for graph construction (Batch Size: 32)...
Initial embeddings generated.
Building k-NN graph (k=50)...
Graph built with 624 nodes and 31200 edges.
Starting training for Fold 9... Train samples: 562, Test samples: 62
  Epoch 1, Grad Norm: 0.5557
F9 E001 | Loss: 0.7064 | Tr Acc: 0.4840 | Te Acc: 0.4839 | Te AUC: 0.5083 | Te F1: 0.3156
F9 E002 | Loss: 0.6981 | Tr Acc: 0.4982 | Te Acc: 0.4677 | Te AUC: 0.5531 | Te F1: 0.3922
F9 E003 | Loss: 0.6860 | Tr Acc: 0.5142 | Te Acc: 0.5161 | Te AUC: 0.5781 | Te F1: 0.3514
F9 E004 | Loss: 0.6807 | Tr Acc: 0.5160 | Te Acc: 0.5161 | Te AUC: 0.6125 | Te F1: 0.3514
  Epoch 5, Grad Norm: 0.4317
F9 E005 | Loss: 0.6877 | Tr Acc: 0.5160 | Te Acc: 0.5161 | Te AUC: 0.6708 | Te F1: 0.3514
F9 E006 | Loss: 0.6779 | Tr Acc: 0.5160 | Te Acc: 0.5161 | Te AUC: 0.6760 | Te F1: 0.3514
F9 E007 | Loss: 0.6854 | Tr Acc: 0.5160 | Te Acc: 0.5161 | Te AUC: 0.6677 | Te F1: 0.3514
F9 E008 | Loss: 0.6729 | Tr Acc: 0.5178 | Te Acc: 0.5161 | Te AUC: 0.6771 | Te F1: 0.3514
F9 E009 | Loss: 0.6743 | Tr Acc: 0.5178 | Te Acc: 0.5161 | Te AUC: 0.6698 | Te F1: 0.3514
  Epoch 10, Grad Norm: 0.4151
F9 E010 | Loss: 0.6797 | Tr Acc: 0.5178 | Te Acc: 0.5161 | Te AUC: 0.6635 | Te F1: 0.3514
F9 E011 | Loss: 0.6751 | Tr Acc: 0.5160 | Te Acc: 0.5161 | Te AUC: 0.6719 | Te F1: 0.3514
F9 E012 | Loss: 0.6739 | Tr Acc: 0.5160 | Te Acc: 0.5161 | Te AUC: 0.6562 | Te F1: 0.3514
F9 E013 | Loss: 0.6789 | Tr Acc: 0.5178 | Te Acc: 0.5161 | Te AUC: 0.6198 | Te F1: 0.3514
F9 E014 | Loss: 0.6689 | Tr Acc: 0.5196 | Te Acc: 0.5161 | Te AUC: 0.5958 | Te F1: 0.3514
  Epoch 15, Grad Norm: 0.3953
F9 E015 | Loss: 0.6689 | Tr Acc: 0.5160 | Te Acc: 0.5161 | Te AUC: 0.5927 | Te F1: 0.3514
F9 E016 | Loss: 0.6735 | Tr Acc: 0.5160 | Te Acc: 0.5161 | Te AUC: 0.5979 | Te F1: 0.3514
F9 E017 | Loss: 0.6691 | Tr Acc: 0.5160 | Te Acc: 0.5161 | Te AUC: 0.6073 | Te F1: 0.3514
F9 E018 | Loss: 0.6551 | Tr Acc: 0.5178 | Te Acc: 0.5161 | Te AUC: 0.6073 | Te F1: 0.3514
F9 E019 | Loss: 0.6702 | Tr Acc: 0.5178 | Te Acc: 0.5161 | Te AUC: 0.6188 | Te F1: 0.3514
  Epoch 20, Grad Norm: 0.4865
F9 E020 | Loss: 0.6625 | Tr Acc: 0.5178 | Te Acc: 0.5161 | Te AUC: 0.6417 | Te F1: 0.3514
F9 E021 | Loss: 0.6529 | Tr Acc: 0.5178 | Te Acc: 0.5161 | Te AUC: 0.6250 | Te F1: 0.3514
F9 E022 | Loss: 0.6671 | Tr Acc: 0.5214 | Te Acc: 0.5161 | Te AUC: 0.6104 | Te F1: 0.3514
F9 E023 | Loss: 0.6539 | Tr Acc: 0.5231 | Te Acc: 0.5161 | Te AUC: 0.6188 | Te F1: 0.3514
F9 E024 | Loss: 0.6559 | Tr Acc: 0.5285 | Te Acc: 0.5323 | Te AUC: 0.6271 | Te F1: 0.3864
  Learning rate reduced to 1.0e-04
  Epoch 25, Grad Norm: 0.3682
F9 E025 | Loss: 0.6570 | Tr Acc: 0.5391 | Te Acc: 0.5323 | Te AUC: 0.6365 | Te F1: 0.3864
F9 E026 | Loss: 0.6509 | Tr Acc: 0.5463 | Te Acc: 0.5161 | Te AUC: 0.6448 | Te F1: 0.3781
F9 E027 | Loss: 0.6422 | Tr Acc: 0.5463 | Te Acc: 0.5161 | Te AUC: 0.6375 | Te F1: 0.3781
F9 E028 | Loss: 0.6502 | Tr Acc: 0.5427 | Te Acc: 0.5161 | Te AUC: 0.6458 | Te F1: 0.3781
F9 E029 | Loss: 0.6523 | Tr Acc: 0.5427 | Te Acc: 0.5161 | Te AUC: 0.6458 | Te F1: 0.3781
  Epoch 30, Grad Norm: 0.3694
F9 E030 | Loss: 0.6442 | Tr Acc: 0.5445 | Te Acc: 0.5161 | Te AUC: 0.6448 | Te F1: 0.3781
F9 E031 | Loss: 0.6470 | Tr Acc: 0.5480 | Te Acc: 0.5161 | Te AUC: 0.6479 | Te F1: 0.3781
F9 E032 | Loss: 0.6470 | Tr Acc: 0.5480 | Te Acc: 0.5161 | Te AUC: 0.6479 | Te F1: 0.3781
F9 E033 | Loss: 0.6601 | Tr Acc: 0.5427 | Te Acc: 0.5323 | Te AUC: 0.6292 | Te F1: 0.3864
F9 E034 | Loss: 0.6407 | Tr Acc: 0.5356 | Te Acc: 0.5161 | Te AUC: 0.6250 | Te F1: 0.3514
  Epoch 35, Grad Norm: 0.4084
F9 E035 | Loss: 0.6448 | Tr Acc: 0.5249 | Te Acc: 0.5161 | Te AUC: 0.6188 | Te F1: 0.3514
F9 E036 | Loss: 0.6459 | Tr Acc: 0.5214 | Te Acc: 0.5161 | Te AUC: 0.6146 | Te F1: 0.3514
F9 E037 | Loss: 0.6461 | Tr Acc: 0.5214 | Te Acc: 0.5161 | Te AUC: 0.6271 | Te F1: 0.3514
F9 E038 | Loss: 0.6465 | Tr Acc: 0.5214 | Te Acc: 0.5161 | Te AUC: 0.6333 | Te F1: 0.3514
Early stopping triggered at epoch 38 due to lack of improvement in Test AUC for 30 evaluation steps.
Fold 9 - Training finished. Best Test Accuracy: 0.5161, AUC: 0.6771
Fold 9 elapsed time: 79.86 seconds.

--- Fold 10/10 ---
Calculating max TS length for Positional Encoding (624 subjects)...
Determined max TS length 295 from 624 valid files for Positional Encoding.
Fold 10 using dynamic max length (up to 295 for PE).
Loading time series for 624 subjects in fold...
No truncation active. Will pad to max length found in this fold's successful loads.
Padding to max length found in fold: 295
Padding 624 time series to final length: 295
Proceeding with 624 subjects for Fold 10 model training/evaluation.
Phenotype encoder created.
Generating initial embeddings for graph construction (Batch Size: 32)...
Initial embeddings generated.
Building k-NN graph (k=50)...
Graph built with 624 nodes and 31200 edges.
Starting training for Fold 10... Train samples: 562, Test samples: 62
  Epoch 1, Grad Norm: 0.5414
F10 E001 | Loss: 0.7070 | Tr Acc: 0.5160 | Te Acc: 0.5323 | Te AUC: 0.6323 | Te F1: 0.3864
F10 E002 | Loss: 0.6928 | Tr Acc: 0.5160 | Te Acc: 0.5161 | Te AUC: 0.6323 | Te F1: 0.3514
F10 E003 | Loss: 0.6920 | Tr Acc: 0.5196 | Te Acc: 0.5161 | Te AUC: 0.6250 | Te F1: 0.3781
F10 E004 | Loss: 0.6738 | Tr Acc: 0.5623 | Te Acc: 0.5161 | Te AUC: 0.6240 | Te F1: 0.4208
  Epoch 5, Grad Norm: 0.4548
F10 E005 | Loss: 0.6838 | Tr Acc: 0.5552 | Te Acc: 0.4839 | Te AUC: 0.6250 | Te F1: 0.3611
F10 E006 | Loss: 0.6768 | Tr Acc: 0.5569 | Te Acc: 0.4839 | Te AUC: 0.6229 | Te F1: 0.3611
F10 E007 | Loss: 0.6801 | Tr Acc: 0.5534 | Te Acc: 0.4839 | Te AUC: 0.6062 | Te F1: 0.3611
F10 E008 | Loss: 0.6802 | Tr Acc: 0.5516 | Te Acc: 0.5161 | Te AUC: 0.5813 | Te F1: 0.3781
F10 E009 | Loss: 0.6633 | Tr Acc: 0.5658 | Te Acc: 0.5000 | Te AUC: 0.5823 | Te F1: 0.3917
  Epoch 10, Grad Norm: 0.4361
F10 E010 | Loss: 0.6712 | Tr Acc: 0.5730 | Te Acc: 0.5323 | Te AUC: 0.5677 | Te F1: 0.4487
F10 E011 | Loss: 0.6634 | Tr Acc: 0.5783 | Te Acc: 0.5484 | Te AUC: 0.5667 | Te F1: 0.4892
F10 E012 | Loss: 0.6627 | Tr Acc: 0.5907 | Te Acc: 0.5645 | Te AUC: 0.5667 | Te F1: 0.5333
F10 E013 | Loss: 0.6741 | Tr Acc: 0.5765 | Te Acc: 0.5645 | Te AUC: 0.5646 | Te F1: 0.5411
F10 E014 | Loss: 0.6663 | Tr Acc: 0.5712 | Te Acc: 0.5645 | Te AUC: 0.5625 | Te F1: 0.5642
  Epoch 15, Grad Norm: 0.4347
F10 E015 | Loss: 0.6638 | Tr Acc: 0.5534 | Te Acc: 0.5161 | Te AUC: 0.5573 | Te F1: 0.4864
F10 E016 | Loss: 0.6561 | Tr Acc: 0.5463 | Te Acc: 0.4839 | Te AUC: 0.5583 | Te F1: 0.4179
F10 E017 | Loss: 0.6629 | Tr Acc: 0.5445 | Te Acc: 0.4516 | Te AUC: 0.5625 | Te F1: 0.3654
  Learning rate reduced to 1.0e-04
F10 E018 | Loss: 0.6682 | Tr Acc: 0.5338 | Te Acc: 0.4677 | Te AUC: 0.5594 | Te F1: 0.3754
F10 E019 | Loss: 0.6593 | Tr Acc: 0.5249 | Te Acc: 0.4677 | Te AUC: 0.5594 | Te F1: 0.3754
  Epoch 20, Grad Norm: 0.3526
F10 E020 | Loss: 0.6565 | Tr Acc: 0.5285 | Te Acc: 0.4677 | Te AUC: 0.5625 | Te F1: 0.3922
F10 E021 | Loss: 0.6650 | Tr Acc: 0.5214 | Te Acc: 0.4677 | Te AUC: 0.5604 | Te F1: 0.3922
F10 E022 | Loss: 0.6564 | Tr Acc: 0.5142 | Te Acc: 0.4516 | Te AUC: 0.5635 | Te F1: 0.3654
F10 E023 | Loss: 0.6536 | Tr Acc: 0.5089 | Te Acc: 0.4839 | Te AUC: 0.5646 | Te F1: 0.3853
F10 E024 | Loss: 0.6600 | Tr Acc: 0.5000 | Te Acc: 0.4677 | Te AUC: 0.5688 | Te F1: 0.3561
  Epoch 25, Grad Norm: 0.3571
F10 E025 | Loss: 0.6498 | Tr Acc: 0.5071 | Te Acc: 0.4677 | Te AUC: 0.5667 | Te F1: 0.3561
F10 E026 | Loss: 0.6566 | Tr Acc: 0.5107 | Te Acc: 0.4516 | Te AUC: 0.5698 | Te F1: 0.3469
F10 E027 | Loss: 0.6597 | Tr Acc: 0.5000 | Te Acc: 0.4516 | Te AUC: 0.5729 | Te F1: 0.3256
F10 E028 | Loss: 0.6561 | Tr Acc: 0.5053 | Te Acc: 0.4516 | Te AUC: 0.5771 | Te F1: 0.3256
F10 E029 | Loss: 0.6453 | Tr Acc: 0.5107 | Te Acc: 0.4516 | Te AUC: 0.5792 | Te F1: 0.3256
  Epoch 30, Grad Norm: 0.3533
F10 E030 | Loss: 0.6564 | Tr Acc: 0.5107 | Te Acc: 0.4516 | Te AUC: 0.5813 | Te F1: 0.3256
F10 E031 | Loss: 0.6431 | Tr Acc: 0.5107 | Te Acc: 0.4677 | Te AUC: 0.5844 | Te F1: 0.3561
Early stopping triggered at epoch 31 due to lack of improvement in Test AUC for 30 evaluation steps.
Fold 10 - Training finished. Best Test Accuracy: 0.5323, AUC: 0.6323
Fold 10 elapsed time: 48.93 seconds.

--- Cross-Validation Results ---
Number of successfully completed folds with valid metrics: 10/10
Average Accuracy:  0.5527 +/- 0.0449
Average F1-Score:  0.4604
Average Precision: 0.5358
Average Recall:    0.5527
Average AUC:       0.6316

Total elapsed time: 968.60 seconds.
--- Run Finished ---
Frankenstein Training completed at Wed Apr 16 04:00:53 AM EDT 2025
