Starting ACHNN regression training with 16 CPUs and 1 GPU at Wed Apr 16 03:30:24 AM EDT 2025
Loading configuration from config.yaml...

--- Configuration Used ---
data_params:
  exclude_cols:
  - 'Unnamed: 0'
  - X
  - subject
  - FILE_ID
  - qc_rater_1
  - qc_notes_rater_1
  - qc_anat_rater_2
  - qc_anat_notes_rater_2
  - qc_func_rater_2
  - qc_func_notes_rater_2
  - qc_anat_rater_3
  - qc_anat_notes_rater_3
  - qc_func_rater_3
  - qc_func_notes_rater_3
  max_ts_length: -1
  num_regions: 200
  phenotype_cols_categorical:
  - SEX
  - SITE_ID
  - EYE_STATUS_AT_SCAN
  phenotype_cols_numerical:
  - AGE_AT_SCAN
  - FIQ
  - func_mean_fd
  phenotype_file: Phenotypic_V1_0b_preprocessed1.csv
  region_dir: /home/pl217/frankensteins_model/results/abide_timeseries/ccs_filt_noglobal_rois_cc200
  site_id_col: SITE_ID
  sub_id_col: SUB_ID
  target_col: DX_GROUP
graph_params:
  k_neighbors: 20
model_params:
  dropout_rate: 0.3
  gnn_heads: 6
  gnn_hidden_dim: 128
  gnn_output_dim: 2
  pheno_embedding_dim: 64
  pheno_hidden_dim: 128
  ts_embedding_dim: 128
  ts_transformer_d_model: 128
  ts_transformer_dim_feedforward: 512
  ts_transformer_nhead: 4
  ts_transformer_num_layers: 6
run_params:
  device: cuda
  early_stopping_patience: 30
  encoder_batch_size: 32
  epochs: 200
  learning_rate: 0.0002
  lr_scheduler_factor: 0.5
  lr_scheduler_patience: 15
  n_splits: 10
  seed: 42
  weight_decay: 0.0005

--------------------------

Using configured max_ts_length setting: -1 (-1 means use max in fold)
Using configured num_regions: 200
Using configured encoder_batch_size: 32
Random seed set to 42
Using GPU: NVIDIA RTX A5000
Loading phenotype data from: Phenotypic_V1_0b_preprocessed1.csv
Original selected data shape: (1112, 8)
Using target column: 'DX_GROUP'
Filtered out 0 rows with invalid/missing target values.
Phenotype data shape after target filtering: (1112, 8)
Processing specified numerical features...
 Processing numerical columns: ['AGE_AT_SCAN', 'FIQ', 'func_mean_fd']
Processing specified categorical features...
 Processing categorical columns: ['SEX', 'SITE_ID', 'EYE_STATUS_AT_SCAN']
  Encoded categorical columns: ['SEX_1', 'SEX_2', 'SITE_ID_CALTECH', 'SITE_ID_CMU', 'SITE_ID_KKI', 'SITE_ID_LEUVEN_1', 'SITE_ID_LEUVEN_2', 'SITE_ID_MAX_MUN', 'SITE_ID_NYU', 'SITE_ID_OHSU', 'SITE_ID_OLIN', 'SITE_ID_PITT', 'SITE_ID_SBL', 'SITE_ID_SDSU', 'SITE_ID_STANFORD', 'SITE_ID_TRINITY', 'SITE_ID_UCLA_1', 'SITE_ID_UCLA_2', 'SITE_ID_UM_1', 'SITE_ID_UM_2', 'SITE_ID_USM', 'SITE_ID_YALE', 'EYE_STATUS_AT_SCAN_1', 'EYE_STATUS_AT_SCAN_2']
Final phenotype features identified (27): ['AGE_AT_SCAN', 'FIQ', 'func_mean_fd', 'SEX_1', 'SEX_2', 'SITE_ID_CALTECH', 'SITE_ID_CMU', 'SITE_ID_KKI', 'SITE_ID_LEUVEN_1', 'SITE_ID_LEUVEN_2', 'SITE_ID_MAX_MUN', 'SITE_ID_NYU', 'SITE_ID_OHSU', 'SITE_ID_OLIN', 'SITE_ID_PITT', 'SITE_ID_SBL', 'SITE_ID_SDSU', 'SITE_ID_STANFORD', 'SITE_ID_TRINITY', 'SITE_ID_UCLA_1', 'SITE_ID_UCLA_2', 'SITE_ID_UM_1', 'SITE_ID_UM_2', 'SITE_ID_USM', 'SITE_ID_YALE', 'EYE_STATUS_AT_SCAN_1', 'EYE_STATUS_AT_SCAN_2']
Checking for corresponding TS files in: /home/pl217/frankensteins_model/results/abide_timeseries/ccs_filt_noglobal_rois_cc200
Processed 1112 subjects from phenotype data.
Found existing, non-empty TS files for 624 subjects.
Skipped 488 subjects (missing file or invalid ID/Site).
Skipped 0 subjects (empty file).
Total subjects available for K-Fold analysis: 624

--- Fold 1/10 ---
Calculating max TS length for Positional Encoding (624 subjects)...
Determined max TS length 295 from 624 valid files for Positional Encoding.
Fold 1 using dynamic max length (up to 295 for PE).
Loading time series for 624 subjects in fold...
No truncation active. Will pad to max length found in this fold's successful loads.
Padding to max length found in fold: 295
Padding 624 time series to final length: 295
Proceeding with 624 subjects for Fold 1 model training/evaluation.
Phenotype encoder created.
Generating initial embeddings for graph construction (Batch Size: 32)...
Initial embeddings generated.
Building k-NN graph (k=20)...
Graph built with 624 nodes and 12480 edges.
Starting training for Fold 1... Train samples: 561, Test samples: 63
  Epoch 1, Grad Norm: 0.5780
F1 E001 | Loss: 0.6898 | Tr Acc: 0.4831 | Te Acc: 0.4921 | Te AUC: 0.4405 | Te F1: 0.3246
F1 E002 | Loss: 0.7126 | Tr Acc: 0.4831 | Te Acc: 0.4921 | Te AUC: 0.4738 | Te F1: 0.3246
F1 E003 | Loss: 0.6977 | Tr Acc: 0.4884 | Te Acc: 0.4921 | Te AUC: 0.5161 | Te F1: 0.3508
F1 E004 | Loss: 0.7011 | Tr Acc: 0.5615 | Te Acc: 0.4921 | Te AUC: 0.5413 | Te F1: 0.4905
  Epoch 5, Grad Norm: 0.4938
F1 E005 | Loss: 0.6924 | Tr Acc: 0.5668 | Te Acc: 0.5397 | Te AUC: 0.5766 | Te F1: 0.5331
F1 E006 | Loss: 0.6869 | Tr Acc: 0.5775 | Te Acc: 0.5714 | Te AUC: 0.6099 | Te F1: 0.5653
F1 E007 | Loss: 0.6825 | Tr Acc: 0.5847 | Te Acc: 0.5397 | Te AUC: 0.6058 | Te F1: 0.5362
F1 E008 | Loss: 0.6767 | Tr Acc: 0.5704 | Te Acc: 0.5714 | Te AUC: 0.6008 | Te F1: 0.5708
F1 E009 | Loss: 0.6786 | Tr Acc: 0.5312 | Te Acc: 0.4444 | Te AUC: 0.5938 | Te F1: 0.3923
  Epoch 10, Grad Norm: 0.4708
F1 E010 | Loss: 0.6815 | Tr Acc: 0.5134 | Te Acc: 0.4762 | Te AUC: 0.5968 | Te F1: 0.4001
F1 E011 | Loss: 0.6796 | Tr Acc: 0.5045 | Te Acc: 0.4921 | Te AUC: 0.6018 | Te F1: 0.4106
F1 E012 | Loss: 0.6619 | Tr Acc: 0.4955 | Te Acc: 0.5238 | Te AUC: 0.5998 | Te F1: 0.4312
F1 E013 | Loss: 0.6661 | Tr Acc: 0.4938 | Te Acc: 0.5079 | Te AUC: 0.6018 | Te F1: 0.3825
F1 E014 | Loss: 0.6686 | Tr Acc: 0.5045 | Te Acc: 0.5079 | Te AUC: 0.5958 | Te F1: 0.4209
  Epoch 15, Grad Norm: 0.4463
F1 E015 | Loss: 0.6813 | Tr Acc: 0.5098 | Te Acc: 0.4603 | Te AUC: 0.5958 | Te F1: 0.3896
F1 E016 | Loss: 0.6642 | Tr Acc: 0.5205 | Te Acc: 0.4762 | Te AUC: 0.6018 | Te F1: 0.4145
F1 E017 | Loss: 0.6533 | Tr Acc: 0.5419 | Te Acc: 0.4603 | Te AUC: 0.6018 | Te F1: 0.4035
F1 E018 | Loss: 0.6665 | Tr Acc: 0.5455 | Te Acc: 0.4921 | Te AUC: 0.6048 | Te F1: 0.4386
F1 E019 | Loss: 0.6689 | Tr Acc: 0.5829 | Te Acc: 0.5079 | Te AUC: 0.6129 | Te F1: 0.4879
  Epoch 20, Grad Norm: 0.3841
F1 E020 | Loss: 0.6394 | Tr Acc: 0.5829 | Te Acc: 0.5238 | Te AUC: 0.6129 | Te F1: 0.5075
F1 E021 | Loss: 0.6701 | Tr Acc: 0.6150 | Te Acc: 0.5556 | Te AUC: 0.6250 | Te F1: 0.5553
F1 E022 | Loss: 0.6598 | Tr Acc: 0.6150 | Te Acc: 0.6190 | Te AUC: 0.6321 | Te F1: 0.6171
F1 E023 | Loss: 0.6564 | Tr Acc: 0.6132 | Te Acc: 0.6190 | Te AUC: 0.6310 | Te F1: 0.6171
F1 E024 | Loss: 0.6558 | Tr Acc: 0.6239 | Te Acc: 0.6349 | Te AUC: 0.6401 | Te F1: 0.6297
  Epoch 25, Grad Norm: 0.4248
F1 E025 | Loss: 0.6635 | Tr Acc: 0.6168 | Te Acc: 0.6508 | Te AUC: 0.6431 | Te F1: 0.6443
F1 E026 | Loss: 0.6480 | Tr Acc: 0.6239 | Te Acc: 0.6190 | Te AUC: 0.6472 | Te F1: 0.5829
F1 E027 | Loss: 0.6496 | Tr Acc: 0.6221 | Te Acc: 0.6032 | Te AUC: 0.6492 | Te F1: 0.5506
F1 E028 | Loss: 0.6524 | Tr Acc: 0.6061 | Te Acc: 0.6032 | Te AUC: 0.6573 | Te F1: 0.5506
F1 E029 | Loss: 0.6591 | Tr Acc: 0.6007 | Te Acc: 0.6032 | Te AUC: 0.6573 | Te F1: 0.5506
  Epoch 30, Grad Norm: 0.4094
F1 E030 | Loss: 0.6438 | Tr Acc: 0.5829 | Te Acc: 0.6032 | Te AUC: 0.6633 | Te F1: 0.5506
F1 E031 | Loss: 0.6461 | Tr Acc: 0.5775 | Te Acc: 0.5873 | Te AUC: 0.6643 | Te F1: 0.5133
F1 E032 | Loss: 0.6524 | Tr Acc: 0.5811 | Te Acc: 0.6032 | Te AUC: 0.6673 | Te F1: 0.5386
F1 E033 | Loss: 0.6457 | Tr Acc: 0.5989 | Te Acc: 0.6032 | Te AUC: 0.6694 | Te F1: 0.5506
F1 E034 | Loss: 0.6500 | Tr Acc: 0.5971 | Te Acc: 0.5873 | Te AUC: 0.6704 | Te F1: 0.5266
  Epoch 35, Grad Norm: 0.4006
F1 E035 | Loss: 0.6480 | Tr Acc: 0.5900 | Te Acc: 0.5873 | Te AUC: 0.6764 | Te F1: 0.5133
F1 E036 | Loss: 0.6372 | Tr Acc: 0.5865 | Te Acc: 0.5873 | Te AUC: 0.6794 | Te F1: 0.5133
F1 E037 | Loss: 0.6223 | Tr Acc: 0.5971 | Te Acc: 0.5873 | Te AUC: 0.6815 | Te F1: 0.5133
F1 E038 | Loss: 0.6315 | Tr Acc: 0.6043 | Te Acc: 0.5714 | Te AUC: 0.6855 | Te F1: 0.5017
F1 E039 | Loss: 0.6272 | Tr Acc: 0.6239 | Te Acc: 0.5873 | Te AUC: 0.6865 | Te F1: 0.5266
  Epoch 40, Grad Norm: 0.3932
F1 E040 | Loss: 0.6310 | Tr Acc: 0.6346 | Te Acc: 0.6667 | Te AUC: 0.6956 | Te F1: 0.6387
F1 E041 | Loss: 0.6335 | Tr Acc: 0.6613 | Te Acc: 0.6667 | Te AUC: 0.6956 | Te F1: 0.6619
F1 E042 | Loss: 0.6255 | Tr Acc: 0.6649 | Te Acc: 0.6349 | Te AUC: 0.6905 | Te F1: 0.6331
F1 E043 | Loss: 0.6207 | Tr Acc: 0.6310 | Te Acc: 0.5714 | Te AUC: 0.6724 | Te F1: 0.5400
F1 E044 | Loss: 0.6171 | Tr Acc: 0.5847 | Te Acc: 0.5079 | Te AUC: 0.6754 | Te F1: 0.4209
  Epoch 45, Grad Norm: 0.3627
F1 E045 | Loss: 0.6176 | Tr Acc: 0.5775 | Te Acc: 0.5238 | Te AUC: 0.6794 | Te F1: 0.4312
F1 E046 | Loss: 0.6189 | Tr Acc: 0.5882 | Te Acc: 0.5238 | Te AUC: 0.6764 | Te F1: 0.4312
F1 E047 | Loss: 0.6206 | Tr Acc: 0.5704 | Te Acc: 0.5397 | Te AUC: 0.6724 | Te F1: 0.4416
F1 E048 | Loss: 0.6067 | Tr Acc: 0.5740 | Te Acc: 0.5397 | Te AUC: 0.6724 | Te F1: 0.4416
F1 E049 | Loss: 0.6035 | Tr Acc: 0.5829 | Te Acc: 0.5397 | Te AUC: 0.6724 | Te F1: 0.4416
  Epoch 50, Grad Norm: 0.3852
F1 E050 | Loss: 0.6048 | Tr Acc: 0.5900 | Te Acc: 0.5079 | Te AUC: 0.6744 | Te F1: 0.4209
  Epoch 55, Grad Norm: 0.4109
F1 E055 | Loss: 0.5905 | Tr Acc: 0.6025 | Te Acc: 0.4921 | Te AUC: 0.6744 | Te F1: 0.4255
  Epoch 60, Grad Norm: 0.4077
F1 E060 | Loss: 0.5865 | Tr Acc: 0.6435 | Te Acc: 0.5556 | Te AUC: 0.7026 | Te F1: 0.5186
  Epoch 65, Grad Norm: 0.4262
F1 E065 | Loss: 0.5838 | Tr Acc: 0.6898 | Te Acc: 0.6508 | Te AUC: 0.7067 | Te F1: 0.6408
  Epoch 70, Grad Norm: 0.4719
F1 E070 | Loss: 0.5681 | Tr Acc: 0.5651 | Te Acc: 0.5873 | Te AUC: 0.7097 | Te F1: 0.4979
  Epoch 75, Grad Norm: 0.4588
F1 E075 | Loss: 0.5560 | Tr Acc: 0.7291 | Te Acc: 0.6349 | Te AUC: 0.6946 | Te F1: 0.6349
  Epoch 80, Grad Norm: 0.5352
F1 E080 | Loss: 0.5417 | Tr Acc: 0.5419 | Te Acc: 0.5238 | Te AUC: 0.6613 | Te F1: 0.4127
  Epoch 85, Grad Norm: 0.4867
F1 E085 | Loss: 0.5271 | Tr Acc: 0.5722 | Te Acc: 0.5714 | Te AUC: 0.6885 | Te F1: 0.4697
  Epoch 90, Grad Norm: 0.4020
F1 E090 | Loss: 0.5338 | Tr Acc: 0.6631 | Te Acc: 0.5873 | Te AUC: 0.6573 | Te F1: 0.5438
  Epoch 95, Grad Norm: 0.4842
F1 E095 | Loss: 0.5202 | Tr Acc: 0.5793 | Te Acc: 0.5397 | Te AUC: 0.6351 | Te F1: 0.4583
  Epoch 100, Grad Norm: 0.5233
F1 E100 | Loss: 0.5127 | Tr Acc: 0.7522 | Te Acc: 0.6032 | Te AUC: 0.6573 | Te F1: 0.5939
  Epoch 105, Grad Norm: 0.4571
F1 E105 | Loss: 0.4818 | Tr Acc: 0.7487 | Te Acc: 0.5873 | Te AUC: 0.6603 | Te F1: 0.5852
  Epoch 110, Grad Norm: 0.5452
F1 E110 | Loss: 0.5040 | Tr Acc: 0.7701 | Te Acc: 0.6508 | Te AUC: 0.6532 | Te F1: 0.6471
  Epoch 115, Grad Norm: 0.7338
F1 E115 | Loss: 0.4792 | Tr Acc: 0.6774 | Te Acc: 0.5397 | Te AUC: 0.6532 | Te F1: 0.5010
  Epoch 120, Grad Norm: 0.5567
F1 E120 | Loss: 0.4793 | Tr Acc: 0.6791 | Te Acc: 0.6032 | Te AUC: 0.6381 | Te F1: 0.5659
  Epoch 125, Grad Norm: 0.7339
F1 E125 | Loss: 0.4735 | Tr Acc: 0.5954 | Te Acc: 0.5238 | Te AUC: 0.6583 | Te F1: 0.4384
  Epoch 130, Grad Norm: 1.0834
F1 E130 | Loss: 0.4662 | Tr Acc: 0.7772 | Te Acc: 0.6032 | Te AUC: 0.6411 | Te F1: 0.5959
  Epoch 135, Grad Norm: 0.8394
F1 E135 | Loss: 0.4479 | Tr Acc: 0.5954 | Te Acc: 0.5714 | Te AUC: 0.6613 | Te F1: 0.4868
  Epoch 140, Grad Norm: 1.2075
F1 E140 | Loss: 0.4533 | Tr Acc: 0.8182 | Te Acc: 0.6667 | Te AUC: 0.6401 | Te F1: 0.6641
  Epoch 145, Grad Norm: 0.8896
F1 E145 | Loss: 0.4458 | Tr Acc: 0.7843 | Te Acc: 0.5556 | Te AUC: 0.6492 | Te F1: 0.5403
  Epoch 150, Grad Norm: 1.3080
F1 E150 | Loss: 0.4066 | Tr Acc: 0.6417 | Te Acc: 0.5873 | Te AUC: 0.6200 | Te F1: 0.5266
  Learning rate reduced to 1.0e-04
  Epoch 155, Grad Norm: 1.0047
F1 E155 | Loss: 0.4261 | Tr Acc: 0.7736 | Te Acc: 0.5397 | Te AUC: 0.6492 | Te F1: 0.5141
  Epoch 160, Grad Norm: 1.0933
F1 E160 | Loss: 0.3833 | Tr Acc: 0.6684 | Te Acc: 0.5238 | Te AUC: 0.6442 | Te F1: 0.4787
  Epoch 165, Grad Norm: 0.9780
F1 E165 | Loss: 0.4006 | Tr Acc: 0.7718 | Te Acc: 0.6190 | Te AUC: 0.6492 | Te F1: 0.6120
  Epoch 170, Grad Norm: 1.1559
F1 E170 | Loss: 0.3896 | Tr Acc: 0.7112 | Te Acc: 0.5238 | Te AUC: 0.6169 | Te F1: 0.4886
  Epoch 175, Grad Norm: 0.8301
F1 E175 | Loss: 0.3716 | Tr Acc: 0.8075 | Te Acc: 0.5397 | Te AUC: 0.6149 | Te F1: 0.5266
  Epoch 180, Grad Norm: 0.7211
F1 E180 | Loss: 0.3753 | Tr Acc: 0.7683 | Te Acc: 0.5079 | Te AUC: 0.6371 | Te F1: 0.4666
  Epoch 185, Grad Norm: 0.6937
F1 E185 | Loss: 0.3771 | Tr Acc: 0.8039 | Te Acc: 0.6032 | Te AUC: 0.6391 | Te F1: 0.5895
  Epoch 190, Grad Norm: 1.0702
F1 E190 | Loss: 0.3728 | Tr Acc: 0.8307 | Te Acc: 0.6667 | Te AUC: 0.6381 | Te F1: 0.6641
  Epoch 195, Grad Norm: 0.7533
F1 E195 | Loss: 0.3292 | Tr Acc: 0.7825 | Te Acc: 0.5397 | Te AUC: 0.6321 | Te F1: 0.5099
  Epoch 200, Grad Norm: 0.6863
F1 E200 | Loss: 0.3329 | Tr Acc: 0.8271 | Te Acc: 0.6032 | Te AUC: 0.6522 | Te F1: 0.5939
Fold 1 - Training finished. Best Test Accuracy: 0.5873, AUC: 0.7097
Fold 1 elapsed time: 121.79 seconds.

--- Fold 2/10 ---
Calculating max TS length for Positional Encoding (624 subjects)...
Determined max TS length 295 from 624 valid files for Positional Encoding.
Fold 2 using dynamic max length (up to 295 for PE).
Loading time series for 624 subjects in fold...
No truncation active. Will pad to max length found in this fold's successful loads.
Padding to max length found in fold: 295
Padding 624 time series to final length: 295
Proceeding with 624 subjects for Fold 2 model training/evaluation.
Phenotype encoder created.
Generating initial embeddings for graph construction (Batch Size: 32)...
Initial embeddings generated.
Building k-NN graph (k=20)...
Graph built with 624 nodes and 12480 edges.
Starting training for Fold 2... Train samples: 561, Test samples: 63
  Epoch 1, Grad Norm: 0.5792
F2 E001 | Loss: 0.7053 | Tr Acc: 0.4831 | Te Acc: 0.4921 | Te AUC: 0.5252 | Te F1: 0.3246
F2 E002 | Loss: 0.7000 | Tr Acc: 0.4831 | Te Acc: 0.4921 | Te AUC: 0.5252 | Te F1: 0.3246
F2 E003 | Loss: 0.7061 | Tr Acc: 0.4831 | Te Acc: 0.4921 | Te AUC: 0.5050 | Te F1: 0.3246
F2 E004 | Loss: 0.7002 | Tr Acc: 0.4831 | Te Acc: 0.4921 | Te AUC: 0.5050 | Te F1: 0.3246
  Epoch 5, Grad Norm: 0.5068
F2 E005 | Loss: 0.7115 | Tr Acc: 0.4848 | Te Acc: 0.4921 | Te AUC: 0.5464 | Te F1: 0.3246
F2 E006 | Loss: 0.6920 | Tr Acc: 0.4866 | Te Acc: 0.4762 | Te AUC: 0.5806 | Te F1: 0.3175
F2 E007 | Loss: 0.6910 | Tr Acc: 0.5169 | Te Acc: 0.4921 | Te AUC: 0.5887 | Te F1: 0.3508
F2 E008 | Loss: 0.6895 | Tr Acc: 0.5668 | Te Acc: 0.4921 | Te AUC: 0.5817 | Te F1: 0.4803
F2 E009 | Loss: 0.6913 | Tr Acc: 0.5971 | Te Acc: 0.6032 | Te AUC: 0.5665 | Te F1: 0.5699
  Epoch 10, Grad Norm: 0.4946
F2 E010 | Loss: 0.6789 | Tr Acc: 0.5615 | Te Acc: 0.6032 | Te AUC: 0.5605 | Te F1: 0.5609
F2 E011 | Loss: 0.6874 | Tr Acc: 0.5651 | Te Acc: 0.6190 | Te AUC: 0.5827 | Te F1: 0.5737
F2 E012 | Loss: 0.6895 | Tr Acc: 0.5686 | Te Acc: 0.6032 | Te AUC: 0.5978 | Te F1: 0.5699
F2 E013 | Loss: 0.6807 | Tr Acc: 0.5918 | Te Acc: 0.6032 | Te AUC: 0.5958 | Te F1: 0.5975
F2 E014 | Loss: 0.6765 | Tr Acc: 0.5900 | Te Acc: 0.5714 | Te AUC: 0.5958 | Te F1: 0.5669
  Epoch 15, Grad Norm: 0.4468
F2 E015 | Loss: 0.6829 | Tr Acc: 0.5437 | Te Acc: 0.4444 | Te AUC: 0.5877 | Te F1: 0.3638
F2 E016 | Loss: 0.6827 | Tr Acc: 0.5294 | Te Acc: 0.4762 | Te AUC: 0.5817 | Te F1: 0.3836
F2 E017 | Loss: 0.6749 | Tr Acc: 0.5169 | Te Acc: 0.4921 | Te AUC: 0.5595 | Te F1: 0.3508
F2 E018 | Loss: 0.6652 | Tr Acc: 0.5009 | Te Acc: 0.4762 | Te AUC: 0.5403 | Te F1: 0.3175
F2 E019 | Loss: 0.6703 | Tr Acc: 0.4920 | Te Acc: 0.4762 | Te AUC: 0.5282 | Te F1: 0.3175
  Epoch 20, Grad Norm: 0.4409
F2 E020 | Loss: 0.6672 | Tr Acc: 0.4938 | Te Acc: 0.4762 | Te AUC: 0.5292 | Te F1: 0.3175
F2 E021 | Loss: 0.6672 | Tr Acc: 0.4973 | Te Acc: 0.4762 | Te AUC: 0.5363 | Te F1: 0.3175
F2 E022 | Loss: 0.6700 | Tr Acc: 0.4955 | Te Acc: 0.4762 | Te AUC: 0.5242 | Te F1: 0.3175
F2 E023 | Loss: 0.6704 | Tr Acc: 0.4973 | Te Acc: 0.4921 | Te AUC: 0.5192 | Te F1: 0.3246
F2 E024 | Loss: 0.6755 | Tr Acc: 0.4973 | Te Acc: 0.4762 | Te AUC: 0.5141 | Te F1: 0.3175
  Epoch 25, Grad Norm: 0.4460
F2 E025 | Loss: 0.6659 | Tr Acc: 0.4955 | Te Acc: 0.4921 | Te AUC: 0.5212 | Te F1: 0.3246
F2 E026 | Loss: 0.6636 | Tr Acc: 0.4991 | Te Acc: 0.4921 | Te AUC: 0.5272 | Te F1: 0.3246
F2 E027 | Loss: 0.6518 | Tr Acc: 0.4991 | Te Acc: 0.4921 | Te AUC: 0.5302 | Te F1: 0.3246
F2 E028 | Loss: 0.6666 | Tr Acc: 0.4991 | Te Acc: 0.4921 | Te AUC: 0.5353 | Te F1: 0.3246
  Learning rate reduced to 1.0e-04
F2 E029 | Loss: 0.6617 | Tr Acc: 0.4991 | Te Acc: 0.4921 | Te AUC: 0.5363 | Te F1: 0.3246
  Epoch 30, Grad Norm: 0.4175
F2 E030 | Loss: 0.6675 | Tr Acc: 0.4973 | Te Acc: 0.4762 | Te AUC: 0.5373 | Te F1: 0.3175
F2 E031 | Loss: 0.6600 | Tr Acc: 0.5134 | Te Acc: 0.4762 | Te AUC: 0.5383 | Te F1: 0.3175
F2 E032 | Loss: 0.6709 | Tr Acc: 0.5241 | Te Acc: 0.4762 | Te AUC: 0.5393 | Te F1: 0.3175
F2 E033 | Loss: 0.6587 | Tr Acc: 0.5437 | Te Acc: 0.4921 | Te AUC: 0.5403 | Te F1: 0.3508
F2 E034 | Loss: 0.6648 | Tr Acc: 0.5918 | Te Acc: 0.4921 | Te AUC: 0.5474 | Te F1: 0.4595
  Epoch 35, Grad Norm: 0.4140
F2 E035 | Loss: 0.6584 | Tr Acc: 0.6078 | Te Acc: 0.4921 | Te AUC: 0.5524 | Te F1: 0.4803
F2 E036 | Loss: 0.6613 | Tr Acc: 0.6007 | Te Acc: 0.5714 | Te AUC: 0.5565 | Te F1: 0.5653
F2 E037 | Loss: 0.6570 | Tr Acc: 0.5971 | Te Acc: 0.5556 | Te AUC: 0.5575 | Te F1: 0.5306
F2 E038 | Loss: 0.6848 | Tr Acc: 0.5971 | Te Acc: 0.5873 | Te AUC: 0.5585 | Te F1: 0.5568
F2 E039 | Loss: 0.6627 | Tr Acc: 0.6025 | Te Acc: 0.5714 | Te AUC: 0.5615 | Te F1: 0.5258
  Epoch 40, Grad Norm: 0.4345
F2 E040 | Loss: 0.6502 | Tr Acc: 0.6007 | Te Acc: 0.5714 | Te AUC: 0.5595 | Te F1: 0.5354
F2 E041 | Loss: 0.6605 | Tr Acc: 0.5971 | Te Acc: 0.5714 | Te AUC: 0.5605 | Te F1: 0.5354
F2 E042 | Loss: 0.6636 | Tr Acc: 0.5971 | Te Acc: 0.5556 | Te AUC: 0.5575 | Te F1: 0.5373
Early stopping triggered at epoch 42 due to lack of improvement in Test AUC for 30 evaluation steps.
Fold 2 - Training finished. Best Test Accuracy: 0.6032, AUC: 0.5978
Fold 2 elapsed time: 41.42 seconds.

--- Fold 3/10 ---
Calculating max TS length for Positional Encoding (624 subjects)...
Determined max TS length 295 from 624 valid files for Positional Encoding.
Fold 3 using dynamic max length (up to 295 for PE).
Loading time series for 624 subjects in fold...
No truncation active. Will pad to max length found in this fold's successful loads.
Padding to max length found in fold: 295
Padding 624 time series to final length: 295
Proceeding with 624 subjects for Fold 3 model training/evaluation.
Phenotype encoder created.
Generating initial embeddings for graph construction (Batch Size: 32)...
Initial embeddings generated.
Building k-NN graph (k=20)...
Graph built with 624 nodes and 12480 edges.
Starting training for Fold 3... Train samples: 561, Test samples: 63
  Epoch 1, Grad Norm: 0.6434
F3 E001 | Loss: 0.7153 | Tr Acc: 0.5152 | Te Acc: 0.5238 | Te AUC: 0.5818 | Te F1: 0.3601
F3 E002 | Loss: 0.7195 | Tr Acc: 0.5615 | Te Acc: 0.5556 | Te AUC: 0.6273 | Te F1: 0.5494
F3 E003 | Loss: 0.7275 | Tr Acc: 0.5472 | Te Acc: 0.6349 | Te AUC: 0.6465 | Te F1: 0.6349
F3 E004 | Loss: 0.7155 | Tr Acc: 0.5223 | Te Acc: 0.5873 | Te AUC: 0.6677 | Te F1: 0.5831
  Epoch 5, Grad Norm: 0.5689
F3 E005 | Loss: 0.7047 | Tr Acc: 0.5205 | Te Acc: 0.5873 | Te AUC: 0.6556 | Te F1: 0.5831
F3 E006 | Loss: 0.6949 | Tr Acc: 0.5187 | Te Acc: 0.5238 | Te AUC: 0.6414 | Te F1: 0.5106
F3 E007 | Loss: 0.7106 | Tr Acc: 0.4955 | Te Acc: 0.5397 | Te AUC: 0.6384 | Te F1: 0.5180
F3 E008 | Loss: 0.6951 | Tr Acc: 0.5009 | Te Acc: 0.5397 | Te AUC: 0.6465 | Te F1: 0.5180
F3 E009 | Loss: 0.6983 | Tr Acc: 0.5134 | Te Acc: 0.5238 | Te AUC: 0.6485 | Te F1: 0.5048
  Epoch 10, Grad Norm: 0.4851
F3 E010 | Loss: 0.6991 | Tr Acc: 0.5348 | Te Acc: 0.5397 | Te AUC: 0.6596 | Te F1: 0.5293
F3 E011 | Loss: 0.6922 | Tr Acc: 0.5508 | Te Acc: 0.5556 | Te AUC: 0.6646 | Te F1: 0.5510
F3 E012 | Loss: 0.6919 | Tr Acc: 0.5758 | Te Acc: 0.6825 | Te AUC: 0.6535 | Te F1: 0.6803
F3 E013 | Loss: 0.6914 | Tr Acc: 0.5686 | Te Acc: 0.6190 | Te AUC: 0.6596 | Te F1: 0.6190
F3 E014 | Loss: 0.6750 | Tr Acc: 0.5633 | Te Acc: 0.5714 | Te AUC: 0.6657 | Te F1: 0.5714
  Epoch 15, Grad Norm: 0.4683
F3 E015 | Loss: 0.6916 | Tr Acc: 0.5490 | Te Acc: 0.5397 | Te AUC: 0.6626 | Te F1: 0.5334
F3 E016 | Loss: 0.6749 | Tr Acc: 0.5526 | Te Acc: 0.5079 | Te AUC: 0.6657 | Te F1: 0.4676
F3 E017 | Loss: 0.6764 | Tr Acc: 0.5169 | Te Acc: 0.5079 | Te AUC: 0.6677 | Te F1: 0.4445
F3 E018 | Loss: 0.6721 | Tr Acc: 0.5134 | Te Acc: 0.5079 | Te AUC: 0.6778 | Te F1: 0.4303
F3 E019 | Loss: 0.6778 | Tr Acc: 0.5080 | Te Acc: 0.5079 | Te AUC: 0.6818 | Te F1: 0.3953
  Epoch 20, Grad Norm: 0.4675
F3 E020 | Loss: 0.6853 | Tr Acc: 0.4955 | Te Acc: 0.4762 | Te AUC: 0.6899 | Te F1: 0.3334
F3 E021 | Loss: 0.6868 | Tr Acc: 0.4920 | Te Acc: 0.4921 | Te AUC: 0.6939 | Te F1: 0.3414
F3 E022 | Loss: 0.6753 | Tr Acc: 0.4920 | Te Acc: 0.4921 | Te AUC: 0.6980 | Te F1: 0.3414
F3 E023 | Loss: 0.6633 | Tr Acc: 0.4920 | Te Acc: 0.4921 | Te AUC: 0.6970 | Te F1: 0.3414
F3 E024 | Loss: 0.6716 | Tr Acc: 0.4920 | Te Acc: 0.4921 | Te AUC: 0.7020 | Te F1: 0.3414
  Epoch 25, Grad Norm: 0.4690
F3 E025 | Loss: 0.6790 | Tr Acc: 0.4938 | Te Acc: 0.4921 | Te AUC: 0.7071 | Te F1: 0.3414
F3 E026 | Loss: 0.6596 | Tr Acc: 0.4973 | Te Acc: 0.4921 | Te AUC: 0.7162 | Te F1: 0.3414
F3 E027 | Loss: 0.6726 | Tr Acc: 0.4973 | Te Acc: 0.4921 | Te AUC: 0.7212 | Te F1: 0.3414
F3 E028 | Loss: 0.6711 | Tr Acc: 0.4991 | Te Acc: 0.4921 | Te AUC: 0.7253 | Te F1: 0.3414
F3 E029 | Loss: 0.6714 | Tr Acc: 0.5027 | Te Acc: 0.4921 | Te AUC: 0.7222 | Te F1: 0.3414
  Epoch 30, Grad Norm: 0.4379
F3 E030 | Loss: 0.6730 | Tr Acc: 0.5062 | Te Acc: 0.5079 | Te AUC: 0.7182 | Te F1: 0.3738
F3 E031 | Loss: 0.6659 | Tr Acc: 0.5080 | Te Acc: 0.5238 | Te AUC: 0.7354 | Te F1: 0.4048
F3 E032 | Loss: 0.6700 | Tr Acc: 0.5437 | Te Acc: 0.5714 | Te AUC: 0.7263 | Te F1: 0.5162
F3 E033 | Loss: 0.6616 | Tr Acc: 0.5740 | Te Acc: 0.5397 | Te AUC: 0.7242 | Te F1: 0.5020
F3 E034 | Loss: 0.6571 | Tr Acc: 0.5722 | Te Acc: 0.5873 | Te AUC: 0.7303 | Te F1: 0.5647
  Epoch 35, Grad Norm: 0.4594
F3 E035 | Loss: 0.6550 | Tr Acc: 0.5740 | Te Acc: 0.5714 | Te AUC: 0.7303 | Te F1: 0.5513
F3 E036 | Loss: 0.6606 | Tr Acc: 0.5722 | Te Acc: 0.5714 | Te AUC: 0.7313 | Te F1: 0.5570
F3 E037 | Loss: 0.6668 | Tr Acc: 0.5811 | Te Acc: 0.5873 | Te AUC: 0.7091 | Te F1: 0.5799
F3 E038 | Loss: 0.6691 | Tr Acc: 0.5918 | Te Acc: 0.5714 | Te AUC: 0.6939 | Te F1: 0.5684
F3 E039 | Loss: 0.6538 | Tr Acc: 0.5989 | Te Acc: 0.6190 | Te AUC: 0.6828 | Te F1: 0.6190
  Epoch 40, Grad Norm: 0.4437
F3 E040 | Loss: 0.6645 | Tr Acc: 0.5989 | Te Acc: 0.6190 | Te AUC: 0.6727 | Te F1: 0.6103
F3 E041 | Loss: 0.6514 | Tr Acc: 0.5971 | Te Acc: 0.6190 | Te AUC: 0.6697 | Te F1: 0.6007
F3 E042 | Loss: 0.6510 | Tr Acc: 0.5865 | Te Acc: 0.6190 | Te AUC: 0.6707 | Te F1: 0.5869
F3 E043 | Loss: 0.6433 | Tr Acc: 0.5829 | Te Acc: 0.6032 | Te AUC: 0.6727 | Te F1: 0.5654
F3 E044 | Loss: 0.6568 | Tr Acc: 0.5847 | Te Acc: 0.6190 | Te AUC: 0.6768 | Te F1: 0.5782
  Epoch 45, Grad Norm: 0.4259
F3 E045 | Loss: 0.6511 | Tr Acc: 0.5829 | Te Acc: 0.6190 | Te AUC: 0.6778 | Te F1: 0.5782
F3 E046 | Loss: 0.6537 | Tr Acc: 0.5882 | Te Acc: 0.6190 | Te AUC: 0.6879 | Te F1: 0.5782
F3 E047 | Loss: 0.6505 | Tr Acc: 0.5865 | Te Acc: 0.6032 | Te AUC: 0.6929 | Te F1: 0.5556
  Learning rate reduced to 1.0e-04
F3 E048 | Loss: 0.6418 | Tr Acc: 0.5900 | Te Acc: 0.6032 | Te AUC: 0.6949 | Te F1: 0.5556
F3 E049 | Loss: 0.6505 | Tr Acc: 0.5936 | Te Acc: 0.6349 | Te AUC: 0.6939 | Te F1: 0.6001
  Epoch 50, Grad Norm: 0.4277
F3 E050 | Loss: 0.6538 | Tr Acc: 0.5936 | Te Acc: 0.6190 | Te AUC: 0.6990 | Te F1: 0.5869
  Epoch 55, Grad Norm: 0.4177
F3 E055 | Loss: 0.6423 | Tr Acc: 0.6292 | Te Acc: 0.6032 | Te AUC: 0.7020 | Te F1: 0.5809
  Epoch 60, Grad Norm: 0.4076
F3 E060 | Loss: 0.6437 | Tr Acc: 0.6221 | Te Acc: 0.6349 | Te AUC: 0.7111 | Te F1: 0.6340
  Epoch 65, Grad Norm: 0.4230
F3 E065 | Loss: 0.6337 | Tr Acc: 0.6078 | Te Acc: 0.6032 | Te AUC: 0.7172 | Te F1: 0.5781
  Epoch 70, Grad Norm: 0.4436
F3 E070 | Loss: 0.6402 | Tr Acc: 0.6007 | Te Acc: 0.6032 | Te AUC: 0.7162 | Te F1: 0.5707
  Epoch 75, Grad Norm: 0.3956
F3 E075 | Loss: 0.6348 | Tr Acc: 0.6096 | Te Acc: 0.5873 | Te AUC: 0.7081 | Te F1: 0.5575
  Epoch 80, Grad Norm: 0.4150
F3 E080 | Loss: 0.6233 | Tr Acc: 0.6346 | Te Acc: 0.6032 | Te AUC: 0.7000 | Te F1: 0.5977
  Epoch 85, Grad Norm: 0.4230
F3 E085 | Loss: 0.6235 | Tr Acc: 0.6524 | Te Acc: 0.6508 | Te AUC: 0.6939 | Te F1: 0.6428
  Epoch 90, Grad Norm: 0.4445
F3 E090 | Loss: 0.6195 | Tr Acc: 0.6203 | Te Acc: 0.5873 | Te AUC: 0.7010 | Te F1: 0.5525
  Epoch 95, Grad Norm: 0.4753
F3 E095 | Loss: 0.6198 | Tr Acc: 0.6185 | Te Acc: 0.5873 | Te AUC: 0.6929 | Te F1: 0.5525
  Epoch 100, Grad Norm: 0.3927
F3 E100 | Loss: 0.5996 | Tr Acc: 0.5508 | Te Acc: 0.6032 | Te AUC: 0.6808 | Te F1: 0.5405
  Epoch 105, Grad Norm: 0.4071
F3 E105 | Loss: 0.6113 | Tr Acc: 0.5668 | Te Acc: 0.5873 | Te AUC: 0.6758 | Te F1: 0.5283
Early stopping triggered at epoch 105 due to lack of improvement in Test AUC for 30 evaluation steps.
Fold 3 - Training finished. Best Test Accuracy: 0.5238, AUC: 0.7354
Fold 3 elapsed time: 73.78 seconds.

--- Fold 4/10 ---
Calculating max TS length for Positional Encoding (624 subjects)...
Determined max TS length 295 from 624 valid files for Positional Encoding.
Fold 4 using dynamic max length (up to 295 for PE).
Loading time series for 624 subjects in fold...
No truncation active. Will pad to max length found in this fold's successful loads.
Padding to max length found in fold: 295
Padding 624 time series to final length: 295
Proceeding with 624 subjects for Fold 4 model training/evaluation.
Phenotype encoder created.
Generating initial embeddings for graph construction (Batch Size: 32)...
Initial embeddings generated.
Building k-NN graph (k=20)...
Graph built with 624 nodes and 12480 edges.
Starting training for Fold 4... Train samples: 561, Test samples: 63
  Epoch 1, Grad Norm: 0.4899
F4 E001 | Loss: 0.7061 | Tr Acc: 0.5152 | Te Acc: 0.5238 | Te AUC: 0.5879 | Te F1: 0.3601
F4 E002 | Loss: 0.7016 | Tr Acc: 0.5152 | Te Acc: 0.5238 | Te AUC: 0.6202 | Te F1: 0.3601
F4 E003 | Loss: 0.6899 | Tr Acc: 0.5152 | Te Acc: 0.5238 | Te AUC: 0.6333 | Te F1: 0.3601
F4 E004 | Loss: 0.6765 | Tr Acc: 0.5152 | Te Acc: 0.5238 | Te AUC: 0.6354 | Te F1: 0.3601
  Epoch 5, Grad Norm: 0.4452
F4 E005 | Loss: 0.6841 | Tr Acc: 0.5152 | Te Acc: 0.5238 | Te AUC: 0.6576 | Te F1: 0.3601
F4 E006 | Loss: 0.6955 | Tr Acc: 0.5152 | Te Acc: 0.5238 | Te AUC: 0.6778 | Te F1: 0.3601
F4 E007 | Loss: 0.6842 | Tr Acc: 0.5152 | Te Acc: 0.5238 | Te AUC: 0.6737 | Te F1: 0.3601
F4 E008 | Loss: 0.6837 | Tr Acc: 0.5152 | Te Acc: 0.5238 | Te AUC: 0.6879 | Te F1: 0.3601
F4 E009 | Loss: 0.6746 | Tr Acc: 0.5169 | Te Acc: 0.5238 | Te AUC: 0.7040 | Te F1: 0.3601
  Epoch 10, Grad Norm: 0.4611
F4 E010 | Loss: 0.6839 | Tr Acc: 0.5241 | Te Acc: 0.5397 | Te AUC: 0.7242 | Te F1: 0.3946
F4 E011 | Loss: 0.6669 | Tr Acc: 0.5312 | Te Acc: 0.5397 | Te AUC: 0.7263 | Te F1: 0.3946
F4 E012 | Loss: 0.6649 | Tr Acc: 0.5330 | Te Acc: 0.5556 | Te AUC: 0.7283 | Te F1: 0.4273
F4 E013 | Loss: 0.6555 | Tr Acc: 0.5383 | Te Acc: 0.5714 | Te AUC: 0.7394 | Te F1: 0.4583
F4 E014 | Loss: 0.6632 | Tr Acc: 0.5472 | Te Acc: 0.5714 | Te AUC: 0.7414 | Te F1: 0.4583
  Epoch 15, Grad Norm: 0.4335
F4 E015 | Loss: 0.6574 | Tr Acc: 0.5508 | Te Acc: 0.5714 | Te AUC: 0.7475 | Te F1: 0.4583
F4 E016 | Loss: 0.6582 | Tr Acc: 0.5508 | Te Acc: 0.5873 | Te AUC: 0.7404 | Te F1: 0.4878
F4 E017 | Loss: 0.6593 | Tr Acc: 0.5597 | Te Acc: 0.5873 | Te AUC: 0.7404 | Te F1: 0.4878
F4 E018 | Loss: 0.6528 | Tr Acc: 0.5651 | Te Acc: 0.5873 | Te AUC: 0.7394 | Te F1: 0.4878
F4 E019 | Loss: 0.6472 | Tr Acc: 0.5686 | Te Acc: 0.5873 | Te AUC: 0.7515 | Te F1: 0.4878
  Epoch 20, Grad Norm: 0.4034
F4 E020 | Loss: 0.6471 | Tr Acc: 0.5740 | Te Acc: 0.6032 | Te AUC: 0.7515 | Te F1: 0.5160
F4 E021 | Loss: 0.6390 | Tr Acc: 0.5740 | Te Acc: 0.6032 | Te AUC: 0.7545 | Te F1: 0.5311
F4 E022 | Loss: 0.6507 | Tr Acc: 0.5758 | Te Acc: 0.6032 | Te AUC: 0.7475 | Te F1: 0.5311
F4 E023 | Loss: 0.6428 | Tr Acc: 0.5758 | Te Acc: 0.5714 | Te AUC: 0.7475 | Te F1: 0.4772
F4 E024 | Loss: 0.6414 | Tr Acc: 0.5758 | Te Acc: 0.5714 | Te AUC: 0.7505 | Te F1: 0.4772
  Epoch 25, Grad Norm: 0.3916
F4 E025 | Loss: 0.6446 | Tr Acc: 0.5668 | Te Acc: 0.5873 | Te AUC: 0.7485 | Te F1: 0.4878
F4 E026 | Loss: 0.6382 | Tr Acc: 0.5722 | Te Acc: 0.5873 | Te AUC: 0.7475 | Te F1: 0.4878
F4 E027 | Loss: 0.6477 | Tr Acc: 0.5758 | Te Acc: 0.5873 | Te AUC: 0.7455 | Te F1: 0.4878
F4 E028 | Loss: 0.6320 | Tr Acc: 0.5704 | Te Acc: 0.5873 | Te AUC: 0.7434 | Te F1: 0.4878
F4 E029 | Loss: 0.6537 | Tr Acc: 0.5704 | Te Acc: 0.5873 | Te AUC: 0.7475 | Te F1: 0.4878
  Epoch 30, Grad Norm: 0.4020
F4 E030 | Loss: 0.6401 | Tr Acc: 0.5668 | Te Acc: 0.5873 | Te AUC: 0.7475 | Te F1: 0.4878
F4 E031 | Loss: 0.6262 | Tr Acc: 0.5847 | Te Acc: 0.5714 | Te AUC: 0.7495 | Te F1: 0.4772
F4 E032 | Loss: 0.6357 | Tr Acc: 0.6043 | Te Acc: 0.6349 | Te AUC: 0.7455 | Te F1: 0.5807
F4 E033 | Loss: 0.6284 | Tr Acc: 0.6471 | Te Acc: 0.6667 | Te AUC: 0.7323 | Te F1: 0.6573
F4 E034 | Loss: 0.6313 | Tr Acc: 0.6399 | Te Acc: 0.6984 | Te AUC: 0.7222 | Te F1: 0.6986
  Epoch 35, Grad Norm: 0.3846
F4 E035 | Loss: 0.6467 | Tr Acc: 0.6168 | Te Acc: 0.6032 | Te AUC: 0.7131 | Te F1: 0.5707
F4 E036 | Loss: 0.6263 | Tr Acc: 0.5811 | Te Acc: 0.5556 | Te AUC: 0.7152 | Te F1: 0.4921
F4 E037 | Loss: 0.6263 | Tr Acc: 0.5526 | Te Acc: 0.5238 | Te AUC: 0.7071 | Te F1: 0.4410
  Learning rate reduced to 1.0e-04
F4 E038 | Loss: 0.6213 | Tr Acc: 0.5526 | Te Acc: 0.5397 | Te AUC: 0.7051 | Te F1: 0.4670
F4 E039 | Loss: 0.6271 | Tr Acc: 0.5579 | Te Acc: 0.5397 | Te AUC: 0.7040 | Te F1: 0.4670
  Epoch 40, Grad Norm: 0.3882
F4 E040 | Loss: 0.6292 | Tr Acc: 0.5722 | Te Acc: 0.5556 | Te AUC: 0.6980 | Te F1: 0.4921
F4 E041 | Loss: 0.6186 | Tr Acc: 0.5793 | Te Acc: 0.5714 | Te AUC: 0.6970 | Te F1: 0.5162
F4 E042 | Loss: 0.6210 | Tr Acc: 0.5954 | Te Acc: 0.5556 | Te AUC: 0.7010 | Te F1: 0.5041
F4 E043 | Loss: 0.6390 | Tr Acc: 0.6150 | Te Acc: 0.6032 | Te AUC: 0.7010 | Te F1: 0.5707
F4 E044 | Loss: 0.6215 | Tr Acc: 0.6292 | Te Acc: 0.5873 | Te AUC: 0.6949 | Te F1: 0.5575
  Epoch 45, Grad Norm: 0.3786
F4 E045 | Loss: 0.6175 | Tr Acc: 0.6399 | Te Acc: 0.6349 | Te AUC: 0.6949 | Te F1: 0.6227
F4 E046 | Loss: 0.6190 | Tr Acc: 0.6399 | Te Acc: 0.6508 | Te AUC: 0.6980 | Te F1: 0.6411
F4 E047 | Loss: 0.6116 | Tr Acc: 0.6435 | Te Acc: 0.6349 | Te AUC: 0.7040 | Te F1: 0.6299
F4 E048 | Loss: 0.6127 | Tr Acc: 0.6488 | Te Acc: 0.6190 | Te AUC: 0.7061 | Te F1: 0.6152
F4 E049 | Loss: 0.6216 | Tr Acc: 0.6560 | Te Acc: 0.6032 | Te AUC: 0.6970 | Te F1: 0.6004
  Epoch 50, Grad Norm: 0.3833
F4 E050 | Loss: 0.6211 | Tr Acc: 0.6560 | Te Acc: 0.6190 | Te AUC: 0.6939 | Te F1: 0.6173
  Epoch 55, Grad Norm: 0.3655
F4 E055 | Loss: 0.6081 | Tr Acc: 0.6560 | Te Acc: 0.6825 | Te AUC: 0.6879 | Te F1: 0.6673
Early stopping triggered at epoch 55 due to lack of improvement in Test AUC for 30 evaluation steps.
Fold 4 - Training finished. Best Test Accuracy: 0.6032, AUC: 0.7545
Fold 4 elapsed time: 47.88 seconds.

--- Fold 5/10 ---
Calculating max TS length for Positional Encoding (624 subjects)...
Determined max TS length 295 from 624 valid files for Positional Encoding.
Fold 5 using dynamic max length (up to 295 for PE).
Loading time series for 624 subjects in fold...
No truncation active. Will pad to max length found in this fold's successful loads.
Padding to max length found in fold: 295
Padding 624 time series to final length: 295
Proceeding with 624 subjects for Fold 5 model training/evaluation.
Phenotype encoder created.
Generating initial embeddings for graph construction (Batch Size: 32)...
Initial embeddings generated.
Building k-NN graph (k=20)...
Graph built with 624 nodes and 12480 edges.
Starting training for Fold 5... Train samples: 562, Test samples: 62
  Epoch 1, Grad Norm: 0.5259
F5 E001 | Loss: 0.7169 | Tr Acc: 0.4840 | Te Acc: 0.4839 | Te AUC: 0.7135 | Te F1: 0.3156
F5 E002 | Loss: 0.7088 | Tr Acc: 0.4893 | Te Acc: 0.4839 | Te AUC: 0.7115 | Te F1: 0.3156
F5 E003 | Loss: 0.7091 | Tr Acc: 0.5071 | Te Acc: 0.6129 | Te AUC: 0.7156 | Te F1: 0.5953
F5 E004 | Loss: 0.6880 | Tr Acc: 0.5890 | Te Acc: 0.6774 | Te AUC: 0.7229 | Te F1: 0.6705
  Epoch 5, Grad Norm: 0.5303
F5 E005 | Loss: 0.7030 | Tr Acc: 0.5391 | Te Acc: 0.5645 | Te AUC: 0.7125 | Te F1: 0.4510
F5 E006 | Loss: 0.6847 | Tr Acc: 0.5427 | Te Acc: 0.5161 | Te AUC: 0.7000 | Te F1: 0.3514
F5 E007 | Loss: 0.6929 | Tr Acc: 0.5338 | Te Acc: 0.5161 | Te AUC: 0.6677 | Te F1: 0.3514
F5 E008 | Loss: 0.6844 | Tr Acc: 0.5356 | Te Acc: 0.5161 | Te AUC: 0.6271 | Te F1: 0.3514
F5 E009 | Loss: 0.6759 | Tr Acc: 0.5338 | Te Acc: 0.5161 | Te AUC: 0.5979 | Te F1: 0.3514
  Epoch 10, Grad Norm: 0.4892
F5 E010 | Loss: 0.6902 | Tr Acc: 0.5374 | Te Acc: 0.5161 | Te AUC: 0.5625 | Te F1: 0.3514
F5 E011 | Loss: 0.6872 | Tr Acc: 0.5463 | Te Acc: 0.5323 | Te AUC: 0.5427 | Te F1: 0.4103
F5 E012 | Loss: 0.6841 | Tr Acc: 0.5765 | Te Acc: 0.5484 | Te AUC: 0.5490 | Te F1: 0.4409
F5 E013 | Loss: 0.6873 | Tr Acc: 0.5996 | Te Acc: 0.5161 | Te AUC: 0.5333 | Te F1: 0.5004
F5 E014 | Loss: 0.6870 | Tr Acc: 0.5712 | Te Acc: 0.5161 | Te AUC: 0.5229 | Te F1: 0.5100
  Epoch 15, Grad Norm: 0.4690
F5 E015 | Loss: 0.6867 | Tr Acc: 0.5623 | Te Acc: 0.5645 | Te AUC: 0.5271 | Te F1: 0.5249
F5 E016 | Loss: 0.6909 | Tr Acc: 0.5356 | Te Acc: 0.5323 | Te AUC: 0.5490 | Te F1: 0.4787
F5 E017 | Loss: 0.6767 | Tr Acc: 0.5178 | Te Acc: 0.5000 | Te AUC: 0.5563 | Te F1: 0.4133
F5 E018 | Loss: 0.6791 | Tr Acc: 0.5036 | Te Acc: 0.5000 | Te AUC: 0.5594 | Te F1: 0.3743
F5 E019 | Loss: 0.6734 | Tr Acc: 0.4947 | Te Acc: 0.5000 | Te AUC: 0.5750 | Te F1: 0.3503
  Epoch 20, Grad Norm: 0.4434
F5 E020 | Loss: 0.6644 | Tr Acc: 0.4947 | Te Acc: 0.4839 | Te AUC: 0.6312 | Te F1: 0.3156
  Learning rate reduced to 1.0e-04
F5 E021 | Loss: 0.6681 | Tr Acc: 0.4929 | Te Acc: 0.4839 | Te AUC: 0.6573 | Te F1: 0.3156
F5 E022 | Loss: 0.6766 | Tr Acc: 0.4911 | Te Acc: 0.4839 | Te AUC: 0.6719 | Te F1: 0.3156
F5 E023 | Loss: 0.6653 | Tr Acc: 0.4875 | Te Acc: 0.4839 | Te AUC: 0.6646 | Te F1: 0.3156
F5 E024 | Loss: 0.6701 | Tr Acc: 0.4893 | Te Acc: 0.4839 | Te AUC: 0.6646 | Te F1: 0.3156
  Epoch 25, Grad Norm: 0.4241
F5 E025 | Loss: 0.6646 | Tr Acc: 0.4875 | Te Acc: 0.4839 | Te AUC: 0.6667 | Te F1: 0.3156
F5 E026 | Loss: 0.6696 | Tr Acc: 0.4893 | Te Acc: 0.4839 | Te AUC: 0.6677 | Te F1: 0.3156
F5 E027 | Loss: 0.6649 | Tr Acc: 0.4893 | Te Acc: 0.4839 | Te AUC: 0.6646 | Te F1: 0.3156
F5 E028 | Loss: 0.6739 | Tr Acc: 0.4911 | Te Acc: 0.4839 | Te AUC: 0.6656 | Te F1: 0.3156
F5 E029 | Loss: 0.6539 | Tr Acc: 0.4982 | Te Acc: 0.4839 | Te AUC: 0.6635 | Te F1: 0.3156
  Epoch 30, Grad Norm: 0.4516
F5 E030 | Loss: 0.6695 | Tr Acc: 0.4964 | Te Acc: 0.4839 | Te AUC: 0.6677 | Te F1: 0.3156
F5 E031 | Loss: 0.6553 | Tr Acc: 0.4982 | Te Acc: 0.4839 | Te AUC: 0.6656 | Te F1: 0.3156
F5 E032 | Loss: 0.6694 | Tr Acc: 0.5036 | Te Acc: 0.4839 | Te AUC: 0.6740 | Te F1: 0.3156
F5 E033 | Loss: 0.6677 | Tr Acc: 0.5125 | Te Acc: 0.4839 | Te AUC: 0.6635 | Te F1: 0.3156
F5 E034 | Loss: 0.6528 | Tr Acc: 0.5125 | Te Acc: 0.4839 | Te AUC: 0.6552 | Te F1: 0.3156
Early stopping triggered at epoch 34 due to lack of improvement in Test AUC for 30 evaluation steps.
Fold 5 - Training finished. Best Test Accuracy: 0.6774, AUC: 0.7229
Fold 5 elapsed time: 34.22 seconds.

--- Fold 6/10 ---
Calculating max TS length for Positional Encoding (624 subjects)...
Determined max TS length 295 from 624 valid files for Positional Encoding.
Fold 6 using dynamic max length (up to 295 for PE).
Loading time series for 624 subjects in fold...
No truncation active. Will pad to max length found in this fold's successful loads.
Padding to max length found in fold: 295
Padding 624 time series to final length: 295
Proceeding with 624 subjects for Fold 6 model training/evaluation.
Phenotype encoder created.
Generating initial embeddings for graph construction (Batch Size: 32)...
Initial embeddings generated.
Building k-NN graph (k=20)...
Graph built with 624 nodes and 12480 edges.
Starting training for Fold 6... Train samples: 562, Test samples: 62
  Epoch 1, Grad Norm: 0.4811
F6 E001 | Loss: 0.7043 | Tr Acc: 0.4840 | Te Acc: 0.4839 | Te AUC: 0.5938 | Te F1: 0.3156
F6 E002 | Loss: 0.7040 | Tr Acc: 0.4840 | Te Acc: 0.4839 | Te AUC: 0.5802 | Te F1: 0.3156
F6 E003 | Loss: 0.6981 | Tr Acc: 0.4840 | Te Acc: 0.4839 | Te AUC: 0.5760 | Te F1: 0.3156
F6 E004 | Loss: 0.6970 | Tr Acc: 0.4840 | Te Acc: 0.4839 | Te AUC: 0.5740 | Te F1: 0.3156
  Epoch 5, Grad Norm: 0.4382
F6 E005 | Loss: 0.6891 | Tr Acc: 0.4840 | Te Acc: 0.4839 | Te AUC: 0.5667 | Te F1: 0.3156
F6 E006 | Loss: 0.6910 | Tr Acc: 0.4840 | Te Acc: 0.4839 | Te AUC: 0.5635 | Te F1: 0.3156
F6 E007 | Loss: 0.6841 | Tr Acc: 0.4840 | Te Acc: 0.4839 | Te AUC: 0.5594 | Te F1: 0.3156
F6 E008 | Loss: 0.6955 | Tr Acc: 0.4840 | Te Acc: 0.4839 | Te AUC: 0.5531 | Te F1: 0.3156
F6 E009 | Loss: 0.6921 | Tr Acc: 0.4840 | Te Acc: 0.4839 | Te AUC: 0.5437 | Te F1: 0.3156
  Epoch 10, Grad Norm: 0.4197
F6 E010 | Loss: 0.6693 | Tr Acc: 0.4840 | Te Acc: 0.4839 | Te AUC: 0.5458 | Te F1: 0.3156
F6 E011 | Loss: 0.6724 | Tr Acc: 0.4893 | Te Acc: 0.4839 | Te AUC: 0.5302 | Te F1: 0.3156
F6 E012 | Loss: 0.6685 | Tr Acc: 0.4947 | Te Acc: 0.4839 | Te AUC: 0.5031 | Te F1: 0.3156
F6 E013 | Loss: 0.6805 | Tr Acc: 0.5036 | Te Acc: 0.4839 | Te AUC: 0.4927 | Te F1: 0.3422
F6 E014 | Loss: 0.6777 | Tr Acc: 0.5374 | Te Acc: 0.4677 | Te AUC: 0.4698 | Te F1: 0.3561
  Epoch 15, Grad Norm: 0.4076
F6 E015 | Loss: 0.6694 | Tr Acc: 0.5730 | Te Acc: 0.4839 | Te AUC: 0.4240 | Te F1: 0.4028
F6 E016 | Loss: 0.6694 | Tr Acc: 0.5872 | Te Acc: 0.4677 | Te AUC: 0.4042 | Te F1: 0.4589
F6 E017 | Loss: 0.6623 | Tr Acc: 0.5925 | Te Acc: 0.4032 | Te AUC: 0.3938 | Te F1: 0.3977
  Learning rate reduced to 1.0e-04
F6 E018 | Loss: 0.6696 | Tr Acc: 0.6014 | Te Acc: 0.4194 | Te AUC: 0.3844 | Te F1: 0.4069
F6 E019 | Loss: 0.6702 | Tr Acc: 0.5961 | Te Acc: 0.4194 | Te AUC: 0.3865 | Te F1: 0.4069
  Epoch 20, Grad Norm: 0.4015
F6 E020 | Loss: 0.6609 | Tr Acc: 0.5961 | Te Acc: 0.4194 | Te AUC: 0.3948 | Te F1: 0.4069
F6 E021 | Loss: 0.6663 | Tr Acc: 0.6157 | Te Acc: 0.4032 | Te AUC: 0.4094 | Te F1: 0.3977
F6 E022 | Loss: 0.6698 | Tr Acc: 0.6174 | Te Acc: 0.4194 | Te AUC: 0.4135 | Te F1: 0.4194
F6 E023 | Loss: 0.6591 | Tr Acc: 0.6174 | Te Acc: 0.4516 | Te AUC: 0.4448 | Te F1: 0.4400
F6 E024 | Loss: 0.6516 | Tr Acc: 0.6103 | Te Acc: 0.4677 | Te AUC: 0.4708 | Te F1: 0.4302
  Epoch 25, Grad Norm: 0.4232
F6 E025 | Loss: 0.6513 | Tr Acc: 0.6085 | Te Acc: 0.4839 | Te AUC: 0.4917 | Te F1: 0.4311
F6 E026 | Loss: 0.6588 | Tr Acc: 0.5890 | Te Acc: 0.4516 | Te AUC: 0.5094 | Te F1: 0.3816
F6 E027 | Loss: 0.6582 | Tr Acc: 0.5534 | Te Acc: 0.5161 | Te AUC: 0.5115 | Te F1: 0.4237
F6 E028 | Loss: 0.6647 | Tr Acc: 0.5267 | Te Acc: 0.5000 | Te AUC: 0.5208 | Te F1: 0.3952
F6 E029 | Loss: 0.6432 | Tr Acc: 0.5196 | Te Acc: 0.5000 | Te AUC: 0.5281 | Te F1: 0.3503
  Epoch 30, Grad Norm: 0.3954
F6 E030 | Loss: 0.6567 | Tr Acc: 0.5142 | Te Acc: 0.5000 | Te AUC: 0.5344 | Te F1: 0.3503
F6 E031 | Loss: 0.6477 | Tr Acc: 0.5142 | Te Acc: 0.5000 | Te AUC: 0.5312 | Te F1: 0.3503
Early stopping triggered at epoch 31 due to lack of improvement in Test AUC for 30 evaluation steps.
Fold 6 - Training finished. Best Test Accuracy: 0.4839, AUC: 0.5938
Fold 6 elapsed time: 32.78 seconds.

--- Fold 7/10 ---
Calculating max TS length for Positional Encoding (624 subjects)...
Determined max TS length 295 from 624 valid files for Positional Encoding.
Fold 7 using dynamic max length (up to 295 for PE).
Loading time series for 624 subjects in fold...
No truncation active. Will pad to max length found in this fold's successful loads.
Padding to max length found in fold: 295
Padding 624 time series to final length: 295
Proceeding with 624 subjects for Fold 7 model training/evaluation.
Phenotype encoder created.
Generating initial embeddings for graph construction (Batch Size: 32)...
Initial embeddings generated.
Building k-NN graph (k=20)...
Graph built with 624 nodes and 12480 edges.
Starting training for Fold 7... Train samples: 562, Test samples: 62
  Epoch 1, Grad Norm: 0.5990
F7 E001 | Loss: 0.7085 | Tr Acc: 0.5089 | Te Acc: 0.5323 | Te AUC: 0.5885 | Te F1: 0.5244
F7 E002 | Loss: 0.7078 | Tr Acc: 0.5196 | Te Acc: 0.5323 | Te AUC: 0.6656 | Te F1: 0.3864
F7 E003 | Loss: 0.6977 | Tr Acc: 0.5160 | Te Acc: 0.5323 | Te AUC: 0.6802 | Te F1: 0.3864
F7 E004 | Loss: 0.6952 | Tr Acc: 0.5302 | Te Acc: 0.5484 | Te AUC: 0.6687 | Te F1: 0.4195
  Epoch 5, Grad Norm: 0.4981
F7 E005 | Loss: 0.6815 | Tr Acc: 0.5498 | Te Acc: 0.5323 | Te AUC: 0.6687 | Te F1: 0.4103
F7 E006 | Loss: 0.6878 | Tr Acc: 0.5676 | Te Acc: 0.5484 | Te AUC: 0.6510 | Te F1: 0.4409
F7 E007 | Loss: 0.6757 | Tr Acc: 0.5765 | Te Acc: 0.5484 | Te AUC: 0.6344 | Te F1: 0.4594
F7 E008 | Loss: 0.6729 | Tr Acc: 0.5730 | Te Acc: 0.5645 | Te AUC: 0.6375 | Te F1: 0.5135
F7 E009 | Loss: 0.6796 | Tr Acc: 0.5730 | Te Acc: 0.5645 | Te AUC: 0.6323 | Te F1: 0.5135
  Epoch 10, Grad Norm: 0.4361
F7 E010 | Loss: 0.6708 | Tr Acc: 0.5765 | Te Acc: 0.5484 | Te AUC: 0.6354 | Te F1: 0.4754
F7 E011 | Loss: 0.6728 | Tr Acc: 0.5819 | Te Acc: 0.5323 | Te AUC: 0.6396 | Te F1: 0.4487
F7 E012 | Loss: 0.6689 | Tr Acc: 0.5836 | Te Acc: 0.5323 | Te AUC: 0.6562 | Te F1: 0.4487
F7 E013 | Loss: 0.6567 | Tr Acc: 0.5819 | Te Acc: 0.5484 | Te AUC: 0.6719 | Te F1: 0.4594
F7 E014 | Loss: 0.6688 | Tr Acc: 0.5819 | Te Acc: 0.5323 | Te AUC: 0.6927 | Te F1: 0.4487
  Epoch 15, Grad Norm: 0.4638
F7 E015 | Loss: 0.6626 | Tr Acc: 0.5819 | Te Acc: 0.5484 | Te AUC: 0.6990 | Te F1: 0.4594
F7 E016 | Loss: 0.6632 | Tr Acc: 0.5801 | Te Acc: 0.5484 | Te AUC: 0.7094 | Te F1: 0.4754
F7 E017 | Loss: 0.6536 | Tr Acc: 0.6050 | Te Acc: 0.5968 | Te AUC: 0.7198 | Te F1: 0.5495
F7 E018 | Loss: 0.6602 | Tr Acc: 0.6103 | Te Acc: 0.6452 | Te AUC: 0.7260 | Te F1: 0.6161
F7 E019 | Loss: 0.6584 | Tr Acc: 0.6050 | Te Acc: 0.6452 | Te AUC: 0.7323 | Te F1: 0.6288
  Epoch 20, Grad Norm: 0.4533
F7 E020 | Loss: 0.6648 | Tr Acc: 0.6406 | Te Acc: 0.6452 | Te AUC: 0.7313 | Te F1: 0.6407
F7 E021 | Loss: 0.6513 | Tr Acc: 0.6335 | Te Acc: 0.6774 | Te AUC: 0.7375 | Te F1: 0.6774
F7 E022 | Loss: 0.6491 | Tr Acc: 0.6388 | Te Acc: 0.6613 | Te AUC: 0.7375 | Te F1: 0.6582
F7 E023 | Loss: 0.6518 | Tr Acc: 0.6459 | Te Acc: 0.6613 | Te AUC: 0.7417 | Te F1: 0.6557
F7 E024 | Loss: 0.6327 | Tr Acc: 0.6512 | Te Acc: 0.6774 | Te AUC: 0.7438 | Te F1: 0.6734
  Epoch 25, Grad Norm: 0.4013
F7 E025 | Loss: 0.6471 | Tr Acc: 0.6566 | Te Acc: 0.6935 | Te AUC: 0.7365 | Te F1: 0.6933
F7 E026 | Loss: 0.6473 | Tr Acc: 0.6370 | Te Acc: 0.6935 | Te AUC: 0.7333 | Te F1: 0.6936
F7 E027 | Loss: 0.6456 | Tr Acc: 0.6548 | Te Acc: 0.6774 | Te AUC: 0.7271 | Te F1: 0.6774
F7 E028 | Loss: 0.6386 | Tr Acc: 0.6566 | Te Acc: 0.6774 | Te AUC: 0.7271 | Te F1: 0.6774
F7 E029 | Loss: 0.6494 | Tr Acc: 0.6495 | Te Acc: 0.6774 | Te AUC: 0.7281 | Te F1: 0.6767
  Epoch 30, Grad Norm: 0.4042
F7 E030 | Loss: 0.6408 | Tr Acc: 0.6512 | Te Acc: 0.6774 | Te AUC: 0.7250 | Te F1: 0.6754
F7 E031 | Loss: 0.6448 | Tr Acc: 0.6352 | Te Acc: 0.6774 | Te AUC: 0.7188 | Te F1: 0.6705
F7 E032 | Loss: 0.6389 | Tr Acc: 0.6174 | Te Acc: 0.6452 | Te AUC: 0.7208 | Te F1: 0.6337
F7 E033 | Loss: 0.6312 | Tr Acc: 0.6157 | Te Acc: 0.6290 | Te AUC: 0.7271 | Te F1: 0.6146
F7 E034 | Loss: 0.6423 | Tr Acc: 0.6192 | Te Acc: 0.6452 | Te AUC: 0.7396 | Te F1: 0.6337
  Epoch 35, Grad Norm: 0.3793
F7 E035 | Loss: 0.6327 | Tr Acc: 0.6192 | Te Acc: 0.6452 | Te AUC: 0.7385 | Te F1: 0.6337
F7 E036 | Loss: 0.6424 | Tr Acc: 0.6085 | Te Acc: 0.6452 | Te AUC: 0.7333 | Te F1: 0.6288
F7 E037 | Loss: 0.6330 | Tr Acc: 0.6121 | Te Acc: 0.6290 | Te AUC: 0.7323 | Te F1: 0.6024
F7 E038 | Loss: 0.6416 | Tr Acc: 0.6210 | Te Acc: 0.6290 | Te AUC: 0.7250 | Te F1: 0.5855
F7 E039 | Loss: 0.6349 | Tr Acc: 0.6157 | Te Acc: 0.5968 | Te AUC: 0.7219 | Te F1: 0.5594
  Epoch 40, Grad Norm: 0.4265
F7 E040 | Loss: 0.6325 | Tr Acc: 0.6139 | Te Acc: 0.6452 | Te AUC: 0.7177 | Te F1: 0.6230
  Learning rate reduced to 1.0e-04
F7 E041 | Loss: 0.6318 | Tr Acc: 0.6281 | Te Acc: 0.6290 | Te AUC: 0.7188 | Te F1: 0.6146
F7 E042 | Loss: 0.6241 | Tr Acc: 0.6637 | Te Acc: 0.6774 | Te AUC: 0.7229 | Te F1: 0.6705
F7 E043 | Loss: 0.6321 | Tr Acc: 0.6530 | Te Acc: 0.6935 | Te AUC: 0.7240 | Te F1: 0.6907
F7 E044 | Loss: 0.6251 | Tr Acc: 0.6548 | Te Acc: 0.6452 | Te AUC: 0.7229 | Te F1: 0.6452
  Epoch 45, Grad Norm: 0.3815
F7 E045 | Loss: 0.6207 | Tr Acc: 0.6619 | Te Acc: 0.6290 | Te AUC: 0.7250 | Te F1: 0.6229
F7 E046 | Loss: 0.6207 | Tr Acc: 0.6566 | Te Acc: 0.5968 | Te AUC: 0.7281 | Te F1: 0.5813
F7 E047 | Loss: 0.6380 | Tr Acc: 0.6495 | Te Acc: 0.5968 | Te AUC: 0.7260 | Te F1: 0.5754
F7 E048 | Loss: 0.6269 | Tr Acc: 0.6299 | Te Acc: 0.5806 | Te AUC: 0.7271 | Te F1: 0.5549
F7 E049 | Loss: 0.6199 | Tr Acc: 0.6352 | Te Acc: 0.5806 | Te AUC: 0.7250 | Te F1: 0.5549
  Epoch 50, Grad Norm: 0.3886
F7 E050 | Loss: 0.6315 | Tr Acc: 0.6246 | Te Acc: 0.6129 | Te AUC: 0.7281 | Te F1: 0.5818
  Epoch 55, Grad Norm: 0.3898
F7 E055 | Loss: 0.6181 | Tr Acc: 0.6032 | Te Acc: 0.6290 | Te AUC: 0.7313 | Te F1: 0.5953
  Epoch 60, Grad Norm: 0.3542
F7 E060 | Loss: 0.6068 | Tr Acc: 0.5890 | Te Acc: 0.5645 | Te AUC: 0.7292 | Te F1: 0.5027
  Epoch 65, Grad Norm: 0.4118
F7 E065 | Loss: 0.6083 | Tr Acc: 0.6673 | Te Acc: 0.5968 | Te AUC: 0.7354 | Te F1: 0.5813
  Epoch 70, Grad Norm: 0.3914
F7 E070 | Loss: 0.6095 | Tr Acc: 0.6459 | Te Acc: 0.6452 | Te AUC: 0.7365 | Te F1: 0.6167
Early stopping triggered at epoch 70 due to lack of improvement in Test AUC for 30 evaluation steps.
Fold 7 - Training finished. Best Test Accuracy: 0.6774, AUC: 0.7438
Fold 7 elapsed time: 56.85 seconds.

--- Fold 8/10 ---
Calculating max TS length for Positional Encoding (624 subjects)...
Determined max TS length 295 from 624 valid files for Positional Encoding.
Fold 8 using dynamic max length (up to 295 for PE).
Loading time series for 624 subjects in fold...
No truncation active. Will pad to max length found in this fold's successful loads.
Padding to max length found in fold: 295
Padding 624 time series to final length: 295
Proceeding with 624 subjects for Fold 8 model training/evaluation.
Phenotype encoder created.
Generating initial embeddings for graph construction (Batch Size: 32)...
Initial embeddings generated.
Building k-NN graph (k=20)...
Graph built with 624 nodes and 12480 edges.
Starting training for Fold 8... Train samples: 562, Test samples: 62
  Epoch 1, Grad Norm: 0.5450
F8 E001 | Loss: 0.7202 | Tr Acc: 0.4840 | Te Acc: 0.4839 | Te AUC: 0.5500 | Te F1: 0.3156
F8 E002 | Loss: 0.7091 | Tr Acc: 0.4840 | Te Acc: 0.4839 | Te AUC: 0.5615 | Te F1: 0.3156
F8 E003 | Loss: 0.6952 | Tr Acc: 0.4840 | Te Acc: 0.4839 | Te AUC: 0.5490 | Te F1: 0.3156
F8 E004 | Loss: 0.6964 | Tr Acc: 0.4858 | Te Acc: 0.4355 | Te AUC: 0.5448 | Te F1: 0.2936
  Epoch 5, Grad Norm: 0.4765
F8 E005 | Loss: 0.6912 | Tr Acc: 0.5178 | Te Acc: 0.4355 | Te AUC: 0.5344 | Te F1: 0.3554
F8 E006 | Loss: 0.6996 | Tr Acc: 0.5249 | Te Acc: 0.4677 | Te AUC: 0.5292 | Te F1: 0.4302
F8 E007 | Loss: 0.6892 | Tr Acc: 0.5480 | Te Acc: 0.5806 | Te AUC: 0.5229 | Te F1: 0.5780
F8 E008 | Loss: 0.6832 | Tr Acc: 0.5641 | Te Acc: 0.5484 | Te AUC: 0.5198 | Te F1: 0.5484
F8 E009 | Loss: 0.6904 | Tr Acc: 0.5605 | Te Acc: 0.5806 | Te AUC: 0.5115 | Te F1: 0.5717
  Epoch 10, Grad Norm: 0.4727
F8 E010 | Loss: 0.6832 | Tr Acc: 0.5552 | Te Acc: 0.5000 | Te AUC: 0.5125 | Te F1: 0.4731
F8 E011 | Loss: 0.6778 | Tr Acc: 0.5552 | Te Acc: 0.4677 | Te AUC: 0.5125 | Te F1: 0.4296
F8 E012 | Loss: 0.6939 | Tr Acc: 0.5569 | Te Acc: 0.4839 | Te AUC: 0.5198 | Te F1: 0.4416
F8 E013 | Loss: 0.6822 | Tr Acc: 0.5534 | Te Acc: 0.5000 | Te AUC: 0.5323 | Te F1: 0.4536
F8 E014 | Loss: 0.6948 | Tr Acc: 0.5730 | Te Acc: 0.4516 | Te AUC: 0.5385 | Te F1: 0.4174
  Epoch 15, Grad Norm: 0.4361
F8 E015 | Loss: 0.6775 | Tr Acc: 0.5801 | Te Acc: 0.5323 | Te AUC: 0.5396 | Te F1: 0.5279
F8 E016 | Loss: 0.6773 | Tr Acc: 0.5801 | Te Acc: 0.5484 | Te AUC: 0.5417 | Te F1: 0.5474
F8 E017 | Loss: 0.6860 | Tr Acc: 0.5979 | Te Acc: 0.5968 | Te AUC: 0.5417 | Te F1: 0.5931
F8 E018 | Loss: 0.6798 | Tr Acc: 0.6068 | Te Acc: 0.5806 | Te AUC: 0.5312 | Te F1: 0.5754
  Learning rate reduced to 1.0e-04
F8 E019 | Loss: 0.6729 | Tr Acc: 0.5890 | Te Acc: 0.5645 | Te AUC: 0.5271 | Te F1: 0.5573
  Epoch 20, Grad Norm: 0.4270
F8 E020 | Loss: 0.6768 | Tr Acc: 0.5890 | Te Acc: 0.5645 | Te AUC: 0.5281 | Te F1: 0.5573
F8 E021 | Loss: 0.6672 | Tr Acc: 0.6068 | Te Acc: 0.5645 | Te AUC: 0.5344 | Te F1: 0.5573
F8 E022 | Loss: 0.6772 | Tr Acc: 0.6068 | Te Acc: 0.5645 | Te AUC: 0.5344 | Te F1: 0.5573
F8 E023 | Loss: 0.6647 | Tr Acc: 0.6121 | Te Acc: 0.5645 | Te AUC: 0.5333 | Te F1: 0.5573
F8 E024 | Loss: 0.6754 | Tr Acc: 0.6157 | Te Acc: 0.5645 | Te AUC: 0.5385 | Te F1: 0.5573
  Epoch 25, Grad Norm: 0.4219
F8 E025 | Loss: 0.6697 | Tr Acc: 0.6228 | Te Acc: 0.5645 | Te AUC: 0.5385 | Te F1: 0.5573
F8 E026 | Loss: 0.6736 | Tr Acc: 0.6174 | Te Acc: 0.5645 | Te AUC: 0.5354 | Te F1: 0.5573
F8 E027 | Loss: 0.6638 | Tr Acc: 0.6050 | Te Acc: 0.5645 | Te AUC: 0.5354 | Te F1: 0.5573
F8 E028 | Loss: 0.6690 | Tr Acc: 0.6014 | Te Acc: 0.5806 | Te AUC: 0.5406 | Te F1: 0.5718
F8 E029 | Loss: 0.6643 | Tr Acc: 0.5872 | Te Acc: 0.5484 | Te AUC: 0.5344 | Te F1: 0.5339
  Epoch 30, Grad Norm: 0.4182
F8 E030 | Loss: 0.6703 | Tr Acc: 0.5925 | Te Acc: 0.5484 | Te AUC: 0.5344 | Te F1: 0.5279
F8 E031 | Loss: 0.6801 | Tr Acc: 0.5676 | Te Acc: 0.5806 | Te AUC: 0.5375 | Te F1: 0.5378
F8 E032 | Loss: 0.6657 | Tr Acc: 0.5605 | Te Acc: 0.5645 | Te AUC: 0.5437 | Te F1: 0.5146
Early stopping triggered at epoch 32 due to lack of improvement in Test AUC for 30 evaluation steps.
Fold 8 - Training finished. Best Test Accuracy: 0.4839, AUC: 0.5615
Fold 8 elapsed time: 33.06 seconds.

--- Fold 9/10 ---
Calculating max TS length for Positional Encoding (624 subjects)...
Determined max TS length 295 from 624 valid files for Positional Encoding.
Fold 9 using dynamic max length (up to 295 for PE).
Loading time series for 624 subjects in fold...
No truncation active. Will pad to max length found in this fold's successful loads.
Padding to max length found in fold: 295
Padding 624 time series to final length: 295
Proceeding with 624 subjects for Fold 9 model training/evaluation.
Phenotype encoder created.
Generating initial embeddings for graph construction (Batch Size: 32)...
Initial embeddings generated.
Building k-NN graph (k=20)...
Graph built with 624 nodes and 12480 edges.
Starting training for Fold 9... Train samples: 562, Test samples: 62
  Epoch 1, Grad Norm: 0.4955
F9 E001 | Loss: 0.7011 | Tr Acc: 0.4840 | Te Acc: 0.4839 | Te AUC: 0.5062 | Te F1: 0.3156
F9 E002 | Loss: 0.6956 | Tr Acc: 0.4840 | Te Acc: 0.4839 | Te AUC: 0.5240 | Te F1: 0.3156
F9 E003 | Loss: 0.6839 | Tr Acc: 0.4840 | Te Acc: 0.4839 | Te AUC: 0.5469 | Te F1: 0.3156
F9 E004 | Loss: 0.6835 | Tr Acc: 0.4840 | Te Acc: 0.4839 | Te AUC: 0.5573 | Te F1: 0.3156
  Epoch 5, Grad Norm: 0.4588
F9 E005 | Loss: 0.6907 | Tr Acc: 0.4840 | Te Acc: 0.4839 | Te AUC: 0.5750 | Te F1: 0.3156
F9 E006 | Loss: 0.6785 | Tr Acc: 0.4858 | Te Acc: 0.4839 | Te AUC: 0.5854 | Te F1: 0.3156
F9 E007 | Loss: 0.6771 | Tr Acc: 0.4964 | Te Acc: 0.4839 | Te AUC: 0.5958 | Te F1: 0.3156
F9 E008 | Loss: 0.6811 | Tr Acc: 0.5214 | Te Acc: 0.5323 | Te AUC: 0.6062 | Te F1: 0.4787
F9 E009 | Loss: 0.6735 | Tr Acc: 0.5961 | Te Acc: 0.6290 | Te AUC: 0.6250 | Te F1: 0.6276
  Epoch 10, Grad Norm: 0.4092
F9 E010 | Loss: 0.6765 | Tr Acc: 0.6050 | Te Acc: 0.5645 | Te AUC: 0.6427 | Te F1: 0.5642
F9 E011 | Loss: 0.6802 | Tr Acc: 0.6157 | Te Acc: 0.5484 | Te AUC: 0.6417 | Te F1: 0.5427
F9 E012 | Loss: 0.6668 | Tr Acc: 0.5819 | Te Acc: 0.5645 | Te AUC: 0.6385 | Te F1: 0.5241
F9 E013 | Loss: 0.6693 | Tr Acc: 0.5747 | Te Acc: 0.5484 | Te AUC: 0.6406 | Te F1: 0.4892
F9 E014 | Loss: 0.6646 | Tr Acc: 0.5765 | Te Acc: 0.5484 | Te AUC: 0.6396 | Te F1: 0.4892
  Epoch 15, Grad Norm: 0.3708
F9 E015 | Loss: 0.6476 | Tr Acc: 0.5765 | Te Acc: 0.5484 | Te AUC: 0.6417 | Te F1: 0.4892
F9 E016 | Loss: 0.6609 | Tr Acc: 0.5783 | Te Acc: 0.5323 | Te AUC: 0.6417 | Te F1: 0.4774
F9 E017 | Loss: 0.6559 | Tr Acc: 0.5819 | Te Acc: 0.5484 | Te AUC: 0.6438 | Te F1: 0.5012
F9 E018 | Loss: 0.6585 | Tr Acc: 0.5961 | Te Acc: 0.5806 | Te AUC: 0.6365 | Te F1: 0.5613
F9 E019 | Loss: 0.6443 | Tr Acc: 0.6050 | Te Acc: 0.5645 | Te AUC: 0.6354 | Te F1: 0.5572
  Epoch 20, Grad Norm: 0.3672
F9 E020 | Loss: 0.6501 | Tr Acc: 0.6103 | Te Acc: 0.5806 | Te AUC: 0.6323 | Te F1: 0.5753
F9 E021 | Loss: 0.6515 | Tr Acc: 0.6263 | Te Acc: 0.5484 | Te AUC: 0.6323 | Te F1: 0.5455
F9 E022 | Loss: 0.6466 | Tr Acc: 0.6121 | Te Acc: 0.5645 | Te AUC: 0.6333 | Te F1: 0.5642
F9 E023 | Loss: 0.6419 | Tr Acc: 0.6210 | Te Acc: 0.5645 | Te AUC: 0.6281 | Te F1: 0.5642
F9 E024 | Loss: 0.6428 | Tr Acc: 0.6281 | Te Acc: 0.5645 | Te AUC: 0.6260 | Te F1: 0.5642
  Epoch 25, Grad Norm: 0.3709
F9 E025 | Loss: 0.6434 | Tr Acc: 0.6121 | Te Acc: 0.6129 | Te AUC: 0.6219 | Te F1: 0.6121
F9 E026 | Loss: 0.6545 | Tr Acc: 0.5979 | Te Acc: 0.6452 | Te AUC: 0.6125 | Te F1: 0.6290
F9 E027 | Loss: 0.6372 | Tr Acc: 0.5623 | Te Acc: 0.5968 | Te AUC: 0.6094 | Te F1: 0.5395
F9 E028 | Loss: 0.6577 | Tr Acc: 0.5925 | Te Acc: 0.6290 | Te AUC: 0.6125 | Te F1: 0.6148
F9 E029 | Loss: 0.6459 | Tr Acc: 0.6192 | Te Acc: 0.6129 | Te AUC: 0.6229 | Te F1: 0.6129
  Epoch 30, Grad Norm: 0.3679
F9 E030 | Loss: 0.6362 | Tr Acc: 0.6388 | Te Acc: 0.5323 | Te AUC: 0.6240 | Te F1: 0.5244
F9 E031 | Loss: 0.6416 | Tr Acc: 0.6299 | Te Acc: 0.5323 | Te AUC: 0.6302 | Te F1: 0.5141
F9 E032 | Loss: 0.6310 | Tr Acc: 0.5996 | Te Acc: 0.5323 | Te AUC: 0.6281 | Te F1: 0.5071
F9 E033 | Loss: 0.6340 | Tr Acc: 0.6014 | Te Acc: 0.5484 | Te AUC: 0.6250 | Te F1: 0.5202
  Learning rate reduced to 1.0e-04
F9 E034 | Loss: 0.6268 | Tr Acc: 0.6103 | Te Acc: 0.5323 | Te AUC: 0.6240 | Te F1: 0.5071
  Epoch 35, Grad Norm: 0.3811
F9 E035 | Loss: 0.6258 | Tr Acc: 0.6157 | Te Acc: 0.5323 | Te AUC: 0.6198 | Te F1: 0.5071
F9 E036 | Loss: 0.6221 | Tr Acc: 0.6263 | Te Acc: 0.5161 | Te AUC: 0.6167 | Te F1: 0.4938
F9 E037 | Loss: 0.6356 | Tr Acc: 0.6370 | Te Acc: 0.5161 | Te AUC: 0.6177 | Te F1: 0.4938
F9 E038 | Loss: 0.6263 | Tr Acc: 0.6459 | Te Acc: 0.5323 | Te AUC: 0.6167 | Te F1: 0.5244
F9 E039 | Loss: 0.6314 | Tr Acc: 0.6477 | Te Acc: 0.5161 | Te AUC: 0.6167 | Te F1: 0.5131
  Epoch 40, Grad Norm: 0.4032
F9 E040 | Loss: 0.6414 | Tr Acc: 0.6459 | Te Acc: 0.5323 | Te AUC: 0.6167 | Te F1: 0.5304
F9 E041 | Loss: 0.6267 | Tr Acc: 0.6388 | Te Acc: 0.6129 | Te AUC: 0.6135 | Te F1: 0.6105
F9 E042 | Loss: 0.6203 | Tr Acc: 0.6352 | Te Acc: 0.6290 | Te AUC: 0.6177 | Te F1: 0.6229
F9 E043 | Loss: 0.6177 | Tr Acc: 0.6192 | Te Acc: 0.6290 | Te AUC: 0.6219 | Te F1: 0.6229
F9 E044 | Loss: 0.6144 | Tr Acc: 0.6050 | Te Acc: 0.6290 | Te AUC: 0.6240 | Te F1: 0.6229
  Epoch 45, Grad Norm: 0.3563
F9 E045 | Loss: 0.6308 | Tr Acc: 0.6050 | Te Acc: 0.6290 | Te AUC: 0.6240 | Te F1: 0.6229
F9 E046 | Loss: 0.6266 | Tr Acc: 0.6085 | Te Acc: 0.6452 | Te AUC: 0.6219 | Te F1: 0.6377
F9 E047 | Loss: 0.6175 | Tr Acc: 0.6050 | Te Acc: 0.6452 | Te AUC: 0.6229 | Te F1: 0.6338
Early stopping triggered at epoch 47 due to lack of improvement in Test AUC for 30 evaluation steps.
Fold 9 - Training finished. Best Test Accuracy: 0.5484, AUC: 0.6438
Fold 9 elapsed time: 44.20 seconds.

--- Fold 10/10 ---
Calculating max TS length for Positional Encoding (624 subjects)...
Determined max TS length 295 from 624 valid files for Positional Encoding.
Fold 10 using dynamic max length (up to 295 for PE).
Loading time series for 624 subjects in fold...
No truncation active. Will pad to max length found in this fold's successful loads.
Padding to max length found in fold: 295
Padding 624 time series to final length: 295
Proceeding with 624 subjects for Fold 10 model training/evaluation.
Phenotype encoder created.
Generating initial embeddings for graph construction (Batch Size: 32)...
Initial embeddings generated.
Building k-NN graph (k=20)...
Graph built with 624 nodes and 12480 edges.
Starting training for Fold 10... Train samples: 562, Test samples: 62
  Epoch 1, Grad Norm: 0.6317
F10 E001 | Loss: 0.7179 | Tr Acc: 0.4840 | Te Acc: 0.4839 | Te AUC: 0.5625 | Te F1: 0.3156
F10 E002 | Loss: 0.6941 | Tr Acc: 0.5249 | Te Acc: 0.5645 | Te AUC: 0.5635 | Te F1: 0.5478
F10 E003 | Loss: 0.6968 | Tr Acc: 0.5320 | Te Acc: 0.5323 | Te AUC: 0.5812 | Te F1: 0.4103
F10 E004 | Loss: 0.6735 | Tr Acc: 0.5160 | Te Acc: 0.5161 | Te AUC: 0.5760 | Te F1: 0.3514
  Epoch 5, Grad Norm: 0.5794
F10 E005 | Loss: 0.7034 | Tr Acc: 0.5160 | Te Acc: 0.5161 | Te AUC: 0.5865 | Te F1: 0.3514
F10 E006 | Loss: 0.6859 | Tr Acc: 0.5160 | Te Acc: 0.5161 | Te AUC: 0.5792 | Te F1: 0.3514
F10 E007 | Loss: 0.6868 | Tr Acc: 0.5160 | Te Acc: 0.5161 | Te AUC: 0.5844 | Te F1: 0.3514
F10 E008 | Loss: 0.6725 | Tr Acc: 0.5160 | Te Acc: 0.5161 | Te AUC: 0.5906 | Te F1: 0.3514
F10 E009 | Loss: 0.6690 | Tr Acc: 0.5160 | Te Acc: 0.5161 | Te AUC: 0.5906 | Te F1: 0.3514
  Epoch 10, Grad Norm: 0.5368
F10 E010 | Loss: 0.6775 | Tr Acc: 0.5160 | Te Acc: 0.5161 | Te AUC: 0.6042 | Te F1: 0.3514
F10 E011 | Loss: 0.6644 | Tr Acc: 0.5178 | Te Acc: 0.5323 | Te AUC: 0.5979 | Te F1: 0.3864
F10 E012 | Loss: 0.6800 | Tr Acc: 0.5320 | Te Acc: 0.5484 | Te AUC: 0.5969 | Te F1: 0.4195
F10 E013 | Loss: 0.6755 | Tr Acc: 0.5516 | Te Acc: 0.5645 | Te AUC: 0.6042 | Te F1: 0.4701
F10 E014 | Loss: 0.6670 | Tr Acc: 0.6103 | Te Acc: 0.5484 | Te AUC: 0.6062 | Te F1: 0.5114
  Epoch 15, Grad Norm: 0.4975
F10 E015 | Loss: 0.6837 | Tr Acc: 0.6263 | Te Acc: 0.5806 | Te AUC: 0.6104 | Te F1: 0.5753
F10 E016 | Loss: 0.6603 | Tr Acc: 0.6139 | Te Acc: 0.6129 | Te AUC: 0.6167 | Te F1: 0.6105
F10 E017 | Loss: 0.6583 | Tr Acc: 0.6068 | Te Acc: 0.5484 | Te AUC: 0.6052 | Te F1: 0.5012
F10 E018 | Loss: 0.6564 | Tr Acc: 0.5925 | Te Acc: 0.5484 | Te AUC: 0.6010 | Te F1: 0.4594
F10 E019 | Loss: 0.6614 | Tr Acc: 0.5552 | Te Acc: 0.5806 | Te AUC: 0.5906 | Te F1: 0.4809
  Epoch 20, Grad Norm: 0.4709
F10 E020 | Loss: 0.6560 | Tr Acc: 0.5463 | Te Acc: 0.5806 | Te AUC: 0.5927 | Te F1: 0.4809
F10 E021 | Loss: 0.6680 | Tr Acc: 0.5463 | Te Acc: 0.5806 | Te AUC: 0.5927 | Te F1: 0.4809
F10 E022 | Loss: 0.6557 | Tr Acc: 0.5463 | Te Acc: 0.5806 | Te AUC: 0.6000 | Te F1: 0.4809
F10 E023 | Loss: 0.6587 | Tr Acc: 0.5516 | Te Acc: 0.5645 | Te AUC: 0.5979 | Te F1: 0.4701
F10 E024 | Loss: 0.6316 | Tr Acc: 0.5516 | Te Acc: 0.5645 | Te AUC: 0.5938 | Te F1: 0.4701
  Epoch 25, Grad Norm: 0.4710
F10 E025 | Loss: 0.6532 | Tr Acc: 0.5498 | Te Acc: 0.5645 | Te AUC: 0.5969 | Te F1: 0.4701
F10 E026 | Loss: 0.6515 | Tr Acc: 0.5516 | Te Acc: 0.5645 | Te AUC: 0.5969 | Te F1: 0.4701
F10 E027 | Loss: 0.6545 | Tr Acc: 0.5516 | Te Acc: 0.5645 | Te AUC: 0.5906 | Te F1: 0.4701
F10 E028 | Loss: 0.6443 | Tr Acc: 0.5641 | Te Acc: 0.5645 | Te AUC: 0.5927 | Te F1: 0.4701
F10 E029 | Loss: 0.6452 | Tr Acc: 0.5712 | Te Acc: 0.5484 | Te AUC: 0.5906 | Te F1: 0.4594
  Epoch 30, Grad Norm: 0.4487
F10 E030 | Loss: 0.6427 | Tr Acc: 0.5783 | Te Acc: 0.5484 | Te AUC: 0.5875 | Te F1: 0.4594
F10 E031 | Loss: 0.6451 | Tr Acc: 0.5961 | Te Acc: 0.5645 | Te AUC: 0.5896 | Te F1: 0.4867
F10 E032 | Loss: 0.6478 | Tr Acc: 0.6406 | Te Acc: 0.5000 | Te AUC: 0.5896 | Te F1: 0.4805
  Learning rate reduced to 1.0e-04
F10 E033 | Loss: 0.6348 | Tr Acc: 0.6406 | Te Acc: 0.5484 | Te AUC: 0.5917 | Te F1: 0.5427
F10 E034 | Loss: 0.6290 | Tr Acc: 0.6317 | Te Acc: 0.5323 | Te AUC: 0.5958 | Te F1: 0.5324
  Epoch 35, Grad Norm: 0.4415
F10 E035 | Loss: 0.6452 | Tr Acc: 0.6352 | Te Acc: 0.5645 | Te AUC: 0.5958 | Te F1: 0.5642
F10 E036 | Loss: 0.6386 | Tr Acc: 0.6352 | Te Acc: 0.6129 | Te AUC: 0.6031 | Te F1: 0.6047
F10 E037 | Loss: 0.6312 | Tr Acc: 0.6423 | Te Acc: 0.5645 | Te AUC: 0.6073 | Te F1: 0.5478
F10 E038 | Loss: 0.6302 | Tr Acc: 0.6050 | Te Acc: 0.5323 | Te AUC: 0.6125 | Te F1: 0.4993
F10 E039 | Loss: 0.6445 | Tr Acc: 0.5961 | Te Acc: 0.5323 | Te AUC: 0.6146 | Te F1: 0.4898
  Epoch 40, Grad Norm: 0.4185
F10 E040 | Loss: 0.6204 | Tr Acc: 0.5641 | Te Acc: 0.5484 | Te AUC: 0.6125 | Te F1: 0.4622
F10 E041 | Loss: 0.6338 | Tr Acc: 0.5391 | Te Acc: 0.5000 | Te AUC: 0.6094 | Te F1: 0.3743
F10 E042 | Loss: 0.6331 | Tr Acc: 0.5285 | Te Acc: 0.4677 | Te AUC: 0.6094 | Te F1: 0.3084
F10 E043 | Loss: 0.6290 | Tr Acc: 0.5178 | Te Acc: 0.4677 | Te AUC: 0.6135 | Te F1: 0.3084
F10 E044 | Loss: 0.6417 | Tr Acc: 0.5125 | Te Acc: 0.4677 | Te AUC: 0.6094 | Te F1: 0.3084
  Epoch 45, Grad Norm: 0.4731
F10 E045 | Loss: 0.6281 | Tr Acc: 0.5089 | Te Acc: 0.4677 | Te AUC: 0.6083 | Te F1: 0.3084
F10 E046 | Loss: 0.6317 | Tr Acc: 0.5053 | Te Acc: 0.4677 | Te AUC: 0.6104 | Te F1: 0.3084
Early stopping triggered at epoch 46 due to lack of improvement in Test AUC for 30 evaluation steps.
Fold 10 - Training finished. Best Test Accuracy: 0.6129, AUC: 0.6167
Fold 10 elapsed time: 42.30 seconds.

--- Cross-Validation Results ---
Number of successfully completed folds with valid metrics: 10/10
Average Accuracy:  0.5801 +/- 0.0662
Average F1-Score:  0.5090
Average Precision: 0.5906
Average Recall:    0.5801
Average AUC:       0.6680

Total elapsed time: 528.63 seconds.
--- Run Finished ---
Frankenstein Training completed at Wed Apr 16 03:39:22 AM EDT 2025
