Starting ACHNN regression training with 16 CPUs and 1 GPU at Wed Apr 16 04:31:25 AM EDT 2025
Loading configuration from config_baseline_rf.yaml...
Loading preprocessed features and labels...
 Feature shape: (546, 19927), Label shape: (546,)
 Label distribution: [279 267]
Attempting to retrieve feature names...
Warning: Could not reliably get OHE feature names: name 'SimpleImputer' is not defined. Using generic names.

--- Fold 1/10 ---
Applying RFE to select 1000 features...
 Fitting RFE...
 Transforming features with RFE...
 RFE finished. Selected features shape: (491, 1000)
Training Random Forest Classifier...
Evaluating on test set...
Fold 1 Results: Acc=0.6909, AUC=0.7407, F1=0.6903
Fold 1 elapsed time: 4.36 seconds.

--- Fold 2/10 ---
Applying RFE to select 1000 features...
 Fitting RFE...
 Transforming features with RFE...
 RFE finished. Selected features shape: (491, 1000)
Training Random Forest Classifier...
Evaluating on test set...
Fold 2 Results: Acc=0.6364, AUC=0.6720, F1=0.6356
Fold 2 elapsed time: 4.28 seconds.

--- Fold 3/10 ---
Applying RFE to select 1000 features...
 Fitting RFE...
 Transforming features with RFE...
 RFE finished. Selected features shape: (491, 1000)
Training Random Forest Classifier...
Evaluating on test set...
Fold 3 Results: Acc=0.6000, AUC=0.6627, F1=0.5973
Fold 3 elapsed time: 4.08 seconds.

--- Fold 4/10 ---
Applying RFE to select 1000 features...
 Fitting RFE...
 Transforming features with RFE...
 RFE finished. Selected features shape: (491, 1000)
Training Random Forest Classifier...
Evaluating on test set...
Fold 4 Results: Acc=0.6909, AUC=0.7222, F1=0.6878
Fold 4 elapsed time: 4.19 seconds.

--- Fold 5/10 ---
Applying RFE to select 1000 features...
 Fitting RFE...
 Transforming features with RFE...
 RFE finished. Selected features shape: (491, 1000)
Training Random Forest Classifier...
Evaluating on test set...
Fold 5 Results: Acc=0.6545, AUC=0.6627, F1=0.6532
Fold 5 elapsed time: 4.22 seconds.

--- Fold 6/10 ---
Applying RFE to select 1000 features...
 Fitting RFE...
 Transforming features with RFE...
 RFE finished. Selected features shape: (491, 1000)
Training Random Forest Classifier...
Evaluating on test set...
Fold 6 Results: Acc=0.6545, AUC=0.7526, F1=0.6532
Fold 6 elapsed time: 4.13 seconds.

--- Fold 7/10 ---
Applying RFE to select 1000 features...
 Fitting RFE...
 Transforming features with RFE...
 RFE finished. Selected features shape: (492, 1000)
Training Random Forest Classifier...
Evaluating on test set...
Fold 7 Results: Acc=0.6296, AUC=0.7325, F1=0.6276
Fold 7 elapsed time: 4.09 seconds.

--- Fold 8/10 ---
Applying RFE to select 1000 features...
 Fitting RFE...
 Transforming features with RFE...
 RFE finished. Selected features shape: (492, 1000)
Training Random Forest Classifier...
Evaluating on test set...
Fold 8 Results: Acc=0.6852, AUC=0.7074, F1=0.6849
Fold 8 elapsed time: 4.24 seconds.

--- Fold 9/10 ---
Applying RFE to select 1000 features...
 Fitting RFE...
 Transforming features with RFE...
 RFE finished. Selected features shape: (492, 1000)
Training Random Forest Classifier...
Evaluating on test set...
Fold 9 Results: Acc=0.7037, AUC=0.7651, F1=0.7012
Fold 9 elapsed time: 4.16 seconds.

--- Fold 10/10 ---
Applying RFE to select 1000 features...
 Fitting RFE...
 Transforming features with RFE...
 RFE finished. Selected features shape: (492, 1000)
Training Random Forest Classifier...
Evaluating on test set...
Fold 10 Results: Acc=0.7037, AUC=0.7610, F1=0.7029
Fold 10 elapsed time: 3.99 seconds.

--- Cross-Validation Results ---
Number of successfully completed folds: 10/10
Average Accuracy:  0.6649 +/- 0.0336
Average F1-Score:  0.6634
Average Precision: 0.6668
Average Recall:    0.6649
Average AUC:       0.7179

--- Average Feature Importances (Random Forest Gini Importance) ---
Average feature importance across folds not calculated when RFE is enabled (selected features may differ per fold).

Total elapsed time: 41.80 seconds.
--- Baseline Random Forest Run Finished ---
Frankenstein Training completed at Wed Apr 16 04:32:09 AM EDT 2025
