Starting ACHNN regression training with 16 CPUs and 1 GPU at Wed Apr 16 02:53:38 AM EDT 2025
Loading configuration from config.yaml...

--- Configuration Used ---
data_params:
  exclude_cols:
  - 'Unnamed: 0'
  - X
  - subject
  - FILE_ID
  - qc_rater_1
  - qc_notes_rater_1
  - qc_anat_rater_2
  - qc_anat_notes_rater_2
  - qc_func_rater_2
  - qc_func_notes_rater_2
  - qc_anat_rater_3
  - qc_anat_notes_rater_3
  - qc_func_rater_3
  - qc_func_notes_rater_3
  max_ts_length: -1
  num_regions: 200
  phenotype_cols_categorical:
  - SEX
  - SITE_ID
  phenotype_cols_numerical:
  - AGE_AT_SCAN
  - FIQ
  phenotype_file: Phenotypic_V1_0b_preprocessed1.csv
  region_dir: /home/pl217/connecto-hopfield/results/abide_timeseries/ccs_filt_noglobal_rois_cc200/
  site_id_col: SITE_ID
  sub_id_col: SUB_ID
  target_col: DX_GROUP
graph_params:
  k_neighbors: 5
model_params:
  dropout_rate: 0.2
  gnn_heads: 4
  gnn_hidden_dim: 128
  gnn_output_dim: 2
  pheno_embedding_dim: 64
  pheno_hidden_dim: 128
  ts_embedding_dim: 128
  ts_transformer_d_model: 256
  ts_transformer_dim_feedforward: 1024
  ts_transformer_nhead: 4
  ts_transformer_num_layers: 4
run_params:
  device: cuda
  early_stopping_patience: 25
  encoder_batch_size: 32
  epochs: 200
  learning_rate: 0.01
  n_splits: 10
  seed: 42
  weight_decay: 0.0005

--------------------------

Using configured max_ts_length setting: -1 (-1 means use max in fold)
Using configured num_regions: 200
Using configured encoder_batch_size: 32
Random seed set to 42
Using GPU: NVIDIA RTX A5000
Loading phenotype data from: Phenotypic_V1_0b_preprocessed1.csv
Original selected data shape: (1112, 6)
Using target column: 'DX_GROUP'
Filtered out 0 rows with invalid/missing target values.
Phenotype data shape after target filtering: (1112, 6)
Processing specified numerical features...
 Processing numerical columns: ['AGE_AT_SCAN', 'FIQ']
Processing specified categorical features...
 Processing categorical columns: ['SEX', 'SITE_ID']
  Encoded categorical columns: ['SEX_1', 'SEX_2', 'SITE_ID_CALTECH', 'SITE_ID_CMU', 'SITE_ID_KKI', 'SITE_ID_LEUVEN_1', 'SITE_ID_LEUVEN_2', 'SITE_ID_MAX_MUN', 'SITE_ID_NYU', 'SITE_ID_OHSU', 'SITE_ID_OLIN', 'SITE_ID_PITT', 'SITE_ID_SBL', 'SITE_ID_SDSU', 'SITE_ID_STANFORD', 'SITE_ID_TRINITY', 'SITE_ID_UCLA_1', 'SITE_ID_UCLA_2', 'SITE_ID_UM_1', 'SITE_ID_UM_2', 'SITE_ID_USM', 'SITE_ID_YALE']
Final phenotype features identified (24): ['AGE_AT_SCAN', 'FIQ', 'SEX_1', 'SEX_2', 'SITE_ID_CALTECH', 'SITE_ID_CMU', 'SITE_ID_KKI', 'SITE_ID_LEUVEN_1', 'SITE_ID_LEUVEN_2', 'SITE_ID_MAX_MUN', 'SITE_ID_NYU', 'SITE_ID_OHSU', 'SITE_ID_OLIN', 'SITE_ID_PITT', 'SITE_ID_SBL', 'SITE_ID_SDSU', 'SITE_ID_STANFORD', 'SITE_ID_TRINITY', 'SITE_ID_UCLA_1', 'SITE_ID_UCLA_2', 'SITE_ID_UM_1', 'SITE_ID_UM_2', 'SITE_ID_USM', 'SITE_ID_YALE']
Checking for corresponding TS files in: /home/pl217/connecto-hopfield/results/abide_timeseries/ccs_filt_noglobal_rois_cc200/
Processed 1112 subjects from phenotype data.
Found existing, non-empty TS files for 546 subjects.
Skipped 566 subjects (missing file or invalid ID/Site).
Skipped 0 subjects (empty file).
Total subjects available for K-Fold analysis: 546

--- Fold 1/10 ---
Calculating max TS length for Positional Encoding (546 subjects)...
Determined max TS length 295 from 546 valid files for Positional Encoding.
Fold 1 using dynamic max length (up to 295 for PE).
Loading time series for 546 subjects in fold...
No truncation active. Will pad to max length found in this fold's successful loads.
Padding to max length found in fold: 295
Padding 546 time series to final length: 295
Proceeding with 546 subjects for Fold 1 model training/evaluation.
Phenotype encoder created.
Generating initial embeddings for graph construction (Batch Size: 32)...
Initial embeddings generated.
Building k-NN graph (k=5)...
Graph built with 546 nodes and 2730 edges.
Starting training for Fold 1... Train samples: 491, Test samples: 55
  Epoch 1, Grad Norm: 0.4489
F1 E001 | Loss: 0.7083 | Tr Acc: 0.4888 | Te Acc: 0.4909 | Te AUC: 0.3313 | Te F1: 0.3233
  Epoch 5, Grad Norm: 0.4129
F1 E005 | Loss: 0.7017 | Tr Acc: 0.4888 | Te Acc: 0.4909 | Te AUC: 0.7090 | Te F1: 0.3233
  Epoch 10, Grad Norm: 0.2863
F1 E010 | Loss: 0.6961 | Tr Acc: 0.4888 | Te Acc: 0.4909 | Te AUC: 0.7156 | Te F1: 0.3233
  Epoch 15, Grad Norm: 0.8578
F1 E015 | Loss: 0.6695 | Tr Acc: 0.6008 | Te Acc: 0.7273 | Te AUC: 0.7249 | Te F1: 0.7273
  Epoch 20, Grad Norm: 1.0585
F1 E020 | Loss: 0.6747 | Tr Acc: 0.4888 | Te Acc: 0.4909 | Te AUC: 0.6865 | Te F1: 0.3233
  Epoch 25, Grad Norm: 0.7532
F1 E025 | Loss: 0.6814 | Tr Acc: 0.4786 | Te Acc: 0.5273 | Te AUC: 0.6720 | Te F1: 0.3992
  Epoch 30, Grad Norm: 0.6189
F1 E030 | Loss: 0.6778 | Tr Acc: 0.4827 | Te Acc: 0.5273 | Te AUC: 0.6918 | Te F1: 0.4227
  Epoch 35, Grad Norm: 0.5695
F1 E035 | Loss: 0.6757 | Tr Acc: 0.5255 | Te Acc: 0.5273 | Te AUC: 0.6389 | Te F1: 0.3827
  Epoch 40, Grad Norm: 0.3464
F1 E040 | Loss: 0.6912 | Tr Acc: 0.5112 | Te Acc: 0.5091 | Te AUC: 0.5714 | Te F1: 0.3435
  Epoch 45, Grad Norm: 3.7462
F1 E045 | Loss: 0.6858 | Tr Acc: 0.4888 | Te Acc: 0.4909 | Te AUC: 0.7050 | Te F1: 0.3233
  Epoch 50, Grad Norm: 0.6535
F1 E050 | Loss: 0.6765 | Tr Acc: 0.4888 | Te Acc: 0.4909 | Te AUC: 0.7328 | Te F1: 0.3233
  Epoch 55, Grad Norm: 32.8626
F1 E055 | Loss: 0.6624 | Tr Acc: 0.5234 | Te Acc: 0.5636 | Te AUC: 0.7235 | Te F1: 0.4856
  Epoch 60, Grad Norm: 0.5137
F1 E060 | Loss: 0.6849 | Tr Acc: 0.5112 | Te Acc: 0.5091 | Te AUC: 0.6243 | Te F1: 0.3435
  Epoch 65, Grad Norm: 2.3057
F1 E065 | Loss: 0.6774 | Tr Acc: 0.5112 | Te Acc: 0.5091 | Te AUC: 0.6759 | Te F1: 0.3435
  Epoch 70, Grad Norm: 0.4571
F1 E070 | Loss: 0.6693 | Tr Acc: 0.5112 | Te Acc: 0.5091 | Te AUC: 0.7487 | Te F1: 0.3435
  Epoch 75, Grad Norm: 0.3558
F1 E075 | Loss: 0.6894 | Tr Acc: 0.5214 | Te Acc: 0.5636 | Te AUC: 0.7103 | Te F1: 0.4545
  Epoch 80, Grad Norm: 0.6022
F1 E080 | Loss: 0.6876 | Tr Acc: 0.5642 | Te Acc: 0.5818 | Te AUC: 0.6587 | Te F1: 0.4876
  Epoch 85, Grad Norm: 53.9637
F1 E085 | Loss: 0.6777 | Tr Acc: 0.5784 | Te Acc: 0.7091 | Te AUC: 0.6720 | Te F1: 0.6873
  Epoch 90, Grad Norm: 0.4087
F1 E090 | Loss: 0.6844 | Tr Acc: 0.5947 | Te Acc: 0.6545 | Te AUC: 0.7302 | Te F1: 0.6543
  Epoch 95, Grad Norm: 0.5324
F1 E095 | Loss: 0.6879 | Tr Acc: 0.5112 | Te Acc: 0.5091 | Te AUC: 0.7474 | Te F1: 0.3435
  Epoch 100, Grad Norm: 0.1976
F1 E100 | Loss: 0.6853 | Tr Acc: 0.4888 | Te Acc: 0.4909 | Te AUC: 0.7632 | Te F1: 0.3233
  Epoch 105, Grad Norm: 0.8601
F1 E105 | Loss: 0.6830 | Tr Acc: 0.4888 | Te Acc: 0.4909 | Te AUC: 0.7011 | Te F1: 0.3233
  Epoch 110, Grad Norm: 5.7770
F1 E110 | Loss: 0.6792 | Tr Acc: 0.5804 | Te Acc: 0.6182 | Te AUC: 0.6852 | Te F1: 0.5936
  Epoch 115, Grad Norm: 2.3351
F1 E115 | Loss: 0.7034 | Tr Acc: 0.5723 | Te Acc: 0.6000 | Te AUC: 0.6706 | Te F1: 0.5700
  Epoch 120, Grad Norm: 1.1556
F1 E120 | Loss: 0.6880 | Tr Acc: 0.4908 | Te Acc: 0.5091 | Te AUC: 0.6878 | Te F1: 0.3624
  Epoch 125, Grad Norm: 2.0085
F1 E125 | Loss: 0.6899 | Tr Acc: 0.4888 | Te Acc: 0.4909 | Te AUC: 0.6786 | Te F1: 0.3233
  Epoch 130, Grad Norm: 26.0150
F1 E130 | Loss: 0.6801 | Tr Acc: 0.4888 | Te Acc: 0.4909 | Te AUC: 0.6720 | Te F1: 0.3233
  Epoch 135, Grad Norm: 13.0171
F1 E135 | Loss: 0.6682 | Tr Acc: 0.4969 | Te Acc: 0.5091 | Te AUC: 0.6693 | Te F1: 0.4113
  Epoch 140, Grad Norm: 1.1260
F1 E140 | Loss: 0.6896 | Tr Acc: 0.4786 | Te Acc: 0.5091 | Te AUC: 0.6521 | Te F1: 0.3624
  Epoch 145, Grad Norm: 10.4009
F1 E145 | Loss: 0.6788 | Tr Acc: 0.4827 | Te Acc: 0.5091 | Te AUC: 0.6521 | Te F1: 0.3624
  Epoch 150, Grad Norm: 1.1340
F1 E150 | Loss: 0.6855 | Tr Acc: 0.5193 | Te Acc: 0.5636 | Te AUC: 0.6653 | Te F1: 0.5262
  Epoch 155, Grad Norm: 0.8752
F1 E155 | Loss: 0.6789 | Tr Acc: 0.4786 | Te Acc: 0.4909 | Te AUC: 0.6759 | Te F1: 0.3783
  Epoch 160, Grad Norm: 1.7144
F1 E160 | Loss: 0.6855 | Tr Acc: 0.4766 | Te Acc: 0.5091 | Te AUC: 0.6852 | Te F1: 0.3888
  Epoch 165, Grad Norm: 1.5595
F1 E165 | Loss: 0.6790 | Tr Acc: 0.4766 | Te Acc: 0.4909 | Te AUC: 0.6706 | Te F1: 0.3783
  Epoch 170, Grad Norm: 0.4728
F1 E170 | Loss: 0.6914 | Tr Acc: 0.4868 | Te Acc: 0.5273 | Te AUC: 0.6667 | Te F1: 0.4428
  Epoch 175, Grad Norm: 0.4123
F1 E175 | Loss: 0.6687 | Tr Acc: 0.5051 | Te Acc: 0.5636 | Te AUC: 0.6680 | Te F1: 0.5014
  Epoch 180, Grad Norm: 0.6437
F1 E180 | Loss: 0.6774 | Tr Acc: 0.5031 | Te Acc: 0.5636 | Te AUC: 0.6693 | Te F1: 0.5014
  Epoch 185, Grad Norm: 1.1053
F1 E185 | Loss: 0.6839 | Tr Acc: 0.5132 | Te Acc: 0.5636 | Te AUC: 0.6614 | Te F1: 0.5014
  Epoch 190, Grad Norm: 0.5232
F1 E190 | Loss: 0.6773 | Tr Acc: 0.5031 | Te Acc: 0.5455 | Te AUC: 0.6653 | Te F1: 0.4727
  Epoch 195, Grad Norm: 0.8494
F1 E195 | Loss: 0.6767 | Tr Acc: 0.4990 | Te Acc: 0.5455 | Te AUC: 0.6627 | Te F1: 0.4727
  Epoch 200, Grad Norm: 1.5534
F1 E200 | Loss: 0.6820 | Tr Acc: 0.4868 | Te Acc: 0.5455 | Te AUC: 0.6640 | Te F1: 0.4727
Fold 1 - Training finished. Best Test Accuracy: 0.4909, AUC: 0.7632
Fold 1 elapsed time: 120.77 seconds.

--- Fold 2/10 ---
Calculating max TS length for Positional Encoding (546 subjects)...
Determined max TS length 295 from 546 valid files for Positional Encoding.
Fold 2 using dynamic max length (up to 295 for PE).
Loading time series for 546 subjects in fold...
No truncation active. Will pad to max length found in this fold's successful loads.
Padding to max length found in fold: 295
Padding 546 time series to final length: 295
Proceeding with 546 subjects for Fold 2 model training/evaluation.
Phenotype encoder created.
Generating initial embeddings for graph construction (Batch Size: 32)...
Initial embeddings generated.
Building k-NN graph (k=5)...
Graph built with 546 nodes and 2730 edges.
Starting training for Fold 2... Train samples: 491, Test samples: 55
  Epoch 1, Grad Norm: 0.6026
F2 E001 | Loss: 0.7293 | Tr Acc: 0.5112 | Te Acc: 0.5091 | Te AUC: 0.6296 | Te F1: 0.3435
  Epoch 5, Grad Norm: 0.4658
F2 E005 | Loss: 0.7044 | Tr Acc: 0.4888 | Te Acc: 0.4909 | Te AUC: 0.5780 | Te F1: 0.3233
  Epoch 10, Grad Norm: 0.4984
F2 E010 | Loss: 0.6672 | Tr Acc: 0.5988 | Te Acc: 0.5091 | Te AUC: 0.5926 | Te F1: 0.4665
  Epoch 15, Grad Norm: 0.4131
F2 E015 | Loss: 0.6542 | Tr Acc: 0.5743 | Te Acc: 0.4909 | Te AUC: 0.6230 | Te F1: 0.3877
  Epoch 20, Grad Norm: 0.9846
F2 E020 | Loss: 0.6217 | Tr Acc: 0.4888 | Te Acc: 0.4909 | Te AUC: 0.6680 | Te F1: 0.3233
  Epoch 25, Grad Norm: 0.9063
F2 E025 | Loss: 0.6665 | Tr Acc: 0.4888 | Te Acc: 0.4909 | Te AUC: 0.6005 | Te F1: 0.3233
  Epoch 30, Grad Norm: 0.6777
F2 E030 | Loss: 0.6618 | Tr Acc: 0.4888 | Te Acc: 0.4909 | Te AUC: 0.6323 | Te F1: 0.3233
  Epoch 35, Grad Norm: 2.4495
F2 E035 | Loss: 0.6512 | Tr Acc: 0.5356 | Te Acc: 0.5091 | Te AUC: 0.5622 | Te F1: 0.3984
  Epoch 40, Grad Norm: 0.9233
F2 E040 | Loss: 0.6642 | Tr Acc: 0.5112 | Te Acc: 0.5091 | Te AUC: 0.4762 | Te F1: 0.3435
  Epoch 45, Grad Norm: 2.7768
F2 E045 | Loss: 0.6780 | Tr Acc: 0.5193 | Te Acc: 0.5091 | Te AUC: 0.4180 | Te F1: 0.3435
  Epoch 50, Grad Norm: 0.3557
F2 E050 | Loss: 0.6745 | Tr Acc: 0.5438 | Te Acc: 0.4545 | Te AUC: 0.4458 | Te F1: 0.3659
  Epoch 55, Grad Norm: 0.5411
F2 E055 | Loss: 0.6559 | Tr Acc: 0.5703 | Te Acc: 0.4545 | Te AUC: 0.5159 | Te F1: 0.3659
  Epoch 60, Grad Norm: 0.7730
F2 E060 | Loss: 0.6732 | Tr Acc: 0.4847 | Te Acc: 0.4909 | Te AUC: 0.5476 | Te F1: 0.3999
  Epoch 65, Grad Norm: 7.6241
F2 E065 | Loss: 0.6639 | Tr Acc: 0.4908 | Te Acc: 0.4909 | Te AUC: 0.6045 | Te F1: 0.3233
  Epoch 70, Grad Norm: 0.4174
F2 E070 | Loss: 0.6649 | Tr Acc: 0.5967 | Te Acc: 0.5636 | Te AUC: 0.5331 | Te F1: 0.5203
  Epoch 75, Grad Norm: 11.4470
F2 E075 | Loss: 0.6687 | Tr Acc: 0.5255 | Te Acc: 0.5091 | Te AUC: 0.4193 | Te F1: 0.3435
  Epoch 80, Grad Norm: 1.2944
F2 E080 | Loss: 0.6786 | Tr Acc: 0.5458 | Te Acc: 0.5091 | Te AUC: 0.4180 | Te F1: 0.3984
  Epoch 85, Grad Norm: 20.0930
F2 E085 | Loss: 0.6644 | Tr Acc: 0.5764 | Te Acc: 0.5091 | Te AUC: 0.5053 | Te F1: 0.4198
  Epoch 90, Grad Norm: 0.3821
F2 E090 | Loss: 0.6620 | Tr Acc: 0.5784 | Te Acc: 0.5091 | Te AUC: 0.5397 | Te F1: 0.4535
  Epoch 95, Grad Norm: 1.2122
F2 E095 | Loss: 0.6641 | Tr Acc: 0.5947 | Te Acc: 0.5636 | Te AUC: 0.5728 | Te F1: 0.5309
  Epoch 100, Grad Norm: 1.3172
F2 E100 | Loss: 0.6634 | Tr Acc: 0.5927 | Te Acc: 0.5455 | Te AUC: 0.5820 | Te F1: 0.5061
  Epoch 105, Grad Norm: 0.4506
F2 E105 | Loss: 0.6615 | Tr Acc: 0.5845 | Te Acc: 0.4909 | Te AUC: 0.5503 | Te F1: 0.4256
  Epoch 110, Grad Norm: 1.0753
F2 E110 | Loss: 0.6729 | Tr Acc: 0.5764 | Te Acc: 0.4909 | Te AUC: 0.5410 | Te F1: 0.4082
  Epoch 115, Grad Norm: 2.2216
F2 E115 | Loss: 0.6688 | Tr Acc: 0.5743 | Te Acc: 0.4909 | Te AUC: 0.5251 | Te F1: 0.4082
  Epoch 120, Grad Norm: 0.5895
F2 E120 | Loss: 0.6617 | Tr Acc: 0.5743 | Te Acc: 0.4727 | Te AUC: 0.5132 | Te F1: 0.3964
  Epoch 125, Grad Norm: 45.5393
F2 E125 | Loss: 0.6609 | Tr Acc: 0.5825 | Te Acc: 0.4727 | Te AUC: 0.5384 | Te F1: 0.3964
  Epoch 130, Grad Norm: 3.3690
F2 E130 | Loss: 0.6659 | Tr Acc: 0.5947 | Te Acc: 0.5273 | Te AUC: 0.5608 | Te F1: 0.4803
  Epoch 135, Grad Norm: 0.5648
F2 E135 | Loss: 0.6680 | Tr Acc: 0.6008 | Te Acc: 0.5273 | Te AUC: 0.5569 | Te F1: 0.4803
  Epoch 140, Grad Norm: 0.8948
F2 E140 | Loss: 0.6714 | Tr Acc: 0.6110 | Te Acc: 0.5455 | Te AUC: 0.5569 | Te F1: 0.5061
  Epoch 145, Grad Norm: 1.0118
F2 E145 | Loss: 0.6681 | Tr Acc: 0.6090 | Te Acc: 0.5636 | Te AUC: 0.5516 | Te F1: 0.5309
Early stopping triggered at epoch 145 due to lack of improvement in Test AUC.
Fold 2 - Training finished. Best Test Accuracy: 0.4909, AUC: 0.6680
Fold 2 elapsed time: 90.04 seconds.

--- Fold 3/10 ---
Calculating max TS length for Positional Encoding (546 subjects)...
Determined max TS length 295 from 546 valid files for Positional Encoding.
Fold 3 using dynamic max length (up to 295 for PE).
Loading time series for 546 subjects in fold...
No truncation active. Will pad to max length found in this fold's successful loads.
Padding to max length found in fold: 295
Padding 546 time series to final length: 295
Proceeding with 546 subjects for Fold 3 model training/evaluation.
Phenotype encoder created.
Generating initial embeddings for graph construction (Batch Size: 32)...
