Starting ACHNN regression training with 16 CPUs and 1 GPU at Wed Apr 16 03:06:01 AM EDT 2025
Loading configuration from config.yaml...

--- Configuration Used ---
data_params:
  exclude_cols:
  - 'Unnamed: 0'
  - X
  - subject
  - FILE_ID
  - qc_rater_1
  - qc_notes_rater_1
  - qc_anat_rater_2
  - qc_anat_notes_rater_2
  - qc_func_rater_2
  - qc_func_notes_rater_2
  - qc_anat_rater_3
  - qc_anat_notes_rater_3
  - qc_func_rater_3
  - qc_func_notes_rater_3
  max_ts_length: -1
  num_regions: 200
  phenotype_cols_categorical:
  - SEX
  - SITE_ID
  - EYE_STATUS_AT_SCAN
  phenotype_cols_numerical:
  - AGE_AT_SCAN
  - FIQ
  - func_mean_fd
  phenotype_file: Phenotypic_V1_0b_preprocessed1.csv
  region_dir: /home/pl217/frankensteins_model/results/abide_timeseries/ccs_filt_noglobal_rois_cc200
  site_id_col: SITE_ID
  sub_id_col: SUB_ID
  target_col: DX_GROUP
graph_params:
  k_neighbors: 20
model_params:
  dropout_rate: 0.6
  gnn_heads: 4
  gnn_hidden_dim: 128
  gnn_output_dim: 2
  pheno_embedding_dim: 64
  pheno_hidden_dim: 128
  ts_embedding_dim: 128
  ts_transformer_d_model: 128
  ts_transformer_dim_feedforward: 512
  ts_transformer_nhead: 4
  ts_transformer_num_layers: 2
run_params:
  device: cuda
  early_stopping_patience: 30
  encoder_batch_size: 32
  epochs: 200
  learning_rate: 0.0005
  n_splits: 10
  seed: 42
  weight_decay: 0.0005

--------------------------

Using configured max_ts_length setting: -1 (-1 means use max in fold)
Using configured num_regions: 200
Using configured encoder_batch_size: 32
Random seed set to 42
Using GPU: NVIDIA RTX A5000
Loading phenotype data from: Phenotypic_V1_0b_preprocessed1.csv
Original selected data shape: (1112, 8)
Using target column: 'DX_GROUP'
Filtered out 0 rows with invalid/missing target values.
Phenotype data shape after target filtering: (1112, 8)
Processing specified numerical features...
 Processing numerical columns: ['AGE_AT_SCAN', 'FIQ', 'func_mean_fd']
Processing specified categorical features...
 Processing categorical columns: ['SEX', 'SITE_ID', 'EYE_STATUS_AT_SCAN']
  Encoded categorical columns: ['SEX_1', 'SEX_2', 'SITE_ID_CALTECH', 'SITE_ID_CMU', 'SITE_ID_KKI', 'SITE_ID_LEUVEN_1', 'SITE_ID_LEUVEN_2', 'SITE_ID_MAX_MUN', 'SITE_ID_NYU', 'SITE_ID_OHSU', 'SITE_ID_OLIN', 'SITE_ID_PITT', 'SITE_ID_SBL', 'SITE_ID_SDSU', 'SITE_ID_STANFORD', 'SITE_ID_TRINITY', 'SITE_ID_UCLA_1', 'SITE_ID_UCLA_2', 'SITE_ID_UM_1', 'SITE_ID_UM_2', 'SITE_ID_USM', 'SITE_ID_YALE', 'EYE_STATUS_AT_SCAN_1', 'EYE_STATUS_AT_SCAN_2']
Final phenotype features identified (27): ['AGE_AT_SCAN', 'FIQ', 'func_mean_fd', 'SEX_1', 'SEX_2', 'SITE_ID_CALTECH', 'SITE_ID_CMU', 'SITE_ID_KKI', 'SITE_ID_LEUVEN_1', 'SITE_ID_LEUVEN_2', 'SITE_ID_MAX_MUN', 'SITE_ID_NYU', 'SITE_ID_OHSU', 'SITE_ID_OLIN', 'SITE_ID_PITT', 'SITE_ID_SBL', 'SITE_ID_SDSU', 'SITE_ID_STANFORD', 'SITE_ID_TRINITY', 'SITE_ID_UCLA_1', 'SITE_ID_UCLA_2', 'SITE_ID_UM_1', 'SITE_ID_UM_2', 'SITE_ID_USM', 'SITE_ID_YALE', 'EYE_STATUS_AT_SCAN_1', 'EYE_STATUS_AT_SCAN_2']
Checking for corresponding TS files in: /home/pl217/frankensteins_model/results/abide_timeseries/ccs_filt_noglobal_rois_cc200
Processed 1112 subjects from phenotype data.
Found existing, non-empty TS files for 624 subjects.
Skipped 488 subjects (missing file or invalid ID/Site).
Skipped 0 subjects (empty file).
Total subjects available for K-Fold analysis: 624

--- Fold 1/10 ---
Calculating max TS length for Positional Encoding (624 subjects)...
Determined max TS length 295 from 624 valid files for Positional Encoding.
Fold 1 using dynamic max length (up to 295 for PE).
Loading time series for 624 subjects in fold...
No truncation active. Will pad to max length found in this fold's successful loads.
Padding to max length found in fold: 295
Padding 624 time series to final length: 295
Proceeding with 624 subjects for Fold 1 model training/evaluation.
Phenotype encoder created.
Generating initial embeddings for graph construction (Batch Size: 32)...
Initial embeddings generated.
Building k-NN graph (k=20)...
Graph built with 624 nodes and 12480 edges.
Starting training for Fold 1... Train samples: 561, Test samples: 63
F1 E001 | Loss: 0.7758 | Tr Acc: 0.4831 | Te Acc: 0.4921 | Te AUC: 0.3700 | Te F1: 0.3246
F1 E005 | Loss: 0.7493 | Tr Acc: 0.4831 | Te Acc: 0.4921 | Te AUC: 0.5524 | Te F1: 0.3246
F1 E010 | Loss: 0.7292 | Tr Acc: 0.4866 | Te Acc: 0.4921 | Te AUC: 0.5847 | Te F1: 0.3933
F1 E015 | Loss: 0.7242 | Tr Acc: 0.5526 | Te Acc: 0.6032 | Te AUC: 0.5746 | Te F1: 0.5506
F1 E020 | Loss: 0.7355 | Tr Acc: 0.5490 | Te Acc: 0.5873 | Te AUC: 0.5716 | Te F1: 0.4979
F1 E025 | Loss: 0.7255 | Tr Acc: 0.5597 | Te Acc: 0.6032 | Te AUC: 0.5776 | Te F1: 0.5506
F1 E030 | Loss: 0.7009 | Tr Acc: 0.5597 | Te Acc: 0.4762 | Te AUC: 0.5716 | Te F1: 0.4470
F1 E035 | Loss: 0.7163 | Tr Acc: 0.4866 | Te Acc: 0.4921 | Te AUC: 0.5968 | Te F1: 0.3246
F1 E040 | Loss: 0.7050 | Tr Acc: 0.4831 | Te Acc: 0.4921 | Te AUC: 0.5978 | Te F1: 0.3246
F1 E045 | Loss: 0.7090 | Tr Acc: 0.4813 | Te Acc: 0.4921 | Te AUC: 0.6230 | Te F1: 0.3246
F1 E050 | Loss: 0.7086 | Tr Acc: 0.5312 | Te Acc: 0.5556 | Te AUC: 0.6462 | Te F1: 0.4692
F1 E055 | Loss: 0.7036 | Tr Acc: 0.4884 | Te Acc: 0.4921 | Te AUC: 0.6270 | Te F1: 0.3246
F1 E060 | Loss: 0.7017 | Tr Acc: 0.4973 | Te Acc: 0.4921 | Te AUC: 0.6149 | Te F1: 0.3246
F1 E065 | Loss: 0.7014 | Tr Acc: 0.5508 | Te Acc: 0.5397 | Te AUC: 0.6079 | Te F1: 0.4583
F1 E070 | Loss: 0.7020 | Tr Acc: 0.5704 | Te Acc: 0.5714 | Te AUC: 0.6149 | Te F1: 0.5092
F1 E075 | Loss: 0.6861 | Tr Acc: 0.5187 | Te Acc: 0.5556 | Te AUC: 0.6139 | Te F1: 0.4519
F1 E080 | Loss: 0.6808 | Tr Acc: 0.5455 | Te Acc: 0.5397 | Te AUC: 0.6149 | Te F1: 0.4583
F1 E085 | Loss: 0.6936 | Tr Acc: 0.5419 | Te Acc: 0.5556 | Te AUC: 0.6149 | Te F1: 0.4692
F1 E090 | Loss: 0.7145 | Tr Acc: 0.6114 | Te Acc: 0.5238 | Te AUC: 0.6260 | Te F1: 0.5075
F1 E095 | Loss: 0.6838 | Tr Acc: 0.5900 | Te Acc: 0.6032 | Te AUC: 0.6512 | Te F1: 0.5699
F1 E100 | Loss: 0.6801 | Tr Acc: 0.6203 | Te Acc: 0.5873 | Te AUC: 0.6532 | Te F1: 0.5852
F1 E105 | Loss: 0.6808 | Tr Acc: 0.6239 | Te Acc: 0.5873 | Te AUC: 0.6482 | Te F1: 0.5842
F1 E110 | Loss: 0.6750 | Tr Acc: 0.6221 | Te Acc: 0.5556 | Te AUC: 0.6462 | Te F1: 0.5343
F1 E115 | Loss: 0.6861 | Tr Acc: 0.6239 | Te Acc: 0.5556 | Te AUC: 0.6462 | Te F1: 0.5343
F1 E120 | Loss: 0.6785 | Tr Acc: 0.5954 | Te Acc: 0.5556 | Te AUC: 0.6361 | Te F1: 0.5186
F1 E125 | Loss: 0.6745 | Tr Acc: 0.5276 | Te Acc: 0.5556 | Te AUC: 0.6351 | Te F1: 0.4692
F1 E130 | Loss: 0.6895 | Tr Acc: 0.5829 | Te Acc: 0.5556 | Te AUC: 0.6351 | Te F1: 0.5087
F1 E135 | Loss: 0.6883 | Tr Acc: 0.6381 | Te Acc: 0.5556 | Te AUC: 0.6512 | Te F1: 0.5453
F1 E140 | Loss: 0.6828 | Tr Acc: 0.6310 | Te Acc: 0.6190 | Te AUC: 0.6633 | Te F1: 0.6060
F1 E145 | Loss: 0.6720 | Tr Acc: 0.6346 | Te Acc: 0.6349 | Te AUC: 0.6663 | Te F1: 0.6282
F1 E150 | Loss: 0.6715 | Tr Acc: 0.6399 | Te Acc: 0.6032 | Te AUC: 0.6704 | Te F1: 0.6026
F1 E155 | Loss: 0.6742 | Tr Acc: 0.6346 | Te Acc: 0.6349 | Te AUC: 0.6744 | Te F1: 0.6347
F1 E160 | Loss: 0.6704 | Tr Acc: 0.5954 | Te Acc: 0.5556 | Te AUC: 0.6613 | Te F1: 0.5186
F1 E165 | Loss: 0.6671 | Tr Acc: 0.5080 | Te Acc: 0.5238 | Te AUC: 0.6542 | Te F1: 0.3914
F1 E170 | Loss: 0.6613 | Tr Acc: 0.5348 | Te Acc: 0.5397 | Te AUC: 0.6633 | Te F1: 0.4416
F1 E175 | Loss: 0.6733 | Tr Acc: 0.6488 | Te Acc: 0.6349 | Te AUC: 0.6774 | Te F1: 0.6331
F1 E180 | Loss: 0.6657 | Tr Acc: 0.6471 | Te Acc: 0.6190 | Te AUC: 0.6694 | Te F1: 0.6120
F1 E185 | Loss: 0.6588 | Tr Acc: 0.6453 | Te Acc: 0.5714 | Te AUC: 0.6532 | Te F1: 0.5712
F1 E190 | Loss: 0.6530 | Tr Acc: 0.6613 | Te Acc: 0.6349 | Te AUC: 0.6663 | Te F1: 0.6331
F1 E195 | Loss: 0.6477 | Tr Acc: 0.6328 | Te Acc: 0.6032 | Te AUC: 0.6704 | Te F1: 0.5811
F1 E200 | Loss: 0.6595 | Tr Acc: 0.6613 | Te Acc: 0.6190 | Te AUC: 0.6694 | Te F1: 0.6189
Fold 1 - Training finished. Best Test Accuracy: 0.6349, AUC: 0.6774
Fold 1 elapsed time: 47.98 seconds.

--- Fold 2/10 ---
Calculating max TS length for Positional Encoding (624 subjects)...
Determined max TS length 295 from 624 valid files for Positional Encoding.
Fold 2 using dynamic max length (up to 295 for PE).
Loading time series for 624 subjects in fold...
No truncation active. Will pad to max length found in this fold's successful loads.
Padding to max length found in fold: 295
Padding 624 time series to final length: 295
Proceeding with 624 subjects for Fold 2 model training/evaluation.
Phenotype encoder created.
Generating initial embeddings for graph construction (Batch Size: 32)...
Initial embeddings generated.
Building k-NN graph (k=20)...
Graph built with 624 nodes and 12480 edges.
Starting training for Fold 2... Train samples: 561, Test samples: 63
F2 E001 | Loss: 0.7383 | Tr Acc: 0.5169 | Te Acc: 0.5079 | Te AUC: 0.4335 | Te F1: 0.3422
F2 E005 | Loss: 0.7284 | Tr Acc: 0.5169 | Te Acc: 0.5079 | Te AUC: 0.4435 | Te F1: 0.3422
F2 E010 | Loss: 0.7248 | Tr Acc: 0.5169 | Te Acc: 0.5079 | Te AUC: 0.4385 | Te F1: 0.3422
F2 E015 | Loss: 0.7393 | Tr Acc: 0.5169 | Te Acc: 0.5079 | Te AUC: 0.4536 | Te F1: 0.3422
F2 E020 | Loss: 0.7224 | Tr Acc: 0.5169 | Te Acc: 0.5079 | Te AUC: 0.4647 | Te F1: 0.3422
F2 E025 | Loss: 0.7329 | Tr Acc: 0.5169 | Te Acc: 0.5079 | Te AUC: 0.4708 | Te F1: 0.3422
F2 E030 | Loss: 0.7215 | Tr Acc: 0.5437 | Te Acc: 0.5556 | Te AUC: 0.4587 | Te F1: 0.4402
F2 E035 | Loss: 0.7201 | Tr Acc: 0.5615 | Te Acc: 0.5714 | Te AUC: 0.4536 | Te F1: 0.4868
F2 E040 | Loss: 0.7055 | Tr Acc: 0.5793 | Te Acc: 0.5556 | Te AUC: 0.4536 | Te F1: 0.4902
F2 E045 | Loss: 0.7107 | Tr Acc: 0.5740 | Te Acc: 0.5238 | Te AUC: 0.4486 | Te F1: 0.4671
F2 E050 | Loss: 0.7080 | Tr Acc: 0.5811 | Te Acc: 0.5714 | Te AUC: 0.4375 | Te F1: 0.5017
F2 E055 | Loss: 0.7146 | Tr Acc: 0.5829 | Te Acc: 0.5873 | Te AUC: 0.4315 | Te F1: 0.5133
F2 E060 | Loss: 0.7162 | Tr Acc: 0.5793 | Te Acc: 0.5873 | Te AUC: 0.4355 | Te F1: 0.5133
F2 E065 | Loss: 0.7099 | Tr Acc: 0.5847 | Te Acc: 0.5873 | Te AUC: 0.4284 | Te F1: 0.5133
F2 E070 | Loss: 0.7000 | Tr Acc: 0.5971 | Te Acc: 0.5714 | Te AUC: 0.4234 | Te F1: 0.5017
F2 E075 | Loss: 0.7000 | Tr Acc: 0.5793 | Te Acc: 0.5079 | Te AUC: 0.4294 | Te F1: 0.4666
F2 E080 | Loss: 0.7088 | Tr Acc: 0.5668 | Te Acc: 0.3810 | Te AUC: 0.4335 | Te F1: 0.3810
F2 E085 | Loss: 0.7048 | Tr Acc: 0.5668 | Te Acc: 0.3968 | Te AUC: 0.4294 | Te F1: 0.3968
F2 E090 | Loss: 0.6990 | Tr Acc: 0.5668 | Te Acc: 0.3968 | Te AUC: 0.4345 | Te F1: 0.3965
F2 E095 | Loss: 0.6951 | Tr Acc: 0.5722 | Te Acc: 0.3968 | Te AUC: 0.4385 | Te F1: 0.3959
F2 E100 | Loss: 0.7009 | Tr Acc: 0.5882 | Te Acc: 0.3968 | Te AUC: 0.4415 | Te F1: 0.3938
F2 E105 | Loss: 0.7023 | Tr Acc: 0.5865 | Te Acc: 0.4127 | Te AUC: 0.4375 | Te F1: 0.4043
F2 E110 | Loss: 0.6925 | Tr Acc: 0.5811 | Te Acc: 0.4762 | Te AUC: 0.4425 | Te F1: 0.4581
F2 E115 | Loss: 0.7001 | Tr Acc: 0.5900 | Te Acc: 0.5238 | Te AUC: 0.4405 | Te F1: 0.4971
F2 E120 | Loss: 0.7043 | Tr Acc: 0.5865 | Te Acc: 0.5079 | Te AUC: 0.4405 | Te F1: 0.4761
F2 E125 | Loss: 0.7040 | Tr Acc: 0.5882 | Te Acc: 0.5079 | Te AUC: 0.4446 | Te F1: 0.4842
F2 E130 | Loss: 0.6840 | Tr Acc: 0.5829 | Te Acc: 0.5238 | Te AUC: 0.4385 | Te F1: 0.4971
F2 E135 | Loss: 0.7097 | Tr Acc: 0.5882 | Te Acc: 0.5079 | Te AUC: 0.4365 | Te F1: 0.4842
F2 E140 | Loss: 0.7053 | Tr Acc: 0.5900 | Te Acc: 0.4921 | Te AUC: 0.4375 | Te F1: 0.4712
F2 E145 | Loss: 0.6965 | Tr Acc: 0.5882 | Te Acc: 0.4603 | Te AUC: 0.4425 | Te F1: 0.4449
F2 E150 | Loss: 0.6838 | Tr Acc: 0.5811 | Te Acc: 0.4762 | Te AUC: 0.4415 | Te F1: 0.4581
F2 E155 | Loss: 0.6940 | Tr Acc: 0.5829 | Te Acc: 0.4762 | Te AUC: 0.4385 | Te F1: 0.4581
F2 E160 | Loss: 0.7003 | Tr Acc: 0.5865 | Te Acc: 0.4762 | Te AUC: 0.4415 | Te F1: 0.4581
F2 E165 | Loss: 0.6868 | Tr Acc: 0.5882 | Te Acc: 0.4762 | Te AUC: 0.4425 | Te F1: 0.4581
F2 E170 | Loss: 0.6979 | Tr Acc: 0.5865 | Te Acc: 0.4603 | Te AUC: 0.4435 | Te F1: 0.4449
F2 E175 | Loss: 0.6975 | Tr Acc: 0.5865 | Te Acc: 0.4762 | Te AUC: 0.4415 | Te F1: 0.4581
Early stopping triggered at epoch 175 due to lack of improvement in Test AUC.
Fold 2 - Training finished. Best Test Accuracy: 0.5079, AUC: 0.4708
Fold 2 elapsed time: 42.88 seconds.

--- Fold 3/10 ---
Calculating max TS length for Positional Encoding (624 subjects)...
Determined max TS length 295 from 624 valid files for Positional Encoding.
Fold 3 using dynamic max length (up to 295 for PE).
Loading time series for 624 subjects in fold...
No truncation active. Will pad to max length found in this fold's successful loads.
Padding to max length found in fold: 295
Padding 624 time series to final length: 295
Proceeding with 624 subjects for Fold 3 model training/evaluation.
Phenotype encoder created.
Generating initial embeddings for graph construction (Batch Size: 32)...
Initial embeddings generated.
Building k-NN graph (k=20)...
Graph built with 624 nodes and 12480 edges.
Starting training for Fold 3... Train samples: 561, Test samples: 63
F3 E001 | Loss: 0.7743 | Tr Acc: 0.4848 | Te Acc: 0.4762 | Te AUC: 0.6030 | Te F1: 0.3072
F3 E005 | Loss: 0.7278 | Tr Acc: 0.5597 | Te Acc: 0.5238 | Te AUC: 0.6444 | Te F1: 0.4798
F3 E010 | Loss: 0.7314 | Tr Acc: 0.4848 | Te Acc: 0.4762 | Te AUC: 0.6525 | Te F1: 0.3072
F3 E015 | Loss: 0.7167 | Tr Acc: 0.4848 | Te Acc: 0.4762 | Te AUC: 0.6556 | Te F1: 0.3072
F3 E020 | Loss: 0.7285 | Tr Acc: 0.4848 | Te Acc: 0.4762 | Te AUC: 0.6576 | Te F1: 0.3072
F3 E025 | Loss: 0.7014 | Tr Acc: 0.4866 | Te Acc: 0.4603 | Te AUC: 0.6525 | Te F1: 0.3002
F3 E030 | Loss: 0.7193 | Tr Acc: 0.5330 | Te Acc: 0.5079 | Te AUC: 0.6424 | Te F1: 0.4140
F3 E035 | Loss: 0.6882 | Tr Acc: 0.5811 | Te Acc: 0.5397 | Te AUC: 0.6525 | Te F1: 0.5180
F3 E040 | Loss: 0.6982 | Tr Acc: 0.5918 | Te Acc: 0.6349 | Te AUC: 0.6545 | Te F1: 0.6346
F3 E045 | Loss: 0.7024 | Tr Acc: 0.6007 | Te Acc: 0.6349 | Te AUC: 0.6495 | Te F1: 0.6346
F3 E050 | Loss: 0.6900 | Tr Acc: 0.6257 | Te Acc: 0.5556 | Te AUC: 0.6485 | Te F1: 0.5535
F3 E055 | Loss: 0.6788 | Tr Acc: 0.5865 | Te Acc: 0.6190 | Te AUC: 0.6505 | Te F1: 0.6181
F3 E060 | Loss: 0.6877 | Tr Acc: 0.5829 | Te Acc: 0.6349 | Te AUC: 0.6545 | Te F1: 0.6145
F3 E065 | Loss: 0.6869 | Tr Acc: 0.5775 | Te Acc: 0.6349 | Te AUC: 0.6515 | Te F1: 0.5911
F3 E070 | Loss: 0.6883 | Tr Acc: 0.5686 | Te Acc: 0.5556 | Te AUC: 0.6475 | Te F1: 0.5404
F3 E075 | Loss: 0.6720 | Tr Acc: 0.6061 | Te Acc: 0.6349 | Te AUC: 0.6465 | Te F1: 0.6351
F3 E080 | Loss: 0.6987 | Tr Acc: 0.6061 | Te Acc: 0.6190 | Te AUC: 0.6475 | Te F1: 0.6192
F3 E085 | Loss: 0.6773 | Tr Acc: 0.6185 | Te Acc: 0.6349 | Te AUC: 0.6495 | Te F1: 0.6349
F3 E090 | Loss: 0.6819 | Tr Acc: 0.6203 | Te Acc: 0.6190 | Te AUC: 0.6515 | Te F1: 0.6187
F3 E095 | Loss: 0.6827 | Tr Acc: 0.6257 | Te Acc: 0.6190 | Te AUC: 0.6495 | Te F1: 0.6187
F3 E100 | Loss: 0.6786 | Tr Acc: 0.6257 | Te Acc: 0.6190 | Te AUC: 0.6495 | Te F1: 0.6152
F3 E105 | Loss: 0.6776 | Tr Acc: 0.6292 | Te Acc: 0.6190 | Te AUC: 0.6505 | Te F1: 0.6152
F3 E110 | Loss: 0.6745 | Tr Acc: 0.6275 | Te Acc: 0.6190 | Te AUC: 0.6525 | Te F1: 0.6152
F3 E115 | Loss: 0.6858 | Tr Acc: 0.6221 | Te Acc: 0.6190 | Te AUC: 0.6545 | Te F1: 0.6152
F3 E120 | Loss: 0.6662 | Tr Acc: 0.6292 | Te Acc: 0.6190 | Te AUC: 0.6535 | Te F1: 0.6152
F3 E125 | Loss: 0.6699 | Tr Acc: 0.6257 | Te Acc: 0.6190 | Te AUC: 0.6535 | Te F1: 0.6152
F3 E130 | Loss: 0.6744 | Tr Acc: 0.6275 | Te Acc: 0.6190 | Te AUC: 0.6545 | Te F1: 0.6152
F3 E135 | Loss: 0.6806 | Tr Acc: 0.6203 | Te Acc: 0.6190 | Te AUC: 0.6535 | Te F1: 0.6152
F3 E140 | Loss: 0.6904 | Tr Acc: 0.6257 | Te Acc: 0.6190 | Te AUC: 0.6535 | Te F1: 0.6152
F3 E145 | Loss: 0.6820 | Tr Acc: 0.6185 | Te Acc: 0.6032 | Te AUC: 0.6535 | Te F1: 0.6004
F3 E150 | Loss: 0.6853 | Tr Acc: 0.6257 | Te Acc: 0.6190 | Te AUC: 0.6535 | Te F1: 0.6152
F3 E155 | Loss: 0.6798 | Tr Acc: 0.6185 | Te Acc: 0.6032 | Te AUC: 0.6535 | Te F1: 0.6004
F3 E160 | Loss: 0.6612 | Tr Acc: 0.6185 | Te Acc: 0.6032 | Te AUC: 0.6535 | Te F1: 0.6004
F3 E165 | Loss: 0.6942 | Tr Acc: 0.6185 | Te Acc: 0.6032 | Te AUC: 0.6535 | Te F1: 0.6004
F3 E170 | Loss: 0.6733 | Tr Acc: 0.6185 | Te Acc: 0.6032 | Te AUC: 0.6535 | Te F1: 0.6004
Early stopping triggered at epoch 170 due to lack of improvement in Test AUC.
Fold 3 - Training finished. Best Test Accuracy: 0.4762, AUC: 0.6576
Fold 3 elapsed time: 42.18 seconds.

--- Fold 4/10 ---
Calculating max TS length for Positional Encoding (624 subjects)...
Determined max TS length 295 from 624 valid files for Positional Encoding.
Fold 4 using dynamic max length (up to 295 for PE).
Loading time series for 624 subjects in fold...
No truncation active. Will pad to max length found in this fold's successful loads.
Padding to max length found in fold: 295
Padding 624 time series to final length: 295
Proceeding with 624 subjects for Fold 4 model training/evaluation.
Phenotype encoder created.
Generating initial embeddings for graph construction (Batch Size: 32)...
Initial embeddings generated.
Building k-NN graph (k=20)...
Graph built with 624 nodes and 12480 edges.
Starting training for Fold 4... Train samples: 561, Test samples: 63
F4 E001 | Loss: 0.7265 | Tr Acc: 0.5152 | Te Acc: 0.5238 | Te AUC: 0.6596 | Te F1: 0.3601
F4 E005 | Loss: 0.7181 | Tr Acc: 0.5152 | Te Acc: 0.5238 | Te AUC: 0.6566 | Te F1: 0.3601
F4 E010 | Loss: 0.7286 | Tr Acc: 0.5490 | Te Acc: 0.5556 | Te AUC: 0.5965 | Te F1: 0.4273
F4 E015 | Loss: 0.7202 | Tr Acc: 0.5775 | Te Acc: 0.6349 | Te AUC: 0.6030 | Te F1: 0.6001
F4 E020 | Loss: 0.7057 | Tr Acc: 0.5775 | Te Acc: 0.6508 | Te AUC: 0.6020 | Te F1: 0.6428
F4 E025 | Loss: 0.6994 | Tr Acc: 0.5062 | Te Acc: 0.4762 | Te AUC: 0.6071 | Te F1: 0.4219
F4 E030 | Loss: 0.7179 | Tr Acc: 0.5490 | Te Acc: 0.4762 | Te AUC: 0.6000 | Te F1: 0.4515
F4 E035 | Loss: 0.7175 | Tr Acc: 0.5686 | Te Acc: 0.6032 | Te AUC: 0.5848 | Te F1: 0.6014
F4 E040 | Loss: 0.7216 | Tr Acc: 0.5829 | Te Acc: 0.6032 | Te AUC: 0.5919 | Te F1: 0.5960
F4 E045 | Loss: 0.7200 | Tr Acc: 0.5597 | Te Acc: 0.6032 | Te AUC: 0.5949 | Te F1: 0.6034
F4 E050 | Loss: 0.6890 | Tr Acc: 0.5579 | Te Acc: 0.5079 | Te AUC: 0.6051 | Te F1: 0.4848
F4 E055 | Loss: 0.7091 | Tr Acc: 0.5615 | Te Acc: 0.5873 | Te AUC: 0.6071 | Te F1: 0.5863
F4 E060 | Loss: 0.6904 | Tr Acc: 0.5704 | Te Acc: 0.6032 | Te AUC: 0.6000 | Te F1: 0.6014
F4 E065 | Loss: 0.7067 | Tr Acc: 0.5758 | Te Acc: 0.6032 | Te AUC: 0.5970 | Te F1: 0.6014
F4 E070 | Loss: 0.7000 | Tr Acc: 0.5758 | Te Acc: 0.6032 | Te AUC: 0.5970 | Te F1: 0.6014
F4 E075 | Loss: 0.7077 | Tr Acc: 0.5740 | Te Acc: 0.6032 | Te AUC: 0.5960 | Te F1: 0.6014
F4 E080 | Loss: 0.7003 | Tr Acc: 0.5740 | Te Acc: 0.6032 | Te AUC: 0.5949 | Te F1: 0.6014
F4 E085 | Loss: 0.6883 | Tr Acc: 0.5865 | Te Acc: 0.6032 | Te AUC: 0.5949 | Te F1: 0.5991
F4 E090 | Loss: 0.7014 | Tr Acc: 0.5918 | Te Acc: 0.5873 | Te AUC: 0.5970 | Te F1: 0.5816
F4 E095 | Loss: 0.6854 | Tr Acc: 0.5882 | Te Acc: 0.5873 | Te AUC: 0.5949 | Te F1: 0.5816
F4 E100 | Loss: 0.6948 | Tr Acc: 0.5865 | Te Acc: 0.5873 | Te AUC: 0.5919 | Te F1: 0.5844
F4 E105 | Loss: 0.6970 | Tr Acc: 0.5900 | Te Acc: 0.5873 | Te AUC: 0.5929 | Te F1: 0.5844
F4 E110 | Loss: 0.6871 | Tr Acc: 0.5954 | Te Acc: 0.6032 | Te AUC: 0.5970 | Te F1: 0.5960
F4 E115 | Loss: 0.6924 | Tr Acc: 0.5882 | Te Acc: 0.5873 | Te AUC: 0.5939 | Te F1: 0.5816
F4 E120 | Loss: 0.6951 | Tr Acc: 0.5900 | Te Acc: 0.5873 | Te AUC: 0.5909 | Te F1: 0.5816
F4 E125 | Loss: 0.6980 | Tr Acc: 0.5882 | Te Acc: 0.5873 | Te AUC: 0.5909 | Te F1: 0.5816
F4 E130 | Loss: 0.6848 | Tr Acc: 0.5900 | Te Acc: 0.5873 | Te AUC: 0.5899 | Te F1: 0.5816
F4 E135 | Loss: 0.6891 | Tr Acc: 0.5900 | Te Acc: 0.5873 | Te AUC: 0.5929 | Te F1: 0.5816
F4 E140 | Loss: 0.6829 | Tr Acc: 0.5900 | Te Acc: 0.5873 | Te AUC: 0.5939 | Te F1: 0.5816
F4 E145 | Loss: 0.6900 | Tr Acc: 0.5918 | Te Acc: 0.5873 | Te AUC: 0.5929 | Te F1: 0.5816
F4 E150 | Loss: 0.6872 | Tr Acc: 0.5918 | Te Acc: 0.5873 | Te AUC: 0.5919 | Te F1: 0.5816
Early stopping triggered at epoch 150 due to lack of improvement in Test AUC.
Fold 4 - Training finished. Best Test Accuracy: 0.5238, AUC: 0.6596
Fold 4 elapsed time: 37.39 seconds.

--- Fold 5/10 ---
Calculating max TS length for Positional Encoding (624 subjects)...
Determined max TS length 295 from 624 valid files for Positional Encoding.
Fold 5 using dynamic max length (up to 295 for PE).
Loading time series for 624 subjects in fold...
No truncation active. Will pad to max length found in this fold's successful loads.
Padding to max length found in fold: 295
Padding 624 time series to final length: 295
Proceeding with 624 subjects for Fold 5 model training/evaluation.
Phenotype encoder created.
Generating initial embeddings for graph construction (Batch Size: 32)...
Initial embeddings generated.
Building k-NN graph (k=20)...
Graph built with 624 nodes and 12480 edges.
Starting training for Fold 5... Train samples: 562, Test samples: 62
F5 E001 | Loss: 0.7449 | Tr Acc: 0.5160 | Te Acc: 0.5161 | Te AUC: 0.7260 | Te F1: 0.3514
F5 E005 | Loss: 0.7357 | Tr Acc: 0.5783 | Te Acc: 0.5968 | Te AUC: 0.7031 | Te F1: 0.5931
F5 E010 | Loss: 0.7336 | Tr Acc: 0.5231 | Te Acc: 0.5161 | Te AUC: 0.7396 | Te F1: 0.3514
F5 E015 | Loss: 0.7155 | Tr Acc: 0.5196 | Te Acc: 0.5161 | Te AUC: 0.7104 | Te F1: 0.3514
F5 E020 | Loss: 0.7247 | Tr Acc: 0.5374 | Te Acc: 0.5161 | Te AUC: 0.7323 | Te F1: 0.3514
F5 E025 | Loss: 0.7265 | Tr Acc: 0.5427 | Te Acc: 0.5323 | Te AUC: 0.7354 | Te F1: 0.3864
F5 E030 | Loss: 0.7057 | Tr Acc: 0.5623 | Te Acc: 0.5645 | Te AUC: 0.7458 | Te F1: 0.4510
F5 E035 | Loss: 0.7228 | Tr Acc: 0.5694 | Te Acc: 0.6452 | Te AUC: 0.7365 | Te F1: 0.5987
F5 E040 | Loss: 0.7090 | Tr Acc: 0.5747 | Te Acc: 0.5645 | Te AUC: 0.7135 | Te F1: 0.4701
F5 E045 | Loss: 0.7190 | Tr Acc: 0.5658 | Te Acc: 0.5645 | Te AUC: 0.6937 | Te F1: 0.4510
F5 E050 | Loss: 0.7012 | Tr Acc: 0.5676 | Te Acc: 0.5484 | Te AUC: 0.7135 | Te F1: 0.4409
F5 E055 | Loss: 0.7071 | Tr Acc: 0.5730 | Te Acc: 0.6290 | Te AUC: 0.7333 | Te F1: 0.5750
F5 E060 | Loss: 0.7125 | Tr Acc: 0.5819 | Te Acc: 0.6290 | Te AUC: 0.7240 | Te F1: 0.6024
F5 E065 | Loss: 0.6858 | Tr Acc: 0.5747 | Te Acc: 0.6613 | Te AUC: 0.6875 | Te F1: 0.6299
F5 E070 | Loss: 0.7170 | Tr Acc: 0.5676 | Te Acc: 0.6452 | Te AUC: 0.6552 | Te F1: 0.5987
F5 E075 | Loss: 0.6933 | Tr Acc: 0.5641 | Te Acc: 0.5484 | Te AUC: 0.6635 | Te F1: 0.4409
F5 E080 | Loss: 0.6867 | Tr Acc: 0.5694 | Te Acc: 0.5484 | Te AUC: 0.6646 | Te F1: 0.4409
F5 E085 | Loss: 0.6859 | Tr Acc: 0.5623 | Te Acc: 0.5484 | Te AUC: 0.6813 | Te F1: 0.4409
F5 E090 | Loss: 0.7015 | Tr Acc: 0.5712 | Te Acc: 0.5645 | Te AUC: 0.6740 | Te F1: 0.4701
F5 E095 | Loss: 0.6933 | Tr Acc: 0.5712 | Te Acc: 0.5645 | Te AUC: 0.6667 | Te F1: 0.4701
F5 E100 | Loss: 0.6945 | Tr Acc: 0.5730 | Te Acc: 0.5806 | Te AUC: 0.6677 | Te F1: 0.4980
F5 E105 | Loss: 0.6926 | Tr Acc: 0.5765 | Te Acc: 0.6129 | Te AUC: 0.6740 | Te F1: 0.5504
F5 E110 | Loss: 0.6904 | Tr Acc: 0.5730 | Te Acc: 0.5968 | Te AUC: 0.6771 | Te F1: 0.5247
F5 E115 | Loss: 0.6961 | Tr Acc: 0.5730 | Te Acc: 0.5806 | Te AUC: 0.6802 | Te F1: 0.4980
F5 E120 | Loss: 0.6905 | Tr Acc: 0.5747 | Te Acc: 0.5806 | Te AUC: 0.6813 | Te F1: 0.4980
F5 E125 | Loss: 0.6795 | Tr Acc: 0.5854 | Te Acc: 0.5968 | Te AUC: 0.6844 | Te F1: 0.5247
F5 E130 | Loss: 0.6918 | Tr Acc: 0.5890 | Te Acc: 0.6129 | Te AUC: 0.6823 | Te F1: 0.5504
F5 E135 | Loss: 0.6849 | Tr Acc: 0.5890 | Te Acc: 0.5968 | Te AUC: 0.6833 | Te F1: 0.5247
F5 E140 | Loss: 0.6829 | Tr Acc: 0.5890 | Te Acc: 0.5968 | Te AUC: 0.6781 | Te F1: 0.5247
F5 E145 | Loss: 0.6919 | Tr Acc: 0.5890 | Te Acc: 0.5968 | Te AUC: 0.6740 | Te F1: 0.5247
F5 E150 | Loss: 0.6870 | Tr Acc: 0.5961 | Te Acc: 0.6129 | Te AUC: 0.6781 | Te F1: 0.5504
F5 E155 | Loss: 0.6852 | Tr Acc: 0.5979 | Te Acc: 0.6129 | Te AUC: 0.6750 | Te F1: 0.5504
F5 E160 | Loss: 0.6845 | Tr Acc: 0.6014 | Te Acc: 0.6290 | Te AUC: 0.6750 | Te F1: 0.5750
F5 E165 | Loss: 0.6828 | Tr Acc: 0.5996 | Te Acc: 0.6129 | Te AUC: 0.6740 | Te F1: 0.5622
F5 E170 | Loss: 0.6975 | Tr Acc: 0.6014 | Te Acc: 0.6290 | Te AUC: 0.6750 | Te F1: 0.5750
F5 E175 | Loss: 0.6890 | Tr Acc: 0.5996 | Te Acc: 0.6129 | Te AUC: 0.6750 | Te F1: 0.5622
F5 E180 | Loss: 0.6890 | Tr Acc: 0.5979 | Te Acc: 0.6129 | Te AUC: 0.6740 | Te F1: 0.5622
Early stopping triggered at epoch 180 due to lack of improvement in Test AUC.
Fold 5 - Training finished. Best Test Accuracy: 0.5645, AUC: 0.7458
Fold 5 elapsed time: 44.40 seconds.

--- Fold 6/10 ---
Calculating max TS length for Positional Encoding (624 subjects)...
Determined max TS length 295 from 624 valid files for Positional Encoding.
Fold 6 using dynamic max length (up to 295 for PE).
Loading time series for 624 subjects in fold...
No truncation active. Will pad to max length found in this fold's successful loads.
Padding to max length found in fold: 295
Padding 624 time series to final length: 295
Proceeding with 624 subjects for Fold 6 model training/evaluation.
Phenotype encoder created.
Generating initial embeddings for graph construction (Batch Size: 32)...
