Starting ACHNN regression training with 16 CPUs and 1 GPU at Wed Apr 16 02:51:20 AM EDT 2025
Loading configuration from config.yaml...
Using configured max_ts_length setting: -1 (-1 means use max in fold)
Using configured num_regions: 200
Using configured encoder_batch_size: 32
Random seed set to 42
Using GPU: NVIDIA RTX A5000
Loading phenotype data from: Phenotypic_V1_0b_preprocessed1.csv
Original selected data shape: (1112, 6)
Using target column: 'DX_GROUP'
Filtered out 0 rows with invalid/missing target values.
Phenotype data shape after target filtering: (1112, 6)
Processing specified numerical features...
 Processing numerical columns: ['AGE_AT_SCAN', 'FIQ']
Processing specified categorical features...
 Processing categorical columns: ['SEX', 'SITE_ID']
  Encoded categorical columns: ['SEX_1', 'SEX_2', 'SITE_ID_CALTECH', 'SITE_ID_CMU', 'SITE_ID_KKI', 'SITE_ID_LEUVEN_1', 'SITE_ID_LEUVEN_2', 'SITE_ID_MAX_MUN', 'SITE_ID_NYU', 'SITE_ID_OHSU', 'SITE_ID_OLIN', 'SITE_ID_PITT', 'SITE_ID_SBL', 'SITE_ID_SDSU', 'SITE_ID_STANFORD', 'SITE_ID_TRINITY', 'SITE_ID_UCLA_1', 'SITE_ID_UCLA_2', 'SITE_ID_UM_1', 'SITE_ID_UM_2', 'SITE_ID_USM', 'SITE_ID_YALE']
Final phenotype features identified (24): ['AGE_AT_SCAN', 'FIQ', 'SEX_1', 'SEX_2', 'SITE_ID_CALTECH', 'SITE_ID_CMU', 'SITE_ID_KKI', 'SITE_ID_LEUVEN_1', 'SITE_ID_LEUVEN_2', 'SITE_ID_MAX_MUN', 'SITE_ID_NYU', 'SITE_ID_OHSU', 'SITE_ID_OLIN', 'SITE_ID_PITT', 'SITE_ID_SBL', 'SITE_ID_SDSU', 'SITE_ID_STANFORD', 'SITE_ID_TRINITY', 'SITE_ID_UCLA_1', 'SITE_ID_UCLA_2', 'SITE_ID_UM_1', 'SITE_ID_UM_2', 'SITE_ID_USM', 'SITE_ID_YALE']
Checking for corresponding TS files in: /home/pl217/connecto-hopfield/results/abide_timeseries/ccs_filt_noglobal_rois_cc200/
Processed 1112 subjects from phenotype data.
Found existing, non-empty TS files for 546 subjects.
Skipped 566 subjects (missing file or invalid ID/Site).
Skipped 0 subjects (empty file).
Total subjects available for K-Fold analysis: 546

--- Fold 1/10 ---
Calculating max TS length for Positional Encoding (546 subjects)...
Determined max TS length 295 from 546 valid files for Positional Encoding.
Fold 1 using dynamic max length (up to 295 for PE).
Loading time series for 546 subjects in fold...
No truncation active. Will pad to max length found in this fold's successful loads.
Padding to max length found in fold: 295
Padding 546 time series to final length: 295
Proceeding with 546 subjects for Fold 1 model training/evaluation.
Phenotype encoder created.
Generating initial embeddings for graph construction (Batch Size: 32)...
Initial embeddings generated.
Building k-NN graph (k=30)...
Graph built with 546 nodes and 16380 edges.
Starting training for Fold 1... Train samples: 491, Test samples: 55
  Epoch 1, Grad Norm: 0.7357
F1 E001 | Loss: 0.7032 | Tr Acc: 0.5112 | Te Acc: 0.5091 | Te AUC: 0.7474 | Te F1: 0.3435
  Epoch 5, Grad Norm: 0.6499
F1 E005 | Loss: 0.7104 | Tr Acc: 0.5112 | Te Acc: 0.5091 | Te AUC: 0.8029 | Te F1: 0.3435
  Epoch 10, Grad Norm: 0.6502
F1 E010 | Loss: 0.6942 | Tr Acc: 0.5764 | Te Acc: 0.7091 | Te AUC: 0.7646 | Te F1: 0.6873
  Epoch 15, Grad Norm: 0.5854
F1 E015 | Loss: 0.6958 | Tr Acc: 0.5132 | Te Acc: 0.4909 | Te AUC: 0.7315 | Te F1: 0.3530
  Epoch 20, Grad Norm: 0.5272
F1 E020 | Loss: 0.6918 | Tr Acc: 0.4969 | Te Acc: 0.4909 | Te AUC: 0.7235 | Te F1: 0.3233
  Epoch 25, Grad Norm: 0.5099
F1 E025 | Loss: 0.6834 | Tr Acc: 0.5112 | Te Acc: 0.4909 | Te AUC: 0.7183 | Te F1: 0.3530
  Epoch 30, Grad Norm: 0.5036
F1 E030 | Loss: 0.6883 | Tr Acc: 0.4990 | Te Acc: 0.5091 | Te AUC: 0.6839 | Te F1: 0.3624
  Epoch 35, Grad Norm: 0.5428
F1 E035 | Loss: 0.6848 | Tr Acc: 0.5132 | Te Acc: 0.4909 | Te AUC: 0.6971 | Te F1: 0.3530
  Epoch 40, Grad Norm: 0.5854
F1 E040 | Loss: 0.6661 | Tr Acc: 0.4990 | Te Acc: 0.5091 | Te AUC: 0.7011 | Te F1: 0.3624
  Epoch 45, Grad Norm: 0.5033
F1 E045 | Loss: 0.6706 | Tr Acc: 0.5010 | Te Acc: 0.5091 | Te AUC: 0.6997 | Te F1: 0.3624
  Epoch 50, Grad Norm: 0.5194
F1 E050 | Loss: 0.6656 | Tr Acc: 0.5519 | Te Acc: 0.5455 | Te AUC: 0.7063 | Te F1: 0.5117
  Epoch 55, Grad Norm: 0.4837
F1 E055 | Loss: 0.6748 | Tr Acc: 0.6151 | Te Acc: 0.7091 | Te AUC: 0.7037 | Te F1: 0.7050
  Epoch 60, Grad Norm: 0.4775
F1 E060 | Loss: 0.6622 | Tr Acc: 0.6090 | Te Acc: 0.7091 | Te AUC: 0.6944 | Te F1: 0.7050
  Epoch 65, Grad Norm: 0.4986
F1 E065 | Loss: 0.6536 | Tr Acc: 0.6253 | Te Acc: 0.6909 | Te AUC: 0.6931 | Te F1: 0.6878
  Epoch 70, Grad Norm: 0.5423
F1 E070 | Loss: 0.6684 | Tr Acc: 0.6293 | Te Acc: 0.6909 | Te AUC: 0.7037 | Te F1: 0.6897
  Epoch 75, Grad Norm: 0.5041
F1 E075 | Loss: 0.6587 | Tr Acc: 0.6232 | Te Acc: 0.6545 | Te AUC: 0.7130 | Te F1: 0.6543
  Epoch 80, Grad Norm: 0.5158
F1 E080 | Loss: 0.6691 | Tr Acc: 0.6395 | Te Acc: 0.6364 | Te AUC: 0.7143 | Te F1: 0.6364
  Epoch 85, Grad Norm: 0.5135
F1 E085 | Loss: 0.6639 | Tr Acc: 0.6130 | Te Acc: 0.6364 | Te AUC: 0.7143 | Te F1: 0.6349
  Epoch 90, Grad Norm: 0.5223
F1 E090 | Loss: 0.6686 | Tr Acc: 0.6171 | Te Acc: 0.6364 | Te AUC: 0.7209 | Te F1: 0.6349
  Epoch 95, Grad Norm: 0.4869
F1 E095 | Loss: 0.6612 | Tr Acc: 0.6253 | Te Acc: 0.6364 | Te AUC: 0.7209 | Te F1: 0.6349
  Epoch 100, Grad Norm: 0.4687
F1 E100 | Loss: 0.6528 | Tr Acc: 0.6253 | Te Acc: 0.6364 | Te AUC: 0.7209 | Te F1: 0.6349
  Epoch 105, Grad Norm: 0.4589
F1 E105 | Loss: 0.6529 | Tr Acc: 0.6151 | Te Acc: 0.6364 | Te AUC: 0.7156 | Te F1: 0.6349
  Epoch 110, Grad Norm: 0.4537
F1 E110 | Loss: 0.6471 | Tr Acc: 0.6232 | Te Acc: 0.6364 | Te AUC: 0.7235 | Te F1: 0.6349
  Epoch 115, Grad Norm: 0.4480
F1 E115 | Loss: 0.6557 | Tr Acc: 0.6293 | Te Acc: 0.6545 | Te AUC: 0.7222 | Te F1: 0.6539
  Epoch 120, Grad Norm: 0.4798
F1 E120 | Loss: 0.6625 | Tr Acc: 0.6395 | Te Acc: 0.6727 | Te AUC: 0.7196 | Te F1: 0.6725
  Epoch 125, Grad Norm: 0.4869
F1 E125 | Loss: 0.6640 | Tr Acc: 0.6415 | Te Acc: 0.6727 | Te AUC: 0.7196 | Te F1: 0.6725
  Epoch 130, Grad Norm: 0.4862
F1 E130 | Loss: 0.6680 | Tr Acc: 0.6395 | Te Acc: 0.6727 | Te AUC: 0.7196 | Te F1: 0.6725
Early stopping triggered at epoch 130 due to lack of improvement in Test AUC.
Fold 1 - Training finished. Best Test Accuracy: 0.5091, AUC: 0.8029
Fold 1 elapsed time: 82.14 seconds.

--- Fold 2/10 ---
Calculating max TS length for Positional Encoding (546 subjects)...
Determined max TS length 295 from 546 valid files for Positional Encoding.
Fold 2 using dynamic max length (up to 295 for PE).
Loading time series for 546 subjects in fold...
No truncation active. Will pad to max length found in this fold's successful loads.
Padding to max length found in fold: 295
Padding 546 time series to final length: 295
Proceeding with 546 subjects for Fold 2 model training/evaluation.
Phenotype encoder created.
Generating initial embeddings for graph construction (Batch Size: 32)...
Initial embeddings generated.
Building k-NN graph (k=30)...
Graph built with 546 nodes and 16380 edges.
Starting training for Fold 2... Train samples: 491, Test samples: 55
  Epoch 1, Grad Norm: 0.8683
F2 E001 | Loss: 0.7280 | Tr Acc: 0.5112 | Te Acc: 0.5091 | Te AUC: 0.3585 | Te F1: 0.3435
  Epoch 5, Grad Norm: 0.7018
F2 E005 | Loss: 0.7137 | Tr Acc: 0.5906 | Te Acc: 0.5273 | Te AUC: 0.5661 | Te F1: 0.4666
  Epoch 10, Grad Norm: 0.6380
F2 E010 | Loss: 0.6974 | Tr Acc: 0.6110 | Te Acc: 0.5091 | Te AUC: 0.5899 | Te F1: 0.4998
  Epoch 15, Grad Norm: 0.5348
F2 E015 | Loss: 0.6874 | Tr Acc: 0.6191 | Te Acc: 0.5091 | Te AUC: 0.5820 | Te F1: 0.4998
  Epoch 20, Grad Norm: 0.5930
F2 E020 | Loss: 0.6881 | Tr Acc: 0.6130 | Te Acc: 0.4727 | Te AUC: 0.6005 | Te F1: 0.4565
  Epoch 25, Grad Norm: 0.6242
F2 E025 | Loss: 0.6685 | Tr Acc: 0.6029 | Te Acc: 0.5091 | Te AUC: 0.5992 | Te F1: 0.4998
  Epoch 30, Grad Norm: 0.5507
F2 E030 | Loss: 0.6730 | Tr Acc: 0.5601 | Te Acc: 0.6182 | Te AUC: 0.6177 | Te F1: 0.6089
  Epoch 35, Grad Norm: 0.5711
F2 E035 | Loss: 0.6799 | Tr Acc: 0.4929 | Te Acc: 0.4909 | Te AUC: 0.6190 | Te F1: 0.3233
  Epoch 40, Grad Norm: 0.5564
F2 E040 | Loss: 0.6726 | Tr Acc: 0.4908 | Te Acc: 0.4909 | Te AUC: 0.5886 | Te F1: 0.3233
  Epoch 45, Grad Norm: 0.5307
F2 E045 | Loss: 0.6674 | Tr Acc: 0.4929 | Te Acc: 0.4909 | Te AUC: 0.5847 | Te F1: 0.3233
  Epoch 50, Grad Norm: 0.5693
F2 E050 | Loss: 0.6607 | Tr Acc: 0.4929 | Te Acc: 0.4909 | Te AUC: 0.5952 | Te F1: 0.3233
  Epoch 55, Grad Norm: 0.4818
F2 E055 | Loss: 0.6628 | Tr Acc: 0.4888 | Te Acc: 0.4909 | Te AUC: 0.5952 | Te F1: 0.3233
  Epoch 60, Grad Norm: 0.4720
F2 E060 | Loss: 0.6520 | Tr Acc: 0.5010 | Te Acc: 0.4909 | Te AUC: 0.5899 | Te F1: 0.3233
  Epoch 65, Grad Norm: 0.5367
F2 E065 | Loss: 0.6683 | Tr Acc: 0.5153 | Te Acc: 0.4909 | Te AUC: 0.5833 | Te F1: 0.3783
  Epoch 70, Grad Norm: 0.5045
F2 E070 | Loss: 0.6538 | Tr Acc: 0.5927 | Te Acc: 0.5273 | Te AUC: 0.5556 | Te F1: 0.5128
  Epoch 75, Grad Norm: 0.5455
F2 E075 | Loss: 0.6461 | Tr Acc: 0.6232 | Te Acc: 0.5273 | Te AUC: 0.5331 | Te F1: 0.4803
  Epoch 80, Grad Norm: 0.4996
F2 E080 | Loss: 0.6521 | Tr Acc: 0.6273 | Te Acc: 0.5273 | Te AUC: 0.5463 | Te F1: 0.4803
  Epoch 85, Grad Norm: 0.4943
F2 E085 | Loss: 0.6462 | Tr Acc: 0.6436 | Te Acc: 0.5455 | Te AUC: 0.5476 | Te F1: 0.5391
  Epoch 90, Grad Norm: 0.4698
F2 E090 | Loss: 0.6394 | Tr Acc: 0.5051 | Te Acc: 0.4909 | Te AUC: 0.5542 | Te F1: 0.3233
  Epoch 95, Grad Norm: 0.4263
F2 E095 | Loss: 0.6422 | Tr Acc: 0.5092 | Te Acc: 0.4909 | Te AUC: 0.5608 | Te F1: 0.3233
  Epoch 100, Grad Norm: 0.5205
F2 E100 | Loss: 0.6454 | Tr Acc: 0.5316 | Te Acc: 0.5455 | Te AUC: 0.5622 | Te F1: 0.4549
  Epoch 105, Grad Norm: 0.4905
F2 E105 | Loss: 0.6314 | Tr Acc: 0.5784 | Te Acc: 0.5455 | Te AUC: 0.5556 | Te F1: 0.5117
  Epoch 110, Grad Norm: 0.4873
F2 E110 | Loss: 0.6544 | Tr Acc: 0.6008 | Te Acc: 0.5273 | Te AUC: 0.5582 | Te F1: 0.5128
  Epoch 115, Grad Norm: 0.5345
F2 E115 | Loss: 0.6479 | Tr Acc: 0.6212 | Te Acc: 0.5091 | Te AUC: 0.5582 | Te F1: 0.4972
  Epoch 120, Grad Norm: 0.4724
F2 E120 | Loss: 0.6396 | Tr Acc: 0.6232 | Te Acc: 0.5273 | Te AUC: 0.5622 | Te F1: 0.5184
  Epoch 125, Grad Norm: 0.4885
F2 E125 | Loss: 0.6375 | Tr Acc: 0.6110 | Te Acc: 0.5455 | Te AUC: 0.5701 | Te F1: 0.5344
  Epoch 130, Grad Norm: 0.5016
F2 E130 | Loss: 0.6451 | Tr Acc: 0.5967 | Te Acc: 0.5091 | Te AUC: 0.5754 | Te F1: 0.4906
  Epoch 135, Grad Norm: 0.4630
F2 E135 | Loss: 0.6181 | Tr Acc: 0.6049 | Te Acc: 0.5273 | Te AUC: 0.5728 | Te F1: 0.5128
  Epoch 140, Grad Norm: 0.4895
F2 E140 | Loss: 0.6341 | Tr Acc: 0.6110 | Te Acc: 0.5455 | Te AUC: 0.5701 | Te F1: 0.5344
  Epoch 145, Grad Norm: 0.4612
F2 E145 | Loss: 0.6397 | Tr Acc: 0.5988 | Te Acc: 0.5091 | Te AUC: 0.5688 | Te F1: 0.4906
  Epoch 150, Grad Norm: 0.4668
F2 E150 | Loss: 0.6343 | Tr Acc: 0.5906 | Te Acc: 0.5636 | Te AUC: 0.5701 | Te F1: 0.5358
  Epoch 155, Grad Norm: 0.4791
F2 E155 | Loss: 0.6431 | Tr Acc: 0.5845 | Te Acc: 0.5455 | Te AUC: 0.5675 | Te F1: 0.5117
  Epoch 160, Grad Norm: 0.4745
F2 E160 | Loss: 0.6375 | Tr Acc: 0.5845 | Te Acc: 0.5455 | Te AUC: 0.5675 | Te F1: 0.5117
Early stopping triggered at epoch 160 due to lack of improvement in Test AUC.
Fold 2 - Training finished. Best Test Accuracy: 0.4909, AUC: 0.6190
Fold 2 elapsed time: 99.36 seconds.

--- Fold 3/10 ---
Calculating max TS length for Positional Encoding (546 subjects)...
Determined max TS length 295 from 546 valid files for Positional Encoding.
Fold 3 using dynamic max length (up to 295 for PE).
Loading time series for 546 subjects in fold...
No truncation active. Will pad to max length found in this fold's successful loads.
Padding to max length found in fold: 295
Padding 546 time series to final length: 295
Proceeding with 546 subjects for Fold 3 model training/evaluation.
Phenotype encoder created.
Generating initial embeddings for graph construction (Batch Size: 32)...
Initial embeddings generated.
Building k-NN graph (k=30)...
Graph built with 546 nodes and 16380 edges.
Starting training for Fold 3... Train samples: 491, Test samples: 55
  Epoch 1, Grad Norm: 0.6612
F3 E001 | Loss: 0.7018 | Tr Acc: 0.5112 | Te Acc: 0.5091 | Te AUC: 0.6190 | Te F1: 0.3435
  Epoch 5, Grad Norm: 0.6037
F3 E005 | Loss: 0.7001 | Tr Acc: 0.5601 | Te Acc: 0.6364 | Te AUC: 0.6190 | Te F1: 0.6165
  Epoch 10, Grad Norm: 0.5915
F3 E010 | Loss: 0.6933 | Tr Acc: 0.5642 | Te Acc: 0.5455 | Te AUC: 0.6402 | Te F1: 0.5424
  Epoch 15, Grad Norm: 0.5661
F3 E015 | Loss: 0.6888 | Tr Acc: 0.5275 | Te Acc: 0.5273 | Te AUC: 0.6508 | Te F1: 0.4227
  Epoch 20, Grad Norm: 0.5348
F3 E020 | Loss: 0.6904 | Tr Acc: 0.5336 | Te Acc: 0.5455 | Te AUC: 0.6627 | Te F1: 0.4341
  Epoch 25, Grad Norm: 0.5330
F3 E025 | Loss: 0.6969 | Tr Acc: 0.5580 | Te Acc: 0.5636 | Te AUC: 0.6680 | Te F1: 0.5014
  Epoch 30, Grad Norm: 0.4833
F3 E030 | Loss: 0.6847 | Tr Acc: 0.5764 | Te Acc: 0.5636 | Te AUC: 0.6667 | Te F1: 0.5358
  Epoch 35, Grad Norm: 0.5289
F3 E035 | Loss: 0.6980 | Tr Acc: 0.5804 | Te Acc: 0.5273 | Te AUC: 0.6349 | Te F1: 0.5128
  Epoch 40, Grad Norm: 0.4736
F3 E040 | Loss: 0.6723 | Tr Acc: 0.5804 | Te Acc: 0.6182 | Te AUC: 0.6257 | Te F1: 0.5936
  Epoch 45, Grad Norm: 0.4640
F3 E045 | Loss: 0.6829 | Tr Acc: 0.5621 | Te Acc: 0.4909 | Te AUC: 0.6124 | Te F1: 0.4585
  Epoch 50, Grad Norm: 0.4713
F3 E050 | Loss: 0.6742 | Tr Acc: 0.4969 | Te Acc: 0.5091 | Te AUC: 0.6270 | Te F1: 0.3624
  Epoch 55, Grad Norm: 0.4717
F3 E055 | Loss: 0.6586 | Tr Acc: 0.4929 | Te Acc: 0.4909 | Te AUC: 0.6270 | Te F1: 0.3233
  Epoch 60, Grad Norm: 0.4494
F3 E060 | Loss: 0.6631 | Tr Acc: 0.5010 | Te Acc: 0.5091 | Te AUC: 0.6124 | Te F1: 0.3624
  Epoch 65, Grad Norm: 0.4306
F3 E065 | Loss: 0.6560 | Tr Acc: 0.6049 | Te Acc: 0.6000 | Te AUC: 0.6389 | Te F1: 0.5818
  Epoch 70, Grad Norm: 0.4747
F3 E070 | Loss: 0.6535 | Tr Acc: 0.6008 | Te Acc: 0.5636 | Te AUC: 0.6362 | Te F1: 0.5471
  Epoch 75, Grad Norm: 0.4979
F3 E075 | Loss: 0.6549 | Tr Acc: 0.5560 | Te Acc: 0.5818 | Te AUC: 0.6151 | Te F1: 0.4876
  Epoch 80, Grad Norm: 0.4639
F3 E080 | Loss: 0.6527 | Tr Acc: 0.5906 | Te Acc: 0.5636 | Te AUC: 0.6111 | Te F1: 0.5309
  Epoch 85, Grad Norm: 0.4507
F3 E085 | Loss: 0.6450 | Tr Acc: 0.6436 | Te Acc: 0.5818 | Te AUC: 0.6111 | Te F1: 0.5739
  Epoch 90, Grad Norm: 0.4926
F3 E090 | Loss: 0.6464 | Tr Acc: 0.6273 | Te Acc: 0.5818 | Te AUC: 0.6085 | Te F1: 0.5790
  Epoch 95, Grad Norm: 0.5159
F3 E095 | Loss: 0.6451 | Tr Acc: 0.6334 | Te Acc: 0.5273 | Te AUC: 0.6005 | Te F1: 0.4971
  Epoch 100, Grad Norm: 0.4601
F3 E100 | Loss: 0.6431 | Tr Acc: 0.6008 | Te Acc: 0.5273 | Te AUC: 0.5952 | Te F1: 0.4744
  Epoch 105, Grad Norm: 0.4948
F3 E105 | Loss: 0.6518 | Tr Acc: 0.5845 | Te Acc: 0.5273 | Te AUC: 0.6019 | Te F1: 0.4598
  Epoch 110, Grad Norm: 0.5826
F3 E110 | Loss: 0.6525 | Tr Acc: 0.6293 | Te Acc: 0.5636 | Te AUC: 0.6032 | Te F1: 0.5262
  Epoch 115, Grad Norm: 0.4742
F3 E115 | Loss: 0.6512 | Tr Acc: 0.6293 | Te Acc: 0.5455 | Te AUC: 0.6085 | Te F1: 0.5284
  Epoch 120, Grad Norm: 0.5177
F3 E120 | Loss: 0.6582 | Tr Acc: 0.6334 | Te Acc: 0.5636 | Te AUC: 0.6098 | Te F1: 0.5438
  Epoch 125, Grad Norm: 0.4473
F3 E125 | Loss: 0.6411 | Tr Acc: 0.6415 | Te Acc: 0.5818 | Te AUC: 0.6045 | Te F1: 0.5508
  Epoch 130, Grad Norm: 0.5584
F3 E130 | Loss: 0.6416 | Tr Acc: 0.6110 | Te Acc: 0.5273 | Te AUC: 0.6058 | Te F1: 0.4744
  Epoch 135, Grad Norm: 0.5844
F3 E135 | Loss: 0.6489 | Tr Acc: 0.6008 | Te Acc: 0.5091 | Te AUC: 0.6058 | Te F1: 0.4469
  Epoch 140, Grad Norm: 0.5308
F3 E140 | Loss: 0.6448 | Tr Acc: 0.6334 | Te Acc: 0.5636 | Te AUC: 0.6098 | Te F1: 0.5262
  Epoch 145, Grad Norm: 0.4849
F3 E145 | Loss: 0.6412 | Tr Acc: 0.6436 | Te Acc: 0.5818 | Te AUC: 0.6124 | Te F1: 0.5508
  Epoch 150, Grad Norm: 0.5160
F3 E150 | Loss: 0.6513 | Tr Acc: 0.6314 | Te Acc: 0.5636 | Te AUC: 0.6151 | Te F1: 0.5358
Early stopping triggered at epoch 150 due to lack of improvement in Test AUC.
Fold 3 - Training finished. Best Test Accuracy: 0.5636, AUC: 0.6680
Fold 3 elapsed time: 94.21 seconds.

--- Fold 4/10 ---
Calculating max TS length for Positional Encoding (546 subjects)...
Determined max TS length 295 from 546 valid files for Positional Encoding.
Fold 4 using dynamic max length (up to 295 for PE).
Loading time series for 546 subjects in fold...
No truncation active. Will pad to max length found in this fold's successful loads.
Padding to max length found in fold: 295
Padding 546 time series to final length: 295
Proceeding with 546 subjects for Fold 4 model training/evaluation.
Phenotype encoder created.
Generating initial embeddings for graph construction (Batch Size: 32)...
