Starting ACHNN regression training with 16 CPUs and 1 GPU at Wed Apr 16 03:11:16 AM EDT 2025
Loading configuration from config.yaml...

--- Configuration Used ---
data_params:
  exclude_cols:
  - 'Unnamed: 0'
  - X
  - subject
  - FILE_ID
  - qc_rater_1
  - qc_notes_rater_1
  - qc_anat_rater_2
  - qc_anat_notes_rater_2
  - qc_func_rater_2
  - qc_func_notes_rater_2
  - qc_anat_rater_3
  - qc_anat_notes_rater_3
  - qc_func_rater_3
  - qc_func_notes_rater_3
  max_ts_length: -1
  num_regions: 200
  phenotype_cols_categorical:
  - SEX
  - SITE_ID
  - EYE_STATUS_AT_SCAN
  phenotype_cols_numerical:
  - AGE_AT_SCAN
  - FIQ
  - func_mean_fd
  phenotype_file: Phenotypic_V1_0b_preprocessed1.csv
  region_dir: /home/pl217/frankensteins_model/results/abide_timeseries/ccs_filt_noglobal_rois_cc200
  site_id_col: SITE_ID
  sub_id_col: SUB_ID
  target_col: DX_GROUP
graph_params:
  k_neighbors: 20
model_params:
  dropout_rate: 0.3
  gnn_heads: 4
  gnn_hidden_dim: 128
  gnn_output_dim: 2
  pheno_embedding_dim: 64
  pheno_hidden_dim: 128
  ts_embedding_dim: 128
  ts_transformer_d_model: 128
  ts_transformer_dim_feedforward: 512
  ts_transformer_nhead: 4
  ts_transformer_num_layers: 2
run_params:
  device: cuda
  early_stopping_patience: 30
  encoder_batch_size: 32
  epochs: 200
  learning_rate: 0.0005
  n_splits: 10
  seed: 42
  weight_decay: 0.0005

--------------------------

Using configured max_ts_length setting: -1 (-1 means use max in fold)
Using configured num_regions: 200
Using configured encoder_batch_size: 32
Random seed set to 42
Using GPU: NVIDIA RTX A5000
Loading phenotype data from: Phenotypic_V1_0b_preprocessed1.csv
Original selected data shape: (1112, 8)
Using target column: 'DX_GROUP'
Filtered out 0 rows with invalid/missing target values.
Phenotype data shape after target filtering: (1112, 8)
Processing specified numerical features...
 Processing numerical columns: ['AGE_AT_SCAN', 'FIQ', 'func_mean_fd']
Processing specified categorical features...
 Processing categorical columns: ['SEX', 'SITE_ID', 'EYE_STATUS_AT_SCAN']
  Encoded categorical columns: ['SEX_1', 'SEX_2', 'SITE_ID_CALTECH', 'SITE_ID_CMU', 'SITE_ID_KKI', 'SITE_ID_LEUVEN_1', 'SITE_ID_LEUVEN_2', 'SITE_ID_MAX_MUN', 'SITE_ID_NYU', 'SITE_ID_OHSU', 'SITE_ID_OLIN', 'SITE_ID_PITT', 'SITE_ID_SBL', 'SITE_ID_SDSU', 'SITE_ID_STANFORD', 'SITE_ID_TRINITY', 'SITE_ID_UCLA_1', 'SITE_ID_UCLA_2', 'SITE_ID_UM_1', 'SITE_ID_UM_2', 'SITE_ID_USM', 'SITE_ID_YALE', 'EYE_STATUS_AT_SCAN_1', 'EYE_STATUS_AT_SCAN_2']
Final phenotype features identified (27): ['AGE_AT_SCAN', 'FIQ', 'func_mean_fd', 'SEX_1', 'SEX_2', 'SITE_ID_CALTECH', 'SITE_ID_CMU', 'SITE_ID_KKI', 'SITE_ID_LEUVEN_1', 'SITE_ID_LEUVEN_2', 'SITE_ID_MAX_MUN', 'SITE_ID_NYU', 'SITE_ID_OHSU', 'SITE_ID_OLIN', 'SITE_ID_PITT', 'SITE_ID_SBL', 'SITE_ID_SDSU', 'SITE_ID_STANFORD', 'SITE_ID_TRINITY', 'SITE_ID_UCLA_1', 'SITE_ID_UCLA_2', 'SITE_ID_UM_1', 'SITE_ID_UM_2', 'SITE_ID_USM', 'SITE_ID_YALE', 'EYE_STATUS_AT_SCAN_1', 'EYE_STATUS_AT_SCAN_2']
Checking for corresponding TS files in: /home/pl217/frankensteins_model/results/abide_timeseries/ccs_filt_noglobal_rois_cc200
Processed 1112 subjects from phenotype data.
Found existing, non-empty TS files for 624 subjects.
Skipped 488 subjects (missing file or invalid ID/Site).
Skipped 0 subjects (empty file).
Total subjects available for K-Fold analysis: 624

--- Fold 1/10 ---
Calculating max TS length for Positional Encoding (624 subjects)...
Determined max TS length 295 from 624 valid files for Positional Encoding.
Fold 1 using dynamic max length (up to 295 for PE).
Loading time series for 624 subjects in fold...
No truncation active. Will pad to max length found in this fold's successful loads.
Padding to max length found in fold: 295
Padding 624 time series to final length: 295
Proceeding with 624 subjects for Fold 1 model training/evaluation.
Phenotype encoder created.
Generating initial embeddings for graph construction (Batch Size: 32)...
Initial embeddings generated.
Building k-NN graph (k=20)...
Graph built with 624 nodes and 12480 edges.
Starting training for Fold 1... Train samples: 561, Test samples: 63
F1 E001 | Loss: 0.7096 | Tr Acc: 0.4831 | Te Acc: 0.4921 | Te AUC: 0.5685 | Te F1: 0.3246
F1 E005 | Loss: 0.6989 | Tr Acc: 0.4991 | Te Acc: 0.4921 | Te AUC: 0.5887 | Te F1: 0.4106
F1 E010 | Loss: 0.6698 | Tr Acc: 0.6132 | Te Acc: 0.6032 | Te AUC: 0.6683 | Te F1: 0.6020
F1 E015 | Loss: 0.6487 | Tr Acc: 0.5900 | Te Acc: 0.5873 | Te AUC: 0.6714 | Te F1: 0.5382
F1 E020 | Loss: 0.6529 | Tr Acc: 0.5722 | Te Acc: 0.5873 | Te AUC: 0.6976 | Te F1: 0.5211
F1 E025 | Loss: 0.6361 | Tr Acc: 0.5116 | Te Acc: 0.5238 | Te AUC: 0.7107 | Te F1: 0.3914
F1 E030 | Loss: 0.6263 | Tr Acc: 0.6542 | Te Acc: 0.6667 | Te AUC: 0.7016 | Te F1: 0.6667
F1 E035 | Loss: 0.6241 | Tr Acc: 0.6595 | Te Acc: 0.6508 | Te AUC: 0.7026 | Te F1: 0.6508
F1 E040 | Loss: 0.6198 | Tr Acc: 0.6007 | Te Acc: 0.5873 | Te AUC: 0.6925 | Te F1: 0.5382
F1 E045 | Loss: 0.6064 | Tr Acc: 0.5793 | Te Acc: 0.5397 | Te AUC: 0.6603 | Te F1: 0.4583
F1 E050 | Loss: 0.5791 | Tr Acc: 0.5918 | Te Acc: 0.5397 | Te AUC: 0.6552 | Te F1: 0.4583
F1 E055 | Loss: 0.5841 | Tr Acc: 0.5989 | Te Acc: 0.5714 | Te AUC: 0.6613 | Te F1: 0.5258
F1 E060 | Loss: 0.5784 | Tr Acc: 0.6684 | Te Acc: 0.6190 | Te AUC: 0.6562 | Te F1: 0.6034
F1 E065 | Loss: 0.5457 | Tr Acc: 0.5383 | Te Acc: 0.5238 | Te AUC: 0.6472 | Te F1: 0.4127
F1 E070 | Loss: 0.5489 | Tr Acc: 0.6738 | Te Acc: 0.5556 | Te AUC: 0.6512 | Te F1: 0.5134
F1 E075 | Loss: 0.5193 | Tr Acc: 0.7344 | Te Acc: 0.6349 | Te AUC: 0.6744 | Te F1: 0.6338
F1 E080 | Loss: 0.5194 | Tr Acc: 0.7344 | Te Acc: 0.6032 | Te AUC: 0.6905 | Te F1: 0.6032
F1 E085 | Loss: 0.5238 | Tr Acc: 0.7398 | Te Acc: 0.6349 | Te AUC: 0.6764 | Te F1: 0.6297
F1 E090 | Loss: 0.5135 | Tr Acc: 0.7308 | Te Acc: 0.6508 | Te AUC: 0.6754 | Te F1: 0.6443
F1 E095 | Loss: 0.5095 | Tr Acc: 0.7594 | Te Acc: 0.6349 | Te AUC: 0.6825 | Te F1: 0.6349
F1 E100 | Loss: 0.5098 | Tr Acc: 0.7380 | Te Acc: 0.6032 | Te AUC: 0.6794 | Te F1: 0.5870
F1 E105 | Loss: 0.5042 | Tr Acc: 0.7665 | Te Acc: 0.6190 | Te AUC: 0.6825 | Te F1: 0.6136
F1 E110 | Loss: 0.5155 | Tr Acc: 0.7558 | Te Acc: 0.5873 | Te AUC: 0.6734 | Te F1: 0.5871
F1 E115 | Loss: 0.4900 | Tr Acc: 0.7558 | Te Acc: 0.6032 | Te AUC: 0.6724 | Te F1: 0.6001
F1 E120 | Loss: 0.4944 | Tr Acc: 0.7576 | Te Acc: 0.6190 | Te AUC: 0.6774 | Te F1: 0.6185
F1 E125 | Loss: 0.5032 | Tr Acc: 0.7665 | Te Acc: 0.6032 | Te AUC: 0.6885 | Te F1: 0.6032
F1 E130 | Loss: 0.5046 | Tr Acc: 0.7469 | Te Acc: 0.5873 | Te AUC: 0.6794 | Te F1: 0.5731
F1 E135 | Loss: 0.5006 | Tr Acc: 0.7237 | Te Acc: 0.6032 | Te AUC: 0.6673 | Te F1: 0.5741
F1 E140 | Loss: 0.4844 | Tr Acc: 0.7558 | Te Acc: 0.5873 | Te AUC: 0.6794 | Te F1: 0.5731
F1 E145 | Loss: 0.4796 | Tr Acc: 0.7790 | Te Acc: 0.6349 | Te AUC: 0.6804 | Te F1: 0.6331
F1 E150 | Loss: 0.4972 | Tr Acc: 0.7629 | Te Acc: 0.6190 | Te AUC: 0.6845 | Te F1: 0.6190
F1 E155 | Loss: 0.4890 | Tr Acc: 0.7665 | Te Acc: 0.6190 | Te AUC: 0.6794 | Te F1: 0.6185
F1 E160 | Loss: 0.4942 | Tr Acc: 0.7629 | Te Acc: 0.6190 | Te AUC: 0.6764 | Te F1: 0.6185
F1 E165 | Loss: 0.5001 | Tr Acc: 0.7594 | Te Acc: 0.6190 | Te AUC: 0.6764 | Te F1: 0.6185
F1 E170 | Loss: 0.4883 | Tr Acc: 0.7611 | Te Acc: 0.6190 | Te AUC: 0.6774 | Te F1: 0.6185
F1 E175 | Loss: 0.5073 | Tr Acc: 0.7611 | Te Acc: 0.6190 | Te AUC: 0.6744 | Te F1: 0.6185
Early stopping triggered at epoch 175 due to lack of improvement in Test AUC.
Fold 1 - Training finished. Best Test Accuracy: 0.5238, AUC: 0.7107
Fold 1 elapsed time: 43.65 seconds.

--- Fold 2/10 ---
Calculating max TS length for Positional Encoding (624 subjects)...
Determined max TS length 295 from 624 valid files for Positional Encoding.
Fold 2 using dynamic max length (up to 295 for PE).
Loading time series for 624 subjects in fold...
No truncation active. Will pad to max length found in this fold's successful loads.
Padding to max length found in fold: 295
Padding 624 time series to final length: 295
Proceeding with 624 subjects for Fold 2 model training/evaluation.
Phenotype encoder created.
Generating initial embeddings for graph construction (Batch Size: 32)...
Initial embeddings generated.
Building k-NN graph (k=20)...
Graph built with 624 nodes and 12480 edges.
Starting training for Fold 2... Train samples: 561, Test samples: 63
F2 E001 | Loss: 0.7023 | Tr Acc: 0.5472 | Te Acc: 0.4762 | Te AUC: 0.4405 | Te F1: 0.4706
F2 E005 | Loss: 0.7035 | Tr Acc: 0.4831 | Te Acc: 0.4921 | Te AUC: 0.4516 | Te F1: 0.3246
F2 E010 | Loss: 0.6840 | Tr Acc: 0.4759 | Te Acc: 0.4921 | Te AUC: 0.4506 | Te F1: 0.3246
F2 E015 | Loss: 0.6947 | Tr Acc: 0.5258 | Te Acc: 0.4762 | Te AUC: 0.5242 | Te F1: 0.4001
F2 E020 | Loss: 0.6739 | Tr Acc: 0.5508 | Te Acc: 0.6032 | Te AUC: 0.5867 | Te F1: 0.5989
F2 E025 | Loss: 0.6558 | Tr Acc: 0.5579 | Te Acc: 0.5556 | Te AUC: 0.6089 | Te F1: 0.5306
F2 E030 | Loss: 0.6366 | Tr Acc: 0.5811 | Te Acc: 0.4921 | Te AUC: 0.5907 | Te F1: 0.4545
F2 E035 | Loss: 0.6399 | Tr Acc: 0.5401 | Te Acc: 0.4921 | Te AUC: 0.5403 | Te F1: 0.3933
F2 E040 | Loss: 0.6314 | Tr Acc: 0.5882 | Te Acc: 0.5238 | Te AUC: 0.4859 | Te F1: 0.4842
F2 E045 | Loss: 0.6265 | Tr Acc: 0.6667 | Te Acc: 0.4286 | Te AUC: 0.4435 | Te F1: 0.4286
F2 E050 | Loss: 0.6091 | Tr Acc: 0.5330 | Te Acc: 0.4444 | Te AUC: 0.4335 | Te F1: 0.3028
F2 E055 | Loss: 0.6035 | Tr Acc: 0.6881 | Te Acc: 0.4603 | Te AUC: 0.4325 | Te F1: 0.4545
F2 E060 | Loss: 0.5888 | Tr Acc: 0.6845 | Te Acc: 0.4603 | Te AUC: 0.4304 | Te F1: 0.4587
F2 E065 | Loss: 0.5817 | Tr Acc: 0.6952 | Te Acc: 0.4762 | Te AUC: 0.4476 | Te F1: 0.4665
F2 E070 | Loss: 0.5577 | Tr Acc: 0.6453 | Te Acc: 0.5079 | Te AUC: 0.4395 | Te F1: 0.4555
F2 E075 | Loss: 0.5564 | Tr Acc: 0.7308 | Te Acc: 0.4762 | Te AUC: 0.4849 | Te F1: 0.4746
F2 E080 | Loss: 0.5304 | Tr Acc: 0.7576 | Te Acc: 0.4921 | Te AUC: 0.4798 | Te F1: 0.4882
F2 E085 | Loss: 0.5187 | Tr Acc: 0.6774 | Te Acc: 0.4921 | Te AUC: 0.4647 | Te F1: 0.4316
F2 E090 | Loss: 0.5148 | Tr Acc: 0.7184 | Te Acc: 0.4762 | Te AUC: 0.4637 | Te F1: 0.4509
F2 E095 | Loss: 0.5285 | Tr Acc: 0.7522 | Te Acc: 0.5238 | Te AUC: 0.4950 | Te F1: 0.5170
F2 E100 | Loss: 0.5114 | Tr Acc: 0.7184 | Te Acc: 0.5397 | Te AUC: 0.5081 | Te F1: 0.5266
F2 E105 | Loss: 0.5044 | Tr Acc: 0.7308 | Te Acc: 0.5397 | Te AUC: 0.5010 | Te F1: 0.5266
F2 E110 | Loss: 0.5205 | Tr Acc: 0.7201 | Te Acc: 0.5079 | Te AUC: 0.4940 | Te F1: 0.4879
F2 E115 | Loss: 0.4861 | Tr Acc: 0.7594 | Te Acc: 0.5238 | Te AUC: 0.4869 | Te F1: 0.5170
F2 E120 | Loss: 0.5108 | Tr Acc: 0.7736 | Te Acc: 0.4762 | Te AUC: 0.4788 | Te F1: 0.4746
F2 E125 | Loss: 0.5039 | Tr Acc: 0.7326 | Te Acc: 0.4603 | Te AUC: 0.4748 | Te F1: 0.4503
F2 E130 | Loss: 0.4817 | Tr Acc: 0.7914 | Te Acc: 0.4762 | Te AUC: 0.4889 | Te F1: 0.4759
F2 E135 | Loss: 0.4975 | Tr Acc: 0.7897 | Te Acc: 0.5079 | Te AUC: 0.4899 | Te F1: 0.5042
F2 E140 | Loss: 0.5015 | Tr Acc: 0.7897 | Te Acc: 0.4603 | Te AUC: 0.4919 | Te F1: 0.4595
F2 E145 | Loss: 0.4827 | Tr Acc: 0.8021 | Te Acc: 0.4921 | Te AUC: 0.4919 | Te F1: 0.4921
F2 E150 | Loss: 0.4984 | Tr Acc: 0.7968 | Te Acc: 0.5079 | Te AUC: 0.4909 | Te F1: 0.5079
F2 E155 | Loss: 0.4930 | Tr Acc: 0.7986 | Te Acc: 0.4921 | Te AUC: 0.4940 | Te F1: 0.4918
F2 E160 | Loss: 0.4856 | Tr Acc: 0.8004 | Te Acc: 0.4762 | Te AUC: 0.5010 | Te F1: 0.4754
F2 E165 | Loss: 0.5020 | Tr Acc: 0.7950 | Te Acc: 0.4762 | Te AUC: 0.5010 | Te F1: 0.4754
F2 E170 | Loss: 0.4893 | Tr Acc: 0.7932 | Te Acc: 0.4921 | Te AUC: 0.5030 | Te F1: 0.4905
F2 E175 | Loss: 0.4851 | Tr Acc: 0.7807 | Te Acc: 0.5079 | Te AUC: 0.5030 | Te F1: 0.5027
Early stopping triggered at epoch 175 due to lack of improvement in Test AUC.
Fold 2 - Training finished. Best Test Accuracy: 0.5556, AUC: 0.6089
Fold 2 elapsed time: 42.47 seconds.

--- Fold 3/10 ---
Calculating max TS length for Positional Encoding (624 subjects)...
Determined max TS length 295 from 624 valid files for Positional Encoding.
Fold 3 using dynamic max length (up to 295 for PE).
Loading time series for 624 subjects in fold...
No truncation active. Will pad to max length found in this fold's successful loads.
Padding to max length found in fold: 295
Padding 624 time series to final length: 295
Proceeding with 624 subjects for Fold 3 model training/evaluation.
Phenotype encoder created.
Generating initial embeddings for graph construction (Batch Size: 32)...
Initial embeddings generated.
Building k-NN graph (k=20)...
Graph built with 624 nodes and 12480 edges.
Starting training for Fold 3... Train samples: 561, Test samples: 63
F3 E001 | Loss: 0.7508 | Tr Acc: 0.4848 | Te Acc: 0.4762 | Te AUC: 0.6091 | Te F1: 0.3072
F3 E005 | Loss: 0.6948 | Tr Acc: 0.4848 | Te Acc: 0.4762 | Te AUC: 0.6273 | Te F1: 0.3072
F3 E010 | Loss: 0.6632 | Tr Acc: 0.4902 | Te Acc: 0.4603 | Te AUC: 0.6596 | Te F1: 0.3002
F3 E015 | Loss: 0.6581 | Tr Acc: 0.5651 | Te Acc: 0.5238 | Te AUC: 0.6414 | Te F1: 0.4686
F3 E020 | Loss: 0.6338 | Tr Acc: 0.6239 | Te Acc: 0.6667 | Te AUC: 0.6455 | Te F1: 0.6668
F3 E025 | Loss: 0.6133 | Tr Acc: 0.6488 | Te Acc: 0.6190 | Te AUC: 0.6545 | Te F1: 0.6173
F3 E030 | Loss: 0.6075 | Tr Acc: 0.6578 | Te Acc: 0.5873 | Te AUC: 0.6596 | Te F1: 0.5708
F3 E035 | Loss: 0.6023 | Tr Acc: 0.6631 | Te Acc: 0.6349 | Te AUC: 0.6768 | Te F1: 0.6323
F3 E040 | Loss: 0.5969 | Tr Acc: 0.5615 | Te Acc: 0.5556 | Te AUC: 0.6525 | Te F1: 0.4484
F3 E045 | Loss: 0.5769 | Tr Acc: 0.5758 | Te Acc: 0.5873 | Te AUC: 0.6313 | Te F1: 0.5048
F3 E050 | Loss: 0.5672 | Tr Acc: 0.6952 | Te Acc: 0.6667 | Te AUC: 0.6374 | Te F1: 0.6667
F3 E055 | Loss: 0.5462 | Tr Acc: 0.6043 | Te Acc: 0.4921 | Te AUC: 0.6111 | Te F1: 0.4195
F3 E060 | Loss: 0.5476 | Tr Acc: 0.5615 | Te Acc: 0.5238 | Te AUC: 0.6525 | Te F1: 0.4090
F3 E065 | Loss: 0.5339 | Tr Acc: 0.5348 | Te Acc: 0.5238 | Te AUC: 0.6374 | Te F1: 0.4241
F3 E070 | Loss: 0.5242 | Tr Acc: 0.5419 | Te Acc: 0.5079 | Te AUC: 0.6535 | Te F1: 0.3781
F3 E075 | Loss: 0.4964 | Tr Acc: 0.5633 | Te Acc: 0.5238 | Te AUC: 0.6475 | Te F1: 0.4410
F3 E080 | Loss: 0.5142 | Tr Acc: 0.6417 | Te Acc: 0.5873 | Te AUC: 0.6414 | Te F1: 0.5431
F3 E085 | Loss: 0.4747 | Tr Acc: 0.6916 | Te Acc: 0.6349 | Te AUC: 0.6545 | Te F1: 0.6079
F3 E090 | Loss: 0.4478 | Tr Acc: 0.5668 | Te Acc: 0.5238 | Te AUC: 0.6434 | Te F1: 0.4241
F3 E095 | Loss: 0.4343 | Tr Acc: 0.8128 | Te Acc: 0.6032 | Te AUC: 0.6273 | Te F1: 0.6022
F3 E100 | Loss: 0.4247 | Tr Acc: 0.6043 | Te Acc: 0.5397 | Te AUC: 0.6414 | Te F1: 0.4713
F3 E105 | Loss: 0.4141 | Tr Acc: 0.6025 | Te Acc: 0.5397 | Te AUC: 0.6303 | Te F1: 0.4713
F3 E110 | Loss: 0.4268 | Tr Acc: 0.7879 | Te Acc: 0.6190 | Te AUC: 0.6192 | Te F1: 0.6163
F3 E115 | Loss: 0.4212 | Tr Acc: 0.8253 | Te Acc: 0.6032 | Te AUC: 0.6293 | Te F1: 0.6022
F3 E120 | Loss: 0.4135 | Tr Acc: 0.7005 | Te Acc: 0.5714 | Te AUC: 0.6343 | Te F1: 0.5306
F3 E125 | Loss: 0.4375 | Tr Acc: 0.6970 | Te Acc: 0.5873 | Te AUC: 0.6404 | Te F1: 0.5431
F3 E130 | Loss: 0.4007 | Tr Acc: 0.8057 | Te Acc: 0.6032 | Te AUC: 0.6424 | Te F1: 0.6014
F3 E135 | Loss: 0.4080 | Tr Acc: 0.8075 | Te Acc: 0.6190 | Te AUC: 0.6404 | Te F1: 0.6181
F3 E140 | Loss: 0.3942 | Tr Acc: 0.7291 | Te Acc: 0.6032 | Te AUC: 0.6455 | Te F1: 0.5738
F3 E145 | Loss: 0.3768 | Tr Acc: 0.7255 | Te Acc: 0.6032 | Te AUC: 0.6404 | Te F1: 0.5738
F3 E150 | Loss: 0.4008 | Tr Acc: 0.7291 | Te Acc: 0.6032 | Te AUC: 0.6404 | Te F1: 0.5738
F3 E155 | Loss: 0.3939 | Tr Acc: 0.7308 | Te Acc: 0.6032 | Te AUC: 0.6404 | Te F1: 0.5738
F3 E160 | Loss: 0.4040 | Tr Acc: 0.7308 | Te Acc: 0.6032 | Te AUC: 0.6404 | Te F1: 0.5738
F3 E165 | Loss: 0.3915 | Tr Acc: 0.7308 | Te Acc: 0.6032 | Te AUC: 0.6424 | Te F1: 0.5738
F3 E170 | Loss: 0.4192 | Tr Acc: 0.7308 | Te Acc: 0.6032 | Te AUC: 0.6424 | Te F1: 0.5738
F3 E175 | Loss: 0.4054 | Tr Acc: 0.7398 | Te Acc: 0.6190 | Te AUC: 0.6374 | Te F1: 0.5944
F3 E180 | Loss: 0.3944 | Tr Acc: 0.7629 | Te Acc: 0.6032 | Te AUC: 0.6404 | Te F1: 0.5870
F3 E185 | Loss: 0.3901 | Tr Acc: 0.7647 | Te Acc: 0.6190 | Te AUC: 0.6404 | Te F1: 0.6060
Early stopping triggered at epoch 185 due to lack of improvement in Test AUC.
Fold 3 - Training finished. Best Test Accuracy: 0.6349, AUC: 0.6768
Fold 3 elapsed time: 45.20 seconds.

--- Fold 4/10 ---
Calculating max TS length for Positional Encoding (624 subjects)...
Determined max TS length 295 from 624 valid files for Positional Encoding.
Fold 4 using dynamic max length (up to 295 for PE).
Loading time series for 624 subjects in fold...
No truncation active. Will pad to max length found in this fold's successful loads.
Padding to max length found in fold: 295
Padding 624 time series to final length: 295
Proceeding with 624 subjects for Fold 4 model training/evaluation.
Phenotype encoder created.
Generating initial embeddings for graph construction (Batch Size: 32)...
Initial embeddings generated.
Building k-NN graph (k=20)...
Graph built with 624 nodes and 12480 edges.
Starting training for Fold 4... Train samples: 561, Test samples: 63
F4 E001 | Loss: 0.7177 | Tr Acc: 0.5152 | Te Acc: 0.5238 | Te AUC: 0.6636 | Te F1: 0.3601
F4 E005 | Loss: 0.6834 | Tr Acc: 0.5383 | Te Acc: 0.5238 | Te AUC: 0.5970 | Te F1: 0.3601
F4 E010 | Loss: 0.6617 | Tr Acc: 0.5526 | Te Acc: 0.5556 | Te AUC: 0.5566 | Te F1: 0.4273
F4 E015 | Loss: 0.6544 | Tr Acc: 0.6096 | Te Acc: 0.5397 | Te AUC: 0.5657 | Te F1: 0.5293
F4 E020 | Loss: 0.6598 | Tr Acc: 0.6221 | Te Acc: 0.5556 | Te AUC: 0.5525 | Te F1: 0.5558
F4 E025 | Loss: 0.6423 | Tr Acc: 0.5989 | Te Acc: 0.5238 | Te AUC: 0.5384 | Te F1: 0.5048
F4 E030 | Loss: 0.6297 | Tr Acc: 0.6025 | Te Acc: 0.5714 | Te AUC: 0.5798 | Te F1: 0.5078
F4 E035 | Loss: 0.6254 | Tr Acc: 0.5651 | Te Acc: 0.5556 | Te AUC: 0.5505 | Te F1: 0.4667
F4 E040 | Loss: 0.6298 | Tr Acc: 0.5615 | Te Acc: 0.5397 | Te AUC: 0.5596 | Te F1: 0.3946
F4 E045 | Loss: 0.6119 | Tr Acc: 0.6649 | Te Acc: 0.5238 | Te AUC: 0.5424 | Te F1: 0.5009
F4 E050 | Loss: 0.6051 | Tr Acc: 0.6578 | Te Acc: 0.5714 | Te AUC: 0.5364 | Te F1: 0.5397
F4 E055 | Loss: 0.5888 | Tr Acc: 0.5918 | Te Acc: 0.4603 | Te AUC: 0.5111 | Te F1: 0.3665
F4 E060 | Loss: 0.5892 | Tr Acc: 0.6239 | Te Acc: 0.4762 | Te AUC: 0.5101 | Te F1: 0.4219
F4 E065 | Loss: 0.5799 | Tr Acc: 0.6863 | Te Acc: 0.5079 | Te AUC: 0.5091 | Te F1: 0.5082
F4 E070 | Loss: 0.5865 | Tr Acc: 0.6970 | Te Acc: 0.5238 | Te AUC: 0.5141 | Te F1: 0.5204
F4 E075 | Loss: 0.5868 | Tr Acc: 0.6970 | Te Acc: 0.5238 | Te AUC: 0.5121 | Te F1: 0.5204
F4 E080 | Loss: 0.5836 | Tr Acc: 0.6791 | Te Acc: 0.5079 | Te AUC: 0.5141 | Te F1: 0.4611
F4 E085 | Loss: 0.5850 | Tr Acc: 0.6774 | Te Acc: 0.4921 | Te AUC: 0.5172 | Te F1: 0.4376
F4 E090 | Loss: 0.5625 | Tr Acc: 0.6631 | Te Acc: 0.5079 | Te AUC: 0.5162 | Te F1: 0.4489
F4 E095 | Loss: 0.5918 | Tr Acc: 0.6667 | Te Acc: 0.4921 | Te AUC: 0.5162 | Te F1: 0.4241
F4 E100 | Loss: 0.5687 | Tr Acc: 0.6988 | Te Acc: 0.4921 | Te AUC: 0.5141 | Te F1: 0.4592
F4 E105 | Loss: 0.5625 | Tr Acc: 0.7166 | Te Acc: 0.5238 | Te AUC: 0.5000 | Te F1: 0.5238
F4 E110 | Loss: 0.5590 | Tr Acc: 0.7023 | Te Acc: 0.5238 | Te AUC: 0.5010 | Te F1: 0.5233
F4 E115 | Loss: 0.5623 | Tr Acc: 0.7077 | Te Acc: 0.5238 | Te AUC: 0.5061 | Te F1: 0.5240
F4 E120 | Loss: 0.5681 | Tr Acc: 0.7201 | Te Acc: 0.5397 | Te AUC: 0.5081 | Te F1: 0.5350
F4 E125 | Loss: 0.5806 | Tr Acc: 0.7201 | Te Acc: 0.5238 | Te AUC: 0.5121 | Te F1: 0.5172
F4 E130 | Loss: 0.5697 | Tr Acc: 0.7041 | Te Acc: 0.5238 | Te AUC: 0.5101 | Te F1: 0.5129
F4 E135 | Loss: 0.5649 | Tr Acc: 0.7005 | Te Acc: 0.5079 | Te AUC: 0.5121 | Te F1: 0.4940
F4 E140 | Loss: 0.5660 | Tr Acc: 0.6988 | Te Acc: 0.4921 | Te AUC: 0.5111 | Te F1: 0.4676
F4 E145 | Loss: 0.5619 | Tr Acc: 0.7023 | Te Acc: 0.4921 | Te AUC: 0.5141 | Te F1: 0.4676
F4 E150 | Loss: 0.5548 | Tr Acc: 0.6970 | Te Acc: 0.5079 | Te AUC: 0.5152 | Te F1: 0.4804
Early stopping triggered at epoch 150 due to lack of improvement in Test AUC.
Fold 4 - Training finished. Best Test Accuracy: 0.5238, AUC: 0.6636
Fold 4 elapsed time: 38.44 seconds.

--- Fold 5/10 ---
Calculating max TS length for Positional Encoding (624 subjects)...
Determined max TS length 295 from 624 valid files for Positional Encoding.
Fold 5 using dynamic max length (up to 295 for PE).
Loading time series for 624 subjects in fold...
No truncation active. Will pad to max length found in this fold's successful loads.
Padding to max length found in fold: 295
Padding 624 time series to final length: 295
Proceeding with 624 subjects for Fold 5 model training/evaluation.
Phenotype encoder created.
Generating initial embeddings for graph construction (Batch Size: 32)...
Initial embeddings generated.
Building k-NN graph (k=20)...
Graph built with 624 nodes and 12480 edges.
Starting training for Fold 5... Train samples: 562, Test samples: 62
F5 E001 | Loss: 0.7183 | Tr Acc: 0.5160 | Te Acc: 0.5161 | Te AUC: 0.5823 | Te F1: 0.3514
F5 E005 | Loss: 0.6761 | Tr Acc: 0.5178 | Te Acc: 0.5161 | Te AUC: 0.6021 | Te F1: 0.3514
F5 E010 | Loss: 0.6686 | Tr Acc: 0.5996 | Te Acc: 0.5968 | Te AUC: 0.6229 | Te F1: 0.5380
F5 E015 | Loss: 0.6481 | Tr Acc: 0.5071 | Te Acc: 0.5484 | Te AUC: 0.6073 | Te F1: 0.4622
F5 E020 | Loss: 0.6494 | Tr Acc: 0.6406 | Te Acc: 0.5000 | Te AUC: 0.5583 | Te F1: 0.4867
F5 E025 | Loss: 0.6344 | Tr Acc: 0.5605 | Te Acc: 0.5323 | Te AUC: 0.6688 | Te F1: 0.3864
F5 E030 | Loss: 0.6233 | Tr Acc: 0.6370 | Te Acc: 0.6290 | Te AUC: 0.5917 | Te F1: 0.6193
F5 E035 | Loss: 0.6196 | Tr Acc: 0.5498 | Te Acc: 0.5484 | Te AUC: 0.6260 | Te F1: 0.4446
F5 E040 | Loss: 0.6097 | Tr Acc: 0.4893 | Te Acc: 0.5000 | Te AUC: 0.6240 | Te F1: 0.3503
F5 E045 | Loss: 0.5955 | Tr Acc: 0.5552 | Te Acc: 0.5161 | Te AUC: 0.5917 | Te F1: 0.3514
F5 E050 | Loss: 0.5663 | Tr Acc: 0.5320 | Te Acc: 0.5161 | Te AUC: 0.5646 | Te F1: 0.3514
F5 E055 | Loss: 0.5572 | Tr Acc: 0.4947 | Te Acc: 0.5000 | Te AUC: 0.6167 | Te F1: 0.3503
F5 E060 | Loss: 0.5588 | Tr Acc: 0.7278 | Te Acc: 0.4839 | Te AUC: 0.5677 | Te F1: 0.4728
F5 E065 | Loss: 0.5511 | Tr Acc: 0.5552 | Te Acc: 0.5161 | Te AUC: 0.5281 | Te F1: 0.3514
F5 E070 | Loss: 0.5237 | Tr Acc: 0.5285 | Te Acc: 0.5161 | Te AUC: 0.5917 | Te F1: 0.3833
F5 E075 | Loss: 0.5086 | Tr Acc: 0.7100 | Te Acc: 0.5645 | Te AUC: 0.5615 | Te F1: 0.5531
F5 E080 | Loss: 0.5024 | Tr Acc: 0.4947 | Te Acc: 0.5000 | Te AUC: 0.5490 | Te F1: 0.3503
F5 E085 | Loss: 0.4967 | Tr Acc: 0.5943 | Te Acc: 0.5645 | Te AUC: 0.5646 | Te F1: 0.4890
F5 E090 | Loss: 0.4990 | Tr Acc: 0.7616 | Te Acc: 0.4516 | Te AUC: 0.5385 | Te F1: 0.4338
F5 E095 | Loss: 0.4951 | Tr Acc: 0.6993 | Te Acc: 0.5484 | Te AUC: 0.5323 | Te F1: 0.4892
F5 E100 | Loss: 0.4954 | Tr Acc: 0.7260 | Te Acc: 0.5161 | Te AUC: 0.5312 | Te F1: 0.4656
F5 E105 | Loss: 0.4865 | Tr Acc: 0.7883 | Te Acc: 0.4677 | Te AUC: 0.5375 | Te F1: 0.4628
F5 E110 | Loss: 0.4843 | Tr Acc: 0.7900 | Te Acc: 0.5000 | Te AUC: 0.5427 | Te F1: 0.4996
F5 E115 | Loss: 0.4815 | Tr Acc: 0.6762 | Te Acc: 0.5323 | Te AUC: 0.5490 | Te F1: 0.5074
F5 E120 | Loss: 0.4847 | Tr Acc: 0.7598 | Te Acc: 0.4839 | Te AUC: 0.5458 | Te F1: 0.4774
F5 E125 | Loss: 0.4697 | Tr Acc: 0.7936 | Te Acc: 0.4677 | Te AUC: 0.5302 | Te F1: 0.4673
F5 E130 | Loss: 0.4802 | Tr Acc: 0.7954 | Te Acc: 0.4839 | Te AUC: 0.5323 | Te F1: 0.4839
F5 E135 | Loss: 0.4642 | Tr Acc: 0.7954 | Te Acc: 0.4677 | Te AUC: 0.5281 | Te F1: 0.4679
F5 E140 | Loss: 0.4645 | Tr Acc: 0.7954 | Te Acc: 0.4677 | Te AUC: 0.5302 | Te F1: 0.4679
F5 E145 | Loss: 0.4696 | Tr Acc: 0.7954 | Te Acc: 0.4839 | Te AUC: 0.5333 | Te F1: 0.4839
F5 E150 | Loss: 0.4623 | Tr Acc: 0.7883 | Te Acc: 0.4839 | Te AUC: 0.5354 | Te F1: 0.4839
F5 E155 | Loss: 0.4671 | Tr Acc: 0.7847 | Te Acc: 0.4677 | Te AUC: 0.5354 | Te F1: 0.4673
F5 E160 | Loss: 0.4623 | Tr Acc: 0.7847 | Te Acc: 0.4677 | Te AUC: 0.5365 | Te F1: 0.4673
F5 E165 | Loss: 0.4613 | Tr Acc: 0.7865 | Te Acc: 0.4839 | Te AUC: 0.5354 | Te F1: 0.4839
F5 E170 | Loss: 0.4568 | Tr Acc: 0.7847 | Te Acc: 0.4677 | Te AUC: 0.5354 | Te F1: 0.4673
F5 E175 | Loss: 0.4654 | Tr Acc: 0.7847 | Te Acc: 0.4677 | Te AUC: 0.5354 | Te F1: 0.4673
Early stopping triggered at epoch 175 due to lack of improvement in Test AUC.
Fold 5 - Training finished. Best Test Accuracy: 0.5323, AUC: 0.6688
Fold 5 elapsed time: 43.29 seconds.

--- Fold 6/10 ---
Calculating max TS length for Positional Encoding (624 subjects)...
Determined max TS length 295 from 624 valid files for Positional Encoding.
Fold 6 using dynamic max length (up to 295 for PE).
Loading time series for 624 subjects in fold...
No truncation active. Will pad to max length found in this fold's successful loads.
Padding to max length found in fold: 295
Padding 624 time series to final length: 295
Proceeding with 624 subjects for Fold 6 model training/evaluation.
Phenotype encoder created.
Generating initial embeddings for graph construction (Batch Size: 32)...
Initial embeddings generated.
Building k-NN graph (k=20)...
Graph built with 624 nodes and 12480 edges.
Starting training for Fold 6... Train samples: 562, Test samples: 62
F6 E001 | Loss: 0.7100 | Tr Acc: 0.4840 | Te Acc: 0.4839 | Te AUC: 0.6542 | Te F1: 0.3156
F6 E005 | Loss: 0.6866 | Tr Acc: 0.4840 | Te Acc: 0.4839 | Te AUC: 0.5906 | Te F1: 0.3156
F6 E010 | Loss: 0.6776 | Tr Acc: 0.5996 | Te Acc: 0.6129 | Te AUC: 0.5844 | Te F1: 0.5887
F6 E015 | Loss: 0.6529 | Tr Acc: 0.5498 | Te Acc: 0.5484 | Te AUC: 0.5229 | Te F1: 0.4195
F6 E020 | Loss: 0.6480 | Tr Acc: 0.5943 | Te Acc: 0.5323 | Te AUC: 0.4927 | Te F1: 0.4987
F6 E025 | Loss: 0.6411 | Tr Acc: 0.5409 | Te Acc: 0.4677 | Te AUC: 0.5563 | Te F1: 0.3340
F6 E030 | Loss: 0.6343 | Tr Acc: 0.5694 | Te Acc: 0.4355 | Te AUC: 0.5333 | Te F1: 0.3376
F6 E035 | Loss: 0.6240 | Tr Acc: 0.6032 | Te Acc: 0.5484 | Te AUC: 0.5500 | Te F1: 0.4892
F6 E040 | Loss: 0.6067 | Tr Acc: 0.5783 | Te Acc: 0.5484 | Te AUC: 0.5312 | Te F1: 0.4409
F6 E045 | Loss: 0.5897 | Tr Acc: 0.5747 | Te Acc: 0.4839 | Te AUC: 0.5208 | Te F1: 0.3653
F6 E050 | Loss: 0.5918 | Tr Acc: 0.5890 | Te Acc: 0.4839 | Te AUC: 0.5031 | Te F1: 0.3653
F6 E055 | Loss: 0.5831 | Tr Acc: 0.5943 | Te Acc: 0.5645 | Te AUC: 0.4990 | Te F1: 0.4701
F6 E060 | Loss: 0.5640 | Tr Acc: 0.6655 | Te Acc: 0.5484 | Te AUC: 0.5083 | Te F1: 0.5114
F6 E065 | Loss: 0.5705 | Tr Acc: 0.6940 | Te Acc: 0.6129 | Te AUC: 0.5188 | Te F1: 0.6080
F6 E070 | Loss: 0.5746 | Tr Acc: 0.6868 | Te Acc: 0.4677 | Te AUC: 0.5229 | Te F1: 0.4589
F6 E075 | Loss: 0.5666 | Tr Acc: 0.6744 | Te Acc: 0.4677 | Te AUC: 0.5292 | Te F1: 0.4473
F6 E080 | Loss: 0.5624 | Tr Acc: 0.6779 | Te Acc: 0.4516 | Te AUC: 0.5229 | Te F1: 0.4340
F6 E085 | Loss: 0.5714 | Tr Acc: 0.7153 | Te Acc: 0.5000 | Te AUC: 0.5292 | Te F1: 0.4954
F6 E090 | Loss: 0.5682 | Tr Acc: 0.7135 | Te Acc: 0.5806 | Te AUC: 0.5250 | Te F1: 0.5806
F6 E095 | Loss: 0.5657 | Tr Acc: 0.6975 | Te Acc: 0.5806 | Te AUC: 0.5208 | Te F1: 0.5670
F6 E100 | Loss: 0.5603 | Tr Acc: 0.6868 | Te Acc: 0.5645 | Te AUC: 0.5250 | Te F1: 0.5333
F6 E105 | Loss: 0.5631 | Tr Acc: 0.6726 | Te Acc: 0.5806 | Te AUC: 0.5271 | Te F1: 0.5463
F6 E110 | Loss: 0.5495 | Tr Acc: 0.6886 | Te Acc: 0.5645 | Te AUC: 0.5240 | Te F1: 0.5333
F6 E115 | Loss: 0.5605 | Tr Acc: 0.6957 | Te Acc: 0.5645 | Te AUC: 0.5240 | Te F1: 0.5476
F6 E120 | Loss: 0.5546 | Tr Acc: 0.7028 | Te Acc: 0.5484 | Te AUC: 0.5281 | Te F1: 0.5337
F6 E125 | Loss: 0.5575 | Tr Acc: 0.7224 | Te Acc: 0.5806 | Te AUC: 0.5271 | Te F1: 0.5717
F6 E130 | Loss: 0.5585 | Tr Acc: 0.7224 | Te Acc: 0.5645 | Te AUC: 0.5323 | Te F1: 0.5572
F6 E135 | Loss: 0.5646 | Tr Acc: 0.7206 | Te Acc: 0.5806 | Te AUC: 0.5312 | Te F1: 0.5753
F6 E140 | Loss: 0.5587 | Tr Acc: 0.7189 | Te Acc: 0.5968 | Te AUC: 0.5312 | Te F1: 0.5952
F6 E145 | Loss: 0.5533 | Tr Acc: 0.7189 | Te Acc: 0.5968 | Te AUC: 0.5333 | Te F1: 0.5952
F6 E150 | Loss: 0.5603 | Tr Acc: 0.7153 | Te Acc: 0.5968 | Te AUC: 0.5333 | Te F1: 0.5952
Early stopping triggered at epoch 150 due to lack of improvement in Test AUC.
Fold 6 - Training finished. Best Test Accuracy: 0.4839, AUC: 0.6542
Fold 6 elapsed time: 38.71 seconds.

--- Fold 7/10 ---
Calculating max TS length for Positional Encoding (624 subjects)...
Determined max TS length 295 from 624 valid files for Positional Encoding.
Fold 7 using dynamic max length (up to 295 for PE).
Loading time series for 624 subjects in fold...
No truncation active. Will pad to max length found in this fold's successful loads.
Padding to max length found in fold: 295
Padding 624 time series to final length: 295
Proceeding with 624 subjects for Fold 7 model training/evaluation.
Phenotype encoder created.
Generating initial embeddings for graph construction (Batch Size: 32)...
Initial embeddings generated.
Building k-NN graph (k=20)...
Graph built with 624 nodes and 12480 edges.
Starting training for Fold 7... Train samples: 562, Test samples: 62
F7 E001 | Loss: 0.7029 | Tr Acc: 0.5516 | Te Acc: 0.6290 | Te AUC: 0.6729 | Te F1: 0.6256
F7 E005 | Loss: 0.6803 | Tr Acc: 0.4840 | Te Acc: 0.4839 | Te AUC: 0.5927 | Te F1: 0.3156
F7 E010 | Loss: 0.6805 | Tr Acc: 0.5979 | Te Acc: 0.6129 | Te AUC: 0.6250 | Te F1: 0.5951
F7 E015 | Loss: 0.6799 | Tr Acc: 0.5890 | Te Acc: 0.5645 | Te AUC: 0.6344 | Te F1: 0.5241
F7 E020 | Loss: 0.6804 | Tr Acc: 0.5872 | Te Acc: 0.5484 | Te AUC: 0.6510 | Te F1: 0.5276
F7 E025 | Loss: 0.6581 | Tr Acc: 0.5819 | Te Acc: 0.5484 | Te AUC: 0.6188 | Te F1: 0.5012
F7 E030 | Loss: 0.6558 | Tr Acc: 0.5783 | Te Acc: 0.5645 | Te AUC: 0.6521 | Te F1: 0.5011
F7 E035 | Loss: 0.6399 | Tr Acc: 0.6174 | Te Acc: 0.6290 | Te AUC: 0.6552 | Te F1: 0.6029
F7 E040 | Loss: 0.6431 | Tr Acc: 0.5783 | Te Acc: 0.4839 | Te AUC: 0.6635 | Te F1: 0.3853
F7 E045 | Loss: 0.6339 | Tr Acc: 0.6530 | Te Acc: 0.5968 | Te AUC: 0.6656 | Te F1: 0.5965
F7 E050 | Loss: 0.6149 | Tr Acc: 0.6779 | Te Acc: 0.6290 | Te AUC: 0.6719 | Te F1: 0.6256
F7 E055 | Loss: 0.6241 | Tr Acc: 0.7011 | Te Acc: 0.6129 | Te AUC: 0.6490 | Te F1: 0.6105
F7 E060 | Loss: 0.6150 | Tr Acc: 0.6886 | Te Acc: 0.6290 | Te AUC: 0.6479 | Te F1: 0.6256
F7 E065 | Loss: 0.6083 | Tr Acc: 0.6922 | Te Acc: 0.5968 | Te AUC: 0.6385 | Te F1: 0.5754
F7 E070 | Loss: 0.6158 | Tr Acc: 0.6957 | Te Acc: 0.5323 | Te AUC: 0.6271 | Te F1: 0.5245
F7 E075 | Loss: 0.6059 | Tr Acc: 0.6922 | Te Acc: 0.6129 | Te AUC: 0.6260 | Te F1: 0.5953
F7 E080 | Loss: 0.6023 | Tr Acc: 0.6868 | Te Acc: 0.5645 | Te AUC: 0.6208 | Te F1: 0.5642
F7 E085 | Loss: 0.6038 | Tr Acc: 0.6139 | Te Acc: 0.6452 | Te AUC: 0.6271 | Te F1: 0.6230
F7 E090 | Loss: 0.6022 | Tr Acc: 0.6228 | Te Acc: 0.6452 | Te AUC: 0.6260 | Te F1: 0.6230
F7 E095 | Loss: 0.5988 | Tr Acc: 0.6601 | Te Acc: 0.6129 | Te AUC: 0.6323 | Te F1: 0.6003
F7 E100 | Loss: 0.5893 | Tr Acc: 0.7117 | Te Acc: 0.6452 | Te AUC: 0.6312 | Te F1: 0.6407
F7 E105 | Loss: 0.5982 | Tr Acc: 0.6851 | Te Acc: 0.5645 | Te AUC: 0.6333 | Te F1: 0.5338
F7 E110 | Loss: 0.5974 | Tr Acc: 0.6868 | Te Acc: 0.5161 | Te AUC: 0.6260 | Te F1: 0.4666
F7 E115 | Loss: 0.5893 | Tr Acc: 0.7064 | Te Acc: 0.5968 | Te AUC: 0.6375 | Te F1: 0.5754
F7 E120 | Loss: 0.5999 | Tr Acc: 0.7260 | Te Acc: 0.5806 | Te AUC: 0.6312 | Te F1: 0.5616
F7 E125 | Loss: 0.5964 | Tr Acc: 0.7206 | Te Acc: 0.6129 | Te AUC: 0.6323 | Te F1: 0.6047
F7 E130 | Loss: 0.5986 | Tr Acc: 0.7135 | Te Acc: 0.6290 | Te AUC: 0.6302 | Te F1: 0.6229
F7 E135 | Loss: 0.6001 | Tr Acc: 0.7117 | Te Acc: 0.6290 | Te AUC: 0.6292 | Te F1: 0.6229
F7 E140 | Loss: 0.5914 | Tr Acc: 0.7082 | Te Acc: 0.6129 | Te AUC: 0.6312 | Te F1: 0.6105
F7 E145 | Loss: 0.6022 | Tr Acc: 0.7100 | Te Acc: 0.6129 | Te AUC: 0.6313 | Te F1: 0.6105
F7 E150 | Loss: 0.5871 | Tr Acc: 0.7100 | Te Acc: 0.5968 | Te AUC: 0.6302 | Te F1: 0.5952
Early stopping triggered at epoch 150 due to lack of improvement in Test AUC.
Fold 7 - Training finished. Best Test Accuracy: 0.6290, AUC: 0.6729
Fold 7 elapsed time: 38.38 seconds.

--- Fold 8/10 ---
Calculating max TS length for Positional Encoding (624 subjects)...
Determined max TS length 295 from 624 valid files for Positional Encoding.
Fold 8 using dynamic max length (up to 295 for PE).
Loading time series for 624 subjects in fold...
No truncation active. Will pad to max length found in this fold's successful loads.
Padding to max length found in fold: 295
Padding 624 time series to final length: 295
Proceeding with 624 subjects for Fold 8 model training/evaluation.
Phenotype encoder created.
Generating initial embeddings for graph construction (Batch Size: 32)...
Initial embeddings generated.
Building k-NN graph (k=20)...
Graph built with 624 nodes and 12480 edges.
Starting training for Fold 8... Train samples: 562, Test samples: 62
F8 E001 | Loss: 0.6925 | Tr Acc: 0.5160 | Te Acc: 0.5161 | Te AUC: 0.4396 | Te F1: 0.3514
F8 E005 | Loss: 0.6866 | Tr Acc: 0.5747 | Te Acc: 0.3710 | Te AUC: 0.3750 | Te F1: 0.3711
F8 E010 | Loss: 0.6830 | Tr Acc: 0.5925 | Te Acc: 0.4194 | Te AUC: 0.4250 | Te F1: 0.3718
F8 E015 | Loss: 0.6577 | Tr Acc: 0.5658 | Te Acc: 0.5000 | Te AUC: 0.4875 | Te F1: 0.3696
F8 E020 | Loss: 0.6434 | Tr Acc: 0.5356 | Te Acc: 0.5161 | Te AUC: 0.5000 | Te F1: 0.3514
F8 E025 | Loss: 0.6425 | Tr Acc: 0.5552 | Te Acc: 0.5161 | Te AUC: 0.4583 | Te F1: 0.3781
F8 E030 | Loss: 0.6484 | Tr Acc: 0.5907 | Te Acc: 0.5161 | Te AUC: 0.4604 | Te F1: 0.4656
F8 E035 | Loss: 0.6417 | Tr Acc: 0.6317 | Te Acc: 0.5323 | Te AUC: 0.4385 | Te F1: 0.5244
F8 E040 | Loss: 0.6190 | Tr Acc: 0.4911 | Te Acc: 0.4677 | Te AUC: 0.4729 | Te F1: 0.3084
F8 E045 | Loss: 0.6152 | Tr Acc: 0.4947 | Te Acc: 0.4677 | Te AUC: 0.4417 | Te F1: 0.3084
F8 E050 | Loss: 0.6007 | Tr Acc: 0.6085 | Te Acc: 0.5161 | Te AUC: 0.4906 | Te F1: 0.4656
F8 E055 | Loss: 0.5856 | Tr Acc: 0.5783 | Te Acc: 0.4839 | Te AUC: 0.4969 | Te F1: 0.3822
F8 E060 | Loss: 0.5911 | Tr Acc: 0.6139 | Te Acc: 0.4677 | Te AUC: 0.4948 | Te F1: 0.3902
F8 E065 | Loss: 0.5889 | Tr Acc: 0.5498 | Te Acc: 0.5161 | Te AUC: 0.4833 | Te F1: 0.3514
F8 E070 | Loss: 0.5660 | Tr Acc: 0.6957 | Te Acc: 0.5323 | Te AUC: 0.4438 | Te F1: 0.5141
F8 E075 | Loss: 0.5591 | Tr Acc: 0.6655 | Te Acc: 0.4194 | Te AUC: 0.4260 | Te F1: 0.3600
F8 E080 | Loss: 0.5507 | Tr Acc: 0.6833 | Te Acc: 0.5000 | Te AUC: 0.4479 | Te F1: 0.4414
F8 E085 | Loss: 0.5390 | Tr Acc: 0.6281 | Te Acc: 0.4839 | Te AUC: 0.4677 | Te F1: 0.3822
F8 E090 | Loss: 0.5422 | Tr Acc: 0.5872 | Te Acc: 0.5000 | Te AUC: 0.4594 | Te F1: 0.3917
F8 E095 | Loss: 0.5344 | Tr Acc: 0.5907 | Te Acc: 0.5000 | Te AUC: 0.4500 | Te F1: 0.3917
F8 E100 | Loss: 0.5395 | Tr Acc: 0.6637 | Te Acc: 0.4516 | Te AUC: 0.4417 | Te F1: 0.3630
F8 E105 | Loss: 0.5316 | Tr Acc: 0.7100 | Te Acc: 0.4839 | Te AUC: 0.4458 | Te F1: 0.4516
F8 E110 | Loss: 0.5308 | Tr Acc: 0.7295 | Te Acc: 0.5000 | Te AUC: 0.4458 | Te F1: 0.4805
F8 E115 | Loss: 0.5349 | Tr Acc: 0.7117 | Te Acc: 0.5000 | Te AUC: 0.4365 | Te F1: 0.4641
F8 E120 | Loss: 0.5195 | Tr Acc: 0.7313 | Te Acc: 0.5161 | Te AUC: 0.4437 | Te F1: 0.4859
F8 E125 | Loss: 0.5285 | Tr Acc: 0.6690 | Te Acc: 0.4516 | Te AUC: 0.4438 | Te F1: 0.3630
F8 E130 | Loss: 0.5182 | Tr Acc: 0.5979 | Te Acc: 0.4839 | Te AUC: 0.4479 | Te F1: 0.3611
F8 E135 | Loss: 0.5208 | Tr Acc: 0.6263 | Te Acc: 0.4839 | Te AUC: 0.4448 | Te F1: 0.3822
F8 E140 | Loss: 0.5177 | Tr Acc: 0.6512 | Te Acc: 0.4677 | Te AUC: 0.4469 | Te F1: 0.3727
F8 E145 | Loss: 0.5225 | Tr Acc: 0.6673 | Te Acc: 0.4677 | Te AUC: 0.4417 | Te F1: 0.3727
F8 E150 | Loss: 0.5126 | Tr Acc: 0.6797 | Te Acc: 0.4677 | Te AUC: 0.4427 | Te F1: 0.3902
F8 E155 | Loss: 0.5247 | Tr Acc: 0.6815 | Te Acc: 0.4677 | Te AUC: 0.4417 | Te F1: 0.3902
F8 E160 | Loss: 0.5326 | Tr Acc: 0.6833 | Te Acc: 0.4677 | Te AUC: 0.4458 | Te F1: 0.3902
F8 E165 | Loss: 0.5270 | Tr Acc: 0.6815 | Te Acc: 0.4677 | Te AUC: 0.4469 | Te F1: 0.3902
F8 E170 | Loss: 0.5087 | Tr Acc: 0.6833 | Te Acc: 0.4839 | Te AUC: 0.4469 | Te F1: 0.4163
Early stopping triggered at epoch 170 due to lack of improvement in Test AUC.
Fold 8 - Training finished. Best Test Accuracy: 0.5161, AUC: 0.5000
Fold 8 elapsed time: 41.50 seconds.

--- Fold 9/10 ---
Calculating max TS length for Positional Encoding (624 subjects)...
Determined max TS length 295 from 624 valid files for Positional Encoding.
Fold 9 using dynamic max length (up to 295 for PE).
Loading time series for 624 subjects in fold...
No truncation active. Will pad to max length found in this fold's successful loads.
Padding to max length found in fold: 295
Padding 624 time series to final length: 295
Proceeding with 624 subjects for Fold 9 model training/evaluation.
Phenotype encoder created.
Generating initial embeddings for graph construction (Batch Size: 32)...
Initial embeddings generated.
Building k-NN graph (k=20)...
Graph built with 624 nodes and 12480 edges.
Starting training for Fold 9... Train samples: 562, Test samples: 62
F9 E001 | Loss: 0.7016 | Tr Acc: 0.5160 | Te Acc: 0.5161 | Te AUC: 0.4854 | Te F1: 0.3514
F9 E005 | Loss: 0.6691 | Tr Acc: 0.5160 | Te Acc: 0.5161 | Te AUC: 0.4833 | Te F1: 0.3514
F9 E010 | Loss: 0.6780 | Tr Acc: 0.5302 | Te Acc: 0.5323 | Te AUC: 0.5646 | Te F1: 0.3864
F9 E015 | Loss: 0.6667 | Tr Acc: 0.4911 | Te Acc: 0.4839 | Te AUC: 0.5344 | Te F1: 0.3156
F9 E020 | Loss: 0.6673 | Tr Acc: 0.5623 | Te Acc: 0.4839 | Te AUC: 0.5448 | Te F1: 0.4179
F9 E025 | Loss: 0.6619 | Tr Acc: 0.5747 | Te Acc: 0.5161 | Te AUC: 0.5479 | Te F1: 0.4010
F9 E030 | Loss: 0.6429 | Tr Acc: 0.5374 | Te Acc: 0.5000 | Te AUC: 0.5323 | Te F1: 0.3952
F9 E035 | Loss: 0.6498 | Tr Acc: 0.5214 | Te Acc: 0.5000 | Te AUC: 0.5052 | Te F1: 0.3503
F9 E040 | Loss: 0.6247 | Tr Acc: 0.5925 | Te Acc: 0.5161 | Te AUC: 0.5104 | Te F1: 0.4864
F9 E045 | Loss: 0.6161 | Tr Acc: 0.5694 | Te Acc: 0.5484 | Te AUC: 0.5573 | Te F1: 0.4195
F9 E050 | Loss: 0.6206 | Tr Acc: 0.6050 | Te Acc: 0.5323 | Te AUC: 0.5375 | Te F1: 0.4641
F9 E055 | Loss: 0.6142 | Tr Acc: 0.5890 | Te Acc: 0.4677 | Te AUC: 0.5010 | Te F1: 0.3754
F9 E060 | Loss: 0.6095 | Tr Acc: 0.6495 | Te Acc: 0.5645 | Te AUC: 0.5115 | Te F1: 0.5333
F9 E065 | Loss: 0.5944 | Tr Acc: 0.6904 | Te Acc: 0.4677 | Te AUC: 0.4729 | Te F1: 0.4673
F9 E070 | Loss: 0.5808 | Tr Acc: 0.7082 | Te Acc: 0.4677 | Te AUC: 0.4948 | Te F1: 0.4588
F9 E075 | Loss: 0.5798 | Tr Acc: 0.7082 | Te Acc: 0.4516 | Te AUC: 0.4844 | Te F1: 0.4505
F9 E080 | Loss: 0.5713 | Tr Acc: 0.7153 | Te Acc: 0.5000 | Te AUC: 0.4698 | Te F1: 0.5001
F9 E085 | Loss: 0.5840 | Tr Acc: 0.7153 | Te Acc: 0.4516 | Te AUC: 0.4760 | Te F1: 0.4446
F9 E090 | Loss: 0.5801 | Tr Acc: 0.7100 | Te Acc: 0.4516 | Te AUC: 0.4635 | Te F1: 0.4446
F9 E095 | Loss: 0.5805 | Tr Acc: 0.7135 | Te Acc: 0.4677 | Te AUC: 0.4823 | Te F1: 0.4588
F9 E100 | Loss: 0.5777 | Tr Acc: 0.7171 | Te Acc: 0.4677 | Te AUC: 0.4729 | Te F1: 0.4588
F9 E105 | Loss: 0.5729 | Tr Acc: 0.7100 | Te Acc: 0.4677 | Te AUC: 0.4802 | Te F1: 0.4588
F9 E110 | Loss: 0.5645 | Tr Acc: 0.7260 | Te Acc: 0.4677 | Te AUC: 0.4760 | Te F1: 0.4588
F9 E115 | Loss: 0.5731 | Tr Acc: 0.7349 | Te Acc: 0.4516 | Te AUC: 0.4646 | Te F1: 0.4516
F9 E120 | Loss: 0.5712 | Tr Acc: 0.7384 | Te Acc: 0.4516 | Te AUC: 0.4844 | Te F1: 0.4446
F9 E125 | Loss: 0.5822 | Tr Acc: 0.7171 | Te Acc: 0.4839 | Te AUC: 0.4813 | Te F1: 0.4728
F9 E130 | Loss: 0.5774 | Tr Acc: 0.7100 | Te Acc: 0.4839 | Te AUC: 0.4885 | Te F1: 0.4728
F9 E135 | Loss: 0.5697 | Tr Acc: 0.7082 | Te Acc: 0.4839 | Te AUC: 0.4906 | Te F1: 0.4728
F9 E140 | Loss: 0.5798 | Tr Acc: 0.7082 | Te Acc: 0.4839 | Te AUC: 0.4917 | Te F1: 0.4728
F9 E145 | Loss: 0.5549 | Tr Acc: 0.7153 | Te Acc: 0.4839 | Te AUC: 0.4875 | Te F1: 0.4728
F9 E150 | Loss: 0.5532 | Tr Acc: 0.7224 | Te Acc: 0.4839 | Te AUC: 0.4844 | Te F1: 0.4728
F9 E155 | Loss: 0.5597 | Tr Acc: 0.7242 | Te Acc: 0.4839 | Te AUC: 0.4813 | Te F1: 0.4728
F9 E160 | Loss: 0.5638 | Tr Acc: 0.7224 | Te Acc: 0.4839 | Te AUC: 0.4813 | Te F1: 0.4728
Early stopping triggered at epoch 160 due to lack of improvement in Test AUC.
Fold 9 - Training finished. Best Test Accuracy: 0.5323, AUC: 0.5646
Fold 9 elapsed time: 40.00 seconds.

--- Fold 10/10 ---
Calculating max TS length for Positional Encoding (624 subjects)...
Determined max TS length 295 from 624 valid files for Positional Encoding.
Fold 10 using dynamic max length (up to 295 for PE).
Loading time series for 624 subjects in fold...
No truncation active. Will pad to max length found in this fold's successful loads.
Padding to max length found in fold: 295
Padding 624 time series to final length: 295
Proceeding with 624 subjects for Fold 10 model training/evaluation.
Phenotype encoder created.
Generating initial embeddings for graph construction (Batch Size: 32)...
Initial embeddings generated.
Building k-NN graph (k=20)...
Graph built with 624 nodes and 12480 edges.
Starting training for Fold 10... Train samples: 562, Test samples: 62
F10 E001 | Loss: 0.7102 | Tr Acc: 0.4840 | Te Acc: 0.4839 | Te AUC: 0.5281 | Te F1: 0.3156
F10 E005 | Loss: 0.6879 | Tr Acc: 0.4858 | Te Acc: 0.4839 | Te AUC: 0.5802 | Te F1: 0.3156
F10 E010 | Loss: 0.6640 | Tr Acc: 0.5925 | Te Acc: 0.5645 | Te AUC: 0.6208 | Te F1: 0.5605
F10 E015 | Loss: 0.6532 | Tr Acc: 0.5979 | Te Acc: 0.6129 | Te AUC: 0.6219 | Te F1: 0.5887
F10 E020 | Loss: 0.6563 | Tr Acc: 0.6050 | Te Acc: 0.5806 | Te AUC: 0.6406 | Te F1: 0.5616
F10 E025 | Loss: 0.6435 | Tr Acc: 0.6192 | Te Acc: 0.5806 | Te AUC: 0.6177 | Te F1: 0.5463
F10 E030 | Loss: 0.6469 | Tr Acc: 0.6210 | Te Acc: 0.5968 | Te AUC: 0.6448 | Te F1: 0.5594
F10 E035 | Loss: 0.6288 | Tr Acc: 0.6423 | Te Acc: 0.5806 | Te AUC: 0.6427 | Te F1: 0.5753
F10 E040 | Loss: 0.6239 | Tr Acc: 0.5516 | Te Acc: 0.5323 | Te AUC: 0.6469 | Te F1: 0.4342
F10 E045 | Loss: 0.6102 | Tr Acc: 0.5979 | Te Acc: 0.5484 | Te AUC: 0.6646 | Te F1: 0.4594
F10 E050 | Loss: 0.6194 | Tr Acc: 0.6121 | Te Acc: 0.5484 | Te AUC: 0.6740 | Te F1: 0.4594
F10 E055 | Loss: 0.5873 | Tr Acc: 0.5178 | Te Acc: 0.5000 | Te AUC: 0.6281 | Te F1: 0.3503
F10 E060 | Loss: 0.5770 | Tr Acc: 0.6263 | Te Acc: 0.5484 | Te AUC: 0.6521 | Te F1: 0.4594
F10 E065 | Loss: 0.5645 | Tr Acc: 0.5214 | Te Acc: 0.5000 | Te AUC: 0.6083 | Te F1: 0.3503
F10 E070 | Loss: 0.5407 | Tr Acc: 0.6957 | Te Acc: 0.5645 | Te AUC: 0.6000 | Te F1: 0.5531
F10 E075 | Loss: 0.5486 | Tr Acc: 0.5196 | Te Acc: 0.5000 | Te AUC: 0.5896 | Te F1: 0.3503
F10 E080 | Loss: 0.5215 | Tr Acc: 0.6210 | Te Acc: 0.5000 | Te AUC: 0.6510 | Te F1: 0.3917
F10 E085 | Loss: 0.5305 | Tr Acc: 0.6370 | Te Acc: 0.5161 | Te AUC: 0.5823 | Te F1: 0.4666
F10 E090 | Loss: 0.4866 | Tr Acc: 0.6868 | Te Acc: 0.5323 | Te AUC: 0.5740 | Te F1: 0.4993
F10 E095 | Loss: 0.4870 | Tr Acc: 0.7651 | Te Acc: 0.6129 | Te AUC: 0.6208 | Te F1: 0.6129
F10 E100 | Loss: 0.4775 | Tr Acc: 0.6993 | Te Acc: 0.5484 | Te AUC: 0.6542 | Te F1: 0.4892
F10 E105 | Loss: 0.4512 | Tr Acc: 0.6299 | Te Acc: 0.5323 | Te AUC: 0.6260 | Te F1: 0.4787
F10 E110 | Loss: 0.4486 | Tr Acc: 0.7740 | Te Acc: 0.6452 | Te AUC: 0.6552 | Te F1: 0.6429
F10 E115 | Loss: 0.4372 | Tr Acc: 0.7740 | Te Acc: 0.5968 | Te AUC: 0.6802 | Te F1: 0.5811
F10 E120 | Loss: 0.4367 | Tr Acc: 0.8132 | Te Acc: 0.6290 | Te AUC: 0.6792 | Te F1: 0.6192
F10 E125 | Loss: 0.4196 | Tr Acc: 0.8149 | Te Acc: 0.5806 | Te AUC: 0.6562 | Te F1: 0.5780
F10 E130 | Loss: 0.4236 | Tr Acc: 0.8078 | Te Acc: 0.6290 | Te AUC: 0.6708 | Te F1: 0.6192
F10 E135 | Loss: 0.4281 | Tr Acc: 0.8096 | Te Acc: 0.6290 | Te AUC: 0.6729 | Te F1: 0.6192
F10 E140 | Loss: 0.4093 | Tr Acc: 0.7989 | Te Acc: 0.6129 | Te AUC: 0.6792 | Te F1: 0.6003
F10 E145 | Loss: 0.4124 | Tr Acc: 0.8274 | Te Acc: 0.6452 | Te AUC: 0.6802 | Te F1: 0.6407
F10 E150 | Loss: 0.3976 | Tr Acc: 0.8292 | Te Acc: 0.6774 | Te AUC: 0.6667 | Te F1: 0.6774
F10 E155 | Loss: 0.3908 | Tr Acc: 0.8292 | Te Acc: 0.6452 | Te AUC: 0.6740 | Te F1: 0.6429
F10 E160 | Loss: 0.3991 | Tr Acc: 0.8310 | Te Acc: 0.6290 | Te AUC: 0.6708 | Te F1: 0.6276
F10 E165 | Loss: 0.3900 | Tr Acc: 0.8345 | Te Acc: 0.6290 | Te AUC: 0.6729 | Te F1: 0.6256
F10 E170 | Loss: 0.3918 | Tr Acc: 0.7900 | Te Acc: 0.5968 | Te AUC: 0.6667 | Te F1: 0.5750
F10 E175 | Loss: 0.3953 | Tr Acc: 0.8149 | Te Acc: 0.6129 | Te AUC: 0.6635 | Te F1: 0.5951
F10 E180 | Loss: 0.3971 | Tr Acc: 0.8221 | Te Acc: 0.6129 | Te AUC: 0.6615 | Te F1: 0.6046
F10 E185 | Loss: 0.4078 | Tr Acc: 0.8292 | Te Acc: 0.6129 | Te AUC: 0.6625 | Te F1: 0.6080
F10 E190 | Loss: 0.4193 | Tr Acc: 0.8399 | Te Acc: 0.6452 | Te AUC: 0.6656 | Te F1: 0.6429
F10 E195 | Loss: 0.3806 | Tr Acc: 0.8416 | Te Acc: 0.6613 | Te AUC: 0.6646 | Te F1: 0.6610
F10 E200 | Loss: 0.3947 | Tr Acc: 0.8399 | Te Acc: 0.6452 | Te AUC: 0.6625 | Te F1: 0.6452
Fold 10 - Training finished. Best Test Accuracy: 0.5968, AUC: 0.6802
Fold 10 elapsed time: 47.31 seconds.

--- Cross-Validation Results ---
Number of successfully completed folds with valid metrics: 10/10
Average Accuracy:  0.5528 +/- 0.0481
Average F1-Score:  0.4561
Average Precision: 0.5498
Average Recall:    0.5528
Average AUC:       0.6401

Total elapsed time: 419.64 seconds.
--- Run Finished ---
Frankenstein Training completed at Wed Apr 16 03:18:25 AM EDT 2025
