Starting ACHNN regression training with 16 CPUs and 1 GPU at Wed Apr 16 03:26:06 AM EDT 2025
Loading configuration from config.yaml...

--- Configuration Used ---
data_params:
  exclude_cols:
  - 'Unnamed: 0'
  - X
  - subject
  - FILE_ID
  - qc_rater_1
  - qc_notes_rater_1
  - qc_anat_rater_2
  - qc_anat_notes_rater_2
  - qc_func_rater_2
  - qc_func_notes_rater_2
  - qc_anat_rater_3
  - qc_anat_notes_rater_3
  - qc_func_rater_3
  - qc_func_notes_rater_3
  max_ts_length: -1
  num_regions: 200
  phenotype_cols_categorical:
  - SEX
  - SITE_ID
  - EYE_STATUS_AT_SCAN
  phenotype_cols_numerical:
  - AGE_AT_SCAN
  - FIQ
  - func_mean_fd
  phenotype_file: Phenotypic_V1_0b_preprocessed1.csv
  region_dir: /home/pl217/frankensteins_model/results/abide_timeseries/ccs_filt_noglobal_rois_cc200
  site_id_col: SITE_ID
  sub_id_col: SUB_ID
  target_col: DX_GROUP
graph_params:
  k_neighbors: 20
model_params:
  dropout_rate: 0.3
  gnn_heads: 4
  gnn_hidden_dim: 128
  gnn_output_dim: 2
  pheno_embedding_dim: 64
  pheno_hidden_dim: 128
  ts_embedding_dim: 128
  ts_transformer_d_model: 128
  ts_transformer_dim_feedforward: 512
  ts_transformer_nhead: 4
  ts_transformer_num_layers: 3
run_params:
  device: cuda
  early_stopping_patience: 30
  encoder_batch_size: 32
  epochs: 200
  learning_rate: 0.0002
  lr_scheduler_factor: 0.5
  lr_scheduler_patience: 15
  n_splits: 10
  seed: 42
  weight_decay: 0.0005

--------------------------

Using configured max_ts_length setting: -1 (-1 means use max in fold)
Using configured num_regions: 200
Using configured encoder_batch_size: 32
Random seed set to 42
Using GPU: NVIDIA RTX A5000
Loading phenotype data from: Phenotypic_V1_0b_preprocessed1.csv
Original selected data shape: (1112, 8)
Using target column: 'DX_GROUP'
Filtered out 0 rows with invalid/missing target values.
Phenotype data shape after target filtering: (1112, 8)
Processing specified numerical features...
 Processing numerical columns: ['AGE_AT_SCAN', 'FIQ', 'func_mean_fd']
Processing specified categorical features...
 Processing categorical columns: ['SEX', 'SITE_ID', 'EYE_STATUS_AT_SCAN']
  Encoded categorical columns: ['SEX_1', 'SEX_2', 'SITE_ID_CALTECH', 'SITE_ID_CMU', 'SITE_ID_KKI', 'SITE_ID_LEUVEN_1', 'SITE_ID_LEUVEN_2', 'SITE_ID_MAX_MUN', 'SITE_ID_NYU', 'SITE_ID_OHSU', 'SITE_ID_OLIN', 'SITE_ID_PITT', 'SITE_ID_SBL', 'SITE_ID_SDSU', 'SITE_ID_STANFORD', 'SITE_ID_TRINITY', 'SITE_ID_UCLA_1', 'SITE_ID_UCLA_2', 'SITE_ID_UM_1', 'SITE_ID_UM_2', 'SITE_ID_USM', 'SITE_ID_YALE', 'EYE_STATUS_AT_SCAN_1', 'EYE_STATUS_AT_SCAN_2']
Final phenotype features identified (27): ['AGE_AT_SCAN', 'FIQ', 'func_mean_fd', 'SEX_1', 'SEX_2', 'SITE_ID_CALTECH', 'SITE_ID_CMU', 'SITE_ID_KKI', 'SITE_ID_LEUVEN_1', 'SITE_ID_LEUVEN_2', 'SITE_ID_MAX_MUN', 'SITE_ID_NYU', 'SITE_ID_OHSU', 'SITE_ID_OLIN', 'SITE_ID_PITT', 'SITE_ID_SBL', 'SITE_ID_SDSU', 'SITE_ID_STANFORD', 'SITE_ID_TRINITY', 'SITE_ID_UCLA_1', 'SITE_ID_UCLA_2', 'SITE_ID_UM_1', 'SITE_ID_UM_2', 'SITE_ID_USM', 'SITE_ID_YALE', 'EYE_STATUS_AT_SCAN_1', 'EYE_STATUS_AT_SCAN_2']
Checking for corresponding TS files in: /home/pl217/frankensteins_model/results/abide_timeseries/ccs_filt_noglobal_rois_cc200
Processed 1112 subjects from phenotype data.
Found existing, non-empty TS files for 624 subjects.
Skipped 488 subjects (missing file or invalid ID/Site).
Skipped 0 subjects (empty file).
Total subjects available for K-Fold analysis: 624

--- Fold 1/10 ---
Calculating max TS length for Positional Encoding (624 subjects)...
Determined max TS length 295 from 624 valid files for Positional Encoding.
Fold 1 using dynamic max length (up to 295 for PE).
Loading time series for 624 subjects in fold...
No truncation active. Will pad to max length found in this fold's successful loads.
Padding to max length found in fold: 295
Padding 624 time series to final length: 295
Proceeding with 624 subjects for Fold 1 model training/evaluation.
Phenotype encoder created.
Generating initial embeddings for graph construction (Batch Size: 32)...
Initial embeddings generated.
Building k-NN graph (k=20)...
Graph built with 624 nodes and 12480 edges.
Starting training for Fold 1... Train samples: 561, Test samples: 63
  Epoch 1, Grad Norm: 0.4863
F1 E001 | Loss: 0.7208 | Tr Acc: 0.5169 | Te Acc: 0.5079 | Te AUC: 0.5433 | Te F1: 0.3422
F1 E002 | Loss: 0.6953 | Tr Acc: 0.5169 | Te Acc: 0.5079 | Te AUC: 0.5716 | Te F1: 0.3422
F1 E003 | Loss: 0.7062 | Tr Acc: 0.5169 | Te Acc: 0.5079 | Te AUC: 0.5786 | Te F1: 0.3422
F1 E004 | Loss: 0.6888 | Tr Acc: 0.5169 | Te Acc: 0.5079 | Te AUC: 0.5917 | Te F1: 0.3422
  Epoch 5, Grad Norm: 0.4493
F1 E005 | Loss: 0.7013 | Tr Acc: 0.5169 | Te Acc: 0.5079 | Te AUC: 0.5948 | Te F1: 0.3422
F1 E006 | Loss: 0.6875 | Tr Acc: 0.5169 | Te Acc: 0.5079 | Te AUC: 0.6109 | Te F1: 0.3422
F1 E007 | Loss: 0.6837 | Tr Acc: 0.5169 | Te Acc: 0.5079 | Te AUC: 0.6341 | Te F1: 0.3422
F1 E008 | Loss: 0.6731 | Tr Acc: 0.5169 | Te Acc: 0.5079 | Te AUC: 0.6472 | Te F1: 0.3422
F1 E009 | Loss: 0.6842 | Tr Acc: 0.5169 | Te Acc: 0.5079 | Te AUC: 0.6492 | Te F1: 0.3422
  Epoch 10, Grad Norm: 0.4205
F1 E010 | Loss: 0.6763 | Tr Acc: 0.5223 | Te Acc: 0.5397 | Te AUC: 0.6492 | Te F1: 0.4092
F1 E011 | Loss: 0.6770 | Tr Acc: 0.5276 | Te Acc: 0.5556 | Te AUC: 0.6633 | Te F1: 0.4402
F1 E012 | Loss: 0.6779 | Tr Acc: 0.5401 | Te Acc: 0.5714 | Te AUC: 0.6653 | Te F1: 0.4697
F1 E013 | Loss: 0.6882 | Tr Acc: 0.5561 | Te Acc: 0.5873 | Te AUC: 0.6724 | Te F1: 0.5133
F1 E014 | Loss: 0.6766 | Tr Acc: 0.5597 | Te Acc: 0.6032 | Te AUC: 0.6835 | Te F1: 0.5386
  Epoch 15, Grad Norm: 0.3712
F1 E015 | Loss: 0.6678 | Tr Acc: 0.5633 | Te Acc: 0.6032 | Te AUC: 0.6815 | Te F1: 0.5386
F1 E016 | Loss: 0.6739 | Tr Acc: 0.5740 | Te Acc: 0.6032 | Te AUC: 0.6875 | Te F1: 0.5386
F1 E017 | Loss: 0.6796 | Tr Acc: 0.5775 | Te Acc: 0.5873 | Te AUC: 0.6905 | Te F1: 0.5266
F1 E018 | Loss: 0.6639 | Tr Acc: 0.5847 | Te Acc: 0.5873 | Te AUC: 0.6986 | Te F1: 0.5266
F1 E019 | Loss: 0.6685 | Tr Acc: 0.5882 | Te Acc: 0.5873 | Te AUC: 0.7056 | Te F1: 0.5382
  Epoch 20, Grad Norm: 0.4016
F1 E020 | Loss: 0.6756 | Tr Acc: 0.5936 | Te Acc: 0.5873 | Te AUC: 0.7127 | Te F1: 0.5382
F1 E021 | Loss: 0.6620 | Tr Acc: 0.6025 | Te Acc: 0.5873 | Te AUC: 0.7127 | Te F1: 0.5382
F1 E022 | Loss: 0.6728 | Tr Acc: 0.6007 | Te Acc: 0.6190 | Te AUC: 0.7147 | Te F1: 0.5829
F1 E023 | Loss: 0.6656 | Tr Acc: 0.6025 | Te Acc: 0.6032 | Te AUC: 0.7188 | Te F1: 0.5699
F1 E024 | Loss: 0.6666 | Tr Acc: 0.6150 | Te Acc: 0.5873 | Te AUC: 0.7228 | Te F1: 0.5568
  Epoch 25, Grad Norm: 0.3985
F1 E025 | Loss: 0.6700 | Tr Acc: 0.6078 | Te Acc: 0.6190 | Te AUC: 0.7177 | Te F1: 0.5977
F1 E026 | Loss: 0.6659 | Tr Acc: 0.6078 | Te Acc: 0.6508 | Te AUC: 0.7157 | Te F1: 0.6408
F1 E027 | Loss: 0.6638 | Tr Acc: 0.6061 | Te Acc: 0.6349 | Te AUC: 0.7167 | Te F1: 0.6264
F1 E028 | Loss: 0.6734 | Tr Acc: 0.6168 | Te Acc: 0.6349 | Te AUC: 0.7097 | Te F1: 0.6297
F1 E029 | Loss: 0.6620 | Tr Acc: 0.6096 | Te Acc: 0.6349 | Te AUC: 0.7107 | Te F1: 0.6297
  Epoch 30, Grad Norm: 0.3909
F1 E030 | Loss: 0.6653 | Tr Acc: 0.6150 | Te Acc: 0.6032 | Te AUC: 0.7077 | Te F1: 0.5939
F1 E031 | Loss: 0.6670 | Tr Acc: 0.6132 | Te Acc: 0.6032 | Te AUC: 0.7046 | Te F1: 0.5840
F1 E032 | Loss: 0.6593 | Tr Acc: 0.6078 | Te Acc: 0.5873 | Te AUC: 0.6956 | Te F1: 0.5568
F1 E033 | Loss: 0.6513 | Tr Acc: 0.5989 | Te Acc: 0.6032 | Te AUC: 0.6845 | Te F1: 0.5699
F1 E034 | Loss: 0.6497 | Tr Acc: 0.6025 | Te Acc: 0.5873 | Te AUC: 0.6825 | Te F1: 0.5482
  Epoch 35, Grad Norm: 0.3869
F1 E035 | Loss: 0.6610 | Tr Acc: 0.5971 | Te Acc: 0.6190 | Te AUC: 0.6835 | Te F1: 0.5737
F1 E036 | Loss: 0.6571 | Tr Acc: 0.5829 | Te Acc: 0.6349 | Te AUC: 0.6784 | Te F1: 0.5960
F1 E037 | Loss: 0.6628 | Tr Acc: 0.5918 | Te Acc: 0.6190 | Te AUC: 0.6804 | Te F1: 0.5829
F1 E038 | Loss: 0.6536 | Tr Acc: 0.5989 | Te Acc: 0.6349 | Te AUC: 0.6835 | Te F1: 0.6043
F1 E039 | Loss: 0.6506 | Tr Acc: 0.6025 | Te Acc: 0.6349 | Te AUC: 0.6855 | Te F1: 0.6113
  Epoch 40, Grad Norm: 0.3798
F1 E040 | Loss: 0.6556 | Tr Acc: 0.6185 | Te Acc: 0.6508 | Te AUC: 0.6865 | Te F1: 0.6365
  Learning rate reduced to 1.0e-04
F1 E041 | Loss: 0.6408 | Tr Acc: 0.6203 | Te Acc: 0.6349 | Te AUC: 0.6875 | Te F1: 0.6223
F1 E042 | Loss: 0.6612 | Tr Acc: 0.6364 | Te Acc: 0.6349 | Te AUC: 0.6855 | Te F1: 0.6264
F1 E043 | Loss: 0.6378 | Tr Acc: 0.6381 | Te Acc: 0.6349 | Te AUC: 0.6855 | Te F1: 0.6297
F1 E044 | Loss: 0.6587 | Tr Acc: 0.6381 | Te Acc: 0.6349 | Te AUC: 0.6845 | Te F1: 0.6297
  Epoch 45, Grad Norm: 0.3636
F1 E045 | Loss: 0.6368 | Tr Acc: 0.6399 | Te Acc: 0.6349 | Te AUC: 0.6865 | Te F1: 0.6297
F1 E046 | Loss: 0.6378 | Tr Acc: 0.6417 | Te Acc: 0.6190 | Te AUC: 0.6875 | Te F1: 0.6120
F1 E047 | Loss: 0.6528 | Tr Acc: 0.6417 | Te Acc: 0.6190 | Te AUC: 0.6875 | Te F1: 0.6120
F1 E048 | Loss: 0.6452 | Tr Acc: 0.6399 | Te Acc: 0.6349 | Te AUC: 0.6895 | Te F1: 0.6264
F1 E049 | Loss: 0.6436 | Tr Acc: 0.6506 | Te Acc: 0.6349 | Te AUC: 0.6915 | Te F1: 0.6264
  Epoch 50, Grad Norm: 0.3928
F1 E050 | Loss: 0.6636 | Tr Acc: 0.6471 | Te Acc: 0.6349 | Te AUC: 0.6986 | Te F1: 0.6264
  Epoch 55, Grad Norm: 0.3457
F1 E055 | Loss: 0.6368 | Tr Acc: 0.6417 | Te Acc: 0.6508 | Te AUC: 0.7127 | Te F1: 0.6408
  Epoch 60, Grad Norm: 0.3688
F1 E060 | Loss: 0.6496 | Tr Acc: 0.6417 | Te Acc: 0.6667 | Te AUC: 0.7157 | Te F1: 0.6552
  Epoch 65, Grad Norm: 0.3636
F1 E065 | Loss: 0.6389 | Tr Acc: 0.6524 | Te Acc: 0.6508 | Te AUC: 0.7157 | Te F1: 0.6490
  Epoch 70, Grad Norm: 0.4004
F1 E070 | Loss: 0.6236 | Tr Acc: 0.6595 | Te Acc: 0.7460 | Te AUC: 0.7188 | Te F1: 0.7441
Early stopping triggered at epoch 70 due to lack of improvement in Test AUC for 30 evaluation steps.
Fold 1 - Training finished. Best Test Accuracy: 0.5873, AUC: 0.7228
Fold 1 elapsed time: 35.13 seconds.

--- Fold 2/10 ---
Calculating max TS length for Positional Encoding (624 subjects)...
Determined max TS length 295 from 624 valid files for Positional Encoding.
Fold 2 using dynamic max length (up to 295 for PE).
Loading time series for 624 subjects in fold...
No truncation active. Will pad to max length found in this fold's successful loads.
Padding to max length found in fold: 295
Padding 624 time series to final length: 295
Proceeding with 624 subjects for Fold 2 model training/evaluation.
Phenotype encoder created.
Generating initial embeddings for graph construction (Batch Size: 32)...
Initial embeddings generated.
Building k-NN graph (k=20)...
Graph built with 624 nodes and 12480 edges.
Starting training for Fold 2... Train samples: 561, Test samples: 63
  Epoch 1, Grad Norm: 0.4747
F2 E001 | Loss: 0.7125 | Tr Acc: 0.5169 | Te Acc: 0.5079 | Te AUC: 0.5736 | Te F1: 0.3422
F2 E002 | Loss: 0.7085 | Tr Acc: 0.5169 | Te Acc: 0.5079 | Te AUC: 0.5746 | Te F1: 0.3422
F2 E003 | Loss: 0.6998 | Tr Acc: 0.5294 | Te Acc: 0.5079 | Te AUC: 0.5706 | Te F1: 0.3422
F2 E004 | Loss: 0.6918 | Tr Acc: 0.5383 | Te Acc: 0.5397 | Te AUC: 0.5736 | Te F1: 0.4092
  Epoch 5, Grad Norm: 0.4116
F2 E005 | Loss: 0.6872 | Tr Acc: 0.5490 | Te Acc: 0.5873 | Te AUC: 0.5675 | Te F1: 0.4979
F2 E006 | Loss: 0.6859 | Tr Acc: 0.5668 | Te Acc: 0.5714 | Te AUC: 0.5665 | Te F1: 0.4868
F2 E007 | Loss: 0.6882 | Tr Acc: 0.5740 | Te Acc: 0.5714 | Te AUC: 0.5706 | Te F1: 0.4868
F2 E008 | Loss: 0.6877 | Tr Acc: 0.5740 | Te Acc: 0.5238 | Te AUC: 0.5685 | Te F1: 0.4538
F2 E009 | Loss: 0.6881 | Tr Acc: 0.5651 | Te Acc: 0.5238 | Te AUC: 0.5716 | Te F1: 0.4671
  Epoch 10, Grad Norm: 0.3618
F2 E010 | Loss: 0.6812 | Tr Acc: 0.5740 | Te Acc: 0.5397 | Te AUC: 0.5716 | Te F1: 0.4907
F2 E011 | Loss: 0.6782 | Tr Acc: 0.5936 | Te Acc: 0.5238 | Te AUC: 0.5706 | Te F1: 0.4971
F2 E012 | Loss: 0.6900 | Tr Acc: 0.5954 | Te Acc: 0.5238 | Te AUC: 0.5726 | Te F1: 0.5043
F2 E013 | Loss: 0.6917 | Tr Acc: 0.5865 | Te Acc: 0.5397 | Te AUC: 0.5726 | Te F1: 0.5290
F2 E014 | Loss: 0.6699 | Tr Acc: 0.5971 | Te Acc: 0.5556 | Te AUC: 0.5696 | Te F1: 0.5473
  Epoch 15, Grad Norm: 0.3580
F2 E015 | Loss: 0.6886 | Tr Acc: 0.5989 | Te Acc: 0.5556 | Te AUC: 0.5746 | Te F1: 0.5473
F2 E016 | Loss: 0.6802 | Tr Acc: 0.5989 | Te Acc: 0.5556 | Te AUC: 0.5746 | Te F1: 0.5473
F2 E017 | Loss: 0.6675 | Tr Acc: 0.5954 | Te Acc: 0.5556 | Te AUC: 0.5786 | Te F1: 0.5473
F2 E018 | Loss: 0.6678 | Tr Acc: 0.5900 | Te Acc: 0.5714 | Te AUC: 0.5938 | Te F1: 0.5615
F2 E019 | Loss: 0.6823 | Tr Acc: 0.5918 | Te Acc: 0.5238 | Te AUC: 0.5988 | Te F1: 0.5043
  Epoch 20, Grad Norm: 0.3508
F2 E020 | Loss: 0.6703 | Tr Acc: 0.5989 | Te Acc: 0.5397 | Te AUC: 0.5948 | Te F1: 0.5099
F2 E021 | Loss: 0.6641 | Tr Acc: 0.6007 | Te Acc: 0.5556 | Te AUC: 0.5998 | Te F1: 0.5134
F2 E022 | Loss: 0.6737 | Tr Acc: 0.5829 | Te Acc: 0.5397 | Te AUC: 0.5988 | Te F1: 0.4787
F2 E023 | Loss: 0.6804 | Tr Acc: 0.5793 | Te Acc: 0.5556 | Te AUC: 0.5968 | Te F1: 0.4902
F2 E024 | Loss: 0.6643 | Tr Acc: 0.5918 | Te Acc: 0.5397 | Te AUC: 0.5927 | Te F1: 0.4648
  Epoch 25, Grad Norm: 0.3589
F2 E025 | Loss: 0.6720 | Tr Acc: 0.5918 | Te Acc: 0.5397 | Te AUC: 0.5897 | Te F1: 0.4648
F2 E026 | Loss: 0.6580 | Tr Acc: 0.5882 | Te Acc: 0.5556 | Te AUC: 0.5968 | Te F1: 0.4902
F2 E027 | Loss: 0.6810 | Tr Acc: 0.5829 | Te Acc: 0.5556 | Te AUC: 0.5948 | Te F1: 0.4902
F2 E028 | Loss: 0.6718 | Tr Acc: 0.5971 | Te Acc: 0.5556 | Te AUC: 0.6048 | Te F1: 0.5227
F2 E029 | Loss: 0.6708 | Tr Acc: 0.6025 | Te Acc: 0.5397 | Te AUC: 0.6048 | Te F1: 0.5238
  Epoch 30, Grad Norm: 0.3223
F2 E030 | Loss: 0.6749 | Tr Acc: 0.6150 | Te Acc: 0.5397 | Te AUC: 0.6079 | Te F1: 0.5290
F2 E031 | Loss: 0.6719 | Tr Acc: 0.6096 | Te Acc: 0.5556 | Te AUC: 0.6089 | Te F1: 0.5533
F2 E032 | Loss: 0.6701 | Tr Acc: 0.5971 | Te Acc: 0.5714 | Te AUC: 0.6139 | Te F1: 0.5714
F2 E033 | Loss: 0.6690 | Tr Acc: 0.6096 | Te Acc: 0.5714 | Te AUC: 0.6069 | Te F1: 0.5708
F2 E034 | Loss: 0.6598 | Tr Acc: 0.6096 | Te Acc: 0.5556 | Te AUC: 0.6069 | Te F1: 0.5542
  Epoch 35, Grad Norm: 0.3139
F2 E035 | Loss: 0.6683 | Tr Acc: 0.6043 | Te Acc: 0.5556 | Te AUC: 0.6028 | Te F1: 0.5453
F2 E036 | Loss: 0.6566 | Tr Acc: 0.5882 | Te Acc: 0.5714 | Te AUC: 0.5968 | Te F1: 0.5400
F2 E037 | Loss: 0.6617 | Tr Acc: 0.5597 | Te Acc: 0.5714 | Te AUC: 0.5938 | Te F1: 0.5312
F2 E038 | Loss: 0.6654 | Tr Acc: 0.5686 | Te Acc: 0.5397 | Te AUC: 0.5917 | Te F1: 0.4855
F2 E039 | Loss: 0.6657 | Tr Acc: 0.5704 | Te Acc: 0.5397 | Te AUC: 0.5887 | Te F1: 0.4855
  Epoch 40, Grad Norm: 0.3178
F2 E040 | Loss: 0.6660 | Tr Acc: 0.5686 | Te Acc: 0.5556 | Te AUC: 0.5907 | Te F1: 0.4974
F2 E041 | Loss: 0.6639 | Tr Acc: 0.5775 | Te Acc: 0.5397 | Te AUC: 0.5897 | Te F1: 0.4965
F2 E042 | Loss: 0.6574 | Tr Acc: 0.5971 | Te Acc: 0.5556 | Te AUC: 0.5938 | Te F1: 0.5343
F2 E043 | Loss: 0.6601 | Tr Acc: 0.6132 | Te Acc: 0.5397 | Te AUC: 0.5897 | Te F1: 0.5348
F2 E044 | Loss: 0.6529 | Tr Acc: 0.6168 | Te Acc: 0.5238 | Te AUC: 0.5877 | Te F1: 0.5238
  Epoch 45, Grad Norm: 0.3200
F2 E045 | Loss: 0.6579 | Tr Acc: 0.6203 | Te Acc: 0.5556 | Te AUC: 0.5887 | Te F1: 0.5533
F2 E046 | Loss: 0.6551 | Tr Acc: 0.6239 | Te Acc: 0.5397 | Te AUC: 0.5847 | Te F1: 0.5290
F2 E047 | Loss: 0.6536 | Tr Acc: 0.6168 | Te Acc: 0.5556 | Te AUC: 0.5796 | Te F1: 0.5429
F2 E048 | Loss: 0.6535 | Tr Acc: 0.6239 | Te Acc: 0.5556 | Te AUC: 0.5786 | Te F1: 0.5473
  Learning rate reduced to 1.0e-04
F2 E049 | Loss: 0.6575 | Tr Acc: 0.6203 | Te Acc: 0.5397 | Te AUC: 0.5786 | Te F1: 0.5331
  Epoch 50, Grad Norm: 0.3141
F2 E050 | Loss: 0.6489 | Tr Acc: 0.6168 | Te Acc: 0.5238 | Te AUC: 0.5746 | Te F1: 0.5214
  Epoch 55, Grad Norm: 0.3450
F2 E055 | Loss: 0.6565 | Tr Acc: 0.6239 | Te Acc: 0.5397 | Te AUC: 0.5685 | Te F1: 0.5290
  Epoch 60, Grad Norm: 0.3197
F2 E060 | Loss: 0.6509 | Tr Acc: 0.5954 | Te Acc: 0.5397 | Te AUC: 0.5706 | Te F1: 0.4907
  Epoch 65, Grad Norm: 0.3062
F2 E065 | Loss: 0.6350 | Tr Acc: 0.5847 | Te Acc: 0.5714 | Te AUC: 0.5565 | Te F1: 0.5146
  Epoch 70, Grad Norm: 0.3168
F2 E070 | Loss: 0.6432 | Tr Acc: 0.6310 | Te Acc: 0.5556 | Te AUC: 0.5645 | Te F1: 0.5473
  Epoch 75, Grad Norm: 0.3301
F2 E075 | Loss: 0.6451 | Tr Acc: 0.6453 | Te Acc: 0.5238 | Te AUC: 0.5645 | Te F1: 0.5170
  Epoch 80, Grad Norm: 0.3354
F2 E080 | Loss: 0.6428 | Tr Acc: 0.5865 | Te Acc: 0.5238 | Te AUC: 0.5645 | Te F1: 0.4615
  Epoch 85, Grad Norm: 0.4081
F2 E085 | Loss: 0.6430 | Tr Acc: 0.6453 | Te Acc: 0.5556 | Te AUC: 0.5796 | Te F1: 0.5492
  Epoch 90, Grad Norm: 0.3649
F2 E090 | Loss: 0.6467 | Tr Acc: 0.6168 | Te Acc: 0.5714 | Te AUC: 0.5736 | Te F1: 0.5258
  Epoch 95, Grad Norm: 0.3496
F2 E095 | Loss: 0.6398 | Tr Acc: 0.5900 | Te Acc: 0.5714 | Te AUC: 0.5635 | Te F1: 0.5146
  Epoch 100, Grad Norm: 0.3597
F2 E100 | Loss: 0.6407 | Tr Acc: 0.6435 | Te Acc: 0.5714 | Te AUC: 0.5675 | Te F1: 0.5437
  Epoch 105, Grad Norm: 0.3288
F2 E105 | Loss: 0.6308 | Tr Acc: 0.6845 | Te Acc: 0.5397 | Te AUC: 0.5685 | Te F1: 0.5395
  Epoch 110, Grad Norm: 0.3749
F2 E110 | Loss: 0.6234 | Tr Acc: 0.6381 | Te Acc: 0.5238 | Te AUC: 0.5675 | Te F1: 0.5010
Early stopping triggered at epoch 110 due to lack of improvement in Test AUC for 30 evaluation steps.
Fold 2 - Training finished. Best Test Accuracy: 0.5714, AUC: 0.6139
Fold 2 elapsed time: 45.46 seconds.

--- Fold 3/10 ---
Calculating max TS length for Positional Encoding (624 subjects)...
Determined max TS length 295 from 624 valid files for Positional Encoding.
Fold 3 using dynamic max length (up to 295 for PE).
Loading time series for 624 subjects in fold...
No truncation active. Will pad to max length found in this fold's successful loads.
Padding to max length found in fold: 295
Padding 624 time series to final length: 295
Proceeding with 624 subjects for Fold 3 model training/evaluation.
Phenotype encoder created.
Generating initial embeddings for graph construction (Batch Size: 32)...
Initial embeddings generated.
Building k-NN graph (k=20)...
Graph built with 624 nodes and 12480 edges.
Starting training for Fold 3... Train samples: 561, Test samples: 63
  Epoch 1, Grad Norm: 0.6275
F3 E001 | Loss: 0.7235 | Tr Acc: 0.4848 | Te Acc: 0.4762 | Te AUC: 0.4717 | Te F1: 0.3072
F3 E002 | Loss: 0.7015 | Tr Acc: 0.4848 | Te Acc: 0.4762 | Te AUC: 0.4788 | Te F1: 0.3072
F3 E003 | Loss: 0.7117 | Tr Acc: 0.4848 | Te Acc: 0.4762 | Te AUC: 0.4727 | Te F1: 0.3072
F3 E004 | Loss: 0.6894 | Tr Acc: 0.4848 | Te Acc: 0.4762 | Te AUC: 0.4798 | Te F1: 0.3072
  Epoch 5, Grad Norm: 0.5276
F3 E005 | Loss: 0.7019 | Tr Acc: 0.4813 | Te Acc: 0.4762 | Te AUC: 0.5030 | Te F1: 0.3072
F3 E006 | Loss: 0.7033 | Tr Acc: 0.4848 | Te Acc: 0.4762 | Te AUC: 0.5222 | Te F1: 0.3334
F3 E007 | Loss: 0.6951 | Tr Acc: 0.5009 | Te Acc: 0.4603 | Te AUC: 0.5242 | Te F1: 0.4214
F3 E008 | Loss: 0.7157 | Tr Acc: 0.5758 | Te Acc: 0.5079 | Te AUC: 0.5364 | Te F1: 0.4990
F3 E009 | Loss: 0.6848 | Tr Acc: 0.5561 | Te Acc: 0.5873 | Te AUC: 0.5414 | Te F1: 0.5321
  Epoch 10, Grad Norm: 0.4693
F3 E010 | Loss: 0.6999 | Tr Acc: 0.5383 | Te Acc: 0.5556 | Te AUC: 0.5343 | Te F1: 0.4484
F3 E011 | Loss: 0.6923 | Tr Acc: 0.5348 | Te Acc: 0.5238 | Te AUC: 0.5354 | Te F1: 0.3864
F3 E012 | Loss: 0.6843 | Tr Acc: 0.5365 | Te Acc: 0.5238 | Te AUC: 0.5525 | Te F1: 0.3601
F3 E013 | Loss: 0.6884 | Tr Acc: 0.5383 | Te Acc: 0.5238 | Te AUC: 0.5535 | Te F1: 0.3601
F3 E014 | Loss: 0.6816 | Tr Acc: 0.5383 | Te Acc: 0.5397 | Te AUC: 0.5657 | Te F1: 0.3946
  Epoch 15, Grad Norm: 0.4740
F3 E015 | Loss: 0.6811 | Tr Acc: 0.5383 | Te Acc: 0.5238 | Te AUC: 0.5626 | Te F1: 0.3864
F3 E016 | Loss: 0.6896 | Tr Acc: 0.5419 | Te Acc: 0.5238 | Te AUC: 0.5808 | Te F1: 0.4090
F3 E017 | Loss: 0.6752 | Tr Acc: 0.5437 | Te Acc: 0.5556 | Te AUC: 0.5899 | Te F1: 0.4667
F3 E018 | Loss: 0.6844 | Tr Acc: 0.5437 | Te Acc: 0.5714 | Te AUC: 0.5980 | Te F1: 0.4936
F3 E019 | Loss: 0.6766 | Tr Acc: 0.5490 | Te Acc: 0.5714 | Te AUC: 0.6061 | Te F1: 0.4936
  Epoch 20, Grad Norm: 0.4240
F3 E020 | Loss: 0.6895 | Tr Acc: 0.5455 | Te Acc: 0.5714 | Te AUC: 0.6101 | Te F1: 0.4936
F3 E021 | Loss: 0.6779 | Tr Acc: 0.5544 | Te Acc: 0.6032 | Te AUC: 0.6121 | Te F1: 0.5556
F3 E022 | Loss: 0.6808 | Tr Acc: 0.5704 | Te Acc: 0.6190 | Te AUC: 0.6202 | Te F1: 0.5869
F3 E023 | Loss: 0.6769 | Tr Acc: 0.5722 | Te Acc: 0.6508 | Te AUC: 0.6182 | Te F1: 0.6340
F3 E024 | Loss: 0.6809 | Tr Acc: 0.5865 | Te Acc: 0.6190 | Te AUC: 0.6263 | Te F1: 0.6103
  Epoch 25, Grad Norm: 0.5036
F3 E025 | Loss: 0.6807 | Tr Acc: 0.6078 | Te Acc: 0.6032 | Te AUC: 0.6273 | Te F1: 0.6014
F3 E026 | Loss: 0.6727 | Tr Acc: 0.5775 | Te Acc: 0.5238 | Te AUC: 0.6263 | Te F1: 0.5216
F3 E027 | Loss: 0.6727 | Tr Acc: 0.5490 | Te Acc: 0.5397 | Te AUC: 0.6172 | Te F1: 0.5242
F3 E028 | Loss: 0.6916 | Tr Acc: 0.5455 | Te Acc: 0.5397 | Te AUC: 0.6202 | Te F1: 0.4919
F3 E029 | Loss: 0.6729 | Tr Acc: 0.5312 | Te Acc: 0.5238 | Te AUC: 0.6313 | Te F1: 0.4241
  Epoch 30, Grad Norm: 0.4412
F3 E030 | Loss: 0.6768 | Tr Acc: 0.5223 | Te Acc: 0.5238 | Te AUC: 0.6364 | Te F1: 0.4241
F3 E031 | Loss: 0.6829 | Tr Acc: 0.5205 | Te Acc: 0.5238 | Te AUC: 0.6404 | Te F1: 0.4241
F3 E032 | Loss: 0.6657 | Tr Acc: 0.5223 | Te Acc: 0.5238 | Te AUC: 0.6434 | Te F1: 0.4241
F3 E033 | Loss: 0.6777 | Tr Acc: 0.5241 | Te Acc: 0.5238 | Te AUC: 0.6404 | Te F1: 0.4241
F3 E034 | Loss: 0.6739 | Tr Acc: 0.5258 | Te Acc: 0.5238 | Te AUC: 0.6424 | Te F1: 0.4241
  Epoch 35, Grad Norm: 0.4506
F3 E035 | Loss: 0.6727 | Tr Acc: 0.5294 | Te Acc: 0.4921 | Te AUC: 0.6475 | Te F1: 0.3651
F3 E036 | Loss: 0.6579 | Tr Acc: 0.5455 | Te Acc: 0.5079 | Te AUC: 0.6505 | Te F1: 0.3953
F3 E037 | Loss: 0.6723 | Tr Acc: 0.5508 | Te Acc: 0.5714 | Te AUC: 0.6586 | Te F1: 0.5162
F3 E038 | Loss: 0.6659 | Tr Acc: 0.5918 | Te Acc: 0.6190 | Te AUC: 0.6596 | Te F1: 0.6122
F3 E039 | Loss: 0.6700 | Tr Acc: 0.6132 | Te Acc: 0.5873 | Te AUC: 0.6586 | Te F1: 0.5875
  Epoch 40, Grad Norm: 0.3921
F3 E040 | Loss: 0.6533 | Tr Acc: 0.6132 | Te Acc: 0.6190 | Te AUC: 0.6697 | Te F1: 0.6181
F3 E041 | Loss: 0.6743 | Tr Acc: 0.6150 | Te Acc: 0.6508 | Te AUC: 0.6687 | Te F1: 0.6483
F3 E042 | Loss: 0.6556 | Tr Acc: 0.6114 | Te Acc: 0.6508 | Te AUC: 0.6646 | Te F1: 0.6459
F3 E043 | Loss: 0.6695 | Tr Acc: 0.5882 | Te Acc: 0.6349 | Te AUC: 0.6657 | Te F1: 0.6283
F3 E044 | Loss: 0.6626 | Tr Acc: 0.5865 | Te Acc: 0.6032 | Te AUC: 0.6687 | Te F1: 0.5920
  Epoch 45, Grad Norm: 0.4563
F3 E045 | Loss: 0.6790 | Tr Acc: 0.5882 | Te Acc: 0.6032 | Te AUC: 0.6707 | Te F1: 0.5920
F3 E046 | Loss: 0.6593 | Tr Acc: 0.6043 | Te Acc: 0.6349 | Te AUC: 0.6687 | Te F1: 0.6283
F3 E047 | Loss: 0.6627 | Tr Acc: 0.6203 | Te Acc: 0.6508 | Te AUC: 0.6606 | Te F1: 0.6483
F3 E048 | Loss: 0.6676 | Tr Acc: 0.6203 | Te Acc: 0.6032 | Te AUC: 0.6626 | Te F1: 0.6028
F3 E049 | Loss: 0.6576 | Tr Acc: 0.6168 | Te Acc: 0.6190 | Te AUC: 0.6606 | Te F1: 0.6187
  Epoch 50, Grad Norm: 0.4006
F3 E050 | Loss: 0.6535 | Tr Acc: 0.6203 | Te Acc: 0.6032 | Te AUC: 0.6646 | Te F1: 0.6004
  Epoch 55, Grad Norm: 0.4388
F3 E055 | Loss: 0.6597 | Tr Acc: 0.6096 | Te Acc: 0.6190 | Te AUC: 0.6717 | Te F1: 0.6122
  Epoch 60, Grad Norm: 0.4653
F3 E060 | Loss: 0.6512 | Tr Acc: 0.6132 | Te Acc: 0.6190 | Te AUC: 0.6990 | Te F1: 0.6085
  Epoch 65, Grad Norm: 0.4020
F3 E065 | Loss: 0.6499 | Tr Acc: 0.5152 | Te Acc: 0.4762 | Te AUC: 0.6869 | Te F1: 0.3072
  Epoch 70, Grad Norm: 0.4128
F3 E070 | Loss: 0.6532 | Tr Acc: 0.5009 | Te Acc: 0.4762 | Te AUC: 0.6758 | Te F1: 0.3072
  Epoch 75, Grad Norm: 0.4101
F3 E075 | Loss: 0.6391 | Tr Acc: 0.5472 | Te Acc: 0.5397 | Te AUC: 0.6616 | Te F1: 0.4518
  Epoch 80, Grad Norm: 0.4639
F3 E080 | Loss: 0.6400 | Tr Acc: 0.5775 | Te Acc: 0.5079 | Te AUC: 0.6263 | Te F1: 0.4348
  Epoch 85, Grad Norm: 0.4295
F3 E085 | Loss: 0.6423 | Tr Acc: 0.5704 | Te Acc: 0.5079 | Te AUC: 0.5970 | Te F1: 0.4186
  Epoch 90, Grad Norm: 0.4557
F3 E090 | Loss: 0.6318 | Tr Acc: 0.6257 | Te Acc: 0.6349 | Te AUC: 0.6818 | Te F1: 0.6323
  Epoch 95, Grad Norm: 0.4591
F3 E095 | Loss: 0.6309 | Tr Acc: 0.5526 | Te Acc: 0.5873 | Te AUC: 0.6818 | Te F1: 0.5156
  Epoch 100, Grad Norm: 0.4596
F3 E100 | Loss: 0.6262 | Tr Acc: 0.6488 | Te Acc: 0.5079 | Te AUC: 0.6172 | Te F1: 0.4968
  Epoch 105, Grad Norm: 0.4037
F3 E105 | Loss: 0.5969 | Tr Acc: 0.5472 | Te Acc: 0.4921 | Te AUC: 0.6131 | Te F1: 0.3414
  Epoch 110, Grad Norm: 0.5231
F3 E110 | Loss: 0.6194 | Tr Acc: 0.5615 | Te Acc: 0.5397 | Te AUC: 0.6010 | Te F1: 0.4518
  Epoch 115, Grad Norm: 0.4763
F3 E115 | Loss: 0.6063 | Tr Acc: 0.6756 | Te Acc: 0.5238 | Te AUC: 0.5747 | Te F1: 0.5233
  Epoch 120, Grad Norm: 0.5529
F3 E120 | Loss: 0.6028 | Tr Acc: 0.6916 | Te Acc: 0.5397 | Te AUC: 0.6051 | Te F1: 0.5293
  Epoch 125, Grad Norm: 0.4392
F3 E125 | Loss: 0.5983 | Tr Acc: 0.5989 | Te Acc: 0.5397 | Te AUC: 0.6071 | Te F1: 0.4804
  Epoch 130, Grad Norm: 0.4314
F3 E130 | Loss: 0.5851 | Tr Acc: 0.5936 | Te Acc: 0.5556 | Te AUC: 0.6263 | Te F1: 0.4484
  Epoch 135, Grad Norm: 0.4722
F3 E135 | Loss: 0.5735 | Tr Acc: 0.7094 | Te Acc: 0.6032 | Te AUC: 0.6202 | Te F1: 0.5960
  Epoch 140, Grad Norm: 0.4357
F3 E140 | Loss: 0.5770 | Tr Acc: 0.5169 | Te Acc: 0.4921 | Te AUC: 0.6222 | Te F1: 0.3414
  Learning rate reduced to 1.0e-04
  Epoch 145, Grad Norm: 0.4496
F3 E145 | Loss: 0.5681 | Tr Acc: 0.7094 | Te Acc: 0.6190 | Te AUC: 0.6081 | Te F1: 0.6060
  Epoch 150, Grad Norm: 0.5421
F3 E150 | Loss: 0.5668 | Tr Acc: 0.5758 | Te Acc: 0.5238 | Te AUC: 0.5919 | Te F1: 0.3864
  Epoch 155, Grad Norm: 0.5496
F3 E155 | Loss: 0.5835 | Tr Acc: 0.6774 | Te Acc: 0.5079 | Te AUC: 0.6020 | Te F1: 0.4848
  Epoch 160, Grad Norm: 0.5908
F3 E160 | Loss: 0.5613 | Tr Acc: 0.6292 | Te Acc: 0.5238 | Te AUC: 0.6081 | Te F1: 0.4558
  Epoch 165, Grad Norm: 0.5339
F3 E165 | Loss: 0.5470 | Tr Acc: 0.7059 | Te Acc: 0.5873 | Te AUC: 0.6061 | Te F1: 0.5431
  Epoch 170, Grad Norm: 0.6177
F3 E170 | Loss: 0.5631 | Tr Acc: 0.7487 | Te Acc: 0.5714 | Te AUC: 0.5960 | Te F1: 0.5695
  Epoch 175, Grad Norm: 0.5316
F3 E175 | Loss: 0.5452 | Tr Acc: 0.7005 | Te Acc: 0.5079 | Te AUC: 0.6222 | Te F1: 0.4848
  Epoch 180, Grad Norm: 0.5359
F3 E180 | Loss: 0.5329 | Tr Acc: 0.6542 | Te Acc: 0.5079 | Te AUC: 0.6131 | Te F1: 0.4676
  Epoch 185, Grad Norm: 0.5284
F3 E185 | Loss: 0.5413 | Tr Acc: 0.7487 | Te Acc: 0.5397 | Te AUC: 0.6202 | Te F1: 0.5385
  Epoch 190, Grad Norm: 0.5904
F3 E190 | Loss: 0.5296 | Tr Acc: 0.6381 | Te Acc: 0.5238 | Te AUC: 0.6131 | Te F1: 0.4686
  Epoch 195, Grad Norm: 0.6762
F3 E195 | Loss: 0.5450 | Tr Acc: 0.7594 | Te Acc: 0.6349 | Te AUC: 0.6172 | Te F1: 0.6283
  Epoch 200, Grad Norm: 0.5189
F3 E200 | Loss: 0.5124 | Tr Acc: 0.7077 | Te Acc: 0.5397 | Te AUC: 0.6182 | Te F1: 0.5293
Fold 3 - Training finished. Best Test Accuracy: 0.6190, AUC: 0.6990
Fold 3 elapsed time: 69.58 seconds.

--- Fold 4/10 ---
Calculating max TS length for Positional Encoding (624 subjects)...
Determined max TS length 295 from 624 valid files for Positional Encoding.
Fold 4 using dynamic max length (up to 295 for PE).
Loading time series for 624 subjects in fold...
No truncation active. Will pad to max length found in this fold's successful loads.
Padding to max length found in fold: 295
Padding 624 time series to final length: 295
Proceeding with 624 subjects for Fold 4 model training/evaluation.
Phenotype encoder created.
Generating initial embeddings for graph construction (Batch Size: 32)...
Initial embeddings generated.
Building k-NN graph (k=20)...
Graph built with 624 nodes and 12480 edges.
Starting training for Fold 4... Train samples: 561, Test samples: 63
  Epoch 1, Grad Norm: 0.6340
F4 E001 | Loss: 0.7161 | Tr Acc: 0.5152 | Te Acc: 0.5238 | Te AUC: 0.5384 | Te F1: 0.3601
F4 E002 | Loss: 0.7057 | Tr Acc: 0.5152 | Te Acc: 0.5238 | Te AUC: 0.5596 | Te F1: 0.3601
F4 E003 | Loss: 0.7180 | Tr Acc: 0.5152 | Te Acc: 0.5238 | Te AUC: 0.5586 | Te F1: 0.3601
F4 E004 | Loss: 0.7012 | Tr Acc: 0.5152 | Te Acc: 0.5238 | Te AUC: 0.5646 | Te F1: 0.3601
  Epoch 5, Grad Norm: 0.5447
F4 E005 | Loss: 0.6828 | Tr Acc: 0.5152 | Te Acc: 0.5238 | Te AUC: 0.5697 | Te F1: 0.3601
F4 E006 | Loss: 0.7054 | Tr Acc: 0.5152 | Te Acc: 0.5238 | Te AUC: 0.5687 | Te F1: 0.3601
F4 E007 | Loss: 0.7033 | Tr Acc: 0.5169 | Te Acc: 0.5238 | Te AUC: 0.5626 | Te F1: 0.3601
F4 E008 | Loss: 0.6902 | Tr Acc: 0.5169 | Te Acc: 0.5238 | Te AUC: 0.5667 | Te F1: 0.3601
F4 E009 | Loss: 0.6918 | Tr Acc: 0.5169 | Te Acc: 0.5238 | Te AUC: 0.5535 | Te F1: 0.3601
  Epoch 10, Grad Norm: 0.5213
F4 E010 | Loss: 0.6902 | Tr Acc: 0.5152 | Te Acc: 0.5238 | Te AUC: 0.5444 | Te F1: 0.3601
F4 E011 | Loss: 0.6938 | Tr Acc: 0.5169 | Te Acc: 0.5397 | Te AUC: 0.5626 | Te F1: 0.3946
F4 E012 | Loss: 0.6766 | Tr Acc: 0.5223 | Te Acc: 0.5397 | Te AUC: 0.5586 | Te F1: 0.3946
F4 E013 | Loss: 0.6908 | Tr Acc: 0.5241 | Te Acc: 0.5397 | Te AUC: 0.5626 | Te F1: 0.3946
F4 E014 | Loss: 0.6800 | Tr Acc: 0.5312 | Te Acc: 0.5397 | Te AUC: 0.5586 | Te F1: 0.3946
  Epoch 15, Grad Norm: 0.4820
F4 E015 | Loss: 0.6653 | Tr Acc: 0.5365 | Te Acc: 0.5397 | Te AUC: 0.5515 | Te F1: 0.3946
F4 E016 | Loss: 0.6787 | Tr Acc: 0.5544 | Te Acc: 0.5556 | Te AUC: 0.5495 | Te F1: 0.4273
F4 E017 | Loss: 0.6680 | Tr Acc: 0.5597 | Te Acc: 0.5873 | Te AUC: 0.5414 | Te F1: 0.4878
F4 E018 | Loss: 0.6540 | Tr Acc: 0.5722 | Te Acc: 0.6032 | Te AUC: 0.5313 | Te F1: 0.5160
F4 E019 | Loss: 0.6692 | Tr Acc: 0.5829 | Te Acc: 0.5873 | Te AUC: 0.5283 | Te F1: 0.5048
  Epoch 20, Grad Norm: 0.5092
F4 E020 | Loss: 0.6521 | Tr Acc: 0.5865 | Te Acc: 0.5873 | Te AUC: 0.5162 | Te F1: 0.5048
F4 E021 | Loss: 0.6658 | Tr Acc: 0.5865 | Te Acc: 0.5714 | Te AUC: 0.5172 | Te F1: 0.4936
  Learning rate reduced to 1.0e-04
F4 E022 | Loss: 0.6642 | Tr Acc: 0.5954 | Te Acc: 0.5556 | Te AUC: 0.5192 | Te F1: 0.4825
F4 E023 | Loss: 0.6674 | Tr Acc: 0.6114 | Te Acc: 0.5079 | Te AUC: 0.5283 | Te F1: 0.4611
F4 E024 | Loss: 0.6654 | Tr Acc: 0.6310 | Te Acc: 0.5397 | Te AUC: 0.5364 | Te F1: 0.5139
  Epoch 25, Grad Norm: 0.4625
F4 E025 | Loss: 0.6690 | Tr Acc: 0.6364 | Te Acc: 0.5556 | Te AUC: 0.5394 | Te F1: 0.5342
F4 E026 | Loss: 0.6676 | Tr Acc: 0.6328 | Te Acc: 0.5238 | Te AUC: 0.5384 | Te F1: 0.5075
F4 E027 | Loss: 0.6665 | Tr Acc: 0.6381 | Te Acc: 0.5556 | Te AUC: 0.5404 | Te F1: 0.5454
F4 E028 | Loss: 0.6666 | Tr Acc: 0.6328 | Te Acc: 0.5556 | Te AUC: 0.5455 | Te F1: 0.5454
F4 E029 | Loss: 0.6657 | Tr Acc: 0.6275 | Te Acc: 0.5397 | Te AUC: 0.5414 | Te F1: 0.5314
  Epoch 30, Grad Norm: 0.4513
F4 E030 | Loss: 0.6691 | Tr Acc: 0.6292 | Te Acc: 0.5556 | Te AUC: 0.5394 | Te F1: 0.5494
F4 E031 | Loss: 0.6747 | Tr Acc: 0.6292 | Te Acc: 0.5714 | Te AUC: 0.5384 | Te F1: 0.5695
F4 E032 | Loss: 0.6635 | Tr Acc: 0.6310 | Te Acc: 0.6032 | Te AUC: 0.5384 | Te F1: 0.6034
F4 E033 | Loss: 0.6618 | Tr Acc: 0.6310 | Te Acc: 0.6032 | Te AUC: 0.5323 | Te F1: 0.6034
F4 E034 | Loss: 0.6722 | Tr Acc: 0.6275 | Te Acc: 0.5873 | Te AUC: 0.5303 | Te F1: 0.5875
  Epoch 35, Grad Norm: 0.4952
F4 E035 | Loss: 0.6643 | Tr Acc: 0.6203 | Te Acc: 0.5397 | Te AUC: 0.5313 | Te F1: 0.5385
Early stopping triggered at epoch 35 due to lack of improvement in Test AUC for 30 evaluation steps.
Fold 4 - Training finished. Best Test Accuracy: 0.5238, AUC: 0.5697
Fold 4 elapsed time: 23.28 seconds.

--- Fold 5/10 ---
Calculating max TS length for Positional Encoding (624 subjects)...
Determined max TS length 295 from 624 valid files for Positional Encoding.
Fold 5 using dynamic max length (up to 295 for PE).
Loading time series for 624 subjects in fold...
No truncation active. Will pad to max length found in this fold's successful loads.
Padding to max length found in fold: 295
Padding 624 time series to final length: 295
Proceeding with 624 subjects for Fold 5 model training/evaluation.
Phenotype encoder created.
Generating initial embeddings for graph construction (Batch Size: 32)...
Initial embeddings generated.
Building k-NN graph (k=20)...
Graph built with 624 nodes and 12480 edges.
Starting training for Fold 5... Train samples: 562, Test samples: 62
  Epoch 1, Grad Norm: 0.6157
F5 E001 | Loss: 0.7317 | Tr Acc: 0.5160 | Te Acc: 0.5161 | Te AUC: 0.6354 | Te F1: 0.3514
F5 E002 | Loss: 0.7232 | Tr Acc: 0.5160 | Te Acc: 0.5161 | Te AUC: 0.6323 | Te F1: 0.3514
F5 E003 | Loss: 0.7198 | Tr Acc: 0.5160 | Te Acc: 0.5161 | Te AUC: 0.6250 | Te F1: 0.3514
F5 E004 | Loss: 0.7048 | Tr Acc: 0.5160 | Te Acc: 0.5161 | Te AUC: 0.6021 | Te F1: 0.3514
  Epoch 5, Grad Norm: 0.5478
F5 E005 | Loss: 0.7083 | Tr Acc: 0.5160 | Te Acc: 0.5161 | Te AUC: 0.5979 | Te F1: 0.3514
F5 E006 | Loss: 0.6979 | Tr Acc: 0.5178 | Te Acc: 0.5161 | Te AUC: 0.5385 | Te F1: 0.3514
F5 E007 | Loss: 0.6955 | Tr Acc: 0.5178 | Te Acc: 0.5161 | Te AUC: 0.5417 | Te F1: 0.3514
F5 E008 | Loss: 0.6904 | Tr Acc: 0.5178 | Te Acc: 0.5161 | Te AUC: 0.5792 | Te F1: 0.3514
F5 E009 | Loss: 0.6924 | Tr Acc: 0.5178 | Te Acc: 0.5161 | Te AUC: 0.5771 | Te F1: 0.3514
  Epoch 10, Grad Norm: 0.5003
F5 E010 | Loss: 0.6946 | Tr Acc: 0.5231 | Te Acc: 0.5161 | Te AUC: 0.5729 | Te F1: 0.3514
F5 E011 | Loss: 0.6670 | Tr Acc: 0.5267 | Te Acc: 0.5161 | Te AUC: 0.5604 | Te F1: 0.3514
F5 E012 | Loss: 0.6719 | Tr Acc: 0.5463 | Te Acc: 0.5323 | Te AUC: 0.5333 | Te F1: 0.3864
F5 E013 | Loss: 0.6764 | Tr Acc: 0.5623 | Te Acc: 0.5484 | Te AUC: 0.5219 | Te F1: 0.4195
F5 E014 | Loss: 0.6708 | Tr Acc: 0.5907 | Te Acc: 0.5484 | Te AUC: 0.5156 | Te F1: 0.4594
  Epoch 15, Grad Norm: 0.4584
F5 E015 | Loss: 0.6700 | Tr Acc: 0.5979 | Te Acc: 0.5323 | Te AUC: 0.5021 | Te F1: 0.4641
F5 E016 | Loss: 0.6688 | Tr Acc: 0.6157 | Te Acc: 0.5161 | Te AUC: 0.4937 | Te F1: 0.5100
F5 E017 | Loss: 0.6717 | Tr Acc: 0.5854 | Te Acc: 0.5000 | Te AUC: 0.4896 | Te F1: 0.4917
  Learning rate reduced to 1.0e-04
F5 E018 | Loss: 0.6689 | Tr Acc: 0.5427 | Te Acc: 0.4355 | Te AUC: 0.4896 | Te F1: 0.3842
F5 E019 | Loss: 0.6496 | Tr Acc: 0.5374 | Te Acc: 0.4677 | Te AUC: 0.4885 | Te F1: 0.4068
  Epoch 20, Grad Norm: 0.3917
F5 E020 | Loss: 0.6634 | Tr Acc: 0.5285 | Te Acc: 0.4839 | Te AUC: 0.4833 | Te F1: 0.4028
F5 E021 | Loss: 0.6695 | Tr Acc: 0.5249 | Te Acc: 0.4677 | Te AUC: 0.4823 | Te F1: 0.3754
F5 E022 | Loss: 0.6665 | Tr Acc: 0.5214 | Te Acc: 0.4516 | Te AUC: 0.4896 | Te F1: 0.3256
F5 E023 | Loss: 0.6703 | Tr Acc: 0.5160 | Te Acc: 0.4516 | Te AUC: 0.4906 | Te F1: 0.3256
F5 E024 | Loss: 0.6581 | Tr Acc: 0.5125 | Te Acc: 0.4516 | Te AUC: 0.4917 | Te F1: 0.3256
  Epoch 25, Grad Norm: 0.3899
F5 E025 | Loss: 0.6602 | Tr Acc: 0.5125 | Te Acc: 0.4516 | Te AUC: 0.4938 | Te F1: 0.3256
F5 E026 | Loss: 0.6599 | Tr Acc: 0.5125 | Te Acc: 0.4516 | Te AUC: 0.4990 | Te F1: 0.3256
F5 E027 | Loss: 0.6626 | Tr Acc: 0.5125 | Te Acc: 0.4516 | Te AUC: 0.5010 | Te F1: 0.3256
F5 E028 | Loss: 0.6578 | Tr Acc: 0.5125 | Te Acc: 0.4516 | Te AUC: 0.5000 | Te F1: 0.3256
F5 E029 | Loss: 0.6620 | Tr Acc: 0.5107 | Te Acc: 0.4516 | Te AUC: 0.5010 | Te F1: 0.3256
  Epoch 30, Grad Norm: 0.4001
F5 E030 | Loss: 0.6656 | Tr Acc: 0.5160 | Te Acc: 0.4677 | Te AUC: 0.5083 | Te F1: 0.3561
F5 E031 | Loss: 0.6575 | Tr Acc: 0.5160 | Te Acc: 0.4677 | Te AUC: 0.5031 | Te F1: 0.3561
Early stopping triggered at epoch 31 due to lack of improvement in Test AUC for 30 evaluation steps.
Fold 5 - Training finished. Best Test Accuracy: 0.5161, AUC: 0.6354
Fold 5 elapsed time: 21.49 seconds.

--- Fold 6/10 ---
Calculating max TS length for Positional Encoding (624 subjects)...
Determined max TS length 295 from 624 valid files for Positional Encoding.
Fold 6 using dynamic max length (up to 295 for PE).
Loading time series for 624 subjects in fold...
No truncation active. Will pad to max length found in this fold's successful loads.
Padding to max length found in fold: 295
Padding 624 time series to final length: 295
Proceeding with 624 subjects for Fold 6 model training/evaluation.
Phenotype encoder created.
Generating initial embeddings for graph construction (Batch Size: 32)...
Initial embeddings generated.
Building k-NN graph (k=20)...
Graph built with 624 nodes and 12480 edges.
Starting training for Fold 6... Train samples: 562, Test samples: 62
  Epoch 1, Grad Norm: 0.4249
F6 E001 | Loss: 0.7039 | Tr Acc: 0.4840 | Te Acc: 0.4839 | Te AUC: 0.3406 | Te F1: 0.3156
F6 E002 | Loss: 0.7124 | Tr Acc: 0.4840 | Te Acc: 0.4839 | Te AUC: 0.3375 | Te F1: 0.3156
F6 E003 | Loss: 0.7072 | Tr Acc: 0.4840 | Te Acc: 0.4839 | Te AUC: 0.4250 | Te F1: 0.3156
F6 E004 | Loss: 0.7006 | Tr Acc: 0.4840 | Te Acc: 0.4839 | Te AUC: 0.5437 | Te F1: 0.3156
  Epoch 5, Grad Norm: 0.4139
F6 E005 | Loss: 0.7004 | Tr Acc: 0.4840 | Te Acc: 0.4839 | Te AUC: 0.6083 | Te F1: 0.3156
F6 E006 | Loss: 0.7023 | Tr Acc: 0.4840 | Te Acc: 0.4839 | Te AUC: 0.6260 | Te F1: 0.3156
F6 E007 | Loss: 0.6997 | Tr Acc: 0.4858 | Te Acc: 0.5161 | Te AUC: 0.6219 | Te F1: 0.4237
F6 E008 | Loss: 0.6987 | Tr Acc: 0.5107 | Te Acc: 0.5968 | Te AUC: 0.6208 | Te F1: 0.5684
F6 E009 | Loss: 0.7058 | Tr Acc: 0.5196 | Te Acc: 0.6452 | Te AUC: 0.6260 | Te F1: 0.6452
  Epoch 10, Grad Norm: 0.3858
F6 E010 | Loss: 0.6997 | Tr Acc: 0.5391 | Te Acc: 0.6290 | Te AUC: 0.6385 | Te F1: 0.6256
F6 E011 | Loss: 0.6927 | Tr Acc: 0.5641 | Te Acc: 0.6452 | Te AUC: 0.6406 | Te F1: 0.6407
F6 E012 | Loss: 0.6840 | Tr Acc: 0.5712 | Te Acc: 0.6290 | Te AUC: 0.6385 | Te F1: 0.6228
F6 E013 | Loss: 0.6776 | Tr Acc: 0.5498 | Te Acc: 0.6290 | Te AUC: 0.6458 | Te F1: 0.6256
F6 E014 | Loss: 0.6785 | Tr Acc: 0.5480 | Te Acc: 0.6452 | Te AUC: 0.6542 | Te F1: 0.6407
  Epoch 15, Grad Norm: 0.3818
F6 E015 | Loss: 0.6887 | Tr Acc: 0.5516 | Te Acc: 0.6290 | Te AUC: 0.6479 | Te F1: 0.6228
F6 E016 | Loss: 0.6804 | Tr Acc: 0.5498 | Te Acc: 0.6290 | Te AUC: 0.6406 | Te F1: 0.6228
F6 E017 | Loss: 0.6839 | Tr Acc: 0.5480 | Te Acc: 0.6129 | Te AUC: 0.6250 | Te F1: 0.6080
F6 E018 | Loss: 0.6770 | Tr Acc: 0.5552 | Te Acc: 0.6290 | Te AUC: 0.6156 | Te F1: 0.6291
F6 E019 | Loss: 0.6723 | Tr Acc: 0.5498 | Te Acc: 0.5806 | Te AUC: 0.6125 | Te F1: 0.5798
  Epoch 20, Grad Norm: 0.3360
F6 E020 | Loss: 0.6704 | Tr Acc: 0.5463 | Te Acc: 0.5645 | Te AUC: 0.6146 | Te F1: 0.5478
F6 E021 | Loss: 0.6758 | Tr Acc: 0.5374 | Te Acc: 0.5484 | Te AUC: 0.6073 | Te F1: 0.5207
F6 E022 | Loss: 0.6802 | Tr Acc: 0.5285 | Te Acc: 0.5323 | Te AUC: 0.6042 | Te F1: 0.4993
F6 E023 | Loss: 0.6699 | Tr Acc: 0.5320 | Te Acc: 0.5161 | Te AUC: 0.6073 | Te F1: 0.4401
F6 E024 | Loss: 0.6748 | Tr Acc: 0.5267 | Te Acc: 0.5161 | Te AUC: 0.5885 | Te F1: 0.4543
  Epoch 25, Grad Norm: 0.3423
F6 E025 | Loss: 0.6761 | Tr Acc: 0.5498 | Te Acc: 0.5000 | Te AUC: 0.5740 | Te F1: 0.4546
F6 E026 | Loss: 0.6682 | Tr Acc: 0.5338 | Te Acc: 0.5323 | Te AUC: 0.5656 | Te F1: 0.4993
F6 E027 | Loss: 0.6679 | Tr Acc: 0.5356 | Te Acc: 0.5645 | Te AUC: 0.5625 | Te F1: 0.5414
F6 E028 | Loss: 0.6722 | Tr Acc: 0.5338 | Te Acc: 0.5484 | Te AUC: 0.5521 | Te F1: 0.5207
F6 E029 | Loss: 0.6640 | Tr Acc: 0.5391 | Te Acc: 0.5484 | Te AUC: 0.5490 | Te F1: 0.5207
  Epoch 30, Grad Norm: 0.3508
F6 E030 | Loss: 0.6726 | Tr Acc: 0.5783 | Te Acc: 0.5161 | Te AUC: 0.5385 | Te F1: 0.5006
  Learning rate reduced to 1.0e-04
F6 E031 | Loss: 0.6727 | Tr Acc: 0.5907 | Te Acc: 0.4839 | Te AUC: 0.5323 | Te F1: 0.4839
F6 E032 | Loss: 0.6668 | Tr Acc: 0.6014 | Te Acc: 0.5161 | Te AUC: 0.5333 | Te F1: 0.5151
F6 E033 | Loss: 0.6520 | Tr Acc: 0.6228 | Te Acc: 0.5645 | Te AUC: 0.5344 | Te F1: 0.5572
F6 E034 | Loss: 0.6605 | Tr Acc: 0.6263 | Te Acc: 0.5806 | Te AUC: 0.5375 | Te F1: 0.5717
  Epoch 35, Grad Norm: 0.3263
F6 E035 | Loss: 0.6632 | Tr Acc: 0.6263 | Te Acc: 0.5645 | Te AUC: 0.5437 | Te F1: 0.5572
F6 E036 | Loss: 0.6749 | Tr Acc: 0.6228 | Te Acc: 0.5645 | Te AUC: 0.5479 | Te F1: 0.5572
F6 E037 | Loss: 0.6599 | Tr Acc: 0.6263 | Te Acc: 0.5645 | Te AUC: 0.5510 | Te F1: 0.5572
F6 E038 | Loss: 0.6577 | Tr Acc: 0.6246 | Te Acc: 0.5645 | Te AUC: 0.5531 | Te F1: 0.5572
F6 E039 | Loss: 0.6446 | Tr Acc: 0.6317 | Te Acc: 0.5645 | Te AUC: 0.5552 | Te F1: 0.5572
  Epoch 40, Grad Norm: 0.3045
F6 E040 | Loss: 0.6584 | Tr Acc: 0.6210 | Te Acc: 0.5645 | Te AUC: 0.5490 | Te F1: 0.5476
F6 E041 | Loss: 0.6579 | Tr Acc: 0.6210 | Te Acc: 0.5645 | Te AUC: 0.5531 | Te F1: 0.5476
F6 E042 | Loss: 0.6555 | Tr Acc: 0.6210 | Te Acc: 0.5645 | Te AUC: 0.5542 | Te F1: 0.5476
F6 E043 | Loss: 0.6612 | Tr Acc: 0.6317 | Te Acc: 0.5645 | Te AUC: 0.5552 | Te F1: 0.5529
F6 E044 | Loss: 0.6628 | Tr Acc: 0.6281 | Te Acc: 0.5645 | Te AUC: 0.5531 | Te F1: 0.5628
Early stopping triggered at epoch 44 due to lack of improvement in Test AUC for 30 evaluation steps.
Fold 6 - Training finished. Best Test Accuracy: 0.6452, AUC: 0.6542
Fold 6 elapsed time: 26.88 seconds.

--- Fold 7/10 ---
Calculating max TS length for Positional Encoding (624 subjects)...
Determined max TS length 295 from 624 valid files for Positional Encoding.
Fold 7 using dynamic max length (up to 295 for PE).
Loading time series for 624 subjects in fold...
No truncation active. Will pad to max length found in this fold's successful loads.
Padding to max length found in fold: 295
Padding 624 time series to final length: 295
Proceeding with 624 subjects for Fold 7 model training/evaluation.
Phenotype encoder created.
Generating initial embeddings for graph construction (Batch Size: 32)...
Initial embeddings generated.
Building k-NN graph (k=20)...
Graph built with 624 nodes and 12480 edges.
Starting training for Fold 7... Train samples: 562, Test samples: 62
  Epoch 1, Grad Norm: 0.5890
F7 E001 | Loss: 0.7186 | Tr Acc: 0.5125 | Te Acc: 0.5161 | Te AUC: 0.5583 | Te F1: 0.3514
F7 E002 | Loss: 0.7182 | Tr Acc: 0.5214 | Te Acc: 0.5323 | Te AUC: 0.5646 | Te F1: 0.3864
F7 E003 | Loss: 0.7165 | Tr Acc: 0.5356 | Te Acc: 0.5806 | Te AUC: 0.5542 | Te F1: 0.5368
F7 E004 | Loss: 0.7036 | Tr Acc: 0.5374 | Te Acc: 0.5645 | Te AUC: 0.5667 | Te F1: 0.5646
  Epoch 5, Grad Norm: 0.4389
F7 E005 | Loss: 0.7003 | Tr Acc: 0.5605 | Te Acc: 0.5806 | Te AUC: 0.5667 | Te F1: 0.5780
F7 E006 | Loss: 0.6947 | Tr Acc: 0.5712 | Te Acc: 0.5323 | Te AUC: 0.5604 | Te F1: 0.5324
F7 E007 | Loss: 0.6968 | Tr Acc: 0.5694 | Te Acc: 0.5323 | Te AUC: 0.5656 | Te F1: 0.5304
F7 E008 | Loss: 0.6866 | Tr Acc: 0.5712 | Te Acc: 0.5161 | Te AUC: 0.5552 | Te F1: 0.5161
F7 E009 | Loss: 0.6932 | Tr Acc: 0.5409 | Te Acc: 0.5806 | Te AUC: 0.5427 | Te F1: 0.5670
  Epoch 10, Grad Norm: 0.4401
F7 E010 | Loss: 0.6890 | Tr Acc: 0.5302 | Te Acc: 0.5000 | Te AUC: 0.5177 | Te F1: 0.4107
F7 E011 | Loss: 0.6966 | Tr Acc: 0.5142 | Te Acc: 0.5323 | Te AUC: 0.5167 | Te F1: 0.3864
F7 E012 | Loss: 0.6880 | Tr Acc: 0.5160 | Te Acc: 0.5161 | Te AUC: 0.5260 | Te F1: 0.3514
F7 E013 | Loss: 0.6878 | Tr Acc: 0.5178 | Te Acc: 0.5161 | Te AUC: 0.5292 | Te F1: 0.3514
F7 E014 | Loss: 0.6893 | Tr Acc: 0.5196 | Te Acc: 0.5161 | Te AUC: 0.5510 | Te F1: 0.3514
  Epoch 15, Grad Norm: 0.4358
F7 E015 | Loss: 0.6941 | Tr Acc: 0.5196 | Te Acc: 0.5161 | Te AUC: 0.5542 | Te F1: 0.3514
F7 E016 | Loss: 0.6912 | Tr Acc: 0.5196 | Te Acc: 0.5161 | Te AUC: 0.5708 | Te F1: 0.3514
F7 E017 | Loss: 0.6923 | Tr Acc: 0.5267 | Te Acc: 0.5161 | Te AUC: 0.5729 | Te F1: 0.3514
F7 E018 | Loss: 0.6946 | Tr Acc: 0.5302 | Te Acc: 0.5161 | Te AUC: 0.5823 | Te F1: 0.3514
F7 E019 | Loss: 0.6904 | Tr Acc: 0.5409 | Te Acc: 0.5484 | Te AUC: 0.6000 | Te F1: 0.4195
  Epoch 20, Grad Norm: 0.4303
F7 E020 | Loss: 0.6695 | Tr Acc: 0.5391 | Te Acc: 0.5484 | Te AUC: 0.6146 | Te F1: 0.4409
F7 E021 | Loss: 0.6811 | Tr Acc: 0.5391 | Te Acc: 0.5484 | Te AUC: 0.6188 | Te F1: 0.4409
F7 E022 | Loss: 0.6842 | Tr Acc: 0.5516 | Te Acc: 0.5323 | Te AUC: 0.6208 | Te F1: 0.4309
F7 E023 | Loss: 0.6758 | Tr Acc: 0.5552 | Te Acc: 0.5484 | Te AUC: 0.6167 | Te F1: 0.4594
F7 E024 | Loss: 0.6746 | Tr Acc: 0.5552 | Te Acc: 0.5484 | Te AUC: 0.6177 | Te F1: 0.4594
  Epoch 25, Grad Norm: 0.4215
F7 E025 | Loss: 0.6713 | Tr Acc: 0.5552 | Te Acc: 0.5484 | Te AUC: 0.6229 | Te F1: 0.4594
F7 E026 | Loss: 0.6777 | Tr Acc: 0.5872 | Te Acc: 0.5806 | Te AUC: 0.6198 | Te F1: 0.5257
F7 E027 | Loss: 0.6755 | Tr Acc: 0.5907 | Te Acc: 0.6129 | Te AUC: 0.6083 | Te F1: 0.6003
F7 E028 | Loss: 0.6899 | Tr Acc: 0.5979 | Te Acc: 0.5806 | Te AUC: 0.6021 | Te F1: 0.5753
F7 E029 | Loss: 0.6837 | Tr Acc: 0.5979 | Te Acc: 0.5323 | Te AUC: 0.5990 | Te F1: 0.5319
  Epoch 30, Grad Norm: 0.3997
F7 E030 | Loss: 0.6834 | Tr Acc: 0.6050 | Te Acc: 0.5645 | Te AUC: 0.5990 | Te F1: 0.5642
F7 E031 | Loss: 0.6735 | Tr Acc: 0.5961 | Te Acc: 0.6129 | Te AUC: 0.6021 | Te F1: 0.6047
F7 E032 | Loss: 0.6623 | Tr Acc: 0.5819 | Te Acc: 0.5968 | Te AUC: 0.5990 | Te F1: 0.5862
F7 E033 | Loss: 0.6730 | Tr Acc: 0.5658 | Te Acc: 0.5645 | Te AUC: 0.5844 | Te F1: 0.5478
F7 E034 | Loss: 0.6747 | Tr Acc: 0.5356 | Te Acc: 0.5000 | Te AUC: 0.5917 | Te F1: 0.4648
  Epoch 35, Grad Norm: 0.4209
F7 E035 | Loss: 0.6765 | Tr Acc: 0.5267 | Te Acc: 0.5323 | Te AUC: 0.6000 | Te F1: 0.4342
F7 E036 | Loss: 0.6789 | Tr Acc: 0.5160 | Te Acc: 0.5161 | Te AUC: 0.6000 | Te F1: 0.3833
F7 E037 | Loss: 0.6667 | Tr Acc: 0.5125 | Te Acc: 0.4839 | Te AUC: 0.5979 | Te F1: 0.3156
F7 E038 | Loss: 0.6745 | Tr Acc: 0.5053 | Te Acc: 0.4839 | Te AUC: 0.6031 | Te F1: 0.3156
F7 E039 | Loss: 0.6755 | Tr Acc: 0.5018 | Te Acc: 0.4839 | Te AUC: 0.6094 | Te F1: 0.3156
  Epoch 40, Grad Norm: 0.4606
F7 E040 | Loss: 0.6710 | Tr Acc: 0.5036 | Te Acc: 0.4839 | Te AUC: 0.6104 | Te F1: 0.3156
F7 E041 | Loss: 0.6792 | Tr Acc: 0.5036 | Te Acc: 0.4839 | Te AUC: 0.6125 | Te F1: 0.3156
  Learning rate reduced to 1.0e-04
F7 E042 | Loss: 0.6774 | Tr Acc: 0.5036 | Te Acc: 0.4839 | Te AUC: 0.6073 | Te F1: 0.3156
F7 E043 | Loss: 0.6658 | Tr Acc: 0.5071 | Te Acc: 0.4839 | Te AUC: 0.6125 | Te F1: 0.3156
F7 E044 | Loss: 0.6647 | Tr Acc: 0.5125 | Te Acc: 0.5323 | Te AUC: 0.6115 | Te F1: 0.4147
  Epoch 45, Grad Norm: 0.4195
F7 E045 | Loss: 0.6582 | Tr Acc: 0.5249 | Te Acc: 0.5645 | Te AUC: 0.6198 | Te F1: 0.4732
F7 E046 | Loss: 0.6622 | Tr Acc: 0.5569 | Te Acc: 0.5323 | Te AUC: 0.6312 | Te F1: 0.4898
F7 E047 | Loss: 0.6593 | Tr Acc: 0.6139 | Te Acc: 0.5484 | Te AUC: 0.6302 | Te F1: 0.5388
F7 E048 | Loss: 0.6526 | Tr Acc: 0.6246 | Te Acc: 0.5968 | Te AUC: 0.6260 | Te F1: 0.5965
F7 E049 | Loss: 0.6749 | Tr Acc: 0.6210 | Te Acc: 0.5806 | Te AUC: 0.6250 | Te F1: 0.5717
  Epoch 50, Grad Norm: 0.3865
F7 E050 | Loss: 0.6517 | Tr Acc: 0.6050 | Te Acc: 0.5968 | Te AUC: 0.6281 | Te F1: 0.5679
  Epoch 55, Grad Norm: 0.4293
F7 E055 | Loss: 0.6595 | Tr Acc: 0.6032 | Te Acc: 0.5645 | Te AUC: 0.6313 | Te F1: 0.5476
  Epoch 60, Grad Norm: 0.4053
F7 E060 | Loss: 0.6601 | Tr Acc: 0.5765 | Te Acc: 0.5484 | Te AUC: 0.6396 | Te F1: 0.5207
  Epoch 65, Grad Norm: 0.4191
F7 E065 | Loss: 0.6492 | Tr Acc: 0.5196 | Te Acc: 0.5484 | Te AUC: 0.6281 | Te F1: 0.4622
  Epoch 70, Grad Norm: 0.4237
F7 E070 | Loss: 0.6593 | Tr Acc: 0.5890 | Te Acc: 0.5484 | Te AUC: 0.6344 | Te F1: 0.5207
  Epoch 75, Grad Norm: 0.4210
F7 E075 | Loss: 0.6428 | Tr Acc: 0.6512 | Te Acc: 0.5968 | Te AUC: 0.6344 | Te F1: 0.5952
  Epoch 80, Grad Norm: 0.4380
F7 E080 | Loss: 0.6368 | Tr Acc: 0.5943 | Te Acc: 0.5806 | Te AUC: 0.6635 | Te F1: 0.5257
  Epoch 85, Grad Norm: 0.4175
F7 E085 | Loss: 0.6350 | Tr Acc: 0.6352 | Te Acc: 0.6452 | Te AUC: 0.6490 | Te F1: 0.6337
  Epoch 90, Grad Norm: 0.4701
F7 E090 | Loss: 0.6364 | Tr Acc: 0.6512 | Te Acc: 0.6129 | Te AUC: 0.6375 | Te F1: 0.6129
  Epoch 95, Grad Norm: 0.4021
F7 E095 | Loss: 0.6336 | Tr Acc: 0.6459 | Te Acc: 0.6129 | Te AUC: 0.6396 | Te F1: 0.6080
  Epoch 100, Grad Norm: 0.4404
F7 E100 | Loss: 0.6172 | Tr Acc: 0.6192 | Te Acc: 0.6129 | Te AUC: 0.6458 | Te F1: 0.5622
  Epoch 105, Grad Norm: 0.4385
F7 E105 | Loss: 0.6134 | Tr Acc: 0.6655 | Te Acc: 0.5484 | Te AUC: 0.6250 | Te F1: 0.5484
  Epoch 110, Grad Norm: 0.4242
F7 E110 | Loss: 0.6111 | Tr Acc: 0.6655 | Te Acc: 0.5645 | Te AUC: 0.6271 | Te F1: 0.5531
  Epoch 115, Grad Norm: 0.3915
F7 E115 | Loss: 0.6008 | Tr Acc: 0.5605 | Te Acc: 0.5645 | Te AUC: 0.6469 | Te F1: 0.4510
  Epoch 120, Grad Norm: 0.4650
F7 E120 | Loss: 0.6152 | Tr Acc: 0.6744 | Te Acc: 0.5968 | Te AUC: 0.6344 | Te F1: 0.5952
  Epoch 125, Grad Norm: 0.4961
F7 E125 | Loss: 0.6008 | Tr Acc: 0.6103 | Te Acc: 0.5323 | Te AUC: 0.6146 | Te F1: 0.4787
  Epoch 130, Grad Norm: 0.4605
F7 E130 | Loss: 0.6041 | Tr Acc: 0.6085 | Te Acc: 0.5968 | Te AUC: 0.6323 | Te F1: 0.5380
  Epoch 135, Grad Norm: 0.4738
F7 E135 | Loss: 0.5944 | Tr Acc: 0.7064 | Te Acc: 0.5000 | Te AUC: 0.6208 | Te F1: 0.4954
  Epoch 140, Grad Norm: 0.4573
F7 E140 | Loss: 0.5890 | Tr Acc: 0.6512 | Te Acc: 0.5161 | Te AUC: 0.5990 | Te F1: 0.4666
  Epoch 145, Grad Norm: 0.4238
F7 E145 | Loss: 0.5734 | Tr Acc: 0.6975 | Te Acc: 0.5000 | Te AUC: 0.6042 | Te F1: 0.4868
  Epoch 150, Grad Norm: 0.5725
F7 E150 | Loss: 0.5884 | Tr Acc: 0.6993 | Te Acc: 0.5806 | Te AUC: 0.6073 | Te F1: 0.5780
  Epoch 155, Grad Norm: 0.4506
F7 E155 | Loss: 0.5675 | Tr Acc: 0.6459 | Te Acc: 0.6129 | Te AUC: 0.6208 | Te F1: 0.5622
  Epoch 160, Grad Norm: 0.4860
F7 E160 | Loss: 0.5637 | Tr Acc: 0.6922 | Te Acc: 0.6290 | Te AUC: 0.6125 | Te F1: 0.6192
  Learning rate reduced to 5.0e-05
  Epoch 165, Grad Norm: 0.4576
F7 E165 | Loss: 0.5824 | Tr Acc: 0.6904 | Te Acc: 0.5000 | Te AUC: 0.5917 | Te F1: 0.4868
  Epoch 170, Grad Norm: 0.4779
F7 E170 | Loss: 0.5628 | Tr Acc: 0.7349 | Te Acc: 0.5161 | Te AUC: 0.6052 | Te F1: 0.5131
  Epoch 175, Grad Norm: 0.4841
F7 E175 | Loss: 0.5572 | Tr Acc: 0.6139 | Te Acc: 0.5968 | Te AUC: 0.6167 | Te F1: 0.5380
  Epoch 180, Grad Norm: 0.5028
F7 E180 | Loss: 0.5482 | Tr Acc: 0.6210 | Te Acc: 0.5968 | Te AUC: 0.6208 | Te F1: 0.5380
  Epoch 185, Grad Norm: 0.5701
F7 E185 | Loss: 0.5707 | Tr Acc: 0.7313 | Te Acc: 0.5000 | Te AUC: 0.6021 | Te F1: 0.4868
  Epoch 190, Grad Norm: 0.7146
F7 E190 | Loss: 0.5601 | Tr Acc: 0.5872 | Te Acc: 0.5323 | Te AUC: 0.5979 | Te F1: 0.4511
  Epoch 195, Grad Norm: 0.5693
F7 E195 | Loss: 0.5547 | Tr Acc: 0.7224 | Te Acc: 0.5161 | Te AUC: 0.6021 | Te F1: 0.5059
  Epoch 200, Grad Norm: 0.7075
F7 E200 | Loss: 0.5369 | Tr Acc: 0.6601 | Te Acc: 0.6452 | Te AUC: 0.6333 | Te F1: 0.6081
Fold 7 - Training finished. Best Test Accuracy: 0.5806, AUC: 0.6635
Fold 7 elapsed time: 69.72 seconds.

--- Fold 8/10 ---
Calculating max TS length for Positional Encoding (624 subjects)...
Determined max TS length 295 from 624 valid files for Positional Encoding.
Fold 8 using dynamic max length (up to 295 for PE).
Loading time series for 624 subjects in fold...
No truncation active. Will pad to max length found in this fold's successful loads.
Padding to max length found in fold: 295
Padding 624 time series to final length: 295
Proceeding with 624 subjects for Fold 8 model training/evaluation.
Phenotype encoder created.
Generating initial embeddings for graph construction (Batch Size: 32)...
Initial embeddings generated.
Building k-NN graph (k=20)...
Graph built with 624 nodes and 12480 edges.
Starting training for Fold 8... Train samples: 562, Test samples: 62
  Epoch 1, Grad Norm: 0.5911
F8 E001 | Loss: 0.7089 | Tr Acc: 0.4840 | Te Acc: 0.4839 | Te AUC: 0.4979 | Te F1: 0.3156
F8 E002 | Loss: 0.7006 | Tr Acc: 0.4947 | Te Acc: 0.4355 | Te AUC: 0.5427 | Te F1: 0.3554
F8 E003 | Loss: 0.7091 | Tr Acc: 0.5320 | Te Acc: 0.4839 | Te AUC: 0.5281 | Te F1: 0.3366
F8 E004 | Loss: 0.6926 | Tr Acc: 0.5196 | Te Acc: 0.5000 | Te AUC: 0.5323 | Te F1: 0.3441
  Epoch 5, Grad Norm: 0.5020
F8 E005 | Loss: 0.6915 | Tr Acc: 0.5196 | Te Acc: 0.5161 | Te AUC: 0.5312 | Te F1: 0.3514
F8 E006 | Loss: 0.6741 | Tr Acc: 0.5214 | Te Acc: 0.5161 | Te AUC: 0.5188 | Te F1: 0.3514
F8 E007 | Loss: 0.6784 | Tr Acc: 0.5302 | Te Acc: 0.5000 | Te AUC: 0.5010 | Te F1: 0.3441
F8 E008 | Loss: 0.6702 | Tr Acc: 0.5391 | Te Acc: 0.4839 | Te AUC: 0.4875 | Te F1: 0.3611
F8 E009 | Loss: 0.6650 | Tr Acc: 0.5480 | Te Acc: 0.4839 | Te AUC: 0.4844 | Te F1: 0.3611
  Epoch 10, Grad Norm: 0.4616
F8 E010 | Loss: 0.6615 | Tr Acc: 0.5605 | Te Acc: 0.5000 | Te AUC: 0.4771 | Te F1: 0.3917
F8 E011 | Loss: 0.6551 | Tr Acc: 0.5641 | Te Acc: 0.4839 | Te AUC: 0.4740 | Te F1: 0.3822
F8 E012 | Loss: 0.6601 | Tr Acc: 0.5694 | Te Acc: 0.4839 | Te AUC: 0.4740 | Te F1: 0.3822
F8 E013 | Loss: 0.6556 | Tr Acc: 0.5676 | Te Acc: 0.5161 | Te AUC: 0.4781 | Te F1: 0.4380
F8 E014 | Loss: 0.6510 | Tr Acc: 0.5854 | Te Acc: 0.5161 | Te AUC: 0.4750 | Te F1: 0.4656
  Epoch 15, Grad Norm: 0.4031
F8 E015 | Loss: 0.6428 | Tr Acc: 0.6032 | Te Acc: 0.5161 | Te AUC: 0.4750 | Te F1: 0.4765
F8 E016 | Loss: 0.6620 | Tr Acc: 0.6032 | Te Acc: 0.5000 | Te AUC: 0.4719 | Te F1: 0.4641
F8 E017 | Loss: 0.6518 | Tr Acc: 0.6050 | Te Acc: 0.5000 | Te AUC: 0.4698 | Te F1: 0.4731
F8 E018 | Loss: 0.6568 | Tr Acc: 0.6103 | Te Acc: 0.5000 | Te AUC: 0.4729 | Te F1: 0.4731
  Learning rate reduced to 1.0e-04
F8 E019 | Loss: 0.6659 | Tr Acc: 0.6210 | Te Acc: 0.5323 | Te AUC: 0.4792 | Te F1: 0.5141
  Epoch 20, Grad Norm: 0.4115
F8 E020 | Loss: 0.6568 | Tr Acc: 0.6299 | Te Acc: 0.5323 | Te AUC: 0.4823 | Te F1: 0.5198
F8 E021 | Loss: 0.6450 | Tr Acc: 0.6299 | Te Acc: 0.5323 | Te AUC: 0.4885 | Te F1: 0.5198
F8 E022 | Loss: 0.6485 | Tr Acc: 0.6370 | Te Acc: 0.5323 | Te AUC: 0.4948 | Te F1: 0.5198
F8 E023 | Loss: 0.6444 | Tr Acc: 0.6566 | Te Acc: 0.5161 | Te AUC: 0.4958 | Te F1: 0.5100
F8 E024 | Loss: 0.6419 | Tr Acc: 0.6619 | Te Acc: 0.5161 | Te AUC: 0.4927 | Te F1: 0.5131
  Epoch 25, Grad Norm: 0.4361
F8 E025 | Loss: 0.6516 | Tr Acc: 0.6708 | Te Acc: 0.4677 | Te AUC: 0.4896 | Te F1: 0.4679
F8 E026 | Loss: 0.6430 | Tr Acc: 0.6619 | Te Acc: 0.4839 | Te AUC: 0.4938 | Te F1: 0.4839
F8 E027 | Loss: 0.6330 | Tr Acc: 0.6423 | Te Acc: 0.4839 | Te AUC: 0.4938 | Te F1: 0.4806
F8 E028 | Loss: 0.6347 | Tr Acc: 0.6477 | Te Acc: 0.4516 | Te AUC: 0.4979 | Te F1: 0.4447
F8 E029 | Loss: 0.6464 | Tr Acc: 0.6335 | Te Acc: 0.4677 | Te AUC: 0.4990 | Te F1: 0.4537
  Epoch 30, Grad Norm: 0.4442
F8 E030 | Loss: 0.6447 | Tr Acc: 0.6281 | Te Acc: 0.4677 | Te AUC: 0.5021 | Te F1: 0.4473
F8 E031 | Loss: 0.6438 | Tr Acc: 0.6335 | Te Acc: 0.4677 | Te AUC: 0.5031 | Te F1: 0.4473
F8 E032 | Loss: 0.6386 | Tr Acc: 0.6406 | Te Acc: 0.5161 | Te AUC: 0.5094 | Te F1: 0.5100
Early stopping triggered at epoch 32 due to lack of improvement in Test AUC for 30 evaluation steps.
Fold 8 - Training finished. Best Test Accuracy: 0.4355, AUC: 0.5427
Fold 8 elapsed time: 23.66 seconds.

--- Fold 9/10 ---
Calculating max TS length for Positional Encoding (624 subjects)...
Determined max TS length 295 from 624 valid files for Positional Encoding.
Fold 9 using dynamic max length (up to 295 for PE).
Loading time series for 624 subjects in fold...
No truncation active. Will pad to max length found in this fold's successful loads.
Padding to max length found in fold: 295
Padding 624 time series to final length: 295
Proceeding with 624 subjects for Fold 9 model training/evaluation.
Phenotype encoder created.
Generating initial embeddings for graph construction (Batch Size: 32)...
Initial embeddings generated.
Building k-NN graph (k=20)...
Graph built with 624 nodes and 12480 edges.
Starting training for Fold 9... Train samples: 562, Test samples: 62
  Epoch 1, Grad Norm: 0.5450
F9 E001 | Loss: 0.7055 | Tr Acc: 0.5302 | Te Acc: 0.5806 | Te AUC: 0.5563 | Te F1: 0.5545
F9 E002 | Loss: 0.7034 | Tr Acc: 0.5178 | Te Acc: 0.5161 | Te AUC: 0.5833 | Te F1: 0.3514
F9 E003 | Loss: 0.6967 | Tr Acc: 0.5160 | Te Acc: 0.5161 | Te AUC: 0.5760 | Te F1: 0.3514
F9 E004 | Loss: 0.6848 | Tr Acc: 0.5178 | Te Acc: 0.5161 | Te AUC: 0.5552 | Te F1: 0.3514
  Epoch 5, Grad Norm: 0.4488
F9 E005 | Loss: 0.6801 | Tr Acc: 0.5178 | Te Acc: 0.5161 | Te AUC: 0.5396 | Te F1: 0.3514
F9 E006 | Loss: 0.6864 | Tr Acc: 0.5160 | Te Acc: 0.5161 | Te AUC: 0.5500 | Te F1: 0.3514
F9 E007 | Loss: 0.6694 | Tr Acc: 0.5249 | Te Acc: 0.5161 | Te AUC: 0.5510 | Te F1: 0.3514
F9 E008 | Loss: 0.6892 | Tr Acc: 0.5302 | Te Acc: 0.5323 | Te AUC: 0.5542 | Te F1: 0.3864
F9 E009 | Loss: 0.6837 | Tr Acc: 0.5374 | Te Acc: 0.5323 | Te AUC: 0.5562 | Te F1: 0.3864
  Epoch 10, Grad Norm: 0.4142
F9 E010 | Loss: 0.6861 | Tr Acc: 0.5391 | Te Acc: 0.5323 | Te AUC: 0.5656 | Te F1: 0.3864
F9 E011 | Loss: 0.6845 | Tr Acc: 0.5427 | Te Acc: 0.5323 | Te AUC: 0.5750 | Te F1: 0.4103
F9 E012 | Loss: 0.6919 | Tr Acc: 0.5516 | Te Acc: 0.5323 | Te AUC: 0.5885 | Te F1: 0.4487
F9 E013 | Loss: 0.6934 | Tr Acc: 0.5641 | Te Acc: 0.5645 | Te AUC: 0.6073 | Te F1: 0.5241
F9 E014 | Loss: 0.6845 | Tr Acc: 0.5819 | Te Acc: 0.5968 | Te AUC: 0.6292 | Te F1: 0.5861
  Epoch 15, Grad Norm: 0.4253
F9 E015 | Loss: 0.6765 | Tr Acc: 0.5641 | Te Acc: 0.5645 | Te AUC: 0.6323 | Te F1: 0.5338
F9 E016 | Loss: 0.6708 | Tr Acc: 0.4982 | Te Acc: 0.4839 | Te AUC: 0.6406 | Te F1: 0.3422
F9 E017 | Loss: 0.6766 | Tr Acc: 0.5000 | Te Acc: 0.4839 | Te AUC: 0.6458 | Te F1: 0.3422
F9 E018 | Loss: 0.6652 | Tr Acc: 0.4982 | Te Acc: 0.4839 | Te AUC: 0.6635 | Te F1: 0.3422
F9 E019 | Loss: 0.6807 | Tr Acc: 0.5089 | Te Acc: 0.5000 | Te AUC: 0.6708 | Te F1: 0.3743
  Epoch 20, Grad Norm: 0.4243
F9 E020 | Loss: 0.6747 | Tr Acc: 0.5178 | Te Acc: 0.5161 | Te AUC: 0.6719 | Te F1: 0.4049
F9 E021 | Loss: 0.6684 | Tr Acc: 0.5302 | Te Acc: 0.5323 | Te AUC: 0.6750 | Te F1: 0.4511
F9 E022 | Loss: 0.6811 | Tr Acc: 0.5587 | Te Acc: 0.5484 | Te AUC: 0.6698 | Te F1: 0.4774
F9 E023 | Loss: 0.6675 | Tr Acc: 0.5605 | Te Acc: 0.5323 | Te AUC: 0.6698 | Te F1: 0.4659
F9 E024 | Loss: 0.6727 | Tr Acc: 0.5534 | Te Acc: 0.5323 | Te AUC: 0.6635 | Te F1: 0.4659
  Epoch 25, Grad Norm: 0.4391
F9 E025 | Loss: 0.6803 | Tr Acc: 0.5641 | Te Acc: 0.5484 | Te AUC: 0.6552 | Te F1: 0.4907
F9 E026 | Loss: 0.6731 | Tr Acc: 0.5498 | Te Acc: 0.5645 | Te AUC: 0.6479 | Te F1: 0.5027
F9 E027 | Loss: 0.6842 | Tr Acc: 0.5498 | Te Acc: 0.5645 | Te AUC: 0.6521 | Te F1: 0.5027
F9 E028 | Loss: 0.6779 | Tr Acc: 0.5658 | Te Acc: 0.5806 | Te AUC: 0.6417 | Te F1: 0.5271
F9 E029 | Loss: 0.6688 | Tr Acc: 0.5765 | Te Acc: 0.5323 | Te AUC: 0.6375 | Te F1: 0.5074
  Epoch 30, Grad Norm: 0.4070
F9 E030 | Loss: 0.6656 | Tr Acc: 0.5783 | Te Acc: 0.5484 | Te AUC: 0.6271 | Te F1: 0.5279
F9 E031 | Loss: 0.6780 | Tr Acc: 0.5747 | Te Acc: 0.5323 | Te AUC: 0.6219 | Te F1: 0.5143
F9 E032 | Loss: 0.6655 | Tr Acc: 0.5765 | Te Acc: 0.5323 | Te AUC: 0.6083 | Te F1: 0.5143
F9 E033 | Loss: 0.6716 | Tr Acc: 0.5836 | Te Acc: 0.5806 | Te AUC: 0.6042 | Te F1: 0.5754
F9 E034 | Loss: 0.6576 | Tr Acc: 0.5854 | Te Acc: 0.5806 | Te AUC: 0.6094 | Te F1: 0.5780
  Epoch 35, Grad Norm: 0.3884
F9 E035 | Loss: 0.6634 | Tr Acc: 0.5872 | Te Acc: 0.5968 | Te AUC: 0.6156 | Te F1: 0.5965
F9 E036 | Loss: 0.6648 | Tr Acc: 0.5943 | Te Acc: 0.5968 | Te AUC: 0.6177 | Te F1: 0.5931
F9 E037 | Loss: 0.6634 | Tr Acc: 0.5996 | Te Acc: 0.5968 | Te AUC: 0.6271 | Te F1: 0.5931
  Learning rate reduced to 1.0e-04
F9 E038 | Loss: 0.6547 | Tr Acc: 0.6068 | Te Acc: 0.6290 | Te AUC: 0.6333 | Te F1: 0.6228
F9 E039 | Loss: 0.6637 | Tr Acc: 0.5925 | Te Acc: 0.6290 | Te AUC: 0.6458 | Te F1: 0.6228
  Epoch 40, Grad Norm: 0.3719
F9 E040 | Loss: 0.6573 | Tr Acc: 0.5979 | Te Acc: 0.6452 | Te AUC: 0.6562 | Te F1: 0.6376
F9 E041 | Loss: 0.6641 | Tr Acc: 0.5961 | Te Acc: 0.6452 | Te AUC: 0.6635 | Te F1: 0.6376
F9 E042 | Loss: 0.6543 | Tr Acc: 0.6014 | Te Acc: 0.6290 | Te AUC: 0.6677 | Te F1: 0.6228
F9 E043 | Loss: 0.6567 | Tr Acc: 0.6103 | Te Acc: 0.6452 | Te AUC: 0.6760 | Te F1: 0.6407
F9 E044 | Loss: 0.6517 | Tr Acc: 0.6157 | Te Acc: 0.6452 | Te AUC: 0.6792 | Te F1: 0.6429
  Epoch 45, Grad Norm: 0.4069
F9 E045 | Loss: 0.6600 | Tr Acc: 0.6192 | Te Acc: 0.6613 | Te AUC: 0.6823 | Te F1: 0.6600
F9 E046 | Loss: 0.6496 | Tr Acc: 0.6210 | Te Acc: 0.6774 | Te AUC: 0.6865 | Te F1: 0.6754
F9 E047 | Loss: 0.6652 | Tr Acc: 0.6139 | Te Acc: 0.6613 | Te AUC: 0.6885 | Te F1: 0.6582
F9 E048 | Loss: 0.6491 | Tr Acc: 0.6157 | Te Acc: 0.6774 | Te AUC: 0.6906 | Te F1: 0.6754
F9 E049 | Loss: 0.6588 | Tr Acc: 0.6157 | Te Acc: 0.6774 | Te AUC: 0.6958 | Te F1: 0.6754
  Epoch 50, Grad Norm: 0.4041
F9 E050 | Loss: 0.6548 | Tr Acc: 0.6174 | Te Acc: 0.6774 | Te AUC: 0.6958 | Te F1: 0.6754
  Epoch 55, Grad Norm: 0.4109
F9 E055 | Loss: 0.6594 | Tr Acc: 0.6228 | Te Acc: 0.7097 | Te AUC: 0.6969 | Te F1: 0.7091
  Epoch 60, Grad Norm: 0.3866
F9 E060 | Loss: 0.6513 | Tr Acc: 0.6299 | Te Acc: 0.7258 | Te AUC: 0.7073 | Te F1: 0.7247
  Epoch 65, Grad Norm: 0.4447
F9 E065 | Loss: 0.6569 | Tr Acc: 0.6014 | Te Acc: 0.5968 | Te AUC: 0.7188 | Te F1: 0.5750
  Epoch 70, Grad Norm: 0.3900
F9 E070 | Loss: 0.6406 | Tr Acc: 0.6495 | Te Acc: 0.6613 | Te AUC: 0.7240 | Te F1: 0.6582
  Epoch 75, Grad Norm: 0.4268
F9 E075 | Loss: 0.6502 | Tr Acc: 0.6477 | Te Acc: 0.6613 | Te AUC: 0.7281 | Te F1: 0.6582
  Epoch 80, Grad Norm: 0.4453
F9 E080 | Loss: 0.6457 | Tr Acc: 0.6068 | Te Acc: 0.7097 | Te AUC: 0.7365 | Te F1: 0.7078
  Epoch 85, Grad Norm: 0.4135
F9 E085 | Loss: 0.6445 | Tr Acc: 0.5925 | Te Acc: 0.6452 | Te AUC: 0.7323 | Te F1: 0.6337
  Epoch 90, Grad Norm: 0.4068
F9 E090 | Loss: 0.6360 | Tr Acc: 0.6335 | Te Acc: 0.7258 | Te AUC: 0.7406 | Te F1: 0.7247
  Epoch 95, Grad Norm: 0.3740
F9 E095 | Loss: 0.6397 | Tr Acc: 0.6370 | Te Acc: 0.5968 | Te AUC: 0.7354 | Te F1: 0.5684
  Epoch 100, Grad Norm: 0.4509
F9 E100 | Loss: 0.6400 | Tr Acc: 0.6548 | Te Acc: 0.7258 | Te AUC: 0.7198 | Te F1: 0.7256
  Epoch 105, Grad Norm: 0.3865
F9 E105 | Loss: 0.6293 | Tr Acc: 0.5996 | Te Acc: 0.6935 | Te AUC: 0.7104 | Te F1: 0.6884
  Epoch 110, Grad Norm: 0.4528
F9 E110 | Loss: 0.6332 | Tr Acc: 0.6548 | Te Acc: 0.6129 | Te AUC: 0.7229 | Te F1: 0.5818
  Epoch 115, Grad Norm: 0.4156
F9 E115 | Loss: 0.6226 | Tr Acc: 0.5623 | Te Acc: 0.5323 | Te AUC: 0.7219 | Te F1: 0.4511
  Epoch 120, Grad Norm: 0.4611
F9 E120 | Loss: 0.6322 | Tr Acc: 0.6139 | Te Acc: 0.5968 | Te AUC: 0.7302 | Te F1: 0.5601
  Epoch 125, Grad Norm: 0.3780
F9 E125 | Loss: 0.6168 | Tr Acc: 0.6068 | Te Acc: 0.6452 | Te AUC: 0.7177 | Te F1: 0.6288
  Epoch 130, Grad Norm: 0.4617
F9 E130 | Loss: 0.6256 | Tr Acc: 0.5979 | Te Acc: 0.6129 | Te AUC: 0.7115 | Te F1: 0.5812
  Epoch 135, Grad Norm: 0.4738
F9 E135 | Loss: 0.6292 | Tr Acc: 0.6708 | Te Acc: 0.6774 | Te AUC: 0.7188 | Te F1: 0.6774
  Epoch 140, Grad Norm: 0.4300
F9 E140 | Loss: 0.6179 | Tr Acc: 0.6922 | Te Acc: 0.6452 | Te AUC: 0.7156 | Te F1: 0.6407
  Epoch 145, Grad Norm: 0.4297
F9 E145 | Loss: 0.6022 | Tr Acc: 0.6637 | Te Acc: 0.6774 | Te AUC: 0.7125 | Te F1: 0.6774
  Epoch 150, Grad Norm: 0.4734
F9 E150 | Loss: 0.5872 | Tr Acc: 0.5801 | Te Acc: 0.5484 | Te AUC: 0.7219 | Te F1: 0.4754
  Epoch 155, Grad Norm: 0.4610
F9 E155 | Loss: 0.5906 | Tr Acc: 0.6512 | Te Acc: 0.7097 | Te AUC: 0.7188 | Te F1: 0.7060
  Epoch 160, Grad Norm: 0.4233
F9 E160 | Loss: 0.5952 | Tr Acc: 0.6690 | Te Acc: 0.6935 | Te AUC: 0.7146 | Te F1: 0.6907
  Epoch 165, Grad Norm: 0.4234
F9 E165 | Loss: 0.5954 | Tr Acc: 0.6797 | Te Acc: 0.6613 | Te AUC: 0.7115 | Te F1: 0.6582
  Epoch 170, Grad Norm: 0.5288
F9 E170 | Loss: 0.6103 | Tr Acc: 0.5943 | Te Acc: 0.5484 | Te AUC: 0.7156 | Te F1: 0.4774
  Learning rate reduced to 5.0e-05
  Epoch 175, Grad Norm: 0.6277
F9 E175 | Loss: 0.5991 | Tr Acc: 0.6797 | Te Acc: 0.6613 | Te AUC: 0.7083 | Te F1: 0.6557
  Epoch 180, Grad Norm: 0.5443
F9 E180 | Loss: 0.5956 | Tr Acc: 0.6085 | Te Acc: 0.5968 | Te AUC: 0.7146 | Te F1: 0.5679
  Epoch 185, Grad Norm: 0.4692
F9 E185 | Loss: 0.5792 | Tr Acc: 0.6085 | Te Acc: 0.5968 | Te AUC: 0.7187 | Te F1: 0.5679
  Epoch 190, Grad Norm: 0.4503
F9 E190 | Loss: 0.5808 | Tr Acc: 0.6655 | Te Acc: 0.6613 | Te AUC: 0.7063 | Te F1: 0.6600
  Epoch 195, Grad Norm: 0.5172
F9 E195 | Loss: 0.5782 | Tr Acc: 0.7046 | Te Acc: 0.6452 | Te AUC: 0.7063 | Te F1: 0.6452
  Epoch 200, Grad Norm: 0.5309
F9 E200 | Loss: 0.5911 | Tr Acc: 0.7189 | Te Acc: 0.6452 | Te AUC: 0.7052 | Te F1: 0.6444
Fold 9 - Training finished. Best Test Accuracy: 0.7258, AUC: 0.7406
Fold 9 elapsed time: 69.76 seconds.

--- Fold 10/10 ---
Calculating max TS length for Positional Encoding (624 subjects)...
Determined max TS length 295 from 624 valid files for Positional Encoding.
Fold 10 using dynamic max length (up to 295 for PE).
Loading time series for 624 subjects in fold...
No truncation active. Will pad to max length found in this fold's successful loads.
Padding to max length found in fold: 295
Padding 624 time series to final length: 295
Proceeding with 624 subjects for Fold 10 model training/evaluation.
Phenotype encoder created.
Generating initial embeddings for graph construction (Batch Size: 32)...
Initial embeddings generated.
Building k-NN graph (k=20)...
Graph built with 624 nodes and 12480 edges.
Starting training for Fold 10... Train samples: 562, Test samples: 62
  Epoch 1, Grad Norm: 0.5220
F10 E001 | Loss: 0.7145 | Tr Acc: 0.5160 | Te Acc: 0.5161 | Te AUC: 0.5188 | Te F1: 0.3514
F10 E002 | Loss: 0.6932 | Tr Acc: 0.5160 | Te Acc: 0.5161 | Te AUC: 0.5104 | Te F1: 0.3514
F10 E003 | Loss: 0.6985 | Tr Acc: 0.5160 | Te Acc: 0.5161 | Te AUC: 0.5250 | Te F1: 0.3514
F10 E004 | Loss: 0.6944 | Tr Acc: 0.5160 | Te Acc: 0.5161 | Te AUC: 0.5281 | Te F1: 0.3514
  Epoch 5, Grad Norm: 0.4518
F10 E005 | Loss: 0.7030 | Tr Acc: 0.5160 | Te Acc: 0.5161 | Te AUC: 0.5667 | Te F1: 0.3514
F10 E006 | Loss: 0.6840 | Tr Acc: 0.5160 | Te Acc: 0.5161 | Te AUC: 0.5844 | Te F1: 0.3514
F10 E007 | Loss: 0.6942 | Tr Acc: 0.5160 | Te Acc: 0.5161 | Te AUC: 0.6365 | Te F1: 0.3514
F10 E008 | Loss: 0.6973 | Tr Acc: 0.5178 | Te Acc: 0.5161 | Te AUC: 0.6594 | Te F1: 0.3514
F10 E009 | Loss: 0.6791 | Tr Acc: 0.5231 | Te Acc: 0.5323 | Te AUC: 0.6583 | Te F1: 0.3864
  Epoch 10, Grad Norm: 0.4581
F10 E010 | Loss: 0.6755 | Tr Acc: 0.5320 | Te Acc: 0.5161 | Te AUC: 0.6594 | Te F1: 0.4010
F10 E011 | Loss: 0.6849 | Tr Acc: 0.5409 | Te Acc: 0.5323 | Te AUC: 0.6521 | Te F1: 0.4309
F10 E012 | Loss: 0.6815 | Tr Acc: 0.5480 | Te Acc: 0.5323 | Te AUC: 0.6396 | Te F1: 0.4309
F10 E013 | Loss: 0.6905 | Tr Acc: 0.5516 | Te Acc: 0.5484 | Te AUC: 0.6313 | Te F1: 0.4594
F10 E014 | Loss: 0.6809 | Tr Acc: 0.5480 | Te Acc: 0.5323 | Te AUC: 0.6281 | Te F1: 0.4487
  Epoch 15, Grad Norm: 0.4170
F10 E015 | Loss: 0.6785 | Tr Acc: 0.5712 | Te Acc: 0.5323 | Te AUC: 0.6250 | Te F1: 0.4641
F10 E016 | Loss: 0.6733 | Tr Acc: 0.5801 | Te Acc: 0.5806 | Te AUC: 0.6125 | Te F1: 0.5368
F10 E017 | Loss: 0.6789 | Tr Acc: 0.5836 | Te Acc: 0.5968 | Te AUC: 0.6083 | Te F1: 0.5594
F10 E018 | Loss: 0.6764 | Tr Acc: 0.5836 | Te Acc: 0.6129 | Te AUC: 0.6094 | Te F1: 0.5887
F10 E019 | Loss: 0.6770 | Tr Acc: 0.5783 | Te Acc: 0.5806 | Te AUC: 0.6146 | Te F1: 0.5717
  Epoch 20, Grad Norm: 0.4085
F10 E020 | Loss: 0.6773 | Tr Acc: 0.5765 | Te Acc: 0.5806 | Te AUC: 0.6062 | Te F1: 0.5806
F10 E021 | Loss: 0.6725 | Tr Acc: 0.5463 | Te Acc: 0.5645 | Te AUC: 0.6073 | Te F1: 0.5573
F10 E022 | Loss: 0.6596 | Tr Acc: 0.5391 | Te Acc: 0.5323 | Te AUC: 0.6062 | Te F1: 0.5143
F10 E023 | Loss: 0.6795 | Tr Acc: 0.5285 | Te Acc: 0.5000 | Te AUC: 0.6094 | Te F1: 0.4648
F10 E024 | Loss: 0.6712 | Tr Acc: 0.5196 | Te Acc: 0.5000 | Te AUC: 0.6073 | Te F1: 0.4427
  Learning rate reduced to 1.0e-04
  Epoch 25, Grad Norm: 0.4030
F10 E025 | Loss: 0.6706 | Tr Acc: 0.5231 | Te Acc: 0.5000 | Te AUC: 0.6042 | Te F1: 0.4427
F10 E026 | Loss: 0.6755 | Tr Acc: 0.5320 | Te Acc: 0.5000 | Te AUC: 0.6042 | Te F1: 0.4546
F10 E027 | Loss: 0.6564 | Tr Acc: 0.5302 | Te Acc: 0.4839 | Te AUC: 0.6031 | Te F1: 0.4311
F10 E028 | Loss: 0.6741 | Tr Acc: 0.5302 | Te Acc: 0.5000 | Te AUC: 0.6010 | Te F1: 0.4427
F10 E029 | Loss: 0.6716 | Tr Acc: 0.5320 | Te Acc: 0.4839 | Te AUC: 0.5979 | Te F1: 0.4311
  Epoch 30, Grad Norm: 0.3872
F10 E030 | Loss: 0.6701 | Tr Acc: 0.5302 | Te Acc: 0.4839 | Te AUC: 0.5990 | Te F1: 0.4179
F10 E031 | Loss: 0.6679 | Tr Acc: 0.5320 | Te Acc: 0.4839 | Te AUC: 0.5979 | Te F1: 0.4179
F10 E032 | Loss: 0.6827 | Tr Acc: 0.5285 | Te Acc: 0.4677 | Te AUC: 0.5990 | Te F1: 0.4068
F10 E033 | Loss: 0.6612 | Tr Acc: 0.5302 | Te Acc: 0.4677 | Te AUC: 0.5979 | Te F1: 0.3922
F10 E034 | Loss: 0.6710 | Tr Acc: 0.5214 | Te Acc: 0.4839 | Te AUC: 0.5948 | Te F1: 0.4028
  Epoch 35, Grad Norm: 0.4107
F10 E035 | Loss: 0.6715 | Tr Acc: 0.5214 | Te Acc: 0.4677 | Te AUC: 0.5969 | Te F1: 0.3922
F10 E036 | Loss: 0.6735 | Tr Acc: 0.5196 | Te Acc: 0.4677 | Te AUC: 0.5979 | Te F1: 0.3754
F10 E037 | Loss: 0.6736 | Tr Acc: 0.5142 | Te Acc: 0.4839 | Te AUC: 0.6010 | Te F1: 0.3853
F10 E038 | Loss: 0.6721 | Tr Acc: 0.5107 | Te Acc: 0.4839 | Te AUC: 0.6052 | Te F1: 0.3853
Early stopping triggered at epoch 38 due to lack of improvement in Test AUC for 30 evaluation steps.
Fold 10 - Training finished. Best Test Accuracy: 0.5161, AUC: 0.6594
Fold 10 elapsed time: 26.18 seconds.

--- Cross-Validation Results ---
Number of successfully completed folds with valid metrics: 10/10
Average Accuracy:  0.5721 +/- 0.0766
Average F1-Score:  0.5046
Average Precision: 0.5032
Average Recall:    0.5721
Average AUC:       0.6501

Total elapsed time: 411.53 seconds.
--- Run Finished ---
Frankenstein Training completed at Wed Apr 16 03:33:08 AM EDT 2025
