Starting ACHNN regression training with 16 CPUs and 1 GPU at Wed Apr 16 03:37:07 AM EDT 2025
Loading configuration from config.yaml...

--- Configuration Used ---
data_params:
  exclude_cols:
  - 'Unnamed: 0'
  - X
  - subject
  - FILE_ID
  - qc_rater_1
  - qc_notes_rater_1
  - qc_anat_rater_2
  - qc_anat_notes_rater_2
  - qc_func_rater_2
  - qc_func_notes_rater_2
  - qc_anat_rater_3
  - qc_anat_notes_rater_3
  - qc_func_rater_3
  - qc_func_notes_rater_3
  max_ts_length: -1
  num_regions: 200
  phenotype_cols_categorical:
  - SEX
  - SITE_ID
  - EYE_STATUS_AT_SCAN
  phenotype_cols_numerical:
  - AGE_AT_SCAN
  - FIQ
  - func_mean_fd
  phenotype_file: Phenotypic_V1_0b_preprocessed1.csv
  region_dir: /home/pl217/frankensteins_model/results/abide_timeseries/ccs_filt_noglobal_rois_cc200
  site_id_col: SITE_ID
  sub_id_col: SUB_ID
  target_col: DX_GROUP
graph_params:
  k_neighbors: 20
model_params:
  dropout_rate: 0.2
  gnn_heads: 6
  gnn_hidden_dim: 128
  gnn_output_dim: 2
  pheno_embedding_dim: 64
  pheno_hidden_dim: 128
  ts_embedding_dim: 128
  ts_transformer_d_model: 128
  ts_transformer_dim_feedforward: 512
  ts_transformer_nhead: 8
  ts_transformer_num_layers: 8
run_params:
  device: cuda
  early_stopping_patience: 30
  encoder_batch_size: 32
  epochs: 200
  learning_rate: 0.0002
  lr_scheduler_factor: 0.5
  lr_scheduler_patience: 15
  n_splits: 10
  seed: 42
  weight_decay: 0.0005

--------------------------

Using configured max_ts_length setting: -1 (-1 means use max in fold)
Using configured num_regions: 200
Using configured encoder_batch_size: 32
Random seed set to 42
Using GPU: NVIDIA RTX A5000
Loading phenotype data from: Phenotypic_V1_0b_preprocessed1.csv
Original selected data shape: (1112, 8)
Using target column: 'DX_GROUP'
Filtered out 0 rows with invalid/missing target values.
Phenotype data shape after target filtering: (1112, 8)
Processing specified numerical features...
 Processing numerical columns: ['AGE_AT_SCAN', 'FIQ', 'func_mean_fd']
Processing specified categorical features...
 Processing categorical columns: ['SEX', 'SITE_ID', 'EYE_STATUS_AT_SCAN']
  Encoded categorical columns: ['SEX_1', 'SEX_2', 'SITE_ID_CALTECH', 'SITE_ID_CMU', 'SITE_ID_KKI', 'SITE_ID_LEUVEN_1', 'SITE_ID_LEUVEN_2', 'SITE_ID_MAX_MUN', 'SITE_ID_NYU', 'SITE_ID_OHSU', 'SITE_ID_OLIN', 'SITE_ID_PITT', 'SITE_ID_SBL', 'SITE_ID_SDSU', 'SITE_ID_STANFORD', 'SITE_ID_TRINITY', 'SITE_ID_UCLA_1', 'SITE_ID_UCLA_2', 'SITE_ID_UM_1', 'SITE_ID_UM_2', 'SITE_ID_USM', 'SITE_ID_YALE', 'EYE_STATUS_AT_SCAN_1', 'EYE_STATUS_AT_SCAN_2']
Final phenotype features identified (27): ['AGE_AT_SCAN', 'FIQ', 'func_mean_fd', 'SEX_1', 'SEX_2', 'SITE_ID_CALTECH', 'SITE_ID_CMU', 'SITE_ID_KKI', 'SITE_ID_LEUVEN_1', 'SITE_ID_LEUVEN_2', 'SITE_ID_MAX_MUN', 'SITE_ID_NYU', 'SITE_ID_OHSU', 'SITE_ID_OLIN', 'SITE_ID_PITT', 'SITE_ID_SBL', 'SITE_ID_SDSU', 'SITE_ID_STANFORD', 'SITE_ID_TRINITY', 'SITE_ID_UCLA_1', 'SITE_ID_UCLA_2', 'SITE_ID_UM_1', 'SITE_ID_UM_2', 'SITE_ID_USM', 'SITE_ID_YALE', 'EYE_STATUS_AT_SCAN_1', 'EYE_STATUS_AT_SCAN_2']
Checking for corresponding TS files in: /home/pl217/frankensteins_model/results/abide_timeseries/ccs_filt_noglobal_rois_cc200
Processed 1112 subjects from phenotype data.
Found existing, non-empty TS files for 624 subjects.
Skipped 488 subjects (missing file or invalid ID/Site).
Skipped 0 subjects (empty file).
Total subjects available for K-Fold analysis: 624

--- Fold 1/10 ---
Calculating max TS length for Positional Encoding (624 subjects)...
Determined max TS length 295 from 624 valid files for Positional Encoding.
Fold 1 using dynamic max length (up to 295 for PE).
Loading time series for 624 subjects in fold...
No truncation active. Will pad to max length found in this fold's successful loads.
Padding to max length found in fold: 295
Padding 624 time series to final length: 295
Proceeding with 624 subjects for Fold 1 model training/evaluation.
Phenotype encoder created.
Generating initial embeddings for graph construction (Batch Size: 32)...
Initial embeddings generated.
Building k-NN graph (k=20)...
Graph built with 624 nodes and 12480 edges.
Starting training for Fold 1... Train samples: 561, Test samples: 63
  Epoch 1, Grad Norm: 0.5565
F1 E001 | Loss: 0.6889 | Tr Acc: 0.4831 | Te Acc: 0.4921 | Te AUC: 0.5796 | Te F1: 0.3246
F1 E002 | Loss: 0.6833 | Tr Acc: 0.4920 | Te Acc: 0.4921 | Te AUC: 0.5857 | Te F1: 0.3508
F1 E003 | Loss: 0.6805 | Tr Acc: 0.6132 | Te Acc: 0.5714 | Te AUC: 0.6058 | Te F1: 0.5701
F1 E004 | Loss: 0.6710 | Tr Acc: 0.5740 | Te Acc: 0.6032 | Te AUC: 0.6038 | Te F1: 0.5506
  Epoch 5, Grad Norm: 0.4285
F1 E005 | Loss: 0.6609 | Tr Acc: 0.5561 | Te Acc: 0.5556 | Te AUC: 0.6099 | Te F1: 0.4402
F1 E006 | Loss: 0.6638 | Tr Acc: 0.5455 | Te Acc: 0.5397 | Te AUC: 0.6220 | Te F1: 0.4092
F1 E007 | Loss: 0.6540 | Tr Acc: 0.5437 | Te Acc: 0.5397 | Te AUC: 0.6351 | Te F1: 0.4092
F1 E008 | Loss: 0.6592 | Tr Acc: 0.5401 | Te Acc: 0.5397 | Te AUC: 0.6401 | Te F1: 0.4092
F1 E009 | Loss: 0.6539 | Tr Acc: 0.5544 | Te Acc: 0.5873 | Te AUC: 0.6542 | Te F1: 0.4979
  Epoch 10, Grad Norm: 0.4337
F1 E010 | Loss: 0.6502 | Tr Acc: 0.5686 | Te Acc: 0.5714 | Te AUC: 0.6532 | Te F1: 0.5146
F1 E011 | Loss: 0.6522 | Tr Acc: 0.6292 | Te Acc: 0.5873 | Te AUC: 0.6522 | Te F1: 0.5755
F1 E012 | Loss: 0.6349 | Tr Acc: 0.6310 | Te Acc: 0.6508 | Te AUC: 0.6542 | Te F1: 0.6458
F1 E013 | Loss: 0.6438 | Tr Acc: 0.6257 | Te Acc: 0.6190 | Te AUC: 0.6573 | Te F1: 0.6060
F1 E014 | Loss: 0.6366 | Tr Acc: 0.6239 | Te Acc: 0.6032 | Te AUC: 0.6512 | Te F1: 0.5870
  Epoch 15, Grad Norm: 0.3683
F1 E015 | Loss: 0.6252 | Tr Acc: 0.6168 | Te Acc: 0.6190 | Te AUC: 0.6431 | Te F1: 0.6060
F1 E016 | Loss: 0.6369 | Tr Acc: 0.6257 | Te Acc: 0.6032 | Te AUC: 0.6421 | Te F1: 0.5919
F1 E017 | Loss: 0.6357 | Tr Acc: 0.6221 | Te Acc: 0.6032 | Te AUC: 0.6421 | Te F1: 0.5959
F1 E018 | Loss: 0.6350 | Tr Acc: 0.6221 | Te Acc: 0.6032 | Te AUC: 0.6421 | Te F1: 0.6026
F1 E019 | Loss: 0.6157 | Tr Acc: 0.6471 | Te Acc: 0.6032 | Te AUC: 0.6391 | Te F1: 0.6001
  Epoch 20, Grad Norm: 0.3832
F1 E020 | Loss: 0.6137 | Tr Acc: 0.6471 | Te Acc: 0.6032 | Te AUC: 0.6391 | Te F1: 0.5939
F1 E021 | Loss: 0.6089 | Tr Acc: 0.6203 | Te Acc: 0.5714 | Te AUC: 0.6250 | Te F1: 0.5714
F1 E022 | Loss: 0.6144 | Tr Acc: 0.6061 | Te Acc: 0.6032 | Te AUC: 0.6260 | Te F1: 0.5741
F1 E023 | Loss: 0.6191 | Tr Acc: 0.5775 | Te Acc: 0.5397 | Te AUC: 0.6351 | Te F1: 0.4728
F1 E024 | Loss: 0.6091 | Tr Acc: 0.5098 | Te Acc: 0.5079 | Te AUC: 0.6532 | Te F1: 0.4030
  Epoch 25, Grad Norm: 0.3904
F1 E025 | Loss: 0.6084 | Tr Acc: 0.5045 | Te Acc: 0.5238 | Te AUC: 0.6522 | Te F1: 0.3914
F1 E026 | Loss: 0.6027 | Tr Acc: 0.4991 | Te Acc: 0.5238 | Te AUC: 0.6492 | Te F1: 0.3914
F1 E027 | Loss: 0.6099 | Tr Acc: 0.5009 | Te Acc: 0.5079 | Te AUC: 0.6331 | Te F1: 0.3588
F1 E028 | Loss: 0.5990 | Tr Acc: 0.4938 | Te Acc: 0.5079 | Te AUC: 0.6260 | Te F1: 0.3588
F1 E029 | Loss: 0.6096 | Tr Acc: 0.4991 | Te Acc: 0.5079 | Te AUC: 0.6230 | Te F1: 0.3588
  Learning rate reduced to 1.0e-04
  Epoch 30, Grad Norm: 0.3816
F1 E030 | Loss: 0.6006 | Tr Acc: 0.5009 | Te Acc: 0.5079 | Te AUC: 0.6300 | Te F1: 0.3588
F1 E031 | Loss: 0.5953 | Tr Acc: 0.4991 | Te Acc: 0.5397 | Te AUC: 0.6341 | Te F1: 0.4223
F1 E032 | Loss: 0.6030 | Tr Acc: 0.5080 | Te Acc: 0.5238 | Te AUC: 0.6321 | Te F1: 0.4127
F1 E033 | Loss: 0.5954 | Tr Acc: 0.5401 | Te Acc: 0.5238 | Te AUC: 0.6371 | Te F1: 0.4312
F1 E034 | Loss: 0.5915 | Tr Acc: 0.5633 | Te Acc: 0.5397 | Te AUC: 0.6462 | Te F1: 0.4583
  Epoch 35, Grad Norm: 0.3860
F1 E035 | Loss: 0.5921 | Tr Acc: 0.5740 | Te Acc: 0.5238 | Te AUC: 0.6431 | Te F1: 0.4474
F1 E036 | Loss: 0.5930 | Tr Acc: 0.6203 | Te Acc: 0.6032 | Te AUC: 0.6431 | Te F1: 0.5659
F1 E037 | Loss: 0.5803 | Tr Acc: 0.6595 | Te Acc: 0.6032 | Te AUC: 0.6542 | Te F1: 0.5919
F1 E038 | Loss: 0.5941 | Tr Acc: 0.6934 | Te Acc: 0.5556 | Te AUC: 0.6542 | Te F1: 0.5508
F1 E039 | Loss: 0.5906 | Tr Acc: 0.6738 | Te Acc: 0.5714 | Te AUC: 0.6653 | Te F1: 0.5566
  Epoch 40, Grad Norm: 0.3818
F1 E040 | Loss: 0.5909 | Tr Acc: 0.6453 | Te Acc: 0.6032 | Te AUC: 0.6633 | Te F1: 0.5775
F1 E041 | Loss: 0.5738 | Tr Acc: 0.6275 | Te Acc: 0.6032 | Te AUC: 0.6623 | Te F1: 0.5609
F1 E042 | Loss: 0.5982 | Tr Acc: 0.6114 | Te Acc: 0.5873 | Te AUC: 0.6663 | Te F1: 0.5382
F1 E043 | Loss: 0.5878 | Tr Acc: 0.5989 | Te Acc: 0.5714 | Te AUC: 0.6663 | Te F1: 0.5146
F1 E044 | Loss: 0.5786 | Tr Acc: 0.5882 | Te Acc: 0.5714 | Te AUC: 0.6673 | Te F1: 0.5146
  Epoch 45, Grad Norm: 0.4311
F1 E045 | Loss: 0.5875 | Tr Acc: 0.5882 | Te Acc: 0.5714 | Te AUC: 0.6663 | Te F1: 0.5146
F1 E046 | Loss: 0.5838 | Tr Acc: 0.6132 | Te Acc: 0.5873 | Te AUC: 0.6683 | Te F1: 0.5382
F1 E047 | Loss: 0.5687 | Tr Acc: 0.6524 | Te Acc: 0.6032 | Te AUC: 0.6573 | Te F1: 0.5775
F1 E048 | Loss: 0.5806 | Tr Acc: 0.6631 | Te Acc: 0.5873 | Te AUC: 0.6542 | Te F1: 0.5704
F1 E049 | Loss: 0.5827 | Tr Acc: 0.6934 | Te Acc: 0.5556 | Te AUC: 0.6502 | Te F1: 0.5429
  Epoch 50, Grad Norm: 0.3817
F1 E050 | Loss: 0.5688 | Tr Acc: 0.6934 | Te Acc: 0.5714 | Te AUC: 0.6532 | Te F1: 0.5566
  Epoch 55, Grad Norm: 0.4114
F1 E055 | Loss: 0.5604 | Tr Acc: 0.6488 | Te Acc: 0.5714 | Te AUC: 0.6391 | Te F1: 0.5354
  Epoch 60, Grad Norm: 0.4676
F1 E060 | Loss: 0.5564 | Tr Acc: 0.6221 | Te Acc: 0.5873 | Te AUC: 0.6532 | Te F1: 0.5568
  Epoch 65, Grad Norm: 0.3887
F1 E065 | Loss: 0.5463 | Tr Acc: 0.5882 | Te Acc: 0.5556 | Te AUC: 0.6442 | Te F1: 0.4902
  Epoch 70, Grad Norm: 0.4052
F1 E070 | Loss: 0.5422 | Tr Acc: 0.7059 | Te Acc: 0.5714 | Te AUC: 0.6401 | Te F1: 0.5566
  Epoch 75, Grad Norm: 0.4538
F1 E075 | Loss: 0.5409 | Tr Acc: 0.7398 | Te Acc: 0.6032 | Te AUC: 0.6220 | Te F1: 0.5989
  Epoch 80, Grad Norm: 0.4116
F1 E080 | Loss: 0.5237 | Tr Acc: 0.7504 | Te Acc: 0.5238 | Te AUC: 0.6230 | Te F1: 0.5231
  Epoch 85, Grad Norm: 0.4303
F1 E085 | Loss: 0.5174 | Tr Acc: 0.6203 | Te Acc: 0.5397 | Te AUC: 0.6351 | Te F1: 0.4787
  Epoch 90, Grad Norm: 0.6125
F1 E090 | Loss: 0.4929 | Tr Acc: 0.6809 | Te Acc: 0.5714 | Te AUC: 0.6290 | Te F1: 0.5354
  Epoch 95, Grad Norm: 0.5746
F1 E095 | Loss: 0.5036 | Tr Acc: 0.6292 | Te Acc: 0.5556 | Te AUC: 0.6190 | Te F1: 0.4842
  Epoch 100, Grad Norm: 0.4905
F1 E100 | Loss: 0.4923 | Tr Acc: 0.7362 | Te Acc: 0.6349 | Te AUC: 0.6069 | Te F1: 0.6245
  Epoch 105, Grad Norm: 0.4863
F1 E105 | Loss: 0.4768 | Tr Acc: 0.7558 | Te Acc: 0.5714 | Te AUC: 0.6169 | Te F1: 0.5566
  Epoch 110, Grad Norm: 0.7579
F1 E110 | Loss: 0.4822 | Tr Acc: 0.6150 | Te Acc: 0.5397 | Te AUC: 0.6270 | Te F1: 0.4787
  Learning rate reduced to 5.0e-05
  Epoch 115, Grad Norm: 0.6811
F1 E115 | Loss: 0.4748 | Tr Acc: 0.7362 | Te Acc: 0.5238 | Te AUC: 0.6310 | Te F1: 0.5102
  Epoch 120, Grad Norm: 0.5742
F1 E120 | Loss: 0.4698 | Tr Acc: 0.7897 | Te Acc: 0.5873 | Te AUC: 0.6462 | Te F1: 0.5867
  Epoch 125, Grad Norm: 0.7844
F1 E125 | Loss: 0.4485 | Tr Acc: 0.7986 | Te Acc: 0.6032 | Te AUC: 0.6603 | Te F1: 0.6032
  Epoch 130, Grad Norm: 0.5589
F1 E130 | Loss: 0.4608 | Tr Acc: 0.7398 | Te Acc: 0.5714 | Te AUC: 0.6401 | Te F1: 0.5437
  Epoch 135, Grad Norm: 0.5358
F1 E135 | Loss: 0.4463 | Tr Acc: 0.7398 | Te Acc: 0.5714 | Te AUC: 0.6401 | Te F1: 0.5437
  Epoch 140, Grad Norm: 0.5362
F1 E140 | Loss: 0.4380 | Tr Acc: 0.7861 | Te Acc: 0.5873 | Te AUC: 0.6341 | Te F1: 0.5797
  Epoch 145, Grad Norm: 0.5650
F1 E145 | Loss: 0.4280 | Tr Acc: 0.8128 | Te Acc: 0.6190 | Te AUC: 0.6431 | Te F1: 0.6189
  Epoch 150, Grad Norm: 0.9345
F1 E150 | Loss: 0.4399 | Tr Acc: 0.7611 | Te Acc: 0.5873 | Te AUC: 0.6431 | Te F1: 0.5704
  Epoch 155, Grad Norm: 0.7390
F1 E155 | Loss: 0.4418 | Tr Acc: 0.6578 | Te Acc: 0.5397 | Te AUC: 0.6300 | Te F1: 0.4907
  Epoch 160, Grad Norm: 0.5154
F1 E160 | Loss: 0.4203 | Tr Acc: 0.8324 | Te Acc: 0.6825 | Te AUC: 0.6754 | Te F1: 0.6821
  Epoch 165, Grad Norm: 0.7684
F1 E165 | Loss: 0.4261 | Tr Acc: 0.7807 | Te Acc: 0.6349 | Te AUC: 0.6724 | Te F1: 0.6310
  Epoch 170, Grad Norm: 0.5934
F1 E170 | Loss: 0.4144 | Tr Acc: 0.8289 | Te Acc: 0.6032 | Te AUC: 0.6542 | Te F1: 0.5939
  Epoch 175, Grad Norm: 0.5767
F1 E175 | Loss: 0.4097 | Tr Acc: 0.6578 | Te Acc: 0.5556 | Te AUC: 0.6250 | Te F1: 0.5026
  Epoch 180, Grad Norm: 1.3340
F1 E180 | Loss: 0.4045 | Tr Acc: 0.7362 | Te Acc: 0.5238 | Te AUC: 0.6482 | Te F1: 0.4886
  Epoch 185, Grad Norm: 1.5445
F1 E185 | Loss: 0.3977 | Tr Acc: 0.7451 | Te Acc: 0.5556 | Te AUC: 0.6583 | Te F1: 0.5403
  Epoch 190, Grad Norm: 1.1830
F1 E190 | Loss: 0.4047 | Tr Acc: 0.7077 | Te Acc: 0.5397 | Te AUC: 0.6512 | Te F1: 0.5010
  Epoch 195, Grad Norm: 1.0036
F1 E195 | Loss: 0.3965 | Tr Acc: 0.7683 | Te Acc: 0.5556 | Te AUC: 0.6371 | Te F1: 0.5306
  Epoch 200, Grad Norm: 0.6329
F1 E200 | Loss: 0.3673 | Tr Acc: 0.6988 | Te Acc: 0.5397 | Te AUC: 0.6270 | Te F1: 0.4907
Fold 1 - Training finished. Best Test Accuracy: 0.6825, AUC: 0.6754
Fold 1 elapsed time: 204.91 seconds.

--- Fold 2/10 ---
Calculating max TS length for Positional Encoding (624 subjects)...
Determined max TS length 295 from 624 valid files for Positional Encoding.
Fold 2 using dynamic max length (up to 295 for PE).
Loading time series for 624 subjects in fold...
No truncation active. Will pad to max length found in this fold's successful loads.
Padding to max length found in fold: 295
Padding 624 time series to final length: 295
Proceeding with 624 subjects for Fold 2 model training/evaluation.
Phenotype encoder created.
Generating initial embeddings for graph construction (Batch Size: 32)...
Initial embeddings generated.
Building k-NN graph (k=20)...
Graph built with 624 nodes and 12480 edges.
Starting training for Fold 2... Train samples: 561, Test samples: 63
  Epoch 1, Grad Norm: 0.4843
F2 E001 | Loss: 0.7012 | Tr Acc: 0.4831 | Te Acc: 0.4921 | Te AUC: 0.4375 | Te F1: 0.3246
F2 E002 | Loss: 0.6913 | Tr Acc: 0.4831 | Te Acc: 0.4921 | Te AUC: 0.4667 | Te F1: 0.3246
F2 E003 | Loss: 0.6915 | Tr Acc: 0.4831 | Te Acc: 0.4921 | Te AUC: 0.5010 | Te F1: 0.3246
F2 E004 | Loss: 0.6758 | Tr Acc: 0.4831 | Te Acc: 0.4921 | Te AUC: 0.5141 | Te F1: 0.3246
  Epoch 5, Grad Norm: 0.4023
F2 E005 | Loss: 0.6681 | Tr Acc: 0.4831 | Te Acc: 0.4921 | Te AUC: 0.5262 | Te F1: 0.3246
F2 E006 | Loss: 0.6706 | Tr Acc: 0.4902 | Te Acc: 0.4921 | Te AUC: 0.5242 | Te F1: 0.3246
F2 E007 | Loss: 0.6675 | Tr Acc: 0.5455 | Te Acc: 0.5397 | Te AUC: 0.5302 | Te F1: 0.4583
F2 E008 | Loss: 0.6478 | Tr Acc: 0.5775 | Te Acc: 0.5556 | Te AUC: 0.5252 | Te F1: 0.5087
F2 E009 | Loss: 0.6555 | Tr Acc: 0.5918 | Te Acc: 0.4762 | Te AUC: 0.5212 | Te F1: 0.4706
  Epoch 10, Grad Norm: 0.3532
F2 E010 | Loss: 0.6557 | Tr Acc: 0.6221 | Te Acc: 0.5238 | Te AUC: 0.5111 | Te F1: 0.5231
F2 E011 | Loss: 0.6399 | Tr Acc: 0.6168 | Te Acc: 0.4762 | Te AUC: 0.5040 | Te F1: 0.4762
F2 E012 | Loss: 0.6531 | Tr Acc: 0.6132 | Te Acc: 0.4921 | Te AUC: 0.5000 | Te F1: 0.4775
F2 E013 | Loss: 0.6417 | Tr Acc: 0.6168 | Te Acc: 0.4921 | Te AUC: 0.5060 | Te F1: 0.4775
F2 E014 | Loss: 0.6553 | Tr Acc: 0.5918 | Te Acc: 0.5079 | Te AUC: 0.5101 | Te F1: 0.4666
  Epoch 15, Grad Norm: 0.3576
F2 E015 | Loss: 0.6407 | Tr Acc: 0.5811 | Te Acc: 0.5079 | Te AUC: 0.5131 | Te F1: 0.4427
F2 E016 | Loss: 0.6290 | Tr Acc: 0.5633 | Te Acc: 0.5238 | Te AUC: 0.5111 | Te F1: 0.4384
F2 E017 | Loss: 0.6382 | Tr Acc: 0.5722 | Te Acc: 0.5079 | Te AUC: 0.5121 | Te F1: 0.4427
F2 E018 | Loss: 0.6306 | Tr Acc: 0.6025 | Te Acc: 0.4921 | Te AUC: 0.5010 | Te F1: 0.4636
F2 E019 | Loss: 0.6264 | Tr Acc: 0.6381 | Te Acc: 0.5238 | Te AUC: 0.5040 | Te F1: 0.5214
  Epoch 20, Grad Norm: 0.3538
F2 E020 | Loss: 0.6250 | Tr Acc: 0.6310 | Te Acc: 0.4444 | Te AUC: 0.5030 | Te F1: 0.4218
F2 E021 | Loss: 0.6304 | Tr Acc: 0.5882 | Te Acc: 0.5397 | Te AUC: 0.4970 | Te F1: 0.4728
F2 E022 | Loss: 0.6254 | Tr Acc: 0.5651 | Te Acc: 0.5079 | Te AUC: 0.4990 | Te F1: 0.4209
F2 E023 | Loss: 0.6230 | Tr Acc: 0.5187 | Te Acc: 0.5238 | Te AUC: 0.4929 | Te F1: 0.3914
  Learning rate reduced to 1.0e-04
F2 E024 | Loss: 0.6189 | Tr Acc: 0.5116 | Te Acc: 0.5238 | Te AUC: 0.4919 | Te F1: 0.3914
  Epoch 25, Grad Norm: 0.3556
F2 E025 | Loss: 0.6137 | Tr Acc: 0.5080 | Te Acc: 0.5238 | Te AUC: 0.4950 | Te F1: 0.3914
F2 E026 | Loss: 0.6247 | Tr Acc: 0.5098 | Te Acc: 0.5238 | Te AUC: 0.4950 | Te F1: 0.3914
F2 E027 | Loss: 0.6195 | Tr Acc: 0.5169 | Te Acc: 0.5238 | Te AUC: 0.4929 | Te F1: 0.3914
F2 E028 | Loss: 0.6160 | Tr Acc: 0.5152 | Te Acc: 0.5238 | Te AUC: 0.4919 | Te F1: 0.3914
F2 E029 | Loss: 0.6124 | Tr Acc: 0.5152 | Te Acc: 0.5238 | Te AUC: 0.4929 | Te F1: 0.3914
  Epoch 30, Grad Norm: 0.3618
F2 E030 | Loss: 0.6120 | Tr Acc: 0.5205 | Te Acc: 0.5238 | Te AUC: 0.4940 | Te F1: 0.3914
F2 E031 | Loss: 0.6028 | Tr Acc: 0.5312 | Te Acc: 0.5079 | Te AUC: 0.4889 | Te F1: 0.3825
F2 E032 | Loss: 0.6128 | Tr Acc: 0.5472 | Te Acc: 0.5079 | Te AUC: 0.4778 | Te F1: 0.4030
F2 E033 | Loss: 0.6037 | Tr Acc: 0.5704 | Te Acc: 0.5238 | Te AUC: 0.4748 | Te F1: 0.4312
F2 E034 | Loss: 0.6107 | Tr Acc: 0.6114 | Te Acc: 0.5238 | Te AUC: 0.4849 | Te F1: 0.4737
  Epoch 35, Grad Norm: 0.3301
F2 E035 | Loss: 0.6011 | Tr Acc: 0.6346 | Te Acc: 0.4921 | Te AUC: 0.4808 | Te F1: 0.4498
F2 E036 | Loss: 0.5984 | Tr Acc: 0.6809 | Te Acc: 0.5079 | Te AUC: 0.4879 | Te F1: 0.5027
F2 E037 | Loss: 0.5962 | Tr Acc: 0.6827 | Te Acc: 0.4444 | Te AUC: 0.4929 | Te F1: 0.4428
Early stopping triggered at epoch 37 due to lack of improvement in Test AUC for 30 evaluation steps.
Fold 2 - Training finished. Best Test Accuracy: 0.5397, AUC: 0.5302
Fold 2 elapsed time: 55.96 seconds.

--- Fold 3/10 ---
Calculating max TS length for Positional Encoding (624 subjects)...
Determined max TS length 295 from 624 valid files for Positional Encoding.
Fold 3 using dynamic max length (up to 295 for PE).
Loading time series for 624 subjects in fold...
No truncation active. Will pad to max length found in this fold's successful loads.
Padding to max length found in fold: 295
Padding 624 time series to final length: 295
Proceeding with 624 subjects for Fold 3 model training/evaluation.
Phenotype encoder created.
Generating initial embeddings for graph construction (Batch Size: 32)...
Initial embeddings generated.
Building k-NN graph (k=20)...
Graph built with 624 nodes and 12480 edges.
Starting training for Fold 3... Train samples: 561, Test samples: 63
  Epoch 1, Grad Norm: 0.6669
F3 E001 | Loss: 0.7215 | Tr Acc: 0.5152 | Te Acc: 0.5238 | Te AUC: 0.5343 | Te F1: 0.3601
F3 E002 | Loss: 0.7118 | Tr Acc: 0.5152 | Te Acc: 0.5238 | Te AUC: 0.6030 | Te F1: 0.3601
F3 E003 | Loss: 0.6998 | Tr Acc: 0.5152 | Te Acc: 0.5238 | Te AUC: 0.6131 | Te F1: 0.3601
F3 E004 | Loss: 0.6912 | Tr Acc: 0.5169 | Te Acc: 0.5238 | Te AUC: 0.6121 | Te F1: 0.3601
  Epoch 5, Grad Norm: 0.4982
F3 E005 | Loss: 0.6874 | Tr Acc: 0.5348 | Te Acc: 0.5714 | Te AUC: 0.6192 | Te F1: 0.4583
F3 E006 | Loss: 0.6797 | Tr Acc: 0.5544 | Te Acc: 0.5873 | Te AUC: 0.6303 | Te F1: 0.4878
F3 E007 | Loss: 0.6732 | Tr Acc: 0.5597 | Te Acc: 0.5873 | Te AUC: 0.6606 | Te F1: 0.4878
F3 E008 | Loss: 0.6744 | Tr Acc: 0.5615 | Te Acc: 0.5873 | Te AUC: 0.6596 | Te F1: 0.4878
F3 E009 | Loss: 0.6632 | Tr Acc: 0.5722 | Te Acc: 0.5556 | Te AUC: 0.6485 | Te F1: 0.4825
  Epoch 10, Grad Norm: 0.4385
F3 E010 | Loss: 0.6768 | Tr Acc: 0.6007 | Te Acc: 0.6349 | Te AUC: 0.6485 | Te F1: 0.6283
F3 E011 | Loss: 0.6662 | Tr Acc: 0.6132 | Te Acc: 0.6032 | Te AUC: 0.6566 | Te F1: 0.5991
F3 E012 | Loss: 0.6564 | Tr Acc: 0.6114 | Te Acc: 0.6349 | Te AUC: 0.6667 | Te F1: 0.6283
F3 E013 | Loss: 0.6619 | Tr Acc: 0.6114 | Te Acc: 0.6508 | Te AUC: 0.6636 | Te F1: 0.6340
F3 E014 | Loss: 0.6539 | Tr Acc: 0.6132 | Te Acc: 0.6349 | Te AUC: 0.6636 | Te F1: 0.6200
  Epoch 15, Grad Norm: 0.4175
F3 E015 | Loss: 0.6585 | Tr Acc: 0.6185 | Te Acc: 0.6508 | Te AUC: 0.6768 | Te F1: 0.6459
F3 E016 | Loss: 0.6599 | Tr Acc: 0.6275 | Te Acc: 0.6032 | Te AUC: 0.6758 | Te F1: 0.6028
F3 E017 | Loss: 0.6507 | Tr Acc: 0.6132 | Te Acc: 0.5714 | Te AUC: 0.6859 | Te F1: 0.5618
F3 E018 | Loss: 0.6538 | Tr Acc: 0.5740 | Te Acc: 0.5238 | Te AUC: 0.6909 | Te F1: 0.4410
F3 E019 | Loss: 0.6447 | Tr Acc: 0.5508 | Te Acc: 0.4921 | Te AUC: 0.6848 | Te F1: 0.3651
  Epoch 20, Grad Norm: 0.3973
F3 E020 | Loss: 0.6378 | Tr Acc: 0.5169 | Te Acc: 0.4603 | Te AUC: 0.6808 | Te F1: 0.3002
F3 E021 | Loss: 0.6382 | Tr Acc: 0.5205 | Te Acc: 0.4603 | Te AUC: 0.6768 | Te F1: 0.3002
F3 E022 | Loss: 0.6387 | Tr Acc: 0.5276 | Te Acc: 0.4603 | Te AUC: 0.6859 | Te F1: 0.3002
F3 E023 | Loss: 0.6356 | Tr Acc: 0.5401 | Te Acc: 0.4603 | Te AUC: 0.6970 | Te F1: 0.3002
F3 E024 | Loss: 0.6369 | Tr Acc: 0.5597 | Te Acc: 0.4921 | Te AUC: 0.7000 | Te F1: 0.3651
  Epoch 25, Grad Norm: 0.4110
F3 E025 | Loss: 0.6393 | Tr Acc: 0.5847 | Te Acc: 0.5714 | Te AUC: 0.7101 | Te F1: 0.5162
F3 E026 | Loss: 0.6214 | Tr Acc: 0.5847 | Te Acc: 0.5873 | Te AUC: 0.7091 | Te F1: 0.5395
F3 E027 | Loss: 0.6366 | Tr Acc: 0.5651 | Te Acc: 0.5238 | Te AUC: 0.6949 | Te F1: 0.4241
F3 E028 | Loss: 0.6156 | Tr Acc: 0.5740 | Te Acc: 0.5397 | Te AUC: 0.6949 | Te F1: 0.4919
F3 E029 | Loss: 0.6154 | Tr Acc: 0.5704 | Te Acc: 0.5238 | Te AUC: 0.6919 | Te F1: 0.4410
  Epoch 30, Grad Norm: 0.4311
F3 E030 | Loss: 0.6177 | Tr Acc: 0.5775 | Te Acc: 0.5714 | Te AUC: 0.7162 | Te F1: 0.5162
F3 E031 | Loss: 0.6199 | Tr Acc: 0.5740 | Te Acc: 0.5873 | Te AUC: 0.7253 | Te F1: 0.5395
F3 E032 | Loss: 0.6161 | Tr Acc: 0.5865 | Te Acc: 0.5397 | Te AUC: 0.7061 | Te F1: 0.4518
F3 E033 | Loss: 0.6136 | Tr Acc: 0.5508 | Te Acc: 0.4762 | Te AUC: 0.7010 | Te F1: 0.3334
F3 E034 | Loss: 0.6174 | Tr Acc: 0.5472 | Te Acc: 0.4762 | Te AUC: 0.7010 | Te F1: 0.3334
  Epoch 35, Grad Norm: 0.4032
F3 E035 | Loss: 0.6185 | Tr Acc: 0.5526 | Te Acc: 0.4762 | Te AUC: 0.7071 | Te F1: 0.3334
F3 E036 | Loss: 0.6071 | Tr Acc: 0.5758 | Te Acc: 0.4921 | Te AUC: 0.7212 | Te F1: 0.3651
F3 E037 | Loss: 0.6049 | Tr Acc: 0.5829 | Te Acc: 0.5556 | Te AUC: 0.7222 | Te F1: 0.4921
F3 E038 | Loss: 0.5886 | Tr Acc: 0.6488 | Te Acc: 0.6667 | Te AUC: 0.7253 | Te F1: 0.6667
F3 E039 | Loss: 0.6064 | Tr Acc: 0.6471 | Te Acc: 0.6349 | Te AUC: 0.7222 | Te F1: 0.6079
  Epoch 40, Grad Norm: 0.3565
F3 E040 | Loss: 0.5963 | Tr Acc: 0.6221 | Te Acc: 0.6032 | Te AUC: 0.6990 | Te F1: 0.5442
F3 E041 | Loss: 0.5946 | Tr Acc: 0.6310 | Te Acc: 0.6032 | Te AUC: 0.6949 | Te F1: 0.5556
F3 E042 | Loss: 0.5843 | Tr Acc: 0.6631 | Te Acc: 0.6508 | Te AUC: 0.7040 | Te F1: 0.6388
F3 E043 | Loss: 0.5992 | Tr Acc: 0.6595 | Te Acc: 0.6032 | Te AUC: 0.7040 | Te F1: 0.6032
F3 E044 | Loss: 0.5807 | Tr Acc: 0.6185 | Te Acc: 0.6032 | Te AUC: 0.7051 | Te F1: 0.5781
  Epoch 45, Grad Norm: 0.4354
F3 E045 | Loss: 0.5789 | Tr Acc: 0.6774 | Te Acc: 0.6349 | Te AUC: 0.7101 | Te F1: 0.6346
F3 E046 | Loss: 0.5826 | Tr Acc: 0.6417 | Te Acc: 0.6032 | Te AUC: 0.6939 | Te F1: 0.5738
F3 E047 | Loss: 0.5830 | Tr Acc: 0.6168 | Te Acc: 0.6190 | Te AUC: 0.6889 | Te F1: 0.5564
  Learning rate reduced to 1.0e-04
F3 E048 | Loss: 0.5771 | Tr Acc: 0.6328 | Te Acc: 0.5873 | Te AUC: 0.7000 | Te F1: 0.5431
F3 E049 | Loss: 0.5761 | Tr Acc: 0.6524 | Te Acc: 0.6032 | Te AUC: 0.7051 | Te F1: 0.5654
  Epoch 50, Grad Norm: 0.4038
F3 E050 | Loss: 0.5772 | Tr Acc: 0.6631 | Te Acc: 0.6349 | Te AUC: 0.7071 | Te F1: 0.6145
  Epoch 55, Grad Norm: 0.3868
F3 E055 | Loss: 0.5738 | Tr Acc: 0.6863 | Te Acc: 0.6349 | Te AUC: 0.7020 | Te F1: 0.6145
  Epoch 60, Grad Norm: 0.3599
F3 E060 | Loss: 0.5658 | Tr Acc: 0.6346 | Te Acc: 0.6190 | Te AUC: 0.7323 | Te F1: 0.5749
  Epoch 65, Grad Norm: 0.4156
F3 E065 | Loss: 0.5651 | Tr Acc: 0.6114 | Te Acc: 0.6032 | Te AUC: 0.7020 | Te F1: 0.5520
  Epoch 70, Grad Norm: 0.4060
F3 E070 | Loss: 0.5525 | Tr Acc: 0.5793 | Te Acc: 0.5238 | Te AUC: 0.6707 | Te F1: 0.4090
  Epoch 75, Grad Norm: 0.4530
F3 E075 | Loss: 0.5455 | Tr Acc: 0.6061 | Te Acc: 0.4921 | Te AUC: 0.6394 | Te F1: 0.3905
  Epoch 80, Grad Norm: 0.4702
F3 E080 | Loss: 0.5287 | Tr Acc: 0.7308 | Te Acc: 0.6349 | Te AUC: 0.6889 | Te F1: 0.6312
  Epoch 85, Grad Norm: 0.6089
F3 E085 | Loss: 0.5172 | Tr Acc: 0.5811 | Te Acc: 0.5238 | Te AUC: 0.6636 | Te F1: 0.4241
  Epoch 90, Grad Norm: 0.4667
F3 E090 | Loss: 0.5034 | Tr Acc: 0.6595 | Te Acc: 0.5714 | Te AUC: 0.6556 | Te F1: 0.5200
  Epoch 95, Grad Norm: 0.5504
F3 E095 | Loss: 0.5158 | Tr Acc: 0.6952 | Te Acc: 0.6508 | Te AUC: 0.6586 | Te F1: 0.6317
  Epoch 100, Grad Norm: 0.4744
F3 E100 | Loss: 0.4997 | Tr Acc: 0.7469 | Te Acc: 0.6508 | Te AUC: 0.6889 | Te F1: 0.6504
  Epoch 105, Grad Norm: 0.7370
F3 E105 | Loss: 0.4855 | Tr Acc: 0.7611 | Te Acc: 0.6349 | Te AUC: 0.6919 | Te F1: 0.6351
  Epoch 110, Grad Norm: 0.5283
F3 E110 | Loss: 0.4846 | Tr Acc: 0.6720 | Te Acc: 0.6190 | Te AUC: 0.6899 | Te F1: 0.5749
  Epoch 115, Grad Norm: 0.4701
F3 E115 | Loss: 0.4751 | Tr Acc: 0.7772 | Te Acc: 0.6032 | Te AUC: 0.6848 | Te F1: 0.6032
  Epoch 120, Grad Norm: 0.5743
F3 E120 | Loss: 0.4650 | Tr Acc: 0.7184 | Te Acc: 0.6032 | Te AUC: 0.6414 | Te F1: 0.5809
  Epoch 125, Grad Norm: 0.8996
F3 E125 | Loss: 0.4522 | Tr Acc: 0.7237 | Te Acc: 0.5714 | Te AUC: 0.6394 | Te F1: 0.5539
  Epoch 130, Grad Norm: 0.8155
F3 E130 | Loss: 0.4534 | Tr Acc: 0.7433 | Te Acc: 0.5397 | Te AUC: 0.6434 | Te F1: 0.5293
  Epoch 135, Grad Norm: 0.5837
F3 E135 | Loss: 0.4602 | Tr Acc: 0.6595 | Te Acc: 0.5873 | Te AUC: 0.6586 | Te F1: 0.5283
  Epoch 140, Grad Norm: 1.2737
F3 E140 | Loss: 0.4310 | Tr Acc: 0.7487 | Te Acc: 0.6190 | Te AUC: 0.6313 | Te F1: 0.6038
  Learning rate reduced to 5.0e-05
  Epoch 145, Grad Norm: 0.8238
F3 E145 | Loss: 0.4405 | Tr Acc: 0.7843 | Te Acc: 0.5556 | Te AUC: 0.6333 | Te F1: 0.5494
  Epoch 150, Grad Norm: 0.6068
F3 E150 | Loss: 0.4226 | Tr Acc: 0.7986 | Te Acc: 0.5873 | Te AUC: 0.6051 | Te F1: 0.5869
  Epoch 155, Grad Norm: 0.6420
F3 E155 | Loss: 0.4206 | Tr Acc: 0.7594 | Te Acc: 0.5714 | Te AUC: 0.6253 | Te F1: 0.5513
  Epoch 160, Grad Norm: 0.6191
F3 E160 | Loss: 0.4118 | Tr Acc: 0.8021 | Te Acc: 0.5714 | Te AUC: 0.6182 | Te F1: 0.5684
  Epoch 165, Grad Norm: 0.6825
F3 E165 | Loss: 0.4191 | Tr Acc: 0.8235 | Te Acc: 0.6032 | Te AUC: 0.6192 | Te F1: 0.6022
  Epoch 170, Grad Norm: 0.7096
F3 E170 | Loss: 0.3979 | Tr Acc: 0.7166 | Te Acc: 0.5397 | Te AUC: 0.6394 | Te F1: 0.4958
  Epoch 175, Grad Norm: 0.7068
F3 E175 | Loss: 0.4028 | Tr Acc: 0.7166 | Te Acc: 0.5556 | Te AUC: 0.6141 | Te F1: 0.5145
  Epoch 180, Grad Norm: 0.5840
F3 E180 | Loss: 0.3912 | Tr Acc: 0.8342 | Te Acc: 0.6190 | Te AUC: 0.6737 | Te F1: 0.6152
  Epoch 185, Grad Norm: 0.6236
F3 E185 | Loss: 0.3831 | Tr Acc: 0.7701 | Te Acc: 0.5556 | Te AUC: 0.6283 | Te F1: 0.5454
  Epoch 190, Grad Norm: 0.8047
F3 E190 | Loss: 0.3773 | Tr Acc: 0.8342 | Te Acc: 0.5714 | Te AUC: 0.6343 | Te F1: 0.5695
  Epoch 195, Grad Norm: 0.6975
F3 E195 | Loss: 0.3800 | Tr Acc: 0.6488 | Te Acc: 0.4921 | Te AUC: 0.5919 | Te F1: 0.4038
  Epoch 200, Grad Norm: 0.5958
F3 E200 | Loss: 0.3730 | Tr Acc: 0.8610 | Te Acc: 0.5556 | Te AUC: 0.6273 | Te F1: 0.5556
Fold 3 - Training finished. Best Test Accuracy: 0.6190, AUC: 0.7323
Fold 3 elapsed time: 205.07 seconds.

--- Fold 4/10 ---
Calculating max TS length for Positional Encoding (624 subjects)...
Determined max TS length 295 from 624 valid files for Positional Encoding.
Fold 4 using dynamic max length (up to 295 for PE).
Loading time series for 624 subjects in fold...
No truncation active. Will pad to max length found in this fold's successful loads.
Padding to max length found in fold: 295
Padding 624 time series to final length: 295
Proceeding with 624 subjects for Fold 4 model training/evaluation.
Phenotype encoder created.
Generating initial embeddings for graph construction (Batch Size: 32)...
Initial embeddings generated.
Building k-NN graph (k=20)...
Graph built with 624 nodes and 12480 edges.
Starting training for Fold 4... Train samples: 561, Test samples: 63
  Epoch 1, Grad Norm: 0.4963
F4 E001 | Loss: 0.7034 | Tr Acc: 0.5152 | Te Acc: 0.5238 | Te AUC: 0.5626 | Te F1: 0.3601
F4 E002 | Loss: 0.6912 | Tr Acc: 0.5152 | Te Acc: 0.5238 | Te AUC: 0.5667 | Te F1: 0.3601
F4 E003 | Loss: 0.6914 | Tr Acc: 0.5152 | Te Acc: 0.5238 | Te AUC: 0.5646 | Te F1: 0.3601
F4 E004 | Loss: 0.6717 | Tr Acc: 0.5152 | Te Acc: 0.5238 | Te AUC: 0.5737 | Te F1: 0.3601
  Epoch 5, Grad Norm: 0.4273
F4 E005 | Loss: 0.6889 | Tr Acc: 0.5152 | Te Acc: 0.5238 | Te AUC: 0.5838 | Te F1: 0.3601
F4 E006 | Loss: 0.6714 | Tr Acc: 0.5152 | Te Acc: 0.5238 | Te AUC: 0.5980 | Te F1: 0.3601
F4 E007 | Loss: 0.6730 | Tr Acc: 0.5152 | Te Acc: 0.5238 | Te AUC: 0.6030 | Te F1: 0.3601
F4 E008 | Loss: 0.6627 | Tr Acc: 0.5258 | Te Acc: 0.5238 | Te AUC: 0.5929 | Te F1: 0.3601
F4 E009 | Loss: 0.6596 | Tr Acc: 0.5668 | Te Acc: 0.6032 | Te AUC: 0.5929 | Te F1: 0.5160
  Epoch 10, Grad Norm: 0.3388
F4 E010 | Loss: 0.6577 | Tr Acc: 0.5811 | Te Acc: 0.5556 | Te AUC: 0.6000 | Te F1: 0.5544
F4 E011 | Loss: 0.6528 | Tr Acc: 0.5936 | Te Acc: 0.5556 | Te AUC: 0.6071 | Te F1: 0.5145
F4 E012 | Loss: 0.6493 | Tr Acc: 0.5490 | Te Acc: 0.5238 | Te AUC: 0.6071 | Te F1: 0.4558
F4 E013 | Loss: 0.6361 | Tr Acc: 0.5187 | Te Acc: 0.5238 | Te AUC: 0.6071 | Te F1: 0.4048
F4 E014 | Loss: 0.6442 | Tr Acc: 0.5134 | Te Acc: 0.4921 | Te AUC: 0.6131 | Te F1: 0.3414
  Epoch 15, Grad Norm: 0.3347
F4 E015 | Loss: 0.6483 | Tr Acc: 0.5080 | Te Acc: 0.4921 | Te AUC: 0.6192 | Te F1: 0.3414
F4 E016 | Loss: 0.6411 | Tr Acc: 0.5045 | Te Acc: 0.4921 | Te AUC: 0.6283 | Te F1: 0.3414
F4 E017 | Loss: 0.6457 | Tr Acc: 0.4973 | Te Acc: 0.4921 | Te AUC: 0.6273 | Te F1: 0.3414
F4 E018 | Loss: 0.6410 | Tr Acc: 0.4973 | Te Acc: 0.4762 | Te AUC: 0.6172 | Te F1: 0.3072
F4 E019 | Loss: 0.6274 | Tr Acc: 0.4955 | Te Acc: 0.4762 | Te AUC: 0.6051 | Te F1: 0.3072
  Epoch 20, Grad Norm: 0.3356
F4 E020 | Loss: 0.6345 | Tr Acc: 0.4955 | Te Acc: 0.4762 | Te AUC: 0.6020 | Te F1: 0.3072
F4 E021 | Loss: 0.6372 | Tr Acc: 0.4955 | Te Acc: 0.4762 | Te AUC: 0.6030 | Te F1: 0.3072
F4 E022 | Loss: 0.6340 | Tr Acc: 0.4991 | Te Acc: 0.4762 | Te AUC: 0.6040 | Te F1: 0.3072
F4 E023 | Loss: 0.6321 | Tr Acc: 0.5027 | Te Acc: 0.4762 | Te AUC: 0.6010 | Te F1: 0.3072
F4 E024 | Loss: 0.6277 | Tr Acc: 0.5027 | Te Acc: 0.4762 | Te AUC: 0.6081 | Te F1: 0.3072
  Epoch 25, Grad Norm: 0.3450
F4 E025 | Loss: 0.6189 | Tr Acc: 0.5027 | Te Acc: 0.4921 | Te AUC: 0.6091 | Te F1: 0.3414
F4 E026 | Loss: 0.6178 | Tr Acc: 0.5062 | Te Acc: 0.4921 | Te AUC: 0.5980 | Te F1: 0.3414
F4 E027 | Loss: 0.6101 | Tr Acc: 0.5134 | Te Acc: 0.4762 | Te AUC: 0.5939 | Te F1: 0.3334
F4 E028 | Loss: 0.6208 | Tr Acc: 0.5223 | Te Acc: 0.4444 | Te AUC: 0.5980 | Te F1: 0.3172
F4 E029 | Loss: 0.6115 | Tr Acc: 0.5615 | Te Acc: 0.4921 | Te AUC: 0.6091 | Te F1: 0.4038
  Epoch 30, Grad Norm: 0.3575
F4 E030 | Loss: 0.6120 | Tr Acc: 0.6203 | Te Acc: 0.5873 | Te AUC: 0.6040 | Te F1: 0.5647
F4 E031 | Loss: 0.5993 | Tr Acc: 0.6364 | Te Acc: 0.5556 | Te AUC: 0.5949 | Te F1: 0.5544
F4 E032 | Loss: 0.6102 | Tr Acc: 0.6025 | Te Acc: 0.5397 | Te AUC: 0.5919 | Te F1: 0.4845
  Learning rate reduced to 1.0e-04
F4 E033 | Loss: 0.6101 | Tr Acc: 0.5971 | Te Acc: 0.5556 | Te AUC: 0.6000 | Te F1: 0.4961
F4 E034 | Loss: 0.6049 | Tr Acc: 0.5971 | Te Acc: 0.5556 | Te AUC: 0.6061 | Te F1: 0.4961
  Epoch 35, Grad Norm: 0.3176
F4 E035 | Loss: 0.5987 | Tr Acc: 0.6025 | Te Acc: 0.5556 | Te AUC: 0.6101 | Te F1: 0.4961
F4 E036 | Loss: 0.5918 | Tr Acc: 0.6061 | Te Acc: 0.5873 | Te AUC: 0.6152 | Te F1: 0.5431
F4 E037 | Loss: 0.5908 | Tr Acc: 0.6168 | Te Acc: 0.6032 | Te AUC: 0.6141 | Te F1: 0.5809
F4 E038 | Loss: 0.6005 | Tr Acc: 0.6524 | Te Acc: 0.5397 | Te AUC: 0.6152 | Te F1: 0.5350
F4 E039 | Loss: 0.6011 | Tr Acc: 0.6578 | Te Acc: 0.6032 | Te AUC: 0.6232 | Te F1: 0.6028
  Epoch 40, Grad Norm: 0.3391
F4 E040 | Loss: 0.5988 | Tr Acc: 0.6560 | Te Acc: 0.5873 | Te AUC: 0.6303 | Te F1: 0.5831
F4 E041 | Loss: 0.6004 | Tr Acc: 0.6043 | Te Acc: 0.5556 | Te AUC: 0.6424 | Te F1: 0.5145
F4 E042 | Loss: 0.5939 | Tr Acc: 0.5686 | Te Acc: 0.4921 | Te AUC: 0.6485 | Te F1: 0.4038
F4 E043 | Loss: 0.5854 | Tr Acc: 0.5348 | Te Acc: 0.4603 | Te AUC: 0.6515 | Te F1: 0.3473
F4 E044 | Loss: 0.5971 | Tr Acc: 0.5205 | Te Acc: 0.4603 | Te AUC: 0.6424 | Te F1: 0.3254
  Epoch 45, Grad Norm: 0.3320
F4 E045 | Loss: 0.5884 | Tr Acc: 0.5116 | Te Acc: 0.4762 | Te AUC: 0.6424 | Te F1: 0.3334
F4 E046 | Loss: 0.5827 | Tr Acc: 0.5062 | Te Acc: 0.4762 | Te AUC: 0.6455 | Te F1: 0.3334
F4 E047 | Loss: 0.5803 | Tr Acc: 0.5062 | Te Acc: 0.4921 | Te AUC: 0.6475 | Te F1: 0.3414
F4 E048 | Loss: 0.5925 | Tr Acc: 0.5045 | Te Acc: 0.4921 | Te AUC: 0.6455 | Te F1: 0.3414
F4 E049 | Loss: 0.5821 | Tr Acc: 0.5045 | Te Acc: 0.4921 | Te AUC: 0.6465 | Te F1: 0.3414
  Epoch 50, Grad Norm: 0.3747
F4 E050 | Loss: 0.5708 | Tr Acc: 0.5045 | Te Acc: 0.4921 | Te AUC: 0.6414 | Te F1: 0.3414
  Epoch 55, Grad Norm: 0.3527
F4 E055 | Loss: 0.5811 | Tr Acc: 0.5954 | Te Acc: 0.5238 | Te AUC: 0.6323 | Te F1: 0.4558
  Epoch 60, Grad Norm: 0.3291
F4 E060 | Loss: 0.5630 | Tr Acc: 0.7094 | Te Acc: 0.5873 | Te AUC: 0.6172 | Te F1: 0.5869
  Epoch 65, Grad Norm: 0.3176
F4 E065 | Loss: 0.5619 | Tr Acc: 0.7059 | Te Acc: 0.6032 | Te AUC: 0.6172 | Te F1: 0.6014
  Epoch 70, Grad Norm: 0.3413
F4 E070 | Loss: 0.5546 | Tr Acc: 0.5936 | Te Acc: 0.5079 | Te AUC: 0.6333 | Te F1: 0.4445
  Epoch 75, Grad Norm: 0.5124
F4 E075 | Loss: 0.5517 | Tr Acc: 0.6898 | Te Acc: 0.5556 | Te AUC: 0.6111 | Te F1: 0.5476
  Epoch 80, Grad Norm: 0.4161
F4 E080 | Loss: 0.5420 | Tr Acc: 0.7344 | Te Acc: 0.5873 | Te AUC: 0.6081 | Te F1: 0.5869
  Epoch 85, Grad Norm: 0.3972
F4 E085 | Loss: 0.5302 | Tr Acc: 0.6542 | Te Acc: 0.5238 | Te AUC: 0.6162 | Te F1: 0.4895
  Epoch 90, Grad Norm: 0.3684
F4 E090 | Loss: 0.5150 | Tr Acc: 0.7041 | Te Acc: 0.5556 | Te AUC: 0.6101 | Te F1: 0.5454
  Epoch 95, Grad Norm: 0.4179
F4 E095 | Loss: 0.5228 | Tr Acc: 0.7629 | Te Acc: 0.6190 | Te AUC: 0.6273 | Te F1: 0.6190
  Learning rate reduced to 5.0e-05
  Epoch 100, Grad Norm: 0.3905
F4 E100 | Loss: 0.5127 | Tr Acc: 0.6185 | Te Acc: 0.4762 | Te AUC: 0.6394 | Te F1: 0.3935
  Epoch 105, Grad Norm: 0.4060
F4 E105 | Loss: 0.5157 | Tr Acc: 0.5348 | Te Acc: 0.4444 | Te AUC: 0.6343 | Te F1: 0.3172
  Epoch 110, Grad Norm: 0.3993
F4 E110 | Loss: 0.4971 | Tr Acc: 0.5936 | Te Acc: 0.4444 | Te AUC: 0.6323 | Te F1: 0.3383
  Epoch 115, Grad Norm: 0.6740
F4 E115 | Loss: 0.4894 | Tr Acc: 0.7201 | Te Acc: 0.5873 | Te AUC: 0.6131 | Te F1: 0.5732
  Epoch 120, Grad Norm: 0.4539
F4 E120 | Loss: 0.4916 | Tr Acc: 0.6631 | Te Acc: 0.5397 | Te AUC: 0.6020 | Te F1: 0.4845
  Epoch 125, Grad Norm: 0.4556
F4 E125 | Loss: 0.4792 | Tr Acc: 0.7879 | Te Acc: 0.6032 | Te AUC: 0.6152 | Te F1: 0.6032
  Epoch 130, Grad Norm: 0.3817
F4 E130 | Loss: 0.4808 | Tr Acc: 0.6239 | Te Acc: 0.4762 | Te AUC: 0.6303 | Te F1: 0.3935
  Epoch 135, Grad Norm: 0.4348
F4 E135 | Loss: 0.4773 | Tr Acc: 0.7576 | Te Acc: 0.5556 | Te AUC: 0.6212 | Te F1: 0.5476
  Epoch 140, Grad Norm: 0.5177
F4 E140 | Loss: 0.4713 | Tr Acc: 0.7344 | Te Acc: 0.5238 | Te AUC: 0.6000 | Te F1: 0.5075
  Epoch 145, Grad Norm: 0.4393
F4 E145 | Loss: 0.4696 | Tr Acc: 0.7950 | Te Acc: 0.5714 | Te AUC: 0.5859 | Te F1: 0.5695
  Epoch 150, Grad Norm: 0.4590
F4 E150 | Loss: 0.4628 | Tr Acc: 0.6845 | Te Acc: 0.5079 | Te AUC: 0.6141 | Te F1: 0.4569
  Epoch 155, Grad Norm: 0.5170
F4 E155 | Loss: 0.4631 | Tr Acc: 0.8164 | Te Acc: 0.6032 | Te AUC: 0.6061 | Te F1: 0.6032
  Epoch 160, Grad Norm: 0.4238
F4 E160 | Loss: 0.4337 | Tr Acc: 0.6952 | Te Acc: 0.5556 | Te AUC: 0.6030 | Te F1: 0.5181
  Epoch 165, Grad Norm: 0.3947
F4 E165 | Loss: 0.4450 | Tr Acc: 0.6275 | Te Acc: 0.4762 | Te AUC: 0.6162 | Te F1: 0.3935
Early stopping triggered at epoch 165 due to lack of improvement in Test AUC for 30 evaluation steps.
Fold 4 - Training finished. Best Test Accuracy: 0.4603, AUC: 0.6515
Fold 4 elapsed time: 173.27 seconds.

--- Fold 5/10 ---
Calculating max TS length for Positional Encoding (624 subjects)...
Determined max TS length 295 from 624 valid files for Positional Encoding.
Fold 5 using dynamic max length (up to 295 for PE).
Loading time series for 624 subjects in fold...
No truncation active. Will pad to max length found in this fold's successful loads.
Padding to max length found in fold: 295
Padding 624 time series to final length: 295
Proceeding with 624 subjects for Fold 5 model training/evaluation.
Phenotype encoder created.
Generating initial embeddings for graph construction (Batch Size: 32)...
Initial embeddings generated.
Building k-NN graph (k=20)...
Graph built with 624 nodes and 12480 edges.
Starting training for Fold 5... Train samples: 562, Test samples: 62
  Epoch 1, Grad Norm: 0.5899
F5 E001 | Loss: 0.7240 | Tr Acc: 0.5089 | Te Acc: 0.5000 | Te AUC: 0.4323 | Te F1: 0.3441
F5 E002 | Loss: 0.7061 | Tr Acc: 0.5160 | Te Acc: 0.5161 | Te AUC: 0.5042 | Te F1: 0.3514
F5 E003 | Loss: 0.6914 | Tr Acc: 0.5160 | Te Acc: 0.5161 | Te AUC: 0.5750 | Te F1: 0.3514
F5 E004 | Loss: 0.6876 | Tr Acc: 0.5160 | Te Acc: 0.5161 | Te AUC: 0.5771 | Te F1: 0.3514
  Epoch 5, Grad Norm: 0.4358
F5 E005 | Loss: 0.6836 | Tr Acc: 0.5160 | Te Acc: 0.5161 | Te AUC: 0.5927 | Te F1: 0.3514
F5 E006 | Loss: 0.6717 | Tr Acc: 0.5160 | Te Acc: 0.5161 | Te AUC: 0.5854 | Te F1: 0.3514
F5 E007 | Loss: 0.6659 | Tr Acc: 0.5160 | Te Acc: 0.5161 | Te AUC: 0.5552 | Te F1: 0.3514
F5 E008 | Loss: 0.6567 | Tr Acc: 0.5160 | Te Acc: 0.5161 | Te AUC: 0.5240 | Te F1: 0.3514
F5 E009 | Loss: 0.6642 | Tr Acc: 0.5160 | Te Acc: 0.5161 | Te AUC: 0.5063 | Te F1: 0.3514
  Epoch 10, Grad Norm: 0.3864
F5 E010 | Loss: 0.6610 | Tr Acc: 0.5160 | Te Acc: 0.5161 | Te AUC: 0.4917 | Te F1: 0.3514
F5 E011 | Loss: 0.6551 | Tr Acc: 0.5160 | Te Acc: 0.5161 | Te AUC: 0.4813 | Te F1: 0.3514
F5 E012 | Loss: 0.6575 | Tr Acc: 0.5178 | Te Acc: 0.5323 | Te AUC: 0.4802 | Te F1: 0.3864
F5 E013 | Loss: 0.6517 | Tr Acc: 0.5320 | Te Acc: 0.5323 | Te AUC: 0.4948 | Te F1: 0.4103
F5 E014 | Loss: 0.6392 | Tr Acc: 0.5480 | Te Acc: 0.5323 | Te AUC: 0.5146 | Te F1: 0.4309
  Epoch 15, Grad Norm: 0.3800
F5 E015 | Loss: 0.6499 | Tr Acc: 0.5765 | Te Acc: 0.5161 | Te AUC: 0.5448 | Te F1: 0.4208
F5 E016 | Loss: 0.6446 | Tr Acc: 0.6068 | Te Acc: 0.5806 | Te AUC: 0.5729 | Te F1: 0.5129
F5 E017 | Loss: 0.6494 | Tr Acc: 0.6281 | Te Acc: 0.5645 | Te AUC: 0.6104 | Te F1: 0.5241
F5 E018 | Loss: 0.6368 | Tr Acc: 0.6584 | Te Acc: 0.6290 | Te AUC: 0.6417 | Te F1: 0.6256
F5 E019 | Loss: 0.6378 | Tr Acc: 0.6103 | Te Acc: 0.5968 | Te AUC: 0.6698 | Te F1: 0.5901
  Epoch 20, Grad Norm: 0.3723
F5 E020 | Loss: 0.6219 | Tr Acc: 0.5498 | Te Acc: 0.5645 | Te AUC: 0.6781 | Te F1: 0.5146
F5 E021 | Loss: 0.6384 | Tr Acc: 0.5534 | Te Acc: 0.5645 | Te AUC: 0.6708 | Te F1: 0.5249
F5 E022 | Loss: 0.6270 | Tr Acc: 0.5623 | Te Acc: 0.5645 | Te AUC: 0.6531 | Te F1: 0.5338
F5 E023 | Loss: 0.6286 | Tr Acc: 0.5463 | Te Acc: 0.5484 | Te AUC: 0.6500 | Te F1: 0.5022
F5 E024 | Loss: 0.6191 | Tr Acc: 0.5445 | Te Acc: 0.5484 | Te AUC: 0.6500 | Te F1: 0.5022
  Epoch 25, Grad Norm: 0.4551
F5 E025 | Loss: 0.6240 | Tr Acc: 0.5605 | Te Acc: 0.5323 | Te AUC: 0.6417 | Te F1: 0.4898
F5 E026 | Loss: 0.6199 | Tr Acc: 0.6032 | Te Acc: 0.5323 | Te AUC: 0.6385 | Te F1: 0.5200
F5 E027 | Loss: 0.6162 | Tr Acc: 0.6352 | Te Acc: 0.5806 | Te AUC: 0.6385 | Te F1: 0.5806
F5 E028 | Loss: 0.6102 | Tr Acc: 0.6423 | Te Acc: 0.6452 | Te AUC: 0.6365 | Te F1: 0.6429
F5 E029 | Loss: 0.6015 | Tr Acc: 0.6495 | Te Acc: 0.5968 | Te AUC: 0.6177 | Te F1: 0.5750
  Epoch 30, Grad Norm: 0.3704
F5 E030 | Loss: 0.6094 | Tr Acc: 0.6370 | Te Acc: 0.5806 | Te AUC: 0.5958 | Te F1: 0.5368
F5 E031 | Loss: 0.6061 | Tr Acc: 0.6281 | Te Acc: 0.6129 | Te AUC: 0.5760 | Te F1: 0.5724
F5 E032 | Loss: 0.6093 | Tr Acc: 0.6477 | Te Acc: 0.5484 | Te AUC: 0.5802 | Te F1: 0.5276
F5 E033 | Loss: 0.5998 | Tr Acc: 0.6637 | Te Acc: 0.5806 | Te AUC: 0.5813 | Te F1: 0.5717
F5 E034 | Loss: 0.6096 | Tr Acc: 0.6779 | Te Acc: 0.5968 | Te AUC: 0.5812 | Te F1: 0.5931
  Epoch 35, Grad Norm: 0.3568
F5 E035 | Loss: 0.5944 | Tr Acc: 0.6815 | Te Acc: 0.5645 | Te AUC: 0.5750 | Te F1: 0.5628
F5 E036 | Loss: 0.5933 | Tr Acc: 0.6886 | Te Acc: 0.5968 | Te AUC: 0.5760 | Te F1: 0.5931
  Learning rate reduced to 1.0e-04
F5 E037 | Loss: 0.5966 | Tr Acc: 0.6922 | Te Acc: 0.5968 | Te AUC: 0.5823 | Te F1: 0.5900
F5 E038 | Loss: 0.5981 | Tr Acc: 0.6922 | Te Acc: 0.5968 | Te AUC: 0.5917 | Te F1: 0.5900
F5 E039 | Loss: 0.6054 | Tr Acc: 0.6957 | Te Acc: 0.5968 | Te AUC: 0.5927 | Te F1: 0.5900
  Epoch 40, Grad Norm: 0.3413
F5 E040 | Loss: 0.5926 | Tr Acc: 0.6904 | Te Acc: 0.5806 | Te AUC: 0.5917 | Te F1: 0.5717
F5 E041 | Loss: 0.5945 | Tr Acc: 0.6957 | Te Acc: 0.5806 | Te AUC: 0.5917 | Te F1: 0.5717
F5 E042 | Loss: 0.5927 | Tr Acc: 0.6993 | Te Acc: 0.5968 | Te AUC: 0.5969 | Te F1: 0.5900
F5 E043 | Loss: 0.5936 | Tr Acc: 0.6957 | Te Acc: 0.5968 | Te AUC: 0.6000 | Te F1: 0.5900
F5 E044 | Loss: 0.5867 | Tr Acc: 0.6975 | Te Acc: 0.5968 | Te AUC: 0.5979 | Te F1: 0.5931
  Epoch 45, Grad Norm: 0.3403
F5 E045 | Loss: 0.5782 | Tr Acc: 0.6904 | Te Acc: 0.5806 | Te AUC: 0.6010 | Te F1: 0.5798
F5 E046 | Loss: 0.5734 | Tr Acc: 0.6922 | Te Acc: 0.5968 | Te AUC: 0.6000 | Te F1: 0.5952
F5 E047 | Loss: 0.5789 | Tr Acc: 0.6851 | Te Acc: 0.5645 | Te AUC: 0.6042 | Te F1: 0.5646
F5 E048 | Loss: 0.5789 | Tr Acc: 0.6655 | Te Acc: 0.5645 | Te AUC: 0.6125 | Te F1: 0.5642
F5 E049 | Loss: 0.5760 | Tr Acc: 0.6512 | Te Acc: 0.5484 | Te AUC: 0.6219 | Te F1: 0.5456
  Epoch 50, Grad Norm: 0.3411
F5 E050 | Loss: 0.5800 | Tr Acc: 0.6263 | Te Acc: 0.5484 | Te AUC: 0.6385 | Te F1: 0.5339
Early stopping triggered at epoch 50 due to lack of improvement in Test AUC for 30 evaluation steps.
Fold 5 - Training finished. Best Test Accuracy: 0.5645, AUC: 0.6781
Fold 5 elapsed time: 71.43 seconds.

--- Fold 6/10 ---
Calculating max TS length for Positional Encoding (624 subjects)...
Determined max TS length 295 from 624 valid files for Positional Encoding.
Fold 6 using dynamic max length (up to 295 for PE).
Loading time series for 624 subjects in fold...
No truncation active. Will pad to max length found in this fold's successful loads.
Padding to max length found in fold: 295
Padding 624 time series to final length: 295
Proceeding with 624 subjects for Fold 6 model training/evaluation.
Phenotype encoder created.
Generating initial embeddings for graph construction (Batch Size: 32)...
Initial embeddings generated.
Building k-NN graph (k=20)...
Graph built with 624 nodes and 12480 edges.
Starting training for Fold 6... Train samples: 562, Test samples: 62
  Epoch 1, Grad Norm: 0.5792
F6 E001 | Loss: 0.7150 | Tr Acc: 0.5160 | Te Acc: 0.5161 | Te AUC: 0.6021 | Te F1: 0.3514
F6 E002 | Loss: 0.7044 | Tr Acc: 0.5178 | Te Acc: 0.5161 | Te AUC: 0.6281 | Te F1: 0.3514
F6 E003 | Loss: 0.6978 | Tr Acc: 0.5427 | Te Acc: 0.5645 | Te AUC: 0.6323 | Te F1: 0.4867
F6 E004 | Loss: 0.6783 | Tr Acc: 0.5730 | Te Acc: 0.6290 | Te AUC: 0.6312 | Te F1: 0.6229
  Epoch 5, Grad Norm: 0.4665
F6 E005 | Loss: 0.6877 | Tr Acc: 0.5285 | Te Acc: 0.5323 | Te AUC: 0.6240 | Te F1: 0.4787
F6 E006 | Loss: 0.6697 | Tr Acc: 0.5000 | Te Acc: 0.5161 | Te AUC: 0.6260 | Te F1: 0.4401
F6 E007 | Loss: 0.6818 | Tr Acc: 0.5214 | Te Acc: 0.5323 | Te AUC: 0.6292 | Te F1: 0.4659
F6 E008 | Loss: 0.6612 | Tr Acc: 0.5391 | Te Acc: 0.5806 | Te AUC: 0.6333 | Te F1: 0.5470
F6 E009 | Loss: 0.6578 | Tr Acc: 0.5783 | Te Acc: 0.6613 | Te AUC: 0.6354 | Te F1: 0.6483
  Epoch 10, Grad Norm: 0.3427
F6 E010 | Loss: 0.6565 | Tr Acc: 0.5925 | Te Acc: 0.6290 | Te AUC: 0.6323 | Te F1: 0.6276
F6 E011 | Loss: 0.6512 | Tr Acc: 0.5676 | Te Acc: 0.5806 | Te AUC: 0.6281 | Te F1: 0.5806
F6 E012 | Loss: 0.6444 | Tr Acc: 0.5836 | Te Acc: 0.5323 | Te AUC: 0.6271 | Te F1: 0.5198
F6 E013 | Loss: 0.6458 | Tr Acc: 0.5694 | Te Acc: 0.5484 | Te AUC: 0.6208 | Te F1: 0.5012
F6 E014 | Loss: 0.6566 | Tr Acc: 0.5658 | Te Acc: 0.5323 | Te AUC: 0.6135 | Te F1: 0.4774
  Epoch 15, Grad Norm: 0.3448
F6 E015 | Loss: 0.6430 | Tr Acc: 0.5623 | Te Acc: 0.5484 | Te AUC: 0.5969 | Te F1: 0.4409
F6 E016 | Loss: 0.6431 | Tr Acc: 0.5480 | Te Acc: 0.5484 | Te AUC: 0.5802 | Te F1: 0.4195
F6 E017 | Loss: 0.6350 | Tr Acc: 0.5445 | Te Acc: 0.5323 | Te AUC: 0.5594 | Te F1: 0.3864
F6 E018 | Loss: 0.6389 | Tr Acc: 0.5427 | Te Acc: 0.5323 | Te AUC: 0.5531 | Te F1: 0.3864
F6 E019 | Loss: 0.6472 | Tr Acc: 0.5409 | Te Acc: 0.5323 | Te AUC: 0.5479 | Te F1: 0.3864
  Epoch 20, Grad Norm: 0.3299
F6 E020 | Loss: 0.6338 | Tr Acc: 0.5427 | Te Acc: 0.5323 | Te AUC: 0.5375 | Te F1: 0.3864
F6 E021 | Loss: 0.6223 | Tr Acc: 0.5498 | Te Acc: 0.5323 | Te AUC: 0.5354 | Te F1: 0.4103
F6 E022 | Loss: 0.6183 | Tr Acc: 0.5694 | Te Acc: 0.5484 | Te AUC: 0.5542 | Te F1: 0.4409
F6 E023 | Loss: 0.6243 | Tr Acc: 0.5801 | Te Acc: 0.5484 | Te AUC: 0.5698 | Te F1: 0.4754
F6 E024 | Loss: 0.6293 | Tr Acc: 0.5890 | Te Acc: 0.5323 | Te AUC: 0.5729 | Te F1: 0.4889
  Epoch 25, Grad Norm: 0.3238
F6 E025 | Loss: 0.6079 | Tr Acc: 0.6548 | Te Acc: 0.5484 | Te AUC: 0.6021 | Te F1: 0.5456
  Learning rate reduced to 1.0e-04
F6 E026 | Loss: 0.6133 | Tr Acc: 0.6584 | Te Acc: 0.5645 | Te AUC: 0.6167 | Te F1: 0.5531
F6 E027 | Loss: 0.6160 | Tr Acc: 0.6423 | Te Acc: 0.5000 | Te AUC: 0.6021 | Te F1: 0.4546
F6 E028 | Loss: 0.6163 | Tr Acc: 0.6263 | Te Acc: 0.5161 | Te AUC: 0.5938 | Te F1: 0.4666
F6 E029 | Loss: 0.6173 | Tr Acc: 0.5836 | Te Acc: 0.5323 | Te AUC: 0.5885 | Te F1: 0.4659
  Epoch 30, Grad Norm: 0.3196
F6 E030 | Loss: 0.6241 | Tr Acc: 0.5979 | Te Acc: 0.5323 | Te AUC: 0.5802 | Te F1: 0.4787
F6 E031 | Loss: 0.6119 | Tr Acc: 0.6388 | Te Acc: 0.5484 | Te AUC: 0.5740 | Te F1: 0.5121
F6 E032 | Loss: 0.6150 | Tr Acc: 0.6601 | Te Acc: 0.5161 | Te AUC: 0.5625 | Te F1: 0.4942
F6 E033 | Loss: 0.6185 | Tr Acc: 0.6868 | Te Acc: 0.4839 | Te AUC: 0.5604 | Te F1: 0.4673
F6 E034 | Loss: 0.6126 | Tr Acc: 0.6815 | Te Acc: 0.5000 | Te AUC: 0.5542 | Te F1: 0.4980
  Epoch 35, Grad Norm: 0.3345
F6 E035 | Loss: 0.6139 | Tr Acc: 0.6566 | Te Acc: 0.5806 | Te AUC: 0.5510 | Te F1: 0.5798
F6 E036 | Loss: 0.6114 | Tr Acc: 0.6263 | Te Acc: 0.6129 | Te AUC: 0.5531 | Te F1: 0.6105
F6 E037 | Loss: 0.5999 | Tr Acc: 0.6299 | Te Acc: 0.5323 | Te AUC: 0.5531 | Te F1: 0.5198
F6 E038 | Loss: 0.6073 | Tr Acc: 0.6263 | Te Acc: 0.5161 | Te AUC: 0.5542 | Te F1: 0.5004
F6 E039 | Loss: 0.6087 | Tr Acc: 0.6210 | Te Acc: 0.5161 | Te AUC: 0.5521 | Te F1: 0.5004
Early stopping triggered at epoch 39 due to lack of improvement in Test AUC for 30 evaluation steps.
Fold 6 - Training finished. Best Test Accuracy: 0.6613, AUC: 0.6354
Fold 6 elapsed time: 57.98 seconds.

--- Fold 7/10 ---
Calculating max TS length for Positional Encoding (624 subjects)...
Determined max TS length 295 from 624 valid files for Positional Encoding.
Fold 7 using dynamic max length (up to 295 for PE).
Loading time series for 624 subjects in fold...
No truncation active. Will pad to max length found in this fold's successful loads.
Padding to max length found in fold: 295
Padding 624 time series to final length: 295
Proceeding with 624 subjects for Fold 7 model training/evaluation.
Phenotype encoder created.
Generating initial embeddings for graph construction (Batch Size: 32)...
Initial embeddings generated.
Building k-NN graph (k=20)...
Graph built with 624 nodes and 12480 edges.
Starting training for Fold 7... Train samples: 562, Test samples: 62
  Epoch 1, Grad Norm: 0.4981
F7 E001 | Loss: 0.7014 | Tr Acc: 0.5160 | Te Acc: 0.5161 | Te AUC: 0.4865 | Te F1: 0.3514
F7 E002 | Loss: 0.7033 | Tr Acc: 0.5160 | Te Acc: 0.5161 | Te AUC: 0.5323 | Te F1: 0.3514
F7 E003 | Loss: 0.6947 | Tr Acc: 0.5160 | Te Acc: 0.5161 | Te AUC: 0.5885 | Te F1: 0.3514
F7 E004 | Loss: 0.6852 | Tr Acc: 0.5160 | Te Acc: 0.5161 | Te AUC: 0.5917 | Te F1: 0.3514
  Epoch 5, Grad Norm: 0.4797
F7 E005 | Loss: 0.6891 | Tr Acc: 0.5160 | Te Acc: 0.5161 | Te AUC: 0.5844 | Te F1: 0.3514
F7 E006 | Loss: 0.6705 | Tr Acc: 0.5160 | Te Acc: 0.5161 | Te AUC: 0.5844 | Te F1: 0.3514
F7 E007 | Loss: 0.6699 | Tr Acc: 0.5160 | Te Acc: 0.5161 | Te AUC: 0.5625 | Te F1: 0.3514
F7 E008 | Loss: 0.6745 | Tr Acc: 0.5160 | Te Acc: 0.5161 | Te AUC: 0.5510 | Te F1: 0.3514
F7 E009 | Loss: 0.6687 | Tr Acc: 0.5160 | Te Acc: 0.5323 | Te AUC: 0.5708 | Te F1: 0.3864
  Epoch 10, Grad Norm: 0.4596
F7 E010 | Loss: 0.6709 | Tr Acc: 0.5160 | Te Acc: 0.5323 | Te AUC: 0.5729 | Te F1: 0.3864
F7 E011 | Loss: 0.6671 | Tr Acc: 0.5160 | Te Acc: 0.5323 | Te AUC: 0.5802 | Te F1: 0.3864
F7 E012 | Loss: 0.6787 | Tr Acc: 0.5160 | Te Acc: 0.5323 | Te AUC: 0.5740 | Te F1: 0.3864
F7 E013 | Loss: 0.6710 | Tr Acc: 0.5267 | Te Acc: 0.5323 | Te AUC: 0.5740 | Te F1: 0.3864
F7 E014 | Loss: 0.6611 | Tr Acc: 0.5374 | Te Acc: 0.5161 | Te AUC: 0.5708 | Te F1: 0.4010
  Epoch 15, Grad Norm: 0.4102
F7 E015 | Loss: 0.6388 | Tr Acc: 0.5463 | Te Acc: 0.5323 | Te AUC: 0.5802 | Te F1: 0.4487
F7 E016 | Loss: 0.6537 | Tr Acc: 0.5569 | Te Acc: 0.5323 | Te AUC: 0.5792 | Te F1: 0.4487
F7 E017 | Loss: 0.6616 | Tr Acc: 0.5552 | Te Acc: 0.5323 | Te AUC: 0.5667 | Te F1: 0.4487
F7 E018 | Loss: 0.6473 | Tr Acc: 0.5801 | Te Acc: 0.5484 | Te AUC: 0.5667 | Te F1: 0.5114
F7 E019 | Loss: 0.6454 | Tr Acc: 0.6228 | Te Acc: 0.5484 | Te AUC: 0.5573 | Te F1: 0.5427
  Epoch 20, Grad Norm: 0.5018
F7 E020 | Loss: 0.6520 | Tr Acc: 0.6085 | Te Acc: 0.5806 | Te AUC: 0.5500 | Te F1: 0.5545
  Learning rate reduced to 1.0e-04
F7 E021 | Loss: 0.6497 | Tr Acc: 0.5943 | Te Acc: 0.5323 | Te AUC: 0.5427 | Te F1: 0.4889
F7 E022 | Loss: 0.6445 | Tr Acc: 0.5765 | Te Acc: 0.5645 | Te AUC: 0.5437 | Te F1: 0.5011
F7 E023 | Loss: 0.6409 | Tr Acc: 0.5694 | Te Acc: 0.5645 | Te AUC: 0.5448 | Te F1: 0.5011
F7 E024 | Loss: 0.6318 | Tr Acc: 0.5676 | Te Acc: 0.5645 | Te AUC: 0.5458 | Te F1: 0.5011
  Epoch 25, Grad Norm: 0.4103
F7 E025 | Loss: 0.6267 | Tr Acc: 0.5694 | Te Acc: 0.5645 | Te AUC: 0.5479 | Te F1: 0.5011
F7 E026 | Loss: 0.6473 | Tr Acc: 0.5552 | Te Acc: 0.5484 | Te AUC: 0.5510 | Te F1: 0.4754
F7 E027 | Loss: 0.6313 | Tr Acc: 0.5552 | Te Acc: 0.5323 | Te AUC: 0.5542 | Te F1: 0.4487
F7 E028 | Loss: 0.6391 | Tr Acc: 0.5569 | Te Acc: 0.5323 | Te AUC: 0.5531 | Te F1: 0.4487
F7 E029 | Loss: 0.6268 | Tr Acc: 0.5569 | Te Acc: 0.5323 | Te AUC: 0.5604 | Te F1: 0.4487
  Epoch 30, Grad Norm: 0.4091
F7 E030 | Loss: 0.6251 | Tr Acc: 0.5569 | Te Acc: 0.5323 | Te AUC: 0.5656 | Te F1: 0.4487
F7 E031 | Loss: 0.6386 | Tr Acc: 0.5605 | Te Acc: 0.5323 | Te AUC: 0.5698 | Te F1: 0.4487
F7 E032 | Loss: 0.6270 | Tr Acc: 0.5641 | Te Acc: 0.5484 | Te AUC: 0.5635 | Te F1: 0.4754
F7 E033 | Loss: 0.6255 | Tr Acc: 0.5623 | Te Acc: 0.5484 | Te AUC: 0.5635 | Te F1: 0.4754
F7 E034 | Loss: 0.6252 | Tr Acc: 0.5658 | Te Acc: 0.5323 | Te AUC: 0.5635 | Te F1: 0.4487
Early stopping triggered at epoch 34 due to lack of improvement in Test AUC for 30 evaluation steps.
Fold 7 - Training finished. Best Test Accuracy: 0.5161, AUC: 0.5917
Fold 7 elapsed time: 51.65 seconds.

--- Fold 8/10 ---
Calculating max TS length for Positional Encoding (624 subjects)...
Determined max TS length 295 from 624 valid files for Positional Encoding.
Fold 8 using dynamic max length (up to 295 for PE).
Loading time series for 624 subjects in fold...
No truncation active. Will pad to max length found in this fold's successful loads.
Padding to max length found in fold: 295
Padding 624 time series to final length: 295
Proceeding with 624 subjects for Fold 8 model training/evaluation.
Phenotype encoder created.
Generating initial embeddings for graph construction (Batch Size: 32)...
Initial embeddings generated.
Building k-NN graph (k=20)...
Graph built with 624 nodes and 12480 edges.
Starting training for Fold 8... Train samples: 562, Test samples: 62
  Epoch 1, Grad Norm: 0.5392
F8 E001 | Loss: 0.6992 | Tr Acc: 0.5160 | Te Acc: 0.5161 | Te AUC: 0.5010 | Te F1: 0.3514
F8 E002 | Loss: 0.6896 | Tr Acc: 0.5178 | Te Acc: 0.5161 | Te AUC: 0.5344 | Te F1: 0.3514
F8 E003 | Loss: 0.6878 | Tr Acc: 0.5267 | Te Acc: 0.5161 | Te AUC: 0.5302 | Te F1: 0.3781
F8 E004 | Loss: 0.6823 | Tr Acc: 0.5569 | Te Acc: 0.4839 | Te AUC: 0.5250 | Te F1: 0.4005
  Epoch 5, Grad Norm: 0.3927
F8 E005 | Loss: 0.6701 | Tr Acc: 0.6032 | Te Acc: 0.5323 | Te AUC: 0.5208 | Te F1: 0.5280
F8 E006 | Loss: 0.6725 | Tr Acc: 0.4947 | Te Acc: 0.4516 | Te AUC: 0.5240 | Te F1: 0.3011
F8 E007 | Loss: 0.6735 | Tr Acc: 0.4858 | Te Acc: 0.4839 | Te AUC: 0.5250 | Te F1: 0.3156
F8 E008 | Loss: 0.6757 | Tr Acc: 0.4893 | Te Acc: 0.4839 | Te AUC: 0.5312 | Te F1: 0.3156
F8 E009 | Loss: 0.6557 | Tr Acc: 0.4893 | Te Acc: 0.4839 | Te AUC: 0.5292 | Te F1: 0.3156
  Epoch 10, Grad Norm: 0.3824
F8 E010 | Loss: 0.6623 | Tr Acc: 0.4893 | Te Acc: 0.4839 | Te AUC: 0.5229 | Te F1: 0.3156
F8 E011 | Loss: 0.6556 | Tr Acc: 0.4929 | Te Acc: 0.4839 | Te AUC: 0.5260 | Te F1: 0.3156
F8 E012 | Loss: 0.6557 | Tr Acc: 0.4982 | Te Acc: 0.4839 | Te AUC: 0.5250 | Te F1: 0.3422
F8 E013 | Loss: 0.6549 | Tr Acc: 0.5142 | Te Acc: 0.5000 | Te AUC: 0.5271 | Te F1: 0.4133
F8 E014 | Loss: 0.6566 | Tr Acc: 0.6281 | Te Acc: 0.5484 | Te AUC: 0.5323 | Te F1: 0.5339
  Epoch 15, Grad Norm: 0.3892
F8 E015 | Loss: 0.6650 | Tr Acc: 0.6014 | Te Acc: 0.5323 | Te AUC: 0.5458 | Te F1: 0.5279
F8 E016 | Loss: 0.6534 | Tr Acc: 0.6068 | Te Acc: 0.5000 | Te AUC: 0.5562 | Te F1: 0.4641
F8 E017 | Loss: 0.6485 | Tr Acc: 0.5765 | Te Acc: 0.5161 | Te AUC: 0.5698 | Te F1: 0.4528
F8 E018 | Loss: 0.6417 | Tr Acc: 0.5676 | Te Acc: 0.4839 | Te AUC: 0.5781 | Te F1: 0.4005
F8 E019 | Loss: 0.6409 | Tr Acc: 0.5641 | Te Acc: 0.5000 | Te AUC: 0.5896 | Te F1: 0.4107
  Epoch 20, Grad Norm: 0.3480
F8 E020 | Loss: 0.6415 | Tr Acc: 0.5694 | Te Acc: 0.5000 | Te AUC: 0.5896 | Te F1: 0.4107
F8 E021 | Loss: 0.6258 | Tr Acc: 0.5747 | Te Acc: 0.5161 | Te AUC: 0.5885 | Te F1: 0.4380
F8 E022 | Loss: 0.6575 | Tr Acc: 0.5907 | Te Acc: 0.5161 | Te AUC: 0.5833 | Te F1: 0.4656
F8 E023 | Loss: 0.6327 | Tr Acc: 0.6014 | Te Acc: 0.5000 | Te AUC: 0.5854 | Te F1: 0.4536
F8 E024 | Loss: 0.6382 | Tr Acc: 0.6032 | Te Acc: 0.5323 | Te AUC: 0.5938 | Te F1: 0.4987
  Epoch 25, Grad Norm: 0.3814
F8 E025 | Loss: 0.6426 | Tr Acc: 0.6032 | Te Acc: 0.5161 | Te AUC: 0.5938 | Te F1: 0.4765
F8 E026 | Loss: 0.6227 | Tr Acc: 0.5979 | Te Acc: 0.5161 | Te AUC: 0.6031 | Te F1: 0.4656
F8 E027 | Loss: 0.6307 | Tr Acc: 0.6068 | Te Acc: 0.5323 | Te AUC: 0.6010 | Te F1: 0.4889
F8 E028 | Loss: 0.6317 | Tr Acc: 0.6032 | Te Acc: 0.5161 | Te AUC: 0.6031 | Te F1: 0.4656
F8 E029 | Loss: 0.6330 | Tr Acc: 0.6085 | Te Acc: 0.5161 | Te AUC: 0.6073 | Te F1: 0.4656
  Epoch 30, Grad Norm: 0.3836
F8 E030 | Loss: 0.6243 | Tr Acc: 0.6121 | Te Acc: 0.5323 | Te AUC: 0.6115 | Te F1: 0.4889
F8 E031 | Loss: 0.6292 | Tr Acc: 0.6281 | Te Acc: 0.5484 | Te AUC: 0.5990 | Te F1: 0.5114
F8 E032 | Loss: 0.6267 | Tr Acc: 0.6548 | Te Acc: 0.5968 | Te AUC: 0.5802 | Te F1: 0.5900
F8 E033 | Loss: 0.6142 | Tr Acc: 0.6548 | Te Acc: 0.6129 | Te AUC: 0.5708 | Te F1: 0.6105
F8 E034 | Loss: 0.6241 | Tr Acc: 0.6690 | Te Acc: 0.5806 | Te AUC: 0.5531 | Te F1: 0.5780
  Epoch 35, Grad Norm: 0.3249
F8 E035 | Loss: 0.6078 | Tr Acc: 0.6637 | Te Acc: 0.5645 | Te AUC: 0.5458 | Te F1: 0.5573
F8 E036 | Loss: 0.6221 | Tr Acc: 0.6441 | Te Acc: 0.5484 | Te AUC: 0.5437 | Te F1: 0.5339
F8 E037 | Loss: 0.6080 | Tr Acc: 0.6370 | Te Acc: 0.5161 | Te AUC: 0.5312 | Te F1: 0.4864
F8 E038 | Loss: 0.6049 | Tr Acc: 0.6441 | Te Acc: 0.5161 | Te AUC: 0.5396 | Te F1: 0.4864
F8 E039 | Loss: 0.6111 | Tr Acc: 0.6673 | Te Acc: 0.5806 | Te AUC: 0.5510 | Te F1: 0.5798
  Epoch 40, Grad Norm: 0.3635
F8 E040 | Loss: 0.6052 | Tr Acc: 0.6246 | Te Acc: 0.5645 | Te AUC: 0.5833 | Te F1: 0.5411
F8 E041 | Loss: 0.6070 | Tr Acc: 0.5890 | Te Acc: 0.5161 | Te AUC: 0.5833 | Te F1: 0.4528
F8 E042 | Loss: 0.6029 | Tr Acc: 0.5694 | Te Acc: 0.5000 | Te AUC: 0.5698 | Te F1: 0.4107
F8 E043 | Loss: 0.6023 | Tr Acc: 0.5658 | Te Acc: 0.5000 | Te AUC: 0.5823 | Te F1: 0.4107
F8 E044 | Loss: 0.5948 | Tr Acc: 0.5872 | Te Acc: 0.5161 | Te AUC: 0.5844 | Te F1: 0.4528
  Epoch 45, Grad Norm: 0.3619
F8 E045 | Loss: 0.5932 | Tr Acc: 0.6388 | Te Acc: 0.5645 | Te AUC: 0.5844 | Te F1: 0.5411
F8 E046 | Loss: 0.5916 | Tr Acc: 0.6762 | Te Acc: 0.6290 | Te AUC: 0.5781 | Te F1: 0.6256
  Learning rate reduced to 1.0e-04
F8 E047 | Loss: 0.5841 | Tr Acc: 0.6833 | Te Acc: 0.6290 | Te AUC: 0.5719 | Te F1: 0.6287
F8 E048 | Loss: 0.5951 | Tr Acc: 0.6940 | Te Acc: 0.6290 | Te AUC: 0.5698 | Te F1: 0.6287
F8 E049 | Loss: 0.5780 | Tr Acc: 0.6886 | Te Acc: 0.5806 | Te AUC: 0.5719 | Te F1: 0.5780
  Epoch 50, Grad Norm: 0.3756
F8 E050 | Loss: 0.5802 | Tr Acc: 0.6762 | Te Acc: 0.5806 | Te AUC: 0.5656 | Te F1: 0.5780
  Epoch 55, Grad Norm: 0.3436
F8 E055 | Loss: 0.5747 | Tr Acc: 0.5747 | Te Acc: 0.4839 | Te AUC: 0.5156 | Te F1: 0.4028
  Epoch 60, Grad Norm: 0.4005
F8 E060 | Loss: 0.5761 | Tr Acc: 0.6228 | Te Acc: 0.4839 | Te AUC: 0.5156 | Te F1: 0.4179
  Epoch 65, Grad Norm: 0.3465
F8 E065 | Loss: 0.5631 | Tr Acc: 0.5569 | Te Acc: 0.4839 | Te AUC: 0.4979 | Te F1: 0.3653
  Epoch 70, Grad Norm: 0.8325
F8 E070 | Loss: 0.5611 | Tr Acc: 0.6441 | Te Acc: 0.5000 | Te AUC: 0.5156 | Te F1: 0.4427
  Epoch 75, Grad Norm: 0.5059
F8 E075 | Loss: 0.5496 | Tr Acc: 0.5320 | Te Acc: 0.4839 | Te AUC: 0.4875 | Te F1: 0.3422
  Epoch 80, Grad Norm: 0.4173
F8 E080 | Loss: 0.5404 | Tr Acc: 0.6957 | Te Acc: 0.5161 | Te AUC: 0.5135 | Te F1: 0.4864
  Epoch 85, Grad Norm: 1.0093
F8 E085 | Loss: 0.5321 | Tr Acc: 0.6566 | Te Acc: 0.5161 | Te AUC: 0.5656 | Te F1: 0.4859
  Epoch 90, Grad Norm: 0.5713
F8 E090 | Loss: 0.5308 | Tr Acc: 0.7349 | Te Acc: 0.5645 | Te AUC: 0.5302 | Te F1: 0.5414
  Epoch 95, Grad Norm: 0.6937
F8 E095 | Loss: 0.5288 | Tr Acc: 0.5409 | Te Acc: 0.4839 | Te AUC: 0.4719 | Te F1: 0.3422
  Epoch 100, Grad Norm: 1.5184
F8 E100 | Loss: 0.5035 | Tr Acc: 0.7171 | Te Acc: 0.5806 | Te AUC: 0.5240 | Te F1: 0.5806
Early stopping triggered at epoch 100 due to lack of improvement in Test AUC for 30 evaluation steps.
Fold 8 - Training finished. Best Test Accuracy: 0.5323, AUC: 0.6115
Fold 8 elapsed time: 116.20 seconds.

--- Fold 9/10 ---
Calculating max TS length for Positional Encoding (624 subjects)...
Determined max TS length 295 from 624 valid files for Positional Encoding.
Fold 9 using dynamic max length (up to 295 for PE).
Loading time series for 624 subjects in fold...
No truncation active. Will pad to max length found in this fold's successful loads.
Padding to max length found in fold: 295
Padding 624 time series to final length: 295
Proceeding with 624 subjects for Fold 9 model training/evaluation.
Phenotype encoder created.
Generating initial embeddings for graph construction (Batch Size: 32)...
Initial embeddings generated.
Building k-NN graph (k=20)...
Graph built with 624 nodes and 12480 edges.
Starting training for Fold 9... Train samples: 562, Test samples: 62
  Epoch 1, Grad Norm: 0.4940
F9 E001 | Loss: 0.6913 | Tr Acc: 0.4840 | Te Acc: 0.4839 | Te AUC: 0.5563 | Te F1: 0.3156
F9 E002 | Loss: 0.6966 | Tr Acc: 0.4840 | Te Acc: 0.4839 | Te AUC: 0.6365 | Te F1: 0.3156
F9 E003 | Loss: 0.6936 | Tr Acc: 0.4858 | Te Acc: 0.4839 | Te AUC: 0.6729 | Te F1: 0.3156
F9 E004 | Loss: 0.6800 | Tr Acc: 0.4840 | Te Acc: 0.4839 | Te AUC: 0.6958 | Te F1: 0.3156
  Epoch 5, Grad Norm: 0.4448
F9 E005 | Loss: 0.6923 | Tr Acc: 0.4858 | Te Acc: 0.4839 | Te AUC: 0.7021 | Te F1: 0.3156
F9 E006 | Loss: 0.6917 | Tr Acc: 0.4911 | Te Acc: 0.4839 | Te AUC: 0.7177 | Te F1: 0.3156
F9 E007 | Loss: 0.6872 | Tr Acc: 0.4964 | Te Acc: 0.4839 | Te AUC: 0.7292 | Te F1: 0.3156
F9 E008 | Loss: 0.6711 | Tr Acc: 0.5071 | Te Acc: 0.5000 | Te AUC: 0.7375 | Te F1: 0.3503
F9 E009 | Loss: 0.6672 | Tr Acc: 0.5142 | Te Acc: 0.5000 | Te AUC: 0.7365 | Te F1: 0.3503
  Epoch 10, Grad Norm: 0.4050
F9 E010 | Loss: 0.6737 | Tr Acc: 0.5107 | Te Acc: 0.5161 | Te AUC: 0.7552 | Te F1: 0.3833
F9 E011 | Loss: 0.6615 | Tr Acc: 0.5125 | Te Acc: 0.5645 | Te AUC: 0.7542 | Te F1: 0.5146
F9 E012 | Loss: 0.6777 | Tr Acc: 0.5285 | Te Acc: 0.5968 | Te AUC: 0.7583 | Te F1: 0.5601
F9 E013 | Loss: 0.6631 | Tr Acc: 0.5907 | Te Acc: 0.6774 | Te AUC: 0.7427 | Te F1: 0.6767
F9 E014 | Loss: 0.6567 | Tr Acc: 0.5943 | Te Acc: 0.6774 | Te AUC: 0.7302 | Te F1: 0.6626
  Epoch 15, Grad Norm: 0.4097
F9 E015 | Loss: 0.6671 | Tr Acc: 0.6032 | Te Acc: 0.6774 | Te AUC: 0.7323 | Te F1: 0.6705
F9 E016 | Loss: 0.6696 | Tr Acc: 0.6121 | Te Acc: 0.6613 | Te AUC: 0.7292 | Te F1: 0.6523
F9 E017 | Loss: 0.6677 | Tr Acc: 0.5907 | Te Acc: 0.6613 | Te AUC: 0.7229 | Te F1: 0.6299
F9 E018 | Loss: 0.6711 | Tr Acc: 0.5925 | Te Acc: 0.6613 | Te AUC: 0.7219 | Te F1: 0.6216
F9 E019 | Loss: 0.6595 | Tr Acc: 0.5819 | Te Acc: 0.5968 | Te AUC: 0.7083 | Te F1: 0.5247
  Epoch 20, Grad Norm: 0.3999
F9 E020 | Loss: 0.6505 | Tr Acc: 0.5676 | Te Acc: 0.6129 | Te AUC: 0.7021 | Te F1: 0.5367
F9 E021 | Loss: 0.6499 | Tr Acc: 0.5552 | Te Acc: 0.5968 | Te AUC: 0.6865 | Te F1: 0.5094
F9 E022 | Loss: 0.6432 | Tr Acc: 0.5516 | Te Acc: 0.5968 | Te AUC: 0.6937 | Te F1: 0.5094
F9 E023 | Loss: 0.6513 | Tr Acc: 0.5587 | Te Acc: 0.5968 | Te AUC: 0.6979 | Te F1: 0.5094
F9 E024 | Loss: 0.6428 | Tr Acc: 0.5587 | Te Acc: 0.5968 | Te AUC: 0.6937 | Te F1: 0.5094
  Epoch 25, Grad Norm: 0.4292
F9 E025 | Loss: 0.6472 | Tr Acc: 0.5534 | Te Acc: 0.5968 | Te AUC: 0.6937 | Te F1: 0.5094
F9 E026 | Loss: 0.6322 | Tr Acc: 0.5480 | Te Acc: 0.5484 | Te AUC: 0.6958 | Te F1: 0.4195
F9 E027 | Loss: 0.6314 | Tr Acc: 0.5605 | Te Acc: 0.5968 | Te AUC: 0.7000 | Te F1: 0.5094
F9 E028 | Loss: 0.6446 | Tr Acc: 0.5801 | Te Acc: 0.6129 | Te AUC: 0.6927 | Te F1: 0.5367
  Learning rate reduced to 1.0e-04
F9 E029 | Loss: 0.6300 | Tr Acc: 0.5907 | Te Acc: 0.5968 | Te AUC: 0.6906 | Te F1: 0.5380
  Epoch 30, Grad Norm: 0.3947
F9 E030 | Loss: 0.6363 | Tr Acc: 0.5996 | Te Acc: 0.5968 | Te AUC: 0.6865 | Te F1: 0.5380
F9 E031 | Loss: 0.6443 | Tr Acc: 0.6032 | Te Acc: 0.5968 | Te AUC: 0.6833 | Te F1: 0.5380
F9 E032 | Loss: 0.6420 | Tr Acc: 0.6032 | Te Acc: 0.6452 | Te AUC: 0.6854 | Te F1: 0.6081
F9 E033 | Loss: 0.6238 | Tr Acc: 0.6246 | Te Acc: 0.6290 | Te AUC: 0.6844 | Te F1: 0.5946
F9 E034 | Loss: 0.6351 | Tr Acc: 0.6246 | Te Acc: 0.5806 | Te AUC: 0.6906 | Te F1: 0.5545
  Epoch 35, Grad Norm: 0.3767
F9 E035 | Loss: 0.6205 | Tr Acc: 0.6281 | Te Acc: 0.6129 | Te AUC: 0.6875 | Te F1: 0.5951
F9 E036 | Loss: 0.6286 | Tr Acc: 0.6299 | Te Acc: 0.6290 | Te AUC: 0.6917 | Te F1: 0.6192
F9 E037 | Loss: 0.6288 | Tr Acc: 0.6299 | Te Acc: 0.6290 | Te AUC: 0.6906 | Te F1: 0.6146
F9 E038 | Loss: 0.6224 | Tr Acc: 0.6370 | Te Acc: 0.6935 | Te AUC: 0.6969 | Te F1: 0.6884
F9 E039 | Loss: 0.6212 | Tr Acc: 0.6441 | Te Acc: 0.6290 | Te AUC: 0.7000 | Te F1: 0.6276
  Epoch 40, Grad Norm: 0.3755
F9 E040 | Loss: 0.6249 | Tr Acc: 0.6370 | Te Acc: 0.5968 | Te AUC: 0.7010 | Te F1: 0.5965
F9 E041 | Loss: 0.6198 | Tr Acc: 0.6103 | Te Acc: 0.6129 | Te AUC: 0.6813 | Te F1: 0.6005
F9 E042 | Loss: 0.6208 | Tr Acc: 0.5943 | Te Acc: 0.5484 | Te AUC: 0.6760 | Te F1: 0.5022
Early stopping triggered at epoch 42 due to lack of improvement in Test AUC for 30 evaluation steps.
Fold 9 - Training finished. Best Test Accuracy: 0.5968, AUC: 0.7583
Fold 9 elapsed time: 61.31 seconds.

--- Fold 10/10 ---
Calculating max TS length for Positional Encoding (624 subjects)...
Determined max TS length 295 from 624 valid files for Positional Encoding.
Fold 10 using dynamic max length (up to 295 for PE).
Loading time series for 624 subjects in fold...
No truncation active. Will pad to max length found in this fold's successful loads.
Padding to max length found in fold: 295
Padding 624 time series to final length: 295
Proceeding with 624 subjects for Fold 10 model training/evaluation.
Phenotype encoder created.
Generating initial embeddings for graph construction (Batch Size: 32)...
Initial embeddings generated.
Building k-NN graph (k=20)...
Graph built with 624 nodes and 12480 edges.
Starting training for Fold 10... Train samples: 562, Test samples: 62
  Epoch 1, Grad Norm: 0.4839
F10 E001 | Loss: 0.7091 | Tr Acc: 0.4840 | Te Acc: 0.4839 | Te AUC: 0.6385 | Te F1: 0.3156
F10 E002 | Loss: 0.6948 | Tr Acc: 0.4840 | Te Acc: 0.4839 | Te AUC: 0.6479 | Te F1: 0.3156
F10 E003 | Loss: 0.6857 | Tr Acc: 0.4875 | Te Acc: 0.4839 | Te AUC: 0.6406 | Te F1: 0.3156
F10 E004 | Loss: 0.6768 | Tr Acc: 0.4929 | Te Acc: 0.4677 | Te AUC: 0.6417 | Te F1: 0.3084
  Epoch 5, Grad Norm: 0.4010
F10 E005 | Loss: 0.6795 | Tr Acc: 0.5053 | Te Acc: 0.5000 | Te AUC: 0.6333 | Te F1: 0.4133
F10 E006 | Loss: 0.6745 | Tr Acc: 0.5178 | Te Acc: 0.5161 | Te AUC: 0.6365 | Te F1: 0.4543
F10 E007 | Loss: 0.6625 | Tr Acc: 0.5142 | Te Acc: 0.5161 | Te AUC: 0.6365 | Te F1: 0.4401
F10 E008 | Loss: 0.6711 | Tr Acc: 0.5267 | Te Acc: 0.5161 | Te AUC: 0.6312 | Te F1: 0.4237
F10 E009 | Loss: 0.6675 | Tr Acc: 0.5694 | Te Acc: 0.6129 | Te AUC: 0.6344 | Te F1: 0.6005
  Epoch 10, Grad Norm: 0.3778
F10 E010 | Loss: 0.6584 | Tr Acc: 0.6085 | Te Acc: 0.5968 | Te AUC: 0.6406 | Te F1: 0.5952
F10 E011 | Loss: 0.6549 | Tr Acc: 0.6103 | Te Acc: 0.6290 | Te AUC: 0.6490 | Te F1: 0.6146
F10 E012 | Loss: 0.6674 | Tr Acc: 0.5943 | Te Acc: 0.5645 | Te AUC: 0.6333 | Te F1: 0.5135
F10 E013 | Loss: 0.6510 | Tr Acc: 0.6014 | Te Acc: 0.5806 | Te AUC: 0.6354 | Te F1: 0.5368
F10 E014 | Loss: 0.6516 | Tr Acc: 0.6103 | Te Acc: 0.5968 | Te AUC: 0.6271 | Te F1: 0.5679
  Epoch 15, Grad Norm: 0.3567
F10 E015 | Loss: 0.6527 | Tr Acc: 0.6335 | Te Acc: 0.5806 | Te AUC: 0.6521 | Te F1: 0.5798
F10 E016 | Loss: 0.6442 | Tr Acc: 0.5961 | Te Acc: 0.5968 | Te AUC: 0.6510 | Te F1: 0.5684
F10 E017 | Loss: 0.6520 | Tr Acc: 0.5694 | Te Acc: 0.5484 | Te AUC: 0.6542 | Te F1: 0.4907
F10 E018 | Loss: 0.6451 | Tr Acc: 0.5765 | Te Acc: 0.5645 | Te AUC: 0.6625 | Te F1: 0.5146
F10 E019 | Loss: 0.6424 | Tr Acc: 0.5836 | Te Acc: 0.5968 | Te AUC: 0.6708 | Te F1: 0.5601
  Epoch 20, Grad Norm: 0.3364
F10 E020 | Loss: 0.6335 | Tr Acc: 0.5996 | Te Acc: 0.6452 | Te AUC: 0.6615 | Te F1: 0.6234
F10 E021 | Loss: 0.6354 | Tr Acc: 0.6548 | Te Acc: 0.6129 | Te AUC: 0.6583 | Te F1: 0.6080
F10 E022 | Loss: 0.6274 | Tr Acc: 0.6352 | Te Acc: 0.5484 | Te AUC: 0.6417 | Te F1: 0.5114
F10 E023 | Loss: 0.6183 | Tr Acc: 0.6352 | Te Acc: 0.5806 | Te AUC: 0.6281 | Te F1: 0.5368
F10 E024 | Loss: 0.6196 | Tr Acc: 0.6299 | Te Acc: 0.5645 | Te AUC: 0.6198 | Te F1: 0.5135
  Epoch 25, Grad Norm: 0.3696
F10 E025 | Loss: 0.6166 | Tr Acc: 0.6601 | Te Acc: 0.5323 | Te AUC: 0.6073 | Te F1: 0.4987
F10 E026 | Loss: 0.6157 | Tr Acc: 0.6584 | Te Acc: 0.5806 | Te AUC: 0.6052 | Te F1: 0.5798
F10 E027 | Loss: 0.6128 | Tr Acc: 0.6477 | Te Acc: 0.5806 | Te AUC: 0.6000 | Te F1: 0.5798
F10 E028 | Loss: 0.6181 | Tr Acc: 0.6050 | Te Acc: 0.5645 | Te AUC: 0.5969 | Te F1: 0.5146
F10 E029 | Loss: 0.6065 | Tr Acc: 0.5445 | Te Acc: 0.5161 | Te AUC: 0.6063 | Te F1: 0.4237
  Epoch 30, Grad Norm: 0.3985
F10 E030 | Loss: 0.5992 | Tr Acc: 0.5925 | Te Acc: 0.5645 | Te AUC: 0.6125 | Te F1: 0.5146
F10 E031 | Loss: 0.5998 | Tr Acc: 0.6459 | Te Acc: 0.5806 | Te AUC: 0.6271 | Te F1: 0.5798
F10 E032 | Loss: 0.6066 | Tr Acc: 0.6690 | Te Acc: 0.5323 | Te AUC: 0.6292 | Te F1: 0.5244
F10 E033 | Loss: 0.5996 | Tr Acc: 0.6459 | Te Acc: 0.5645 | Te AUC: 0.6219 | Te F1: 0.5135
F10 E034 | Loss: 0.5805 | Tr Acc: 0.6388 | Te Acc: 0.5484 | Te AUC: 0.6219 | Te F1: 0.4892
  Epoch 35, Grad Norm: 0.3679
F10 E035 | Loss: 0.5915 | Tr Acc: 0.6352 | Te Acc: 0.5323 | Te AUC: 0.6135 | Te F1: 0.4641
  Learning rate reduced to 1.0e-04
F10 E036 | Loss: 0.5834 | Tr Acc: 0.6370 | Te Acc: 0.5161 | Te AUC: 0.6063 | Te F1: 0.4528
F10 E037 | Loss: 0.5833 | Tr Acc: 0.6441 | Te Acc: 0.5161 | Te AUC: 0.6115 | Te F1: 0.4528
F10 E038 | Loss: 0.5832 | Tr Acc: 0.6548 | Te Acc: 0.5484 | Te AUC: 0.6240 | Te F1: 0.5012
F10 E039 | Loss: 0.5845 | Tr Acc: 0.6744 | Te Acc: 0.6290 | Te AUC: 0.6365 | Te F1: 0.6090
  Epoch 40, Grad Norm: 0.3410
F10 E040 | Loss: 0.5827 | Tr Acc: 0.6922 | Te Acc: 0.6129 | Te AUC: 0.6375 | Te F1: 0.6003
F10 E041 | Loss: 0.5811 | Tr Acc: 0.6815 | Te Acc: 0.6290 | Te AUC: 0.6438 | Te F1: 0.6146
F10 E042 | Loss: 0.5718 | Tr Acc: 0.6815 | Te Acc: 0.6452 | Te AUC: 0.6458 | Te F1: 0.6288
F10 E043 | Loss: 0.5795 | Tr Acc: 0.6868 | Te Acc: 0.6452 | Te AUC: 0.6542 | Te F1: 0.6337
F10 E044 | Loss: 0.5815 | Tr Acc: 0.6868 | Te Acc: 0.6452 | Te AUC: 0.6552 | Te F1: 0.6337
  Epoch 45, Grad Norm: 0.3629
F10 E045 | Loss: 0.5764 | Tr Acc: 0.7171 | Te Acc: 0.6129 | Te AUC: 0.6490 | Te F1: 0.6121
F10 E046 | Loss: 0.5656 | Tr Acc: 0.7171 | Te Acc: 0.6290 | Te AUC: 0.6427 | Te F1: 0.6291
F10 E047 | Loss: 0.5656 | Tr Acc: 0.6868 | Te Acc: 0.6129 | Te AUC: 0.6427 | Te F1: 0.6105
F10 E048 | Loss: 0.5614 | Tr Acc: 0.6477 | Te Acc: 0.5968 | Te AUC: 0.6458 | Te F1: 0.5813
F10 E049 | Loss: 0.5642 | Tr Acc: 0.6459 | Te Acc: 0.5968 | Te AUC: 0.6396 | Te F1: 0.5813
Early stopping triggered at epoch 49 due to lack of improvement in Test AUC for 30 evaluation steps.
Fold 10 - Training finished. Best Test Accuracy: 0.5968, AUC: 0.6708
Fold 10 elapsed time: 71.52 seconds.

--- Cross-Validation Results ---
Number of successfully completed folds with valid metrics: 10/10
Average Accuracy:  0.5769 +/- 0.0645
Average F1-Score:  0.5186
Average Precision: 0.5933
Average Recall:    0.5769
Average AUC:       0.6535

Total elapsed time: 1069.60 seconds.
--- Run Finished ---
Frankenstein Training completed at Wed Apr 16 03:55:06 AM EDT 2025
