Starting ACHNN regression training with 16 CPUs and 1 GPU at Wed Apr 16 02:13:37 AM EDT 2025
Loading configuration from config.yaml...
Using configured max_ts_length: 300
Using configured num_regions: 169
Using configured encoder_batch_size: 64
Random seed set to 42
Using GPU: NVIDIA L40S
Loading phenotype data from: Phenotypic_V1_0b_preprocessed1.csv
Original selected data shape: (1112, 6)
Using target column: 'DX_GROUP'
Filtered out 0 rows with invalid/missing target values.
Phenotype data shape after filtering: (1112, 6)
Processing specified numerical features...
 Processing numerical columns: ['AGE_AT_SCAN', 'FIQ']
Processing specified categorical features...
 Processing categorical columns: ['SEX', 'SITE_ID']
  Encoded categorical columns: ['SEX_1', 'SEX_2', 'SITE_ID_CALTECH', 'SITE_ID_CMU', 'SITE_ID_KKI', 'SITE_ID_LEUVEN_1', 'SITE_ID_LEUVEN_2', 'SITE_ID_MAX_MUN', 'SITE_ID_NYU', 'SITE_ID_OHSU', 'SITE_ID_OLIN', 'SITE_ID_PITT', 'SITE_ID_SBL', 'SITE_ID_SDSU', 'SITE_ID_STANFORD', 'SITE_ID_TRINITY', 'SITE_ID_UCLA_1', 'SITE_ID_UCLA_2', 'SITE_ID_UM_1', 'SITE_ID_UM_2', 'SITE_ID_USM', 'SITE_ID_YALE']
Final phenotype features being used (24): ['AGE_AT_SCAN', 'FIQ', 'SEX_1', 'SEX_2', 'SITE_ID_CALTECH', 'SITE_ID_CMU', 'SITE_ID_KKI', 'SITE_ID_LEUVEN_1', 'SITE_ID_LEUVEN_2', 'SITE_ID_MAX_MUN', 'SITE_ID_NYU', 'SITE_ID_OHSU', 'SITE_ID_OLIN', 'SITE_ID_PITT', 'SITE_ID_SBL', 'SITE_ID_SDSU', 'SITE_ID_STANFORD', 'SITE_ID_TRINITY', 'SITE_ID_UCLA_1', 'SITE_ID_UCLA_2', 'SITE_ID_UM_1', 'SITE_ID_UM_2', 'SITE_ID_USM', 'SITE_ID_YALE']
Processed 1112 subjects from phenotype data with valid IDs and selected columns.
Matching time series files in: regions/
Found 866 potential TS files in directory.
Parsed 866 potential subject IDs from filenames.
Matched 866 subjects with both phenotype and time series data.
Total subjects available for K-Fold analysis: 866

--- Fold 1/10 ---
Loading time series for 866 subjects in fold...
Padding 866 time series to max length: 300
Proceeding with 866 subjects after handling TS loading errors.
Phenotype encoder created.
Generating initial embeddings for graph construction (Batch Size: 64)...
Initial embeddings generated.
Building k-NN graph (k=10)...
Graph built with 866 nodes and 8660 edges.
Starting training for Fold 1... Train samples: 779, Test samples: 87
  Epoch 1, Grad Norm: 0.4581
  Epoch 5, Grad Norm: 0.3854
F1 E005 | Loss: 0.7098 | Tr Acc: 0.5366 | Te Acc: 0.5287 | Te AUC: 0.4597 | Te F1: 0.3657
  Epoch 10, Grad Norm: 0.3453
F1 E010 | Loss: 0.6963 | Tr Acc: 0.5584 | Te Acc: 0.4828 | Te AUC: 0.4655 | Te F1: 0.4032
  Epoch 15, Grad Norm: 0.3522
F1 E015 | Loss: 0.6904 | Tr Acc: 0.5327 | Te Acc: 0.4483 | Te AUC: 0.4464 | Te F1: 0.4134
  Epoch 20, Grad Norm: 0.3228
F1 E020 | Loss: 0.6887 | Tr Acc: 0.5764 | Te Acc: 0.4943 | Te AUC: 0.4544 | Te F1: 0.4105
  Epoch 25, Grad Norm: 0.2927
F1 E025 | Loss: 0.6848 | Tr Acc: 0.5558 | Te Acc: 0.4828 | Te AUC: 0.4475 | Te F1: 0.3614
  Epoch 30, Grad Norm: 0.3323
F1 E030 | Loss: 0.6787 | Tr Acc: 0.5610 | Te Acc: 0.4483 | Te AUC: 0.4517 | Te F1: 0.4352
  Epoch 35, Grad Norm: 0.2982
F1 E035 | Loss: 0.6727 | Tr Acc: 0.5186 | Te Acc: 0.4598 | Te AUC: 0.4533 | Te F1: 0.3862
  Epoch 40, Grad Norm: 0.3053
F1 E040 | Loss: 0.6660 | Tr Acc: 0.5289 | Te Acc: 0.4598 | Te AUC: 0.4586 | Te F1: 0.3966
  Epoch 45, Grad Norm: 0.3377
F1 E045 | Loss: 0.6500 | Tr Acc: 0.5443 | Te Acc: 0.5287 | Te AUC: 0.4767 | Te F1: 0.3657
  Epoch 50, Grad Norm: 0.3029
F1 E050 | Loss: 0.6424 | Tr Acc: 0.5404 | Te Acc: 0.4598 | Te AUC: 0.4645 | Te F1: 0.3747
  Epoch 55, Grad Norm: 0.3093
F1 E055 | Loss: 0.6185 | Tr Acc: 0.6239 | Te Acc: 0.4828 | Te AUC: 0.4645 | Te F1: 0.4490
  Epoch 60, Grad Norm: 0.3549
F1 E060 | Loss: 0.6066 | Tr Acc: 0.5199 | Te Acc: 0.4598 | Te AUC: 0.4571 | Te F1: 0.3620
  Epoch 65, Grad Norm: 0.3663
F1 E065 | Loss: 0.5935 | Tr Acc: 0.5648 | Te Acc: 0.5402 | Te AUC: 0.4772 | Te F1: 0.3910
  Epoch 70, Grad Norm: 0.3620
F1 E070 | Loss: 0.5617 | Tr Acc: 0.6496 | Te Acc: 0.4828 | Te AUC: 0.4883 | Te F1: 0.4467
  Epoch 75, Grad Norm: 0.3956
F1 E075 | Loss: 0.5406 | Tr Acc: 0.6919 | Te Acc: 0.4943 | Te AUC: 0.5117 | Te F1: 0.4756
  Epoch 80, Grad Norm: 0.4656
F1 E080 | Loss: 0.5189 | Tr Acc: 0.6149 | Te Acc: 0.5287 | Te AUC: 0.5281 | Te F1: 0.4182
  Epoch 85, Grad Norm: 0.4708
F1 E085 | Loss: 0.5004 | Tr Acc: 0.7253 | Te Acc: 0.5517 | Te AUC: 0.5286 | Te F1: 0.5281
  Epoch 90, Grad Norm: 0.5613
F1 E090 | Loss: 0.4910 | Tr Acc: 0.6893 | Te Acc: 0.5287 | Te AUC: 0.5138 | Te F1: 0.4757
  Epoch 95, Grad Norm: 0.4886
F1 E095 | Loss: 0.4651 | Tr Acc: 0.7792 | Te Acc: 0.5747 | Te AUC: 0.5424 | Te F1: 0.5719
  Epoch 100, Grad Norm: 0.7433
F1 E100 | Loss: 0.4576 | Tr Acc: 0.7959 | Te Acc: 0.5287 | Te AUC: 0.5440 | Te F1: 0.5265
  Epoch 105, Grad Norm: 0.7456
F1 E105 | Loss: 0.4233 | Tr Acc: 0.7458 | Te Acc: 0.5862 | Te AUC: 0.5451 | Te F1: 0.5434
  Epoch 110, Grad Norm: 1.3359
F1 E110 | Loss: 0.4180 | Tr Acc: 0.7779 | Te Acc: 0.5402 | Te AUC: 0.5186 | Te F1: 0.5003
  Epoch 115, Grad Norm: 0.6042
F1 E115 | Loss: 0.3848 | Tr Acc: 0.8293 | Te Acc: 0.5517 | Te AUC: 0.5339 | Te F1: 0.5372
  Epoch 120, Grad Norm: 0.8799
F1 E120 | Loss: 0.3862 | Tr Acc: 0.8370 | Te Acc: 0.5632 | Te AUC: 0.5451 | Te F1: 0.5510
  Epoch 125, Grad Norm: 0.7677
F1 E125 | Loss: 0.3594 | Tr Acc: 0.7933 | Te Acc: 0.5057 | Te AUC: 0.5387 | Te F1: 0.4989
  Epoch 130, Grad Norm: 1.4296
F1 E130 | Loss: 0.3334 | Tr Acc: 0.8665 | Te Acc: 0.5402 | Te AUC: 0.5302 | Te F1: 0.5405
  Epoch 135, Grad Norm: 0.9082
F1 E135 | Loss: 0.3137 | Tr Acc: 0.7471 | Te Acc: 0.5632 | Te AUC: 0.5058 | Te F1: 0.5180
  Epoch 140, Grad Norm: 0.8168
F1 E140 | Loss: 0.3206 | Tr Acc: 0.8639 | Te Acc: 0.4943 | Te AUC: 0.4973 | Te F1: 0.4943
  Epoch 145, Grad Norm: 0.7976
F1 E145 | Loss: 0.2961 | Tr Acc: 0.8549 | Te Acc: 0.5977 | Te AUC: 0.4586 | Te F1: 0.5765
  Epoch 150, Grad Norm: 0.9035
F1 E150 | Loss: 0.2720 | Tr Acc: 0.7997 | Te Acc: 0.6092 | Te AUC: 0.4889 | Te F1: 0.5688
Fold 1 - Training finished. Best Test Accuracy: 0.5862, AUC: 0.5451
Fold 1 elapsed time: 46.16 seconds.

--- Fold 2/10 ---
Loading time series for 866 subjects in fold...
Padding 866 time series to max length: 300
Proceeding with 866 subjects after handling TS loading errors.
Phenotype encoder created.
Generating initial embeddings for graph construction (Batch Size: 64)...
Initial embeddings generated.
Building k-NN graph (k=10)...
Graph built with 866 nodes and 8660 edges.
Starting training for Fold 2... Train samples: 779, Test samples: 87
  Epoch 1, Grad Norm: 0.4935
  Epoch 5, Grad Norm: 0.3967
F2 E005 | Loss: 0.6977 | Tr Acc: 0.4647 | Te Acc: 0.4713 | Te AUC: 0.4173 | Te F1: 0.3019
  Epoch 10, Grad Norm: 0.3340
F2 E010 | Loss: 0.6947 | Tr Acc: 0.4942 | Te Acc: 0.4713 | Te AUC: 0.4348 | Te F1: 0.3019
  Epoch 15, Grad Norm: 0.2929
F2 E015 | Loss: 0.6686 | Tr Acc: 0.5430 | Te Acc: 0.4713 | Te AUC: 0.4486 | Te F1: 0.3820
  Epoch 20, Grad Norm: 0.3066
F2 E020 | Loss: 0.6756 | Tr Acc: 0.4917 | Te Acc: 0.4713 | Te AUC: 0.4618 | Te F1: 0.3212
  Epoch 25, Grad Norm: 0.3066
F2 E025 | Loss: 0.6669 | Tr Acc: 0.6033 | Te Acc: 0.4598 | Te AUC: 0.4571 | Te F1: 0.4468
  Epoch 30, Grad Norm: 0.3097
F2 E030 | Loss: 0.6658 | Tr Acc: 0.5379 | Te Acc: 0.5287 | Te AUC: 0.4645 | Te F1: 0.3657
  Epoch 35, Grad Norm: 0.3123
F2 E035 | Loss: 0.6532 | Tr Acc: 0.6290 | Te Acc: 0.4713 | Te AUC: 0.4724 | Te F1: 0.4588
  Epoch 40, Grad Norm: 0.3297
F2 E040 | Loss: 0.6395 | Tr Acc: 0.5841 | Te Acc: 0.4598 | Te AUC: 0.4714 | Te F1: 0.3862
  Epoch 45, Grad Norm: 0.3170
F2 E045 | Loss: 0.6307 | Tr Acc: 0.5546 | Te Acc: 0.5402 | Te AUC: 0.4645 | Te F1: 0.3910
  Epoch 50, Grad Norm: 0.2918
F2 E050 | Loss: 0.6160 | Tr Acc: 0.6367 | Te Acc: 0.5057 | Te AUC: 0.4677 | Te F1: 0.4298
  Epoch 55, Grad Norm: 0.3161
F2 E055 | Loss: 0.6002 | Tr Acc: 0.6560 | Te Acc: 0.5057 | Te AUC: 0.4597 | Te F1: 0.4502
  Epoch 60, Grad Norm: 0.4200
F2 E060 | Loss: 0.5887 | Tr Acc: 0.6059 | Te Acc: 0.5287 | Te AUC: 0.4767 | Te F1: 0.4026
  Epoch 65, Grad Norm: 0.4359
F2 E065 | Loss: 0.5687 | Tr Acc: 0.7099 | Te Acc: 0.5057 | Te AUC: 0.4995 | Te F1: 0.5034
  Epoch 70, Grad Norm: 0.3553
F2 E070 | Loss: 0.5320 | Tr Acc: 0.6187 | Te Acc: 0.5287 | Te AUC: 0.4862 | Te F1: 0.4026
  Epoch 75, Grad Norm: 0.3991
F2 E075 | Loss: 0.5172 | Tr Acc: 0.5854 | Te Acc: 0.5172 | Te AUC: 0.4905 | Te F1: 0.3605
  Epoch 80, Grad Norm: 0.6026
F2 E080 | Loss: 0.5003 | Tr Acc: 0.7035 | Te Acc: 0.5402 | Te AUC: 0.4793 | Te F1: 0.4842
  Epoch 85, Grad Norm: 0.5276
F2 E085 | Loss: 0.4742 | Tr Acc: 0.7895 | Te Acc: 0.4943 | Te AUC: 0.5164 | Te F1: 0.4947
  Epoch 90, Grad Norm: 0.4529
F2 E090 | Loss: 0.4757 | Tr Acc: 0.6393 | Te Acc: 0.5402 | Te AUC: 0.5302 | Te F1: 0.4250
  Epoch 95, Grad Norm: 0.4979
F2 E095 | Loss: 0.4209 | Tr Acc: 0.6187 | Te Acc: 0.5287 | Te AUC: 0.5159 | Te F1: 0.3852
  Epoch 100, Grad Norm: 0.4791
F2 E100 | Loss: 0.3905 | Tr Acc: 0.6983 | Te Acc: 0.5402 | Te AUC: 0.5196 | Te F1: 0.4524
  Epoch 105, Grad Norm: 0.5209
F2 E105 | Loss: 0.3927 | Tr Acc: 0.6624 | Te Acc: 0.5402 | Te AUC: 0.5281 | Te F1: 0.4394
  Epoch 110, Grad Norm: 1.0608
F2 E110 | Loss: 0.3487 | Tr Acc: 0.8845 | Te Acc: 0.5517 | Te AUC: 0.5196 | Te F1: 0.5441
  Epoch 115, Grad Norm: 0.8814
F2 E115 | Loss: 0.3342 | Tr Acc: 0.8819 | Te Acc: 0.5402 | Te AUC: 0.5488 | Te F1: 0.5402
  Epoch 120, Grad Norm: 0.8762
F2 E120 | Loss: 0.3077 | Tr Acc: 0.8293 | Te Acc: 0.5517 | Te AUC: 0.5488 | Te F1: 0.5427
  Epoch 125, Grad Norm: 0.5750
F2 E125 | Loss: 0.2711 | Tr Acc: 0.7843 | Te Acc: 0.5057 | Te AUC: 0.5790 | Te F1: 0.4922
  Epoch 130, Grad Norm: 1.0001
F2 E130 | Loss: 0.2634 | Tr Acc: 0.8935 | Te Acc: 0.5172 | Te AUC: 0.5562 | Te F1: 0.5175
  Epoch 135, Grad Norm: 1.2800
F2 E135 | Loss: 0.2216 | Tr Acc: 0.8331 | Te Acc: 0.5977 | Te AUC: 0.5583 | Te F1: 0.5715
  Epoch 140, Grad Norm: 0.9965
F2 E140 | Loss: 0.2168 | Tr Acc: 0.9114 | Te Acc: 0.5517 | Te AUC: 0.5557 | Te F1: 0.5514
  Epoch 145, Grad Norm: 0.7525
F2 E145 | Loss: 0.1953 | Tr Acc: 0.9294 | Te Acc: 0.5517 | Te AUC: 0.5456 | Te F1: 0.5514
  Epoch 150, Grad Norm: 1.1235
F2 E150 | Loss: 0.1689 | Tr Acc: 0.9268 | Te Acc: 0.4943 | Te AUC: 0.5525 | Te F1: 0.4945
Fold 2 - Training finished. Best Test Accuracy: 0.5057, AUC: 0.5790
Fold 2 elapsed time: 46.46 seconds.

--- Fold 3/10 ---
Loading time series for 866 subjects in fold...
Padding 866 time series to max length: 300
Proceeding with 866 subjects after handling TS loading errors.
Phenotype encoder created.
Generating initial embeddings for graph construction (Batch Size: 64)...
Initial embeddings generated.
Building k-NN graph (k=10)...
Graph built with 866 nodes and 8660 edges.
Starting training for Fold 3... Train samples: 779, Test samples: 87
  Epoch 1, Grad Norm: 0.4486
  Epoch 5, Grad Norm: 0.3579
F3 E005 | Loss: 0.6902 | Tr Acc: 0.5481 | Te Acc: 0.5287 | Te AUC: 0.5404 | Te F1: 0.3737
  Epoch 10, Grad Norm: 0.3316
F3 E010 | Loss: 0.6983 | Tr Acc: 0.5404 | Te Acc: 0.5402 | Te AUC: 0.5293 | Te F1: 0.3790
  Epoch 15, Grad Norm: 0.2992
F3 E015 | Loss: 0.6731 | Tr Acc: 0.5931 | Te Acc: 0.4943 | Te AUC: 0.5473 | Te F1: 0.4273
  Epoch 20, Grad Norm: 0.3029
F3 E020 | Loss: 0.6662 | Tr Acc: 0.5879 | Te Acc: 0.5057 | Te AUC: 0.5367 | Te F1: 0.4350
  Epoch 25, Grad Norm: 0.3040
F3 E025 | Loss: 0.6665 | Tr Acc: 0.5469 | Te Acc: 0.5402 | Te AUC: 0.5324 | Te F1: 0.3790
  Epoch 30, Grad Norm: 0.3188
F3 E030 | Loss: 0.6571 | Tr Acc: 0.6033 | Te Acc: 0.5172 | Te AUC: 0.5335 | Te F1: 0.4902
  Epoch 35, Grad Norm: 0.3449
F3 E035 | Loss: 0.6377 | Tr Acc: 0.6637 | Te Acc: 0.5057 | Te AUC: 0.5335 | Te F1: 0.5018
  Epoch 40, Grad Norm: 0.3205
F3 E040 | Loss: 0.6302 | Tr Acc: 0.6444 | Te Acc: 0.5402 | Te AUC: 0.5340 | Te F1: 0.4692
  Epoch 45, Grad Norm: 0.3561
F3 E045 | Loss: 0.6116 | Tr Acc: 0.6585 | Te Acc: 0.4828 | Te AUC: 0.5229 | Te F1: 0.4797
  Epoch 50, Grad Norm: 0.3288
F3 E050 | Loss: 0.5768 | Tr Acc: 0.6033 | Te Acc: 0.5747 | Te AUC: 0.5016 | Te F1: 0.4807
  Epoch 55, Grad Norm: 0.3913
F3 E055 | Loss: 0.5698 | Tr Acc: 0.6226 | Te Acc: 0.5172 | Te AUC: 0.5362 | Te F1: 0.4902
  Epoch 60, Grad Norm: 0.3741
F3 E060 | Loss: 0.5458 | Tr Acc: 0.6778 | Te Acc: 0.5632 | Te AUC: 0.5394 | Te F1: 0.5140
  Epoch 65, Grad Norm: 0.5152
F3 E065 | Loss: 0.5303 | Tr Acc: 0.5533 | Te Acc: 0.5172 | Te AUC: 0.5521 | Te F1: 0.4312
  Epoch 70, Grad Norm: 0.3853
F3 E070 | Loss: 0.5022 | Tr Acc: 0.6098 | Te Acc: 0.5287 | Te AUC: 0.5734 | Te F1: 0.4786
  Epoch 75, Grad Norm: 0.4478
F3 E075 | Loss: 0.4879 | Tr Acc: 0.7394 | Te Acc: 0.4943 | Te AUC: 0.5596 | Te F1: 0.4877
  Epoch 80, Grad Norm: 0.7759
F3 E080 | Loss: 0.4915 | Tr Acc: 0.7574 | Te Acc: 0.5747 | Te AUC: 0.5457 | Te F1: 0.5442
  Epoch 85, Grad Norm: 0.9903
F3 E085 | Loss: 0.4677 | Tr Acc: 0.6457 | Te Acc: 0.5632 | Te AUC: 0.5521 | Te F1: 0.4850
  Epoch 90, Grad Norm: 0.6218
F3 E090 | Loss: 0.4425 | Tr Acc: 0.6945 | Te Acc: 0.5862 | Te AUC: 0.5574 | Te F1: 0.5223
  Epoch 95, Grad Norm: 0.6490
F3 E095 | Loss: 0.4239 | Tr Acc: 0.7484 | Te Acc: 0.5632 | Te AUC: 0.5739 | Te F1: 0.5218
  Epoch 100, Grad Norm: 1.4613
F3 E100 | Loss: 0.4116 | Tr Acc: 0.6637 | Te Acc: 0.5402 | Te AUC: 0.5676 | Te F1: 0.4952
  Epoch 105, Grad Norm: 0.6865
F3 E105 | Loss: 0.3557 | Tr Acc: 0.6264 | Te Acc: 0.5402 | Te AUC: 0.5585 | Te F1: 0.4873
  Epoch 110, Grad Norm: 1.0383
F3 E110 | Loss: 0.3578 | Tr Acc: 0.8151 | Te Acc: 0.5287 | Te AUC: 0.5596 | Te F1: 0.5159
  Epoch 115, Grad Norm: 1.1856
F3 E115 | Loss: 0.3135 | Tr Acc: 0.8729 | Te Acc: 0.5057 | Te AUC: 0.5394 | Te F1: 0.5046
  Epoch 120, Grad Norm: 0.8990
F3 E120 | Loss: 0.3006 | Tr Acc: 0.8999 | Te Acc: 0.5402 | Te AUC: 0.5473 | Te F1: 0.5410
  Epoch 125, Grad Norm: 0.9536
F3 E125 | Loss: 0.2564 | Tr Acc: 0.9140 | Te Acc: 0.5517 | Te AUC: 0.5537 | Te F1: 0.5524
  Epoch 130, Grad Norm: 4.0207
F3 E130 | Loss: 0.2788 | Tr Acc: 0.9140 | Te Acc: 0.5517 | Te AUC: 0.5569 | Te F1: 0.5523
  Epoch 135, Grad Norm: 2.2605
F3 E135 | Loss: 0.2531 | Tr Acc: 0.8832 | Te Acc: 0.5747 | Te AUC: 0.5761 | Te F1: 0.5631
  Epoch 140, Grad Norm: 1.9898
F3 E140 | Loss: 0.2354 | Tr Acc: 0.9243 | Te Acc: 0.5287 | Te AUC: 0.5457 | Te F1: 0.5225
  Epoch 145, Grad Norm: 0.6033
F3 E145 | Loss: 0.1740 | Tr Acc: 0.8845 | Te Acc: 0.5632 | Te AUC: 0.5473 | Te F1: 0.5452
  Epoch 150, Grad Norm: 1.8580
F3 E150 | Loss: 0.1904 | Tr Acc: 0.9474 | Te Acc: 0.5517 | Te AUC: 0.5574 | Te F1: 0.5512
Fold 3 - Training finished. Best Test Accuracy: 0.5747, AUC: 0.5761
Fold 3 elapsed time: 44.99 seconds.

--- Fold 4/10 ---
Loading time series for 866 subjects in fold...
Padding 866 time series to max length: 300
Proceeding with 866 subjects after handling TS loading errors.
Phenotype encoder created.
Generating initial embeddings for graph construction (Batch Size: 64)...
Initial embeddings generated.
Building k-NN graph (k=10)...
Graph built with 866 nodes and 8660 edges.
Starting training for Fold 4... Train samples: 779, Test samples: 87
  Epoch 1, Grad Norm: 0.4481
  Epoch 5, Grad Norm: 0.3647
F4 E005 | Loss: 0.6944 | Tr Acc: 0.5469 | Te Acc: 0.5287 | Te AUC: 0.5069 | Te F1: 0.4245
  Epoch 10, Grad Norm: 0.3205
F4 E010 | Loss: 0.6903 | Tr Acc: 0.5777 | Te Acc: 0.4943 | Te AUC: 0.5048 | Te F1: 0.4463
  Epoch 15, Grad Norm: 0.3136
F4 E015 | Loss: 0.6931 | Tr Acc: 0.4711 | Te Acc: 0.4483 | Te AUC: 0.5053 | Te F1: 0.3034
  Epoch 20, Grad Norm: 0.3208
F4 E020 | Loss: 0.6793 | Tr Acc: 0.6136 | Te Acc: 0.5057 | Te AUC: 0.5043 | Te F1: 0.5052
  Epoch 25, Grad Norm: 0.2810
F4 E025 | Loss: 0.6704 | Tr Acc: 0.5610 | Te Acc: 0.5287 | Te AUC: 0.4894 | Te F1: 0.3925
  Epoch 30, Grad Norm: 0.3064
F4 E030 | Loss: 0.6603 | Tr Acc: 0.6290 | Te Acc: 0.4598 | Te AUC: 0.4830 | Te F1: 0.4526
  Epoch 35, Grad Norm: 0.3008
F4 E035 | Loss: 0.6663 | Tr Acc: 0.4878 | Te Acc: 0.4483 | Te AUC: 0.4548 | Te F1: 0.3204
  Epoch 40, Grad Norm: 0.2910
F4 E040 | Loss: 0.6454 | Tr Acc: 0.6444 | Te Acc: 0.4598 | Te AUC: 0.4633 | Te F1: 0.4450
  Epoch 45, Grad Norm: 0.3177
F4 E045 | Loss: 0.6350 | Tr Acc: 0.5597 | Te Acc: 0.5402 | Te AUC: 0.4559 | Te F1: 0.3984
  Epoch 50, Grad Norm: 0.3405
F4 E050 | Loss: 0.6303 | Tr Acc: 0.4750 | Te Acc: 0.4598 | Te AUC: 0.3915 | Te F1: 0.2896
  Epoch 55, Grad Norm: 0.3096
F4 E055 | Loss: 0.6077 | Tr Acc: 0.5841 | Te Acc: 0.5287 | Te AUC: 0.4112 | Te F1: 0.3925
  Epoch 60, Grad Norm: 0.3613
F4 E060 | Loss: 0.5965 | Tr Acc: 0.5045 | Te Acc: 0.4368 | Te AUC: 0.4059 | Te F1: 0.2978
  Epoch 65, Grad Norm: 0.3368
F4 E065 | Loss: 0.5880 | Tr Acc: 0.6688 | Te Acc: 0.4828 | Te AUC: 0.4234 | Te F1: 0.4669
  Epoch 70, Grad Norm: 0.3319
F4 E070 | Loss: 0.5862 | Tr Acc: 0.6573 | Te Acc: 0.4713 | Te AUC: 0.4319 | Te F1: 0.3766
  Epoch 75, Grad Norm: 0.3422
F4 E075 | Loss: 0.5844 | Tr Acc: 0.6444 | Te Acc: 0.4943 | Te AUC: 0.4330 | Te F1: 0.3899
  Epoch 80, Grad Norm: 0.3455
F4 E080 | Loss: 0.5755 | Tr Acc: 0.7150 | Te Acc: 0.4713 | Te AUC: 0.4319 | Te F1: 0.4495
  Epoch 85, Grad Norm: 0.3241
F4 E085 | Loss: 0.5602 | Tr Acc: 0.6970 | Te Acc: 0.4598 | Te AUC: 0.4362 | Te F1: 0.4511
  Epoch 90, Grad Norm: 0.3559
F4 E090 | Loss: 0.5875 | Tr Acc: 0.7214 | Te Acc: 0.4828 | Te AUC: 0.4404 | Te F1: 0.4815
  Epoch 95, Grad Norm: 0.3202
F4 E095 | Loss: 0.5706 | Tr Acc: 0.7330 | Te Acc: 0.4598 | Te AUC: 0.4426 | Te F1: 0.4606
  Epoch 100, Grad Norm: 0.3627
F4 E100 | Loss: 0.5663 | Tr Acc: 0.7227 | Te Acc: 0.4598 | Te AUC: 0.4394 | Te F1: 0.4450
  Epoch 105, Grad Norm: 0.3246
F4 E105 | Loss: 0.5671 | Tr Acc: 0.7150 | Te Acc: 0.4253 | Te AUC: 0.4293 | Te F1: 0.3799
Early stopping triggered at epoch 105 due to lack of improvement in Test AUC.
Fold 4 - Training finished. Best Test Accuracy: 0.5287, AUC: 0.5069
Fold 4 elapsed time: 35.31 seconds.

--- Fold 5/10 ---
Loading time series for 866 subjects in fold...
Padding 866 time series to max length: 300
Proceeding with 866 subjects after handling TS loading errors.
Phenotype encoder created.
Generating initial embeddings for graph construction (Batch Size: 64)...
Initial embeddings generated.
Building k-NN graph (k=10)...
Graph built with 866 nodes and 8660 edges.
Starting training for Fold 5... Train samples: 779, Test samples: 87
  Epoch 1, Grad Norm: 0.6403
  Epoch 5, Grad Norm: 0.4469
F5 E005 | Loss: 0.7188 | Tr Acc: 0.5430 | Te Acc: 0.5172 | Te AUC: 0.5596 | Te F1: 0.4029
  Epoch 10, Grad Norm: 0.3756
F5 E010 | Loss: 0.7051 | Tr Acc: 0.5353 | Te Acc: 0.5402 | Te AUC: 0.5590 | Te F1: 0.3790
  Epoch 15, Grad Norm: 0.3413
F5 E015 | Loss: 0.6914 | Tr Acc: 0.5340 | Te Acc: 0.5402 | Te AUC: 0.5968 | Te F1: 0.3790
  Epoch 20, Grad Norm: 0.3259
F5 E020 | Loss: 0.6894 | Tr Acc: 0.5610 | Te Acc: 0.4828 | Te AUC: 0.5830 | Te F1: 0.3518
  Epoch 25, Grad Norm: 0.3166
F5 E025 | Loss: 0.6801 | Tr Acc: 0.5635 | Te Acc: 0.5057 | Te AUC: 0.5702 | Te F1: 0.3806
  Epoch 30, Grad Norm: 0.3344
F5 E030 | Loss: 0.6732 | Tr Acc: 0.4737 | Te Acc: 0.4713 | Te AUC: 0.5356 | Te F1: 0.3144
  Epoch 35, Grad Norm: 0.3149
F5 E035 | Loss: 0.6710 | Tr Acc: 0.6072 | Te Acc: 0.4943 | Te AUC: 0.5271 | Te F1: 0.4373
  Epoch 40, Grad Norm: 0.3159
F5 E040 | Loss: 0.6397 | Tr Acc: 0.5738 | Te Acc: 0.5287 | Te AUC: 0.5516 | Te F1: 0.4094
  Epoch 45, Grad Norm: 0.3219
F5 E045 | Loss: 0.6283 | Tr Acc: 0.4865 | Te Acc: 0.4483 | Te AUC: 0.5484 | Te F1: 0.2846
  Epoch 50, Grad Norm: 0.3355
F5 E050 | Loss: 0.6184 | Tr Acc: 0.6239 | Te Acc: 0.5517 | Te AUC: 0.5702 | Te F1: 0.5338
  Epoch 55, Grad Norm: 0.3223
F5 E055 | Loss: 0.5963 | Tr Acc: 0.6804 | Te Acc: 0.6092 | Te AUC: 0.5840 | Te F1: 0.6095
  Epoch 60, Grad Norm: 0.3399
F5 E060 | Loss: 0.5763 | Tr Acc: 0.5700 | Te Acc: 0.4943 | Te AUC: 0.5739 | Te F1: 0.4041
  Epoch 65, Grad Norm: 0.3573
F5 E065 | Loss: 0.5604 | Tr Acc: 0.5533 | Te Acc: 0.4828 | Te AUC: 0.5840 | Te F1: 0.3703
  Epoch 70, Grad Norm: 0.4682
F5 E070 | Loss: 0.5415 | Tr Acc: 0.6021 | Te Acc: 0.5747 | Te AUC: 0.5479 | Te F1: 0.4670
  Epoch 75, Grad Norm: 0.3874
F5 E075 | Loss: 0.5359 | Tr Acc: 0.7535 | Te Acc: 0.5287 | Te AUC: 0.5548 | Te F1: 0.5282
  Epoch 80, Grad Norm: 0.4267
F5 E080 | Loss: 0.5293 | Tr Acc: 0.5828 | Te Acc: 0.4713 | Te AUC: 0.5601 | Te F1: 0.3636
  Epoch 85, Grad Norm: 0.4433
F5 E085 | Loss: 0.5341 | Tr Acc: 0.6110 | Te Acc: 0.5057 | Te AUC: 0.5601 | Te F1: 0.4344
  Epoch 90, Grad Norm: 0.3674
F5 E090 | Loss: 0.5297 | Tr Acc: 0.7548 | Te Acc: 0.5517 | Te AUC: 0.5569 | Te F1: 0.5521
  Epoch 95, Grad Norm: 0.3535
F5 E095 | Loss: 0.5072 | Tr Acc: 0.7535 | Te Acc: 0.5747 | Te AUC: 0.5574 | Te F1: 0.5549
  Epoch 100, Grad Norm: 0.4442
F5 E100 | Loss: 0.5211 | Tr Acc: 0.7561 | Te Acc: 0.5402 | Te AUC: 0.5553 | Te F1: 0.5406
  Epoch 105, Grad Norm: 0.4062
F5 E105 | Loss: 0.5151 | Tr Acc: 0.7150 | Te Acc: 0.5057 | Te AUC: 0.5601 | Te F1: 0.4945
  Epoch 110, Grad Norm: 0.3908
F5 E110 | Loss: 0.5137 | Tr Acc: 0.7754 | Te Acc: 0.5402 | Te AUC: 0.5532 | Te F1: 0.5354
  Epoch 115, Grad Norm: 0.4133
F5 E115 | Loss: 0.5173 | Tr Acc: 0.7651 | Te Acc: 0.5517 | Te AUC: 0.5548 | Te F1: 0.5355
Early stopping triggered at epoch 115 due to lack of improvement in Test AUC.
Fold 5 - Training finished. Best Test Accuracy: 0.5402, AUC: 0.5968
Fold 5 elapsed time: 37.53 seconds.

--- Fold 6/10 ---
Loading time series for 866 subjects in fold...
Padding 866 time series to max length: 300
Proceeding with 866 subjects after handling TS loading errors.
Phenotype encoder created.
Generating initial embeddings for graph construction (Batch Size: 64)...
