Starting ACHNN regression training with 16 CPUs and 1 GPU at Wed Apr 16 04:33:59 AM EDT 2025
Loading configuration from config_baseline_rf.yaml...
Loading preprocessed features and labels...
 Feature shape: (546, 19927), Label shape: (546,)
 Label distribution: [279 267]
Attempting to retrieve feature names...
Warning: Could not reliably get OHE feature names: name 'SimpleImputer' is not defined. Using generic names.

--- Fold 1/10 ---
Applying RFE to select 2000 features...
 Fitting RFE...
 Transforming features with RFE...
 RFE finished. Selected features shape: (491, 2000)
Training Random Forest Classifier...
Evaluating on test set...
Fold 1 Results: Acc=0.6727, AUC=0.7050, F1=0.6714
Fold 1 elapsed time: 4.03 seconds.

--- Fold 2/10 ---
Applying RFE to select 2000 features...
 Fitting RFE...
 Transforming features with RFE...
 RFE finished. Selected features shape: (491, 2000)
Training Random Forest Classifier...
Evaluating on test set...
Fold 2 Results: Acc=0.6727, AUC=0.6627, F1=0.6721
Fold 2 elapsed time: 3.89 seconds.

--- Fold 3/10 ---
Applying RFE to select 2000 features...
 Fitting RFE...
 Transforming features with RFE...
 RFE finished. Selected features shape: (491, 2000)
Training Random Forest Classifier...
Evaluating on test set...
Fold 3 Results: Acc=0.5818, AUC=0.7050, F1=0.5818
Fold 3 elapsed time: 3.68 seconds.

--- Fold 4/10 ---
Applying RFE to select 2000 features...
 Fitting RFE...
 Transforming features with RFE...
 RFE finished. Selected features shape: (491, 2000)
Training Random Forest Classifier...
Evaluating on test set...
Fold 4 Results: Acc=0.6545, AUC=0.7143, F1=0.6439
Fold 4 elapsed time: 3.92 seconds.

--- Fold 5/10 ---
Applying RFE to select 2000 features...
 Fitting RFE...
 Transforming features with RFE...
 RFE finished. Selected features shape: (491, 2000)
Training Random Forest Classifier...
Evaluating on test set...
Fold 5 Results: Acc=0.5818, AUC=0.6429, F1=0.5802
Fold 5 elapsed time: 3.80 seconds.

--- Fold 6/10 ---
Applying RFE to select 2000 features...
 Fitting RFE...
 Transforming features with RFE...
 RFE finished. Selected features shape: (491, 2000)
Training Random Forest Classifier...
Evaluating on test set...
Fold 6 Results: Acc=0.6545, AUC=0.7130, F1=0.6543
Fold 6 elapsed time: 3.83 seconds.

--- Fold 7/10 ---
Applying RFE to select 2000 features...
 Fitting RFE...
 Transforming features with RFE...
 RFE finished. Selected features shape: (492, 2000)
Training Random Forest Classifier...
Evaluating on test set...
Fold 7 Results: Acc=0.6481, AUC=0.7421, F1=0.6471
Fold 7 elapsed time: 3.74 seconds.

--- Fold 8/10 ---
Applying RFE to select 2000 features...
 Fitting RFE...
 Transforming features with RFE...
 RFE finished. Selected features shape: (492, 2000)
Training Random Forest Classifier...
Evaluating on test set...
Fold 8 Results: Acc=0.6852, AUC=0.7500, F1=0.6853
Fold 8 elapsed time: 3.87 seconds.

--- Fold 9/10 ---
Applying RFE to select 2000 features...
 Fitting RFE...
 Transforming features with RFE...
 RFE finished. Selected features shape: (492, 2000)
Training Random Forest Classifier...
Evaluating on test set...
Fold 9 Results: Acc=0.6667, AUC=0.7830, F1=0.6611
Fold 9 elapsed time: 3.76 seconds.

--- Fold 10/10 ---
Applying RFE to select 2000 features...
 Fitting RFE...
 Transforming features with RFE...
 RFE finished. Selected features shape: (492, 2000)
Training Random Forest Classifier...
Evaluating on test set...
Fold 10 Results: Acc=0.6296, AUC=0.7624, F1=0.6136
Fold 10 elapsed time: 3.62 seconds.

--- Cross-Validation Results ---
Number of successfully completed folds: 10/10
Average Accuracy:  0.6448 +/- 0.0347
Average F1-Score:  0.6411
Average Precision: 0.6494
Average Recall:    0.6448
Average AUC:       0.7180

--- Average Feature Importances (Random Forest Gini Importance) ---
Average feature importance across folds not calculated when RFE is enabled (selected features may differ per fold).

Total elapsed time: 38.48 seconds.
--- Baseline Random Forest Run Finished ---
Frankenstein Training completed at Wed Apr 16 04:34:40 AM EDT 2025
