Starting ACHNN regression training with 16 CPUs and 1 GPU at Wed Apr 16 03:22:32 AM EDT 2025
Loading configuration from config.yaml...

--- Configuration Used ---
data_params:
  exclude_cols:
  - 'Unnamed: 0'
  - X
  - subject
  - FILE_ID
  - qc_rater_1
  - qc_notes_rater_1
  - qc_anat_rater_2
  - qc_anat_notes_rater_2
  - qc_func_rater_2
  - qc_func_notes_rater_2
  - qc_anat_rater_3
  - qc_anat_notes_rater_3
  - qc_func_rater_3
  - qc_func_notes_rater_3
  max_ts_length: -1
  num_regions: 200
  phenotype_cols_categorical:
  - SEX
  - SITE_ID
  - EYE_STATUS_AT_SCAN
  phenotype_cols_numerical:
  - AGE_AT_SCAN
  - FIQ
  - func_mean_fd
  phenotype_file: Phenotypic_V1_0b_preprocessed1.csv
  region_dir: /home/pl217/frankensteins_model/results/abide_timeseries/ccs_filt_noglobal_rois_cc200
  site_id_col: SITE_ID
  sub_id_col: SUB_ID
  target_col: DX_GROUP
graph_params:
  k_neighbors: 20
model_params:
  dropout_rate: 0.2
  gnn_heads: 4
  gnn_hidden_dim: 128
  gnn_output_dim: 2
  pheno_embedding_dim: 64
  pheno_hidden_dim: 128
  ts_embedding_dim: 128
  ts_transformer_d_model: 128
  ts_transformer_dim_feedforward: 512
  ts_transformer_nhead: 4
  ts_transformer_num_layers: 2
run_params:
  device: cuda
  early_stopping_patience: 25
  encoder_batch_size: 32
  epochs: 200
  learning_rate: 0.0001
  lr_scheduler_factor: 0.5
  lr_scheduler_patience: 15
  n_splits: 10
  seed: 42
  weight_decay: 0.0005

--------------------------

Using configured max_ts_length setting: -1 (-1 means use max in fold)
Using configured num_regions: 200
Using configured encoder_batch_size: 32
Random seed set to 42
Using GPU: NVIDIA RTX A5000
Loading phenotype data from: Phenotypic_V1_0b_preprocessed1.csv
Original selected data shape: (1112, 8)
Using target column: 'DX_GROUP'
Filtered out 0 rows with invalid/missing target values.
Phenotype data shape after target filtering: (1112, 8)
Processing specified numerical features...
 Processing numerical columns: ['AGE_AT_SCAN', 'FIQ', 'func_mean_fd']
Processing specified categorical features...
 Processing categorical columns: ['SEX', 'SITE_ID', 'EYE_STATUS_AT_SCAN']
  Encoded categorical columns: ['SEX_1', 'SEX_2', 'SITE_ID_CALTECH', 'SITE_ID_CMU', 'SITE_ID_KKI', 'SITE_ID_LEUVEN_1', 'SITE_ID_LEUVEN_2', 'SITE_ID_MAX_MUN', 'SITE_ID_NYU', 'SITE_ID_OHSU', 'SITE_ID_OLIN', 'SITE_ID_PITT', 'SITE_ID_SBL', 'SITE_ID_SDSU', 'SITE_ID_STANFORD', 'SITE_ID_TRINITY', 'SITE_ID_UCLA_1', 'SITE_ID_UCLA_2', 'SITE_ID_UM_1', 'SITE_ID_UM_2', 'SITE_ID_USM', 'SITE_ID_YALE', 'EYE_STATUS_AT_SCAN_1', 'EYE_STATUS_AT_SCAN_2']
Final phenotype features identified (27): ['AGE_AT_SCAN', 'FIQ', 'func_mean_fd', 'SEX_1', 'SEX_2', 'SITE_ID_CALTECH', 'SITE_ID_CMU', 'SITE_ID_KKI', 'SITE_ID_LEUVEN_1', 'SITE_ID_LEUVEN_2', 'SITE_ID_MAX_MUN', 'SITE_ID_NYU', 'SITE_ID_OHSU', 'SITE_ID_OLIN', 'SITE_ID_PITT', 'SITE_ID_SBL', 'SITE_ID_SDSU', 'SITE_ID_STANFORD', 'SITE_ID_TRINITY', 'SITE_ID_UCLA_1', 'SITE_ID_UCLA_2', 'SITE_ID_UM_1', 'SITE_ID_UM_2', 'SITE_ID_USM', 'SITE_ID_YALE', 'EYE_STATUS_AT_SCAN_1', 'EYE_STATUS_AT_SCAN_2']
Checking for corresponding TS files in: /home/pl217/frankensteins_model/results/abide_timeseries/ccs_filt_noglobal_rois_cc200
Processed 1112 subjects from phenotype data.
Found existing, non-empty TS files for 624 subjects.
Skipped 488 subjects (missing file or invalid ID/Site).
Skipped 0 subjects (empty file).
Total subjects available for K-Fold analysis: 624

--- Fold 1/10 ---
Calculating max TS length for Positional Encoding (624 subjects)...
Determined max TS length 295 from 624 valid files for Positional Encoding.
Fold 1 using dynamic max length (up to 295 for PE).
Loading time series for 624 subjects in fold...
No truncation active. Will pad to max length found in this fold's successful loads.
Padding to max length found in fold: 295
Padding 624 time series to final length: 295
Proceeding with 624 subjects for Fold 1 model training/evaluation.
Phenotype encoder created.
Generating initial embeddings for graph construction (Batch Size: 32)...
Initial embeddings generated.
Building k-NN graph (k=20)...
Graph built with 624 nodes and 12480 edges.
Starting training for Fold 1... Train samples: 561, Test samples: 63
  Epoch 1, Grad Norm: 0.5280
F1 E001 | Loss: 0.7102 | Tr Acc: 0.4831 | Te Acc: 0.4921 | Te AUC: 0.4143 | Te F1: 0.3246
F1 E002 | Loss: 0.7142 | Tr Acc: 0.4831 | Te Acc: 0.4921 | Te AUC: 0.4597 | Te F1: 0.3246
F1 E003 | Loss: 0.6991 | Tr Acc: 0.4831 | Te Acc: 0.4921 | Te AUC: 0.4940 | Te F1: 0.3246
F1 E004 | Loss: 0.6990 | Tr Acc: 0.4866 | Te Acc: 0.4921 | Te AUC: 0.5232 | Te F1: 0.3246
  Epoch 5, Grad Norm: 0.4844
F1 E005 | Loss: 0.7029 | Tr Acc: 0.4866 | Te Acc: 0.4921 | Te AUC: 0.5454 | Te F1: 0.3246
F1 E006 | Loss: 0.6931 | Tr Acc: 0.4813 | Te Acc: 0.4603 | Te AUC: 0.5615 | Te F1: 0.3102
F1 E007 | Loss: 0.6892 | Tr Acc: 0.4902 | Te Acc: 0.4603 | Te AUC: 0.5927 | Te F1: 0.3102
F1 E008 | Loss: 0.6864 | Tr Acc: 0.5312 | Te Acc: 0.5556 | Te AUC: 0.5927 | Te F1: 0.4842
F1 E009 | Loss: 0.6836 | Tr Acc: 0.5847 | Te Acc: 0.5397 | Te AUC: 0.6058 | Te F1: 0.5348
  Epoch 10, Grad Norm: 0.4283
F1 E010 | Loss: 0.6799 | Tr Acc: 0.6007 | Te Acc: 0.5714 | Te AUC: 0.6250 | Te F1: 0.5701
F1 E011 | Loss: 0.6792 | Tr Acc: 0.6061 | Te Acc: 0.6032 | Te AUC: 0.6401 | Te F1: 0.5840
F1 E012 | Loss: 0.6672 | Tr Acc: 0.5918 | Te Acc: 0.5873 | Te AUC: 0.6331 | Te F1: 0.5482
F1 E013 | Loss: 0.6695 | Tr Acc: 0.5882 | Te Acc: 0.5873 | Te AUC: 0.6472 | Te F1: 0.5382
F1 E014 | Loss: 0.6710 | Tr Acc: 0.5936 | Te Acc: 0.5873 | Te AUC: 0.6542 | Te F1: 0.5382
  Epoch 15, Grad Norm: 0.4302
F1 E015 | Loss: 0.6699 | Tr Acc: 0.5954 | Te Acc: 0.5873 | Te AUC: 0.6562 | Te F1: 0.5382
F1 E016 | Loss: 0.6671 | Tr Acc: 0.5918 | Te Acc: 0.5873 | Te AUC: 0.6663 | Te F1: 0.5382
F1 E017 | Loss: 0.6701 | Tr Acc: 0.5954 | Te Acc: 0.5873 | Te AUC: 0.6724 | Te F1: 0.5382
F1 E018 | Loss: 0.6656 | Tr Acc: 0.5971 | Te Acc: 0.5873 | Te AUC: 0.6754 | Te F1: 0.5382
F1 E019 | Loss: 0.6597 | Tr Acc: 0.5971 | Te Acc: 0.5873 | Te AUC: 0.6774 | Te F1: 0.5382
  Epoch 20, Grad Norm: 0.3662
F1 E020 | Loss: 0.6698 | Tr Acc: 0.5918 | Te Acc: 0.5873 | Te AUC: 0.6815 | Te F1: 0.5482
F1 E021 | Loss: 0.6547 | Tr Acc: 0.6078 | Te Acc: 0.6190 | Te AUC: 0.6865 | Te F1: 0.5909
F1 E022 | Loss: 0.6600 | Tr Acc: 0.6150 | Te Acc: 0.6349 | Te AUC: 0.6885 | Te F1: 0.6113
F1 E023 | Loss: 0.6503 | Tr Acc: 0.6221 | Te Acc: 0.6032 | Te AUC: 0.6845 | Te F1: 0.5975
F1 E024 | Loss: 0.6565 | Tr Acc: 0.6292 | Te Acc: 0.6349 | Te AUC: 0.6885 | Te F1: 0.6347
  Epoch 25, Grad Norm: 0.3639
F1 E025 | Loss: 0.6464 | Tr Acc: 0.6328 | Te Acc: 0.6667 | Te AUC: 0.6905 | Te F1: 0.6650
F1 E026 | Loss: 0.6602 | Tr Acc: 0.6364 | Te Acc: 0.6032 | Te AUC: 0.6976 | Te F1: 0.5959
F1 E027 | Loss: 0.6576 | Tr Acc: 0.6328 | Te Acc: 0.6190 | Te AUC: 0.6996 | Te F1: 0.6102
F1 E028 | Loss: 0.6439 | Tr Acc: 0.6364 | Te Acc: 0.6190 | Te AUC: 0.7016 | Te F1: 0.6060
F1 E029 | Loss: 0.6517 | Tr Acc: 0.6328 | Te Acc: 0.6032 | Te AUC: 0.7016 | Te F1: 0.5870
  Epoch 30, Grad Norm: 0.3633
F1 E030 | Loss: 0.6441 | Tr Acc: 0.6346 | Te Acc: 0.6032 | Te AUC: 0.7046 | Te F1: 0.5870
F1 E031 | Loss: 0.6389 | Tr Acc: 0.6417 | Te Acc: 0.6032 | Te AUC: 0.6996 | Te F1: 0.5870
F1 E032 | Loss: 0.6441 | Tr Acc: 0.6399 | Te Acc: 0.6032 | Te AUC: 0.6946 | Te F1: 0.5870
F1 E033 | Loss: 0.6407 | Tr Acc: 0.6399 | Te Acc: 0.6032 | Te AUC: 0.6956 | Te F1: 0.5870
F1 E034 | Loss: 0.6379 | Tr Acc: 0.6310 | Te Acc: 0.5873 | Te AUC: 0.6946 | Te F1: 0.5675
  Epoch 35, Grad Norm: 0.3182
F1 E035 | Loss: 0.6439 | Tr Acc: 0.6275 | Te Acc: 0.6032 | Te AUC: 0.6946 | Te F1: 0.5811
F1 E036 | Loss: 0.6349 | Tr Acc: 0.6221 | Te Acc: 0.6032 | Te AUC: 0.6915 | Te F1: 0.5811
F1 E037 | Loss: 0.6412 | Tr Acc: 0.6310 | Te Acc: 0.6032 | Te AUC: 0.6935 | Te F1: 0.5811
F1 E038 | Loss: 0.6354 | Tr Acc: 0.6203 | Te Acc: 0.6032 | Te AUC: 0.6946 | Te F1: 0.5811
F1 E039 | Loss: 0.6438 | Tr Acc: 0.6185 | Te Acc: 0.6032 | Te AUC: 0.6915 | Te F1: 0.5811
  Epoch 40, Grad Norm: 0.3464
F1 E040 | Loss: 0.6452 | Tr Acc: 0.6043 | Te Acc: 0.6032 | Te AUC: 0.6895 | Te F1: 0.5811
F1 E041 | Loss: 0.6354 | Tr Acc: 0.5989 | Te Acc: 0.5873 | Te AUC: 0.6895 | Te F1: 0.5438
F1 E042 | Loss: 0.6359 | Tr Acc: 0.6007 | Te Acc: 0.5873 | Te AUC: 0.6895 | Te F1: 0.5438
F1 E043 | Loss: 0.6262 | Tr Acc: 0.5865 | Te Acc: 0.5714 | Te AUC: 0.6915 | Te F1: 0.5210
F1 E044 | Loss: 0.6458 | Tr Acc: 0.5882 | Te Acc: 0.5714 | Te AUC: 0.6925 | Te F1: 0.5092
  Epoch 45, Grad Norm: 0.3339
F1 E045 | Loss: 0.6427 | Tr Acc: 0.5811 | Te Acc: 0.5556 | Te AUC: 0.6875 | Te F1: 0.4842
F1 E046 | Loss: 0.6214 | Tr Acc: 0.5829 | Te Acc: 0.5397 | Te AUC: 0.6875 | Te F1: 0.4583
  Learning rate reduced to 5.0e-05
F1 E047 | Loss: 0.6360 | Tr Acc: 0.5918 | Te Acc: 0.5714 | Te AUC: 0.6885 | Te F1: 0.5210
F1 E048 | Loss: 0.6205 | Tr Acc: 0.6043 | Te Acc: 0.5873 | Te AUC: 0.6895 | Te F1: 0.5438
F1 E049 | Loss: 0.6325 | Tr Acc: 0.6043 | Te Acc: 0.5873 | Te AUC: 0.6946 | Te F1: 0.5438
  Epoch 50, Grad Norm: 0.3345
F1 E050 | Loss: 0.6235 | Tr Acc: 0.6132 | Te Acc: 0.5873 | Te AUC: 0.6996 | Te F1: 0.5530
  Epoch 55, Grad Norm: 0.3328
F1 E055 | Loss: 0.6305 | Tr Acc: 0.6542 | Te Acc: 0.6508 | Te AUC: 0.7077 | Te F1: 0.6388
  Epoch 60, Grad Norm: 0.3362
F1 E060 | Loss: 0.6237 | Tr Acc: 0.6631 | Te Acc: 0.6667 | Te AUC: 0.7056 | Te F1: 0.6650
  Epoch 65, Grad Norm: 0.3212
F1 E065 | Loss: 0.6130 | Tr Acc: 0.6649 | Te Acc: 0.6508 | Te AUC: 0.7067 | Te F1: 0.6458
  Epoch 70, Grad Norm: 0.3359
F1 E070 | Loss: 0.6157 | Tr Acc: 0.6649 | Te Acc: 0.6508 | Te AUC: 0.7026 | Te F1: 0.6458
  Epoch 75, Grad Norm: 0.3346
F1 E075 | Loss: 0.6207 | Tr Acc: 0.6667 | Te Acc: 0.6349 | Te AUC: 0.6986 | Te F1: 0.6282
  Epoch 80, Grad Norm: 0.3394
F1 E080 | Loss: 0.6160 | Tr Acc: 0.6613 | Te Acc: 0.6349 | Te AUC: 0.6925 | Te F1: 0.6282
  Epoch 85, Grad Norm: 0.3266
F1 E085 | Loss: 0.6016 | Tr Acc: 0.6809 | Te Acc: 0.6508 | Te AUC: 0.6925 | Te F1: 0.6458
  Epoch 90, Grad Norm: 0.3349
F1 E090 | Loss: 0.6098 | Tr Acc: 0.6881 | Te Acc: 0.6349 | Te AUC: 0.6935 | Te F1: 0.6310
  Epoch 95, Grad Norm: 0.3777
F1 E095 | Loss: 0.6081 | Tr Acc: 0.6881 | Te Acc: 0.6349 | Te AUC: 0.6825 | Te F1: 0.6310
  Epoch 100, Grad Norm: 0.3179
F1 E100 | Loss: 0.6008 | Tr Acc: 0.6774 | Te Acc: 0.6508 | Te AUC: 0.6804 | Te F1: 0.6458
  Epoch 105, Grad Norm: 0.3668
F1 E105 | Loss: 0.5984 | Tr Acc: 0.6863 | Te Acc: 0.6349 | Te AUC: 0.6804 | Te F1: 0.6310
  Epoch 110, Grad Norm: 0.3309
F1 E110 | Loss: 0.5870 | Tr Acc: 0.6756 | Te Acc: 0.6190 | Te AUC: 0.6835 | Te F1: 0.6136
  Epoch 115, Grad Norm: 0.3662
F1 E115 | Loss: 0.6004 | Tr Acc: 0.6720 | Te Acc: 0.5873 | Te AUC: 0.6845 | Te F1: 0.5777
  Epoch 120, Grad Norm: 0.3524
F1 E120 | Loss: 0.5794 | Tr Acc: 0.7005 | Te Acc: 0.6190 | Te AUC: 0.6915 | Te F1: 0.6136
  Epoch 125, Grad Norm: 0.3626
F1 E125 | Loss: 0.5780 | Tr Acc: 0.7184 | Te Acc: 0.6349 | Te AUC: 0.6996 | Te F1: 0.6310
  Epoch 130, Grad Norm: 0.4110
F1 E130 | Loss: 0.5896 | Tr Acc: 0.6934 | Te Acc: 0.6032 | Te AUC: 0.6915 | Te F1: 0.5959
  Epoch 135, Grad Norm: 0.3707
F1 E135 | Loss: 0.5735 | Tr Acc: 0.7112 | Te Acc: 0.6508 | Te AUC: 0.7016 | Te F1: 0.6481
  Learning rate reduced to 2.5e-05
  Epoch 140, Grad Norm: 0.3510
F1 E140 | Loss: 0.5769 | Tr Acc: 0.7077 | Te Acc: 0.6667 | Te AUC: 0.6996 | Te F1: 0.6650
  Epoch 145, Grad Norm: 0.3598
F1 E145 | Loss: 0.5784 | Tr Acc: 0.7077 | Te Acc: 0.6349 | Te AUC: 0.7016 | Te F1: 0.6347
  Epoch 150, Grad Norm: 0.3944
F1 E150 | Loss: 0.5763 | Tr Acc: 0.7059 | Te Acc: 0.6508 | Te AUC: 0.7036 | Te F1: 0.6508
  Epoch 155, Grad Norm: 0.3452
F1 E155 | Loss: 0.5709 | Tr Acc: 0.7059 | Te Acc: 0.6508 | Te AUC: 0.7016 | Te F1: 0.6508
  Epoch 160, Grad Norm: 0.3755
F1 E160 | Loss: 0.5841 | Tr Acc: 0.7041 | Te Acc: 0.6349 | Te AUC: 0.7016 | Te F1: 0.6347
  Epoch 165, Grad Norm: 0.4060
F1 E165 | Loss: 0.5743 | Tr Acc: 0.7059 | Te Acc: 0.6508 | Te AUC: 0.6986 | Te F1: 0.6481
  Epoch 170, Grad Norm: 0.3709
F1 E170 | Loss: 0.5806 | Tr Acc: 0.7077 | Te Acc: 0.6190 | Te AUC: 0.6915 | Te F1: 0.6136
  Epoch 175, Grad Norm: 0.4143
F1 E175 | Loss: 0.5760 | Tr Acc: 0.6952 | Te Acc: 0.5873 | Te AUC: 0.6905 | Te F1: 0.5777
  Epoch 180, Grad Norm: 0.4074
F1 E180 | Loss: 0.5741 | Tr Acc: 0.6827 | Te Acc: 0.5714 | Te AUC: 0.6774 | Te F1: 0.5592
Early stopping triggered at epoch 180 due to lack of improvement in Test AUC for 25 evaluation steps.
Fold 1 - Training finished. Best Test Accuracy: 0.6508, AUC: 0.7077
Fold 1 elapsed time: 49.15 seconds.

--- Fold 2/10 ---
Calculating max TS length for Positional Encoding (624 subjects)...
Determined max TS length 295 from 624 valid files for Positional Encoding.
Fold 2 using dynamic max length (up to 295 for PE).
Loading time series for 624 subjects in fold...
No truncation active. Will pad to max length found in this fold's successful loads.
Padding to max length found in fold: 295
Padding 624 time series to final length: 295
Proceeding with 624 subjects for Fold 2 model training/evaluation.
Phenotype encoder created.
Generating initial embeddings for graph construction (Batch Size: 32)...
Initial embeddings generated.
Building k-NN graph (k=20)...
Graph built with 624 nodes and 12480 edges.
Starting training for Fold 2... Train samples: 561, Test samples: 63
  Epoch 1, Grad Norm: 0.4776
F2 E001 | Loss: 0.7097 | Tr Acc: 0.5169 | Te Acc: 0.5079 | Te AUC: 0.4325 | Te F1: 0.3422
F2 E002 | Loss: 0.6993 | Tr Acc: 0.5187 | Te Acc: 0.5079 | Te AUC: 0.4274 | Te F1: 0.3422
F2 E003 | Loss: 0.7083 | Tr Acc: 0.5223 | Te Acc: 0.5238 | Te AUC: 0.4234 | Te F1: 0.3766
F2 E004 | Loss: 0.6883 | Tr Acc: 0.5526 | Te Acc: 0.5397 | Te AUC: 0.4204 | Te F1: 0.4304
  Epoch 5, Grad Norm: 0.4328
F2 E005 | Loss: 0.6880 | Tr Acc: 0.5775 | Te Acc: 0.5714 | Te AUC: 0.4194 | Te F1: 0.5017
F2 E006 | Loss: 0.6879 | Tr Acc: 0.5793 | Te Acc: 0.4603 | Te AUC: 0.4204 | Te F1: 0.4382
F2 E007 | Loss: 0.6854 | Tr Acc: 0.5526 | Te Acc: 0.4444 | Te AUC: 0.4224 | Te F1: 0.4428
F2 E008 | Loss: 0.6874 | Tr Acc: 0.5508 | Te Acc: 0.3968 | Te AUC: 0.4204 | Te F1: 0.3922
F2 E009 | Loss: 0.6814 | Tr Acc: 0.5508 | Te Acc: 0.4127 | Te AUC: 0.4254 | Te F1: 0.4064
  Epoch 10, Grad Norm: 0.4119
F2 E010 | Loss: 0.6795 | Tr Acc: 0.5455 | Te Acc: 0.4127 | Te AUC: 0.4325 | Te F1: 0.4019
F2 E011 | Loss: 0.6709 | Tr Acc: 0.5383 | Te Acc: 0.4286 | Te AUC: 0.4385 | Te F1: 0.4153
F2 E012 | Loss: 0.6825 | Tr Acc: 0.5312 | Te Acc: 0.4286 | Te AUC: 0.4375 | Te F1: 0.4153
F2 E013 | Loss: 0.6863 | Tr Acc: 0.5544 | Te Acc: 0.4286 | Te AUC: 0.4425 | Te F1: 0.4204
F2 E014 | Loss: 0.6763 | Tr Acc: 0.5597 | Te Acc: 0.4127 | Te AUC: 0.4365 | Te F1: 0.4064
  Epoch 15, Grad Norm: 0.4760
F2 E015 | Loss: 0.6774 | Tr Acc: 0.5793 | Te Acc: 0.3810 | Te AUC: 0.4385 | Te F1: 0.3806
F2 E016 | Loss: 0.6703 | Tr Acc: 0.5971 | Te Acc: 0.4762 | Te AUC: 0.4395 | Te F1: 0.4509
F2 E017 | Loss: 0.6790 | Tr Acc: 0.6061 | Te Acc: 0.5079 | Te AUC: 0.4536 | Te F1: 0.4555
F2 E018 | Loss: 0.6755 | Tr Acc: 0.6043 | Te Acc: 0.5238 | Te AUC: 0.4587 | Te F1: 0.4787
F2 E019 | Loss: 0.6732 | Tr Acc: 0.6114 | Te Acc: 0.5238 | Te AUC: 0.4577 | Te F1: 0.4787
  Epoch 20, Grad Norm: 0.3972
F2 E020 | Loss: 0.6683 | Tr Acc: 0.6185 | Te Acc: 0.5238 | Te AUC: 0.4506 | Te F1: 0.4787
F2 E021 | Loss: 0.6606 | Tr Acc: 0.6275 | Te Acc: 0.5238 | Te AUC: 0.4546 | Te F1: 0.4787
F2 E022 | Loss: 0.6693 | Tr Acc: 0.6203 | Te Acc: 0.5397 | Te AUC: 0.4627 | Te F1: 0.4907
F2 E023 | Loss: 0.6625 | Tr Acc: 0.6257 | Te Acc: 0.5238 | Te AUC: 0.4688 | Te F1: 0.4787
F2 E024 | Loss: 0.6597 | Tr Acc: 0.6203 | Te Acc: 0.5238 | Te AUC: 0.4738 | Te F1: 0.4787
  Epoch 25, Grad Norm: 0.4046
F2 E025 | Loss: 0.6609 | Tr Acc: 0.6168 | Te Acc: 0.4762 | Te AUC: 0.4819 | Te F1: 0.4423
F2 E026 | Loss: 0.6626 | Tr Acc: 0.6292 | Te Acc: 0.5079 | Te AUC: 0.4839 | Te F1: 0.4910
F2 E027 | Loss: 0.6724 | Tr Acc: 0.6239 | Te Acc: 0.4921 | Te AUC: 0.4889 | Te F1: 0.4866
F2 E028 | Loss: 0.6540 | Tr Acc: 0.5989 | Te Acc: 0.5079 | Te AUC: 0.4950 | Te F1: 0.5077
F2 E029 | Loss: 0.6564 | Tr Acc: 0.5918 | Te Acc: 0.4444 | Te AUC: 0.4950 | Te F1: 0.4342
  Epoch 30, Grad Norm: 0.3707
F2 E030 | Loss: 0.6596 | Tr Acc: 0.5882 | Te Acc: 0.4603 | Te AUC: 0.4909 | Te F1: 0.4418
F2 E031 | Loss: 0.6602 | Tr Acc: 0.5811 | Te Acc: 0.4603 | Te AUC: 0.4899 | Te F1: 0.4345
F2 E032 | Loss: 0.6588 | Tr Acc: 0.5633 | Te Acc: 0.4603 | Te AUC: 0.4899 | Te F1: 0.4257
F2 E033 | Loss: 0.6552 | Tr Acc: 0.5686 | Te Acc: 0.4603 | Te AUC: 0.4768 | Te F1: 0.4257
F2 E034 | Loss: 0.6514 | Tr Acc: 0.5722 | Te Acc: 0.4603 | Te AUC: 0.4748 | Te F1: 0.4257
  Epoch 35, Grad Norm: 0.3938
F2 E035 | Loss: 0.6551 | Tr Acc: 0.5971 | Te Acc: 0.4127 | Te AUC: 0.4688 | Te F1: 0.3960
F2 E036 | Loss: 0.6506 | Tr Acc: 0.6292 | Te Acc: 0.3968 | Te AUC: 0.4698 | Te F1: 0.3829
F2 E037 | Loss: 0.6488 | Tr Acc: 0.6364 | Te Acc: 0.4127 | Te AUC: 0.4677 | Te F1: 0.4019
F2 E038 | Loss: 0.6440 | Tr Acc: 0.6542 | Te Acc: 0.4444 | Te AUC: 0.4536 | Te F1: 0.4416
F2 E039 | Loss: 0.6482 | Tr Acc: 0.6471 | Te Acc: 0.4444 | Te AUC: 0.4486 | Te F1: 0.4428
  Epoch 40, Grad Norm: 0.3584
F2 E040 | Loss: 0.6514 | Tr Acc: 0.6506 | Te Acc: 0.4286 | Te AUC: 0.4395 | Te F1: 0.4257
F2 E041 | Loss: 0.6447 | Tr Acc: 0.6542 | Te Acc: 0.4286 | Te AUC: 0.4304 | Te F1: 0.4224
F2 E042 | Loss: 0.6420 | Tr Acc: 0.6417 | Te Acc: 0.4286 | Te AUC: 0.4304 | Te F1: 0.4224
F2 E043 | Loss: 0.6434 | Tr Acc: 0.6399 | Te Acc: 0.4444 | Te AUC: 0.4335 | Te F1: 0.4365
F2 E044 | Loss: 0.6346 | Tr Acc: 0.6471 | Te Acc: 0.4762 | Te AUC: 0.4355 | Te F1: 0.4640
  Learning rate reduced to 5.0e-05
  Epoch 45, Grad Norm: 0.3727
F2 E045 | Loss: 0.6459 | Tr Acc: 0.6488 | Te Acc: 0.4762 | Te AUC: 0.4345 | Te F1: 0.4640
F2 E046 | Loss: 0.6418 | Tr Acc: 0.6417 | Te Acc: 0.4603 | Te AUC: 0.4365 | Te F1: 0.4449
F2 E047 | Loss: 0.6411 | Tr Acc: 0.6417 | Te Acc: 0.4603 | Te AUC: 0.4345 | Te F1: 0.4449
F2 E048 | Loss: 0.6330 | Tr Acc: 0.6364 | Te Acc: 0.4603 | Te AUC: 0.4365 | Te F1: 0.4449
F2 E049 | Loss: 0.6336 | Tr Acc: 0.6399 | Te Acc: 0.4603 | Te AUC: 0.4395 | Te F1: 0.4449
  Epoch 50, Grad Norm: 0.3697
F2 E050 | Loss: 0.6395 | Tr Acc: 0.6435 | Te Acc: 0.4603 | Te AUC: 0.4395 | Te F1: 0.4449
  Epoch 55, Grad Norm: 0.3586
F2 E055 | Loss: 0.6379 | Tr Acc: 0.6435 | Te Acc: 0.4603 | Te AUC: 0.4244 | Te F1: 0.4449
  Epoch 60, Grad Norm: 0.3691
F2 E060 | Loss: 0.6338 | Tr Acc: 0.6542 | Te Acc: 0.4762 | Te AUC: 0.4294 | Te F1: 0.4640
  Epoch 65, Grad Norm: 0.4098
F2 E065 | Loss: 0.6362 | Tr Acc: 0.6578 | Te Acc: 0.4444 | Te AUC: 0.4304 | Te F1: 0.4402
Early stopping triggered at epoch 65 due to lack of improvement in Test AUC for 25 evaluation steps.
Fold 2 - Training finished. Best Test Accuracy: 0.5079, AUC: 0.4950
Fold 2 elapsed time: 26.58 seconds.

--- Fold 3/10 ---
Calculating max TS length for Positional Encoding (624 subjects)...
Determined max TS length 295 from 624 valid files for Positional Encoding.
Fold 3 using dynamic max length (up to 295 for PE).
Loading time series for 624 subjects in fold...
No truncation active. Will pad to max length found in this fold's successful loads.
Padding to max length found in fold: 295
Padding 624 time series to final length: 295
Proceeding with 624 subjects for Fold 3 model training/evaluation.
Phenotype encoder created.
Generating initial embeddings for graph construction (Batch Size: 32)...
Initial embeddings generated.
Building k-NN graph (k=20)...
Graph built with 624 nodes and 12480 edges.
Starting training for Fold 3... Train samples: 561, Test samples: 63
  Epoch 1, Grad Norm: 0.6511
F3 E001 | Loss: 0.7211 | Tr Acc: 0.4848 | Te Acc: 0.4762 | Te AUC: 0.6131 | Te F1: 0.3072
F3 E002 | Loss: 0.7336 | Tr Acc: 0.4848 | Te Acc: 0.4762 | Te AUC: 0.6061 | Te F1: 0.3072
F3 E003 | Loss: 0.7176 | Tr Acc: 0.4848 | Te Acc: 0.4762 | Te AUC: 0.6051 | Te F1: 0.3072
F3 E004 | Loss: 0.7094 | Tr Acc: 0.4866 | Te Acc: 0.4762 | Te AUC: 0.6091 | Te F1: 0.3072
  Epoch 5, Grad Norm: 0.5111
F3 E005 | Loss: 0.7001 | Tr Acc: 0.4742 | Te Acc: 0.4603 | Te AUC: 0.6071 | Te F1: 0.3254
F3 E006 | Loss: 0.7067 | Tr Acc: 0.4831 | Te Acc: 0.4444 | Te AUC: 0.6101 | Te F1: 0.3383
F3 E007 | Loss: 0.6865 | Tr Acc: 0.5169 | Te Acc: 0.4444 | Te AUC: 0.6141 | Te F1: 0.3868
F3 E008 | Loss: 0.6803 | Tr Acc: 0.5401 | Te Acc: 0.5238 | Te AUC: 0.6212 | Te F1: 0.5048
F3 E009 | Loss: 0.6861 | Tr Acc: 0.5793 | Te Acc: 0.5556 | Te AUC: 0.6222 | Te F1: 0.5476
  Epoch 10, Grad Norm: 0.5310
F3 E010 | Loss: 0.7015 | Tr Acc: 0.5722 | Te Acc: 0.5238 | Te AUC: 0.6253 | Te F1: 0.5190
F3 E011 | Loss: 0.6744 | Tr Acc: 0.5775 | Te Acc: 0.5556 | Te AUC: 0.6222 | Te F1: 0.5535
F3 E012 | Loss: 0.6745 | Tr Acc: 0.5936 | Te Acc: 0.5714 | Te AUC: 0.6303 | Te F1: 0.5703
F3 E013 | Loss: 0.6780 | Tr Acc: 0.6096 | Te Acc: 0.5714 | Te AUC: 0.6384 | Te F1: 0.5703
F3 E014 | Loss: 0.6696 | Tr Acc: 0.6078 | Te Acc: 0.6190 | Te AUC: 0.6455 | Te F1: 0.6192
  Epoch 15, Grad Norm: 0.4227
F3 E015 | Loss: 0.6833 | Tr Acc: 0.6061 | Te Acc: 0.6349 | Te AUC: 0.6495 | Te F1: 0.6351
F3 E016 | Loss: 0.6790 | Tr Acc: 0.6096 | Te Acc: 0.6349 | Te AUC: 0.6495 | Te F1: 0.6351
F3 E017 | Loss: 0.6668 | Tr Acc: 0.6114 | Te Acc: 0.6190 | Te AUC: 0.6525 | Te F1: 0.6192
F3 E018 | Loss: 0.6690 | Tr Acc: 0.6203 | Te Acc: 0.6032 | Te AUC: 0.6505 | Te F1: 0.6032
F3 E019 | Loss: 0.6654 | Tr Acc: 0.6275 | Te Acc: 0.5556 | Te AUC: 0.6535 | Te F1: 0.5535
  Epoch 20, Grad Norm: 0.4167
F3 E020 | Loss: 0.6692 | Tr Acc: 0.6328 | Te Acc: 0.5873 | Te AUC: 0.6566 | Te F1: 0.5758
F3 E021 | Loss: 0.6586 | Tr Acc: 0.6221 | Te Acc: 0.5873 | Te AUC: 0.6616 | Te F1: 0.5758
F3 E022 | Loss: 0.6624 | Tr Acc: 0.6185 | Te Acc: 0.5556 | Te AUC: 0.6596 | Te F1: 0.5378
F3 E023 | Loss: 0.6599 | Tr Acc: 0.6168 | Te Acc: 0.5556 | Te AUC: 0.6586 | Te F1: 0.5312
F3 E024 | Loss: 0.6542 | Tr Acc: 0.5900 | Te Acc: 0.5714 | Te AUC: 0.6556 | Te F1: 0.5444
  Epoch 25, Grad Norm: 0.3452
F3 E025 | Loss: 0.6493 | Tr Acc: 0.5865 | Te Acc: 0.5714 | Te AUC: 0.6586 | Te F1: 0.5444
F3 E026 | Loss: 0.6561 | Tr Acc: 0.5865 | Te Acc: 0.5714 | Te AUC: 0.6566 | Te F1: 0.5444
F3 E027 | Loss: 0.6500 | Tr Acc: 0.5758 | Te Acc: 0.5714 | Te AUC: 0.6566 | Te F1: 0.5444
F3 E028 | Loss: 0.6531 | Tr Acc: 0.5811 | Te Acc: 0.5714 | Te AUC: 0.6606 | Te F1: 0.5363
F3 E029 | Loss: 0.6475 | Tr Acc: 0.5758 | Te Acc: 0.5556 | Te AUC: 0.6616 | Te F1: 0.5145
  Epoch 30, Grad Norm: 0.3321
F3 E030 | Loss: 0.6377 | Tr Acc: 0.5758 | Te Acc: 0.5556 | Te AUC: 0.6636 | Te F1: 0.5145
F3 E031 | Loss: 0.6481 | Tr Acc: 0.5722 | Te Acc: 0.5238 | Te AUC: 0.6586 | Te F1: 0.4686
F3 E032 | Loss: 0.6500 | Tr Acc: 0.5740 | Te Acc: 0.5079 | Te AUC: 0.6576 | Te F1: 0.4445
F3 E033 | Loss: 0.6361 | Tr Acc: 0.5758 | Te Acc: 0.5079 | Te AUC: 0.6586 | Te F1: 0.4445
F3 E034 | Loss: 0.6433 | Tr Acc: 0.5758 | Te Acc: 0.5397 | Te AUC: 0.6586 | Te F1: 0.4919
  Epoch 35, Grad Norm: 0.2999
F3 E035 | Loss: 0.6343 | Tr Acc: 0.5722 | Te Acc: 0.5714 | Te AUC: 0.6556 | Te F1: 0.5363
F3 E036 | Loss: 0.6437 | Tr Acc: 0.5811 | Te Acc: 0.5556 | Te AUC: 0.6556 | Te F1: 0.5235
F3 E037 | Loss: 0.6392 | Tr Acc: 0.6043 | Te Acc: 0.5714 | Te AUC: 0.6576 | Te F1: 0.5513
F3 E038 | Loss: 0.6358 | Tr Acc: 0.6221 | Te Acc: 0.5873 | Te AUC: 0.6646 | Te F1: 0.5708
F3 E039 | Loss: 0.6326 | Tr Acc: 0.6257 | Te Acc: 0.5714 | Te AUC: 0.6697 | Te F1: 0.5570
  Epoch 40, Grad Norm: 0.3167
F3 E040 | Loss: 0.6342 | Tr Acc: 0.6364 | Te Acc: 0.5714 | Te AUC: 0.6636 | Te F1: 0.5570
F3 E041 | Loss: 0.6323 | Tr Acc: 0.6435 | Te Acc: 0.5714 | Te AUC: 0.6616 | Te F1: 0.5570
F3 E042 | Loss: 0.6257 | Tr Acc: 0.6417 | Te Acc: 0.5714 | Te AUC: 0.6616 | Te F1: 0.5570
F3 E043 | Loss: 0.6365 | Tr Acc: 0.6488 | Te Acc: 0.6190 | Te AUC: 0.6606 | Te F1: 0.6122
F3 E044 | Loss: 0.6243 | Tr Acc: 0.6471 | Te Acc: 0.6508 | Te AUC: 0.6545 | Te F1: 0.6473
  Epoch 45, Grad Norm: 0.2918
F3 E045 | Loss: 0.6295 | Tr Acc: 0.6310 | Te Acc: 0.6825 | Te AUC: 0.6556 | Te F1: 0.6811
F3 E046 | Loss: 0.6226 | Tr Acc: 0.6346 | Te Acc: 0.6667 | Te AUC: 0.6576 | Te F1: 0.6658
F3 E047 | Loss: 0.6293 | Tr Acc: 0.6453 | Te Acc: 0.6667 | Te AUC: 0.6576 | Te F1: 0.6658
F3 E048 | Loss: 0.6257 | Tr Acc: 0.6453 | Te Acc: 0.6508 | Te AUC: 0.6556 | Te F1: 0.6504
F3 E049 | Loss: 0.6195 | Tr Acc: 0.6435 | Te Acc: 0.6508 | Te AUC: 0.6566 | Te F1: 0.6504
  Epoch 50, Grad Norm: 0.3430
F3 E050 | Loss: 0.6187 | Tr Acc: 0.6435 | Te Acc: 0.6825 | Te AUC: 0.6586 | Te F1: 0.6827
  Epoch 55, Grad Norm: 0.2872
F3 E055 | Loss: 0.6154 | Tr Acc: 0.6578 | Te Acc: 0.6508 | Te AUC: 0.6515 | Te F1: 0.6504
  Epoch 60, Grad Norm: 0.3034
F3 E060 | Loss: 0.6172 | Tr Acc: 0.6649 | Te Acc: 0.6349 | Te AUC: 0.6586 | Te F1: 0.6323
  Epoch 65, Grad Norm: 0.2947
F3 E065 | Loss: 0.6082 | Tr Acc: 0.6809 | Te Acc: 0.6508 | Te AUC: 0.6586 | Te F1: 0.6492
  Epoch 70, Grad Norm: 0.3218
F3 E070 | Loss: 0.5943 | Tr Acc: 0.6720 | Te Acc: 0.6349 | Te AUC: 0.6576 | Te F1: 0.6340
  Epoch 75, Grad Norm: 0.3087
F3 E075 | Loss: 0.5967 | Tr Acc: 0.6488 | Te Acc: 0.6667 | Te AUC: 0.6677 | Te F1: 0.6667
  Learning rate reduced to 5.0e-05
  Epoch 80, Grad Norm: 0.3020
F3 E080 | Loss: 0.5853 | Tr Acc: 0.6649 | Te Acc: 0.6825 | Te AUC: 0.6677 | Te F1: 0.6822
  Epoch 85, Grad Norm: 0.3141
F3 E085 | Loss: 0.5930 | Tr Acc: 0.6702 | Te Acc: 0.6190 | Te AUC: 0.6677 | Te F1: 0.6190
  Epoch 90, Grad Norm: 0.3213
F3 E090 | Loss: 0.5859 | Tr Acc: 0.6970 | Te Acc: 0.6667 | Te AUC: 0.6545 | Te F1: 0.6658
  Epoch 95, Grad Norm: 0.3621
F3 E095 | Loss: 0.5978 | Tr Acc: 0.6988 | Te Acc: 0.6667 | Te AUC: 0.6616 | Te F1: 0.6658
  Epoch 100, Grad Norm: 0.3577
F3 E100 | Loss: 0.5827 | Tr Acc: 0.6898 | Te Acc: 0.6032 | Te AUC: 0.6545 | Te F1: 0.5977
  Epoch 105, Grad Norm: 0.2995
F3 E105 | Loss: 0.5789 | Tr Acc: 0.6988 | Te Acc: 0.5873 | Te AUC: 0.6576 | Te F1: 0.5708
  Epoch 110, Grad Norm: 0.3603
F3 E110 | Loss: 0.5711 | Tr Acc: 0.6988 | Te Acc: 0.5873 | Te AUC: 0.6525 | Te F1: 0.5708
  Epoch 115, Grad Norm: 0.3125
F3 E115 | Loss: 0.5672 | Tr Acc: 0.7041 | Te Acc: 0.6190 | Te AUC: 0.6576 | Te F1: 0.6152
  Epoch 120, Grad Norm: 0.3267
F3 E120 | Loss: 0.5661 | Tr Acc: 0.7166 | Te Acc: 0.6190 | Te AUC: 0.6566 | Te F1: 0.6187
Early stopping triggered at epoch 120 due to lack of improvement in Test AUC for 25 evaluation steps.
Fold 3 - Training finished. Best Test Accuracy: 0.5714, AUC: 0.6697
Fold 3 elapsed time: 37.79 seconds.

--- Fold 4/10 ---
Calculating max TS length for Positional Encoding (624 subjects)...
Determined max TS length 295 from 624 valid files for Positional Encoding.
Fold 4 using dynamic max length (up to 295 for PE).
Loading time series for 624 subjects in fold...
No truncation active. Will pad to max length found in this fold's successful loads.
Padding to max length found in fold: 295
Padding 624 time series to final length: 295
Proceeding with 624 subjects for Fold 4 model training/evaluation.
Phenotype encoder created.
Generating initial embeddings for graph construction (Batch Size: 32)...
Initial embeddings generated.
Building k-NN graph (k=20)...
Graph built with 624 nodes and 12480 edges.
Starting training for Fold 4... Train samples: 561, Test samples: 63
  Epoch 1, Grad Norm: 0.4669
F4 E001 | Loss: 0.7061 | Tr Acc: 0.5152 | Te Acc: 0.5238 | Te AUC: 0.6051 | Te F1: 0.3601
F4 E002 | Loss: 0.6989 | Tr Acc: 0.5152 | Te Acc: 0.5238 | Te AUC: 0.6010 | Te F1: 0.3601
F4 E003 | Loss: 0.7041 | Tr Acc: 0.5152 | Te Acc: 0.5238 | Te AUC: 0.6141 | Te F1: 0.3601
F4 E004 | Loss: 0.6941 | Tr Acc: 0.5152 | Te Acc: 0.5238 | Te AUC: 0.6162 | Te F1: 0.3601
  Epoch 5, Grad Norm: 0.4337
F4 E005 | Loss: 0.6930 | Tr Acc: 0.5152 | Te Acc: 0.5238 | Te AUC: 0.6131 | Te F1: 0.3601
F4 E006 | Loss: 0.6774 | Tr Acc: 0.5152 | Te Acc: 0.5238 | Te AUC: 0.6182 | Te F1: 0.3601
F4 E007 | Loss: 0.6748 | Tr Acc: 0.5152 | Te Acc: 0.5238 | Te AUC: 0.6040 | Te F1: 0.3601
F4 E008 | Loss: 0.6869 | Tr Acc: 0.5223 | Te Acc: 0.5238 | Te AUC: 0.6030 | Te F1: 0.3601
F4 E009 | Loss: 0.6837 | Tr Acc: 0.5348 | Te Acc: 0.5397 | Te AUC: 0.6020 | Te F1: 0.3946
  Epoch 10, Grad Norm: 0.3840
F4 E010 | Loss: 0.6809 | Tr Acc: 0.5490 | Te Acc: 0.5397 | Te AUC: 0.5939 | Te F1: 0.3946
F4 E011 | Loss: 0.6718 | Tr Acc: 0.5526 | Te Acc: 0.5556 | Te AUC: 0.5859 | Te F1: 0.4273
F4 E012 | Loss: 0.6695 | Tr Acc: 0.5579 | Te Acc: 0.5556 | Te AUC: 0.5687 | Te F1: 0.4273
F4 E013 | Loss: 0.6664 | Tr Acc: 0.5508 | Te Acc: 0.5556 | Te AUC: 0.5586 | Te F1: 0.4273
F4 E014 | Loss: 0.6649 | Tr Acc: 0.5597 | Te Acc: 0.5556 | Te AUC: 0.5515 | Te F1: 0.4484
  Epoch 15, Grad Norm: 0.3529
F4 E015 | Loss: 0.6653 | Tr Acc: 0.5722 | Te Acc: 0.5714 | Te AUC: 0.5485 | Te F1: 0.4772
F4 E016 | Loss: 0.6666 | Tr Acc: 0.5686 | Te Acc: 0.5873 | Te AUC: 0.5495 | Te F1: 0.5194
F4 E017 | Loss: 0.6677 | Tr Acc: 0.5775 | Te Acc: 0.5714 | Te AUC: 0.5455 | Te F1: 0.5078
F4 E018 | Loss: 0.6603 | Tr Acc: 0.5900 | Te Acc: 0.5714 | Te AUC: 0.5475 | Te F1: 0.5200
F4 E019 | Loss: 0.6591 | Tr Acc: 0.5793 | Te Acc: 0.5714 | Te AUC: 0.5465 | Te F1: 0.5306
  Epoch 20, Grad Norm: 0.3453
F4 E020 | Loss: 0.6647 | Tr Acc: 0.6132 | Te Acc: 0.5556 | Te AUC: 0.5495 | Te F1: 0.5342
F4 E021 | Loss: 0.6564 | Tr Acc: 0.6257 | Te Acc: 0.5397 | Te AUC: 0.5535 | Te F1: 0.5209
F4 E022 | Loss: 0.6601 | Tr Acc: 0.6310 | Te Acc: 0.5556 | Te AUC: 0.5505 | Te F1: 0.5454
  Learning rate reduced to 5.0e-05
F4 E023 | Loss: 0.6489 | Tr Acc: 0.6221 | Te Acc: 0.5397 | Te AUC: 0.5515 | Te F1: 0.5314
F4 E024 | Loss: 0.6504 | Tr Acc: 0.6185 | Te Acc: 0.5238 | Te AUC: 0.5545 | Te F1: 0.5172
  Epoch 25, Grad Norm: 0.3310
F4 E025 | Loss: 0.6545 | Tr Acc: 0.6150 | Te Acc: 0.5238 | Te AUC: 0.5556 | Te F1: 0.5172
F4 E026 | Loss: 0.6527 | Tr Acc: 0.6185 | Te Acc: 0.5238 | Te AUC: 0.5556 | Te F1: 0.5172
F4 E027 | Loss: 0.6479 | Tr Acc: 0.6185 | Te Acc: 0.5238 | Te AUC: 0.5556 | Te F1: 0.5172
F4 E028 | Loss: 0.6557 | Tr Acc: 0.6168 | Te Acc: 0.5238 | Te AUC: 0.5545 | Te F1: 0.5172
F4 E029 | Loss: 0.6511 | Tr Acc: 0.6185 | Te Acc: 0.5238 | Te AUC: 0.5525 | Te F1: 0.5172
  Epoch 30, Grad Norm: 0.3601
F4 E030 | Loss: 0.6446 | Tr Acc: 0.6203 | Te Acc: 0.5238 | Te AUC: 0.5515 | Te F1: 0.5172
F4 E031 | Loss: 0.6462 | Tr Acc: 0.6221 | Te Acc: 0.5238 | Te AUC: 0.5485 | Te F1: 0.5172
Early stopping triggered at epoch 31 due to lack of improvement in Test AUC for 25 evaluation steps.
Fold 4 - Training finished. Best Test Accuracy: 0.5238, AUC: 0.6182
Fold 4 elapsed time: 18.65 seconds.

--- Fold 5/10 ---
Calculating max TS length for Positional Encoding (624 subjects)...
Determined max TS length 295 from 624 valid files for Positional Encoding.
Fold 5 using dynamic max length (up to 295 for PE).
Loading time series for 624 subjects in fold...
No truncation active. Will pad to max length found in this fold's successful loads.
Padding to max length found in fold: 295
Padding 624 time series to final length: 295
Proceeding with 624 subjects for Fold 5 model training/evaluation.
Phenotype encoder created.
Generating initial embeddings for graph construction (Batch Size: 32)...
Initial embeddings generated.
Building k-NN graph (k=20)...
Graph built with 624 nodes and 12480 edges.
Starting training for Fold 5... Train samples: 562, Test samples: 62
  Epoch 1, Grad Norm: 0.4115
F5 E001 | Loss: 0.7072 | Tr Acc: 0.5160 | Te Acc: 0.5161 | Te AUC: 0.6542 | Te F1: 0.3514
F5 E002 | Loss: 0.7007 | Tr Acc: 0.5160 | Te Acc: 0.5161 | Te AUC: 0.6896 | Te F1: 0.3514
F5 E003 | Loss: 0.6983 | Tr Acc: 0.5178 | Te Acc: 0.5161 | Te AUC: 0.7260 | Te F1: 0.3514
F5 E004 | Loss: 0.6959 | Tr Acc: 0.5374 | Te Acc: 0.5161 | Te AUC: 0.7521 | Te F1: 0.3514
  Epoch 5, Grad Norm: 0.3836
F5 E005 | Loss: 0.6909 | Tr Acc: 0.5480 | Te Acc: 0.5323 | Te AUC: 0.7583 | Te F1: 0.3864
F5 E006 | Loss: 0.6838 | Tr Acc: 0.5587 | Te Acc: 0.5968 | Te AUC: 0.7646 | Te F1: 0.5094
F5 E007 | Loss: 0.6934 | Tr Acc: 0.5819 | Te Acc: 0.6613 | Te AUC: 0.7635 | Te F1: 0.6216
F5 E008 | Loss: 0.6832 | Tr Acc: 0.5836 | Te Acc: 0.6452 | Te AUC: 0.7604 | Te F1: 0.6161
F5 E009 | Loss: 0.6775 | Tr Acc: 0.5747 | Te Acc: 0.6129 | Te AUC: 0.7625 | Te F1: 0.5951
  Epoch 10, Grad Norm: 0.3826
F5 E010 | Loss: 0.6793 | Tr Acc: 0.5765 | Te Acc: 0.6290 | Te AUC: 0.7573 | Te F1: 0.6090
F5 E011 | Loss: 0.6700 | Tr Acc: 0.5801 | Te Acc: 0.6290 | Te AUC: 0.7500 | Te F1: 0.6090
F5 E012 | Loss: 0.6730 | Tr Acc: 0.5747 | Te Acc: 0.6452 | Te AUC: 0.7448 | Te F1: 0.6161
F5 E013 | Loss: 0.6757 | Tr Acc: 0.5854 | Te Acc: 0.6774 | Te AUC: 0.7365 | Te F1: 0.6437
F5 E014 | Loss: 0.6720 | Tr Acc: 0.5819 | Te Acc: 0.6452 | Te AUC: 0.7250 | Te F1: 0.5987
  Epoch 15, Grad Norm: 0.3477
F5 E015 | Loss: 0.6685 | Tr Acc: 0.5801 | Te Acc: 0.6452 | Te AUC: 0.7219 | Te F1: 0.5987
F5 E016 | Loss: 0.6643 | Tr Acc: 0.5819 | Te Acc: 0.6613 | Te AUC: 0.7052 | Te F1: 0.6216
F5 E017 | Loss: 0.6769 | Tr Acc: 0.5925 | Te Acc: 0.6290 | Te AUC: 0.6958 | Te F1: 0.5855
F5 E018 | Loss: 0.6710 | Tr Acc: 0.5872 | Te Acc: 0.5968 | Te AUC: 0.6833 | Te F1: 0.5380
F5 E019 | Loss: 0.6601 | Tr Acc: 0.5872 | Te Acc: 0.5968 | Te AUC: 0.6729 | Te F1: 0.5380
  Epoch 20, Grad Norm: 0.3412
F5 E020 | Loss: 0.6629 | Tr Acc: 0.5872 | Te Acc: 0.5968 | Te AUC: 0.6615 | Te F1: 0.5380
F5 E021 | Loss: 0.6605 | Tr Acc: 0.5819 | Te Acc: 0.5806 | Te AUC: 0.6646 | Te F1: 0.5129
F5 E022 | Loss: 0.6660 | Tr Acc: 0.5890 | Te Acc: 0.5806 | Te AUC: 0.6552 | Te F1: 0.5129
  Learning rate reduced to 5.0e-05
F5 E023 | Loss: 0.6457 | Tr Acc: 0.5925 | Te Acc: 0.5806 | Te AUC: 0.6542 | Te F1: 0.5257
F5 E024 | Loss: 0.6589 | Tr Acc: 0.6068 | Te Acc: 0.6129 | Te AUC: 0.6479 | Te F1: 0.5724
  Epoch 25, Grad Norm: 0.3825
F5 E025 | Loss: 0.6627 | Tr Acc: 0.6068 | Te Acc: 0.5968 | Te AUC: 0.6510 | Te F1: 0.5679
F5 E026 | Loss: 0.6674 | Tr Acc: 0.6103 | Te Acc: 0.5968 | Te AUC: 0.6448 | Te F1: 0.5679
F5 E027 | Loss: 0.6495 | Tr Acc: 0.6121 | Te Acc: 0.5968 | Te AUC: 0.6479 | Te F1: 0.5750
F5 E028 | Loss: 0.6562 | Tr Acc: 0.6335 | Te Acc: 0.5806 | Te AUC: 0.6448 | Te F1: 0.5670
F5 E029 | Loss: 0.6566 | Tr Acc: 0.6335 | Te Acc: 0.5484 | Te AUC: 0.6490 | Te F1: 0.5427
  Epoch 30, Grad Norm: 0.3409
F5 E030 | Loss: 0.6614 | Tr Acc: 0.6441 | Te Acc: 0.5484 | Te AUC: 0.6552 | Te F1: 0.5427
F5 E031 | Loss: 0.6495 | Tr Acc: 0.6406 | Te Acc: 0.5484 | Te AUC: 0.6573 | Te F1: 0.5427
Early stopping triggered at epoch 31 due to lack of improvement in Test AUC for 25 evaluation steps.
Fold 5 - Training finished. Best Test Accuracy: 0.5968, AUC: 0.7646
Fold 5 elapsed time: 19.16 seconds.

--- Fold 6/10 ---
Calculating max TS length for Positional Encoding (624 subjects)...
Determined max TS length 295 from 624 valid files for Positional Encoding.
Fold 6 using dynamic max length (up to 295 for PE).
Loading time series for 624 subjects in fold...
No truncation active. Will pad to max length found in this fold's successful loads.
Padding to max length found in fold: 295
Padding 624 time series to final length: 295
Proceeding with 624 subjects for Fold 6 model training/evaluation.
Phenotype encoder created.
Generating initial embeddings for graph construction (Batch Size: 32)...
Initial embeddings generated.
Building k-NN graph (k=20)...
Graph built with 624 nodes and 12480 edges.
Starting training for Fold 6... Train samples: 562, Test samples: 62
  Epoch 1, Grad Norm: 0.4360
F6 E001 | Loss: 0.7100 | Tr Acc: 0.4840 | Te Acc: 0.4839 | Te AUC: 0.6427 | Te F1: 0.3156
F6 E002 | Loss: 0.7074 | Tr Acc: 0.4840 | Te Acc: 0.4839 | Te AUC: 0.6469 | Te F1: 0.3156
F6 E003 | Loss: 0.7021 | Tr Acc: 0.4840 | Te Acc: 0.4839 | Te AUC: 0.6604 | Te F1: 0.3156
F6 E004 | Loss: 0.6930 | Tr Acc: 0.4840 | Te Acc: 0.4839 | Te AUC: 0.6583 | Te F1: 0.3156
  Epoch 5, Grad Norm: 0.4006
F6 E005 | Loss: 0.7011 | Tr Acc: 0.4840 | Te Acc: 0.4839 | Te AUC: 0.6646 | Te F1: 0.3156
F6 E006 | Loss: 0.6912 | Tr Acc: 0.4715 | Te Acc: 0.5000 | Te AUC: 0.6604 | Te F1: 0.3743
F6 E007 | Loss: 0.6900 | Tr Acc: 0.4751 | Te Acc: 0.5000 | Te AUC: 0.6656 | Te F1: 0.3743
F6 E008 | Loss: 0.6902 | Tr Acc: 0.4911 | Te Acc: 0.5161 | Te AUC: 0.6615 | Te F1: 0.4049
F6 E009 | Loss: 0.6854 | Tr Acc: 0.4982 | Te Acc: 0.5323 | Te AUC: 0.6656 | Te F1: 0.4147
  Epoch 10, Grad Norm: 0.3457
F6 E010 | Loss: 0.6827 | Tr Acc: 0.5178 | Te Acc: 0.5645 | Te AUC: 0.6625 | Te F1: 0.4732
F6 E011 | Loss: 0.6895 | Tr Acc: 0.5516 | Te Acc: 0.5968 | Te AUC: 0.6615 | Te F1: 0.5395
F6 E012 | Loss: 0.6818 | Tr Acc: 0.5961 | Te Acc: 0.5806 | Te AUC: 0.6500 | Te F1: 0.5672
F6 E013 | Loss: 0.6728 | Tr Acc: 0.6370 | Te Acc: 0.5806 | Te AUC: 0.6323 | Te F1: 0.5780
F6 E014 | Loss: 0.6693 | Tr Acc: 0.6139 | Te Acc: 0.5484 | Te AUC: 0.6083 | Te F1: 0.5474
  Epoch 15, Grad Norm: 0.3217
F6 E015 | Loss: 0.6697 | Tr Acc: 0.6014 | Te Acc: 0.5161 | Te AUC: 0.5917 | Te F1: 0.5131
F6 E016 | Loss: 0.6550 | Tr Acc: 0.6121 | Te Acc: 0.5323 | Te AUC: 0.5760 | Te F1: 0.5279
F6 E017 | Loss: 0.6608 | Tr Acc: 0.6139 | Te Acc: 0.5645 | Te AUC: 0.5667 | Te F1: 0.5529
F6 E018 | Loss: 0.6647 | Tr Acc: 0.6157 | Te Acc: 0.5484 | Te AUC: 0.5646 | Te F1: 0.5276
F6 E019 | Loss: 0.6571 | Tr Acc: 0.6139 | Te Acc: 0.5484 | Te AUC: 0.5615 | Te F1: 0.5276
  Epoch 20, Grad Norm: 0.3230
F6 E020 | Loss: 0.6619 | Tr Acc: 0.6174 | Te Acc: 0.5484 | Te AUC: 0.5708 | Te F1: 0.5276
F6 E021 | Loss: 0.6660 | Tr Acc: 0.6192 | Te Acc: 0.5484 | Te AUC: 0.5667 | Te F1: 0.5276
F6 E022 | Loss: 0.6746 | Tr Acc: 0.6192 | Te Acc: 0.5484 | Te AUC: 0.5719 | Te F1: 0.5276
F6 E023 | Loss: 0.6578 | Tr Acc: 0.6174 | Te Acc: 0.5484 | Te AUC: 0.5677 | Te F1: 0.5276
  Learning rate reduced to 5.0e-05
F6 E024 | Loss: 0.6593 | Tr Acc: 0.6174 | Te Acc: 0.5484 | Te AUC: 0.5625 | Te F1: 0.5276
  Epoch 25, Grad Norm: 0.3054
F6 E025 | Loss: 0.6579 | Tr Acc: 0.6157 | Te Acc: 0.5484 | Te AUC: 0.5542 | Te F1: 0.5276
F6 E026 | Loss: 0.6637 | Tr Acc: 0.6121 | Te Acc: 0.5484 | Te AUC: 0.5500 | Te F1: 0.5276
F6 E027 | Loss: 0.6578 | Tr Acc: 0.6068 | Te Acc: 0.5484 | Te AUC: 0.5500 | Te F1: 0.5276
F6 E028 | Loss: 0.6598 | Tr Acc: 0.6085 | Te Acc: 0.5484 | Te AUC: 0.5469 | Te F1: 0.5276
F6 E029 | Loss: 0.6478 | Tr Acc: 0.6121 | Te Acc: 0.5484 | Te AUC: 0.5385 | Te F1: 0.5276
  Epoch 30, Grad Norm: 0.3037
F6 E030 | Loss: 0.6519 | Tr Acc: 0.6157 | Te Acc: 0.5484 | Te AUC: 0.5365 | Te F1: 0.5276
F6 E031 | Loss: 0.6579 | Tr Acc: 0.6192 | Te Acc: 0.5323 | Te AUC: 0.5365 | Te F1: 0.5141
F6 E032 | Loss: 0.6495 | Tr Acc: 0.6263 | Te Acc: 0.5645 | Te AUC: 0.5323 | Te F1: 0.5529
Early stopping triggered at epoch 32 due to lack of improvement in Test AUC for 25 evaluation steps.
Fold 6 - Training finished. Best Test Accuracy: 0.5000, AUC: 0.6656
Fold 6 elapsed time: 18.49 seconds.

--- Fold 7/10 ---
Calculating max TS length for Positional Encoding (624 subjects)...
Determined max TS length 295 from 624 valid files for Positional Encoding.
Fold 7 using dynamic max length (up to 295 for PE).
Loading time series for 624 subjects in fold...
No truncation active. Will pad to max length found in this fold's successful loads.
Padding to max length found in fold: 295
Padding 624 time series to final length: 295
Proceeding with 624 subjects for Fold 7 model training/evaluation.
Phenotype encoder created.
Generating initial embeddings for graph construction (Batch Size: 32)...
Initial embeddings generated.
Building k-NN graph (k=20)...
Graph built with 624 nodes and 12480 edges.
Starting training for Fold 7... Train samples: 562, Test samples: 62
  Epoch 1, Grad Norm: 0.4474
F7 E001 | Loss: 0.7117 | Tr Acc: 0.5160 | Te Acc: 0.5161 | Te AUC: 0.5813 | Te F1: 0.3514
F7 E002 | Loss: 0.6961 | Tr Acc: 0.5160 | Te Acc: 0.5161 | Te AUC: 0.6385 | Te F1: 0.3514
F7 E003 | Loss: 0.6950 | Tr Acc: 0.5160 | Te Acc: 0.5161 | Te AUC: 0.6604 | Te F1: 0.3514
F7 E004 | Loss: 0.6932 | Tr Acc: 0.5160 | Te Acc: 0.5161 | Te AUC: 0.6573 | Te F1: 0.3514
  Epoch 5, Grad Norm: 0.4024
F7 E005 | Loss: 0.6858 | Tr Acc: 0.5178 | Te Acc: 0.5161 | Te AUC: 0.6625 | Te F1: 0.3514
F7 E006 | Loss: 0.6812 | Tr Acc: 0.5178 | Te Acc: 0.5161 | Te AUC: 0.6385 | Te F1: 0.3514
F7 E007 | Loss: 0.6967 | Tr Acc: 0.5178 | Te Acc: 0.5161 | Te AUC: 0.6302 | Te F1: 0.3514
F7 E008 | Loss: 0.6885 | Tr Acc: 0.5160 | Te Acc: 0.5161 | Te AUC: 0.6344 | Te F1: 0.3514
F7 E009 | Loss: 0.6700 | Tr Acc: 0.5160 | Te Acc: 0.5161 | Te AUC: 0.6354 | Te F1: 0.3514
  Epoch 10, Grad Norm: 0.3525
F7 E010 | Loss: 0.6760 | Tr Acc: 0.5178 | Te Acc: 0.5161 | Te AUC: 0.6188 | Te F1: 0.3514
F7 E011 | Loss: 0.6892 | Tr Acc: 0.5178 | Te Acc: 0.5161 | Te AUC: 0.6167 | Te F1: 0.3514
F7 E012 | Loss: 0.6793 | Tr Acc: 0.5267 | Te Acc: 0.5323 | Te AUC: 0.6083 | Te F1: 0.3864
F7 E013 | Loss: 0.6778 | Tr Acc: 0.5285 | Te Acc: 0.5323 | Te AUC: 0.6062 | Te F1: 0.3864
F7 E014 | Loss: 0.6756 | Tr Acc: 0.5338 | Te Acc: 0.5323 | Te AUC: 0.6083 | Te F1: 0.4103
  Epoch 15, Grad Norm: 0.3498
F7 E015 | Loss: 0.6614 | Tr Acc: 0.5391 | Te Acc: 0.5484 | Te AUC: 0.6062 | Te F1: 0.4409
F7 E016 | Loss: 0.6810 | Tr Acc: 0.5409 | Te Acc: 0.5484 | Te AUC: 0.6042 | Te F1: 0.4409
F7 E017 | Loss: 0.6651 | Tr Acc: 0.5427 | Te Acc: 0.5484 | Te AUC: 0.6000 | Te F1: 0.4409
F7 E018 | Loss: 0.6751 | Tr Acc: 0.5427 | Te Acc: 0.5645 | Te AUC: 0.6010 | Te F1: 0.4701
F7 E019 | Loss: 0.6724 | Tr Acc: 0.5552 | Te Acc: 0.5645 | Te AUC: 0.6062 | Te F1: 0.4701
  Epoch 20, Grad Norm: 0.3305
F7 E020 | Loss: 0.6648 | Tr Acc: 0.5605 | Te Acc: 0.5645 | Te AUC: 0.6208 | Te F1: 0.4701
F7 E021 | Loss: 0.6667 | Tr Acc: 0.5641 | Te Acc: 0.5645 | Te AUC: 0.6292 | Te F1: 0.4701
  Learning rate reduced to 5.0e-05
F7 E022 | Loss: 0.6645 | Tr Acc: 0.5658 | Te Acc: 0.5484 | Te AUC: 0.6312 | Te F1: 0.4594
F7 E023 | Loss: 0.6615 | Tr Acc: 0.5712 | Te Acc: 0.5645 | Te AUC: 0.6354 | Te F1: 0.4867
F7 E024 | Loss: 0.6591 | Tr Acc: 0.5730 | Te Acc: 0.5323 | Te AUC: 0.6375 | Te F1: 0.4641
  Epoch 25, Grad Norm: 0.3344
F7 E025 | Loss: 0.6570 | Tr Acc: 0.5747 | Te Acc: 0.5161 | Te AUC: 0.6313 | Te F1: 0.4656
F7 E026 | Loss: 0.6651 | Tr Acc: 0.5730 | Te Acc: 0.5323 | Te AUC: 0.6250 | Te F1: 0.4987
F7 E027 | Loss: 0.6692 | Tr Acc: 0.5836 | Te Acc: 0.5484 | Te AUC: 0.6198 | Te F1: 0.5202
F7 E028 | Loss: 0.6601 | Tr Acc: 0.5907 | Te Acc: 0.5161 | Te AUC: 0.6187 | Te F1: 0.4938
F7 E029 | Loss: 0.6598 | Tr Acc: 0.5890 | Te Acc: 0.5323 | Te AUC: 0.6188 | Te F1: 0.5141
  Epoch 30, Grad Norm: 0.3368
F7 E030 | Loss: 0.6633 | Tr Acc: 0.5961 | Te Acc: 0.5645 | Te AUC: 0.6125 | Te F1: 0.5529
Early stopping triggered at epoch 30 due to lack of improvement in Test AUC for 25 evaluation steps.
Fold 7 - Training finished. Best Test Accuracy: 0.5161, AUC: 0.6625
Fold 7 elapsed time: 17.82 seconds.

--- Fold 8/10 ---
Calculating max TS length for Positional Encoding (624 subjects)...
Determined max TS length 295 from 624 valid files for Positional Encoding.
Fold 8 using dynamic max length (up to 295 for PE).
Loading time series for 624 subjects in fold...
No truncation active. Will pad to max length found in this fold's successful loads.
Padding to max length found in fold: 295
Padding 624 time series to final length: 295
Proceeding with 624 subjects for Fold 8 model training/evaluation.
Phenotype encoder created.
Generating initial embeddings for graph construction (Batch Size: 32)...
Initial embeddings generated.
Building k-NN graph (k=20)...
Graph built with 624 nodes and 12480 edges.
Starting training for Fold 8... Train samples: 562, Test samples: 62
  Epoch 1, Grad Norm: 0.4654
F8 E001 | Loss: 0.6998 | Tr Acc: 0.5160 | Te Acc: 0.5161 | Te AUC: 0.5854 | Te F1: 0.3514
F8 E002 | Loss: 0.6880 | Tr Acc: 0.5160 | Te Acc: 0.5161 | Te AUC: 0.5833 | Te F1: 0.3514
F8 E003 | Loss: 0.7017 | Tr Acc: 0.5160 | Te Acc: 0.5161 | Te AUC: 0.5896 | Te F1: 0.3514
F8 E004 | Loss: 0.6916 | Tr Acc: 0.5178 | Te Acc: 0.5161 | Te AUC: 0.5479 | Te F1: 0.3514
  Epoch 5, Grad Norm: 0.4019
F8 E005 | Loss: 0.6911 | Tr Acc: 0.5196 | Te Acc: 0.5161 | Te AUC: 0.5333 | Te F1: 0.3514
F8 E006 | Loss: 0.6820 | Tr Acc: 0.5231 | Te Acc: 0.5161 | Te AUC: 0.5021 | Te F1: 0.3514
F8 E007 | Loss: 0.6834 | Tr Acc: 0.5427 | Te Acc: 0.5323 | Te AUC: 0.4479 | Te F1: 0.3864
F8 E008 | Loss: 0.6749 | Tr Acc: 0.5552 | Te Acc: 0.5323 | Te AUC: 0.4021 | Te F1: 0.4103
F8 E009 | Loss: 0.6690 | Tr Acc: 0.5569 | Te Acc: 0.5000 | Te AUC: 0.3948 | Te F1: 0.3917
  Epoch 10, Grad Norm: 0.4117
F8 E010 | Loss: 0.6834 | Tr Acc: 0.5801 | Te Acc: 0.4839 | Te AUC: 0.3969 | Te F1: 0.4005
F8 E011 | Loss: 0.6789 | Tr Acc: 0.5890 | Te Acc: 0.5484 | Te AUC: 0.3979 | Te F1: 0.5012
F8 E012 | Loss: 0.6741 | Tr Acc: 0.5854 | Te Acc: 0.5323 | Te AUC: 0.3958 | Te F1: 0.4987
F8 E013 | Loss: 0.6631 | Tr Acc: 0.5979 | Te Acc: 0.5161 | Te AUC: 0.3969 | Te F1: 0.4859
F8 E014 | Loss: 0.6741 | Tr Acc: 0.6032 | Te Acc: 0.4677 | Te AUC: 0.4094 | Te F1: 0.4470
  Epoch 15, Grad Norm: 0.3254
F8 E015 | Loss: 0.6706 | Tr Acc: 0.6032 | Te Acc: 0.4516 | Te AUC: 0.4094 | Te F1: 0.4338
F8 E016 | Loss: 0.6599 | Tr Acc: 0.6032 | Te Acc: 0.4355 | Te AUC: 0.4094 | Te F1: 0.4205
F8 E017 | Loss: 0.6600 | Tr Acc: 0.6068 | Te Acc: 0.4516 | Te AUC: 0.4187 | Te F1: 0.4338
F8 E018 | Loss: 0.6642 | Tr Acc: 0.6085 | Te Acc: 0.4677 | Te AUC: 0.4156 | Te F1: 0.4470
F8 E019 | Loss: 0.6656 | Tr Acc: 0.6032 | Te Acc: 0.4839 | Te AUC: 0.4219 | Te F1: 0.4601
  Learning rate reduced to 5.0e-05
  Epoch 20, Grad Norm: 0.3464
F8 E020 | Loss: 0.6582 | Tr Acc: 0.6085 | Te Acc: 0.5000 | Te AUC: 0.4302 | Te F1: 0.4731
F8 E021 | Loss: 0.6617 | Tr Acc: 0.6068 | Te Acc: 0.4677 | Te AUC: 0.4406 | Te F1: 0.4296
F8 E022 | Loss: 0.6611 | Tr Acc: 0.6050 | Te Acc: 0.4677 | Te AUC: 0.4406 | Te F1: 0.4296
F8 E023 | Loss: 0.6532 | Tr Acc: 0.6014 | Te Acc: 0.4677 | Te AUC: 0.4385 | Te F1: 0.4296
F8 E024 | Loss: 0.6560 | Tr Acc: 0.5996 | Te Acc: 0.4839 | Te AUC: 0.4448 | Te F1: 0.4416
  Epoch 25, Grad Norm: 0.3276
F8 E025 | Loss: 0.6532 | Tr Acc: 0.5943 | Te Acc: 0.4839 | Te AUC: 0.4417 | Te F1: 0.4416
F8 E026 | Loss: 0.6501 | Tr Acc: 0.5943 | Te Acc: 0.4839 | Te AUC: 0.4396 | Te F1: 0.4416
F8 E027 | Loss: 0.6629 | Tr Acc: 0.5907 | Te Acc: 0.4839 | Te AUC: 0.4469 | Te F1: 0.4416
F8 E028 | Loss: 0.6620 | Tr Acc: 0.5943 | Te Acc: 0.4839 | Te AUC: 0.4448 | Te F1: 0.4416
Early stopping triggered at epoch 28 due to lack of improvement in Test AUC for 25 evaluation steps.
Fold 8 - Training finished. Best Test Accuracy: 0.5161, AUC: 0.5896
Fold 8 elapsed time: 17.08 seconds.

--- Fold 9/10 ---
Calculating max TS length for Positional Encoding (624 subjects)...
Determined max TS length 295 from 624 valid files for Positional Encoding.
Fold 9 using dynamic max length (up to 295 for PE).
Loading time series for 624 subjects in fold...
No truncation active. Will pad to max length found in this fold's successful loads.
Padding to max length found in fold: 295
Padding 624 time series to final length: 295
Proceeding with 624 subjects for Fold 9 model training/evaluation.
Phenotype encoder created.
Generating initial embeddings for graph construction (Batch Size: 32)...
Initial embeddings generated.
Building k-NN graph (k=20)...
Graph built with 624 nodes and 12480 edges.
Starting training for Fold 9... Train samples: 562, Test samples: 62
  Epoch 1, Grad Norm: 0.3817
F9 E001 | Loss: 0.6961 | Tr Acc: 0.5160 | Te Acc: 0.5161 | Te AUC: 0.4771 | Te F1: 0.3514
F9 E002 | Loss: 0.6963 | Tr Acc: 0.5160 | Te Acc: 0.5161 | Te AUC: 0.4896 | Te F1: 0.3514
F9 E003 | Loss: 0.6844 | Tr Acc: 0.5142 | Te Acc: 0.5161 | Te AUC: 0.4958 | Te F1: 0.3514
F9 E004 | Loss: 0.6708 | Tr Acc: 0.5142 | Te Acc: 0.5161 | Te AUC: 0.4927 | Te F1: 0.3514
  Epoch 5, Grad Norm: 0.3517
F9 E005 | Loss: 0.6814 | Tr Acc: 0.5160 | Te Acc: 0.5161 | Te AUC: 0.4948 | Te F1: 0.3514
F9 E006 | Loss: 0.6866 | Tr Acc: 0.5160 | Te Acc: 0.5161 | Te AUC: 0.4969 | Te F1: 0.3514
F9 E007 | Loss: 0.6777 | Tr Acc: 0.5178 | Te Acc: 0.5161 | Te AUC: 0.5010 | Te F1: 0.3514
F9 E008 | Loss: 0.6868 | Tr Acc: 0.5356 | Te Acc: 0.5323 | Te AUC: 0.5125 | Te F1: 0.3864
F9 E009 | Loss: 0.6725 | Tr Acc: 0.5356 | Te Acc: 0.5323 | Te AUC: 0.5146 | Te F1: 0.3864
  Epoch 10, Grad Norm: 0.3318
F9 E010 | Loss: 0.6834 | Tr Acc: 0.5445 | Te Acc: 0.5323 | Te AUC: 0.5177 | Te F1: 0.4103
F9 E011 | Loss: 0.6805 | Tr Acc: 0.5552 | Te Acc: 0.5323 | Te AUC: 0.5240 | Te F1: 0.4103
F9 E012 | Loss: 0.6727 | Tr Acc: 0.5534 | Te Acc: 0.5323 | Te AUC: 0.5604 | Te F1: 0.4103
F9 E013 | Loss: 0.6625 | Tr Acc: 0.5534 | Te Acc: 0.5161 | Te AUC: 0.5896 | Te F1: 0.4010
F9 E014 | Loss: 0.6676 | Tr Acc: 0.5676 | Te Acc: 0.5161 | Te AUC: 0.6021 | Te F1: 0.4208
  Epoch 15, Grad Norm: 0.3319
F9 E015 | Loss: 0.6836 | Tr Acc: 0.5694 | Te Acc: 0.4839 | Te AUC: 0.6146 | Te F1: 0.4005
F9 E016 | Loss: 0.6594 | Tr Acc: 0.5623 | Te Acc: 0.4839 | Te AUC: 0.6240 | Te F1: 0.4005
F9 E017 | Loss: 0.6697 | Tr Acc: 0.5730 | Te Acc: 0.4677 | Te AUC: 0.6188 | Te F1: 0.3902
F9 E018 | Loss: 0.6622 | Tr Acc: 0.5783 | Te Acc: 0.4677 | Te AUC: 0.6156 | Te F1: 0.3902
F9 E019 | Loss: 0.6650 | Tr Acc: 0.5819 | Te Acc: 0.4677 | Te AUC: 0.6135 | Te F1: 0.3902
  Epoch 20, Grad Norm: 0.3311
F9 E020 | Loss: 0.6726 | Tr Acc: 0.5854 | Te Acc: 0.4677 | Te AUC: 0.6073 | Te F1: 0.4053
F9 E021 | Loss: 0.6662 | Tr Acc: 0.5943 | Te Acc: 0.4516 | Te AUC: 0.6104 | Te F1: 0.3943
F9 E022 | Loss: 0.6648 | Tr Acc: 0.5979 | Te Acc: 0.5161 | Te AUC: 0.6094 | Te F1: 0.4859
F9 E023 | Loss: 0.6616 | Tr Acc: 0.6085 | Te Acc: 0.5000 | Te AUC: 0.6000 | Te F1: 0.4805
F9 E024 | Loss: 0.6573 | Tr Acc: 0.6050 | Te Acc: 0.5000 | Te AUC: 0.5979 | Te F1: 0.4867
  Epoch 25, Grad Norm: 0.3274
F9 E025 | Loss: 0.6652 | Tr Acc: 0.6174 | Te Acc: 0.5645 | Te AUC: 0.5927 | Te F1: 0.5628
F9 E026 | Loss: 0.6575 | Tr Acc: 0.6157 | Te Acc: 0.5968 | Te AUC: 0.5865 | Te F1: 0.5969
F9 E027 | Loss: 0.6550 | Tr Acc: 0.6032 | Te Acc: 0.5806 | Te AUC: 0.5875 | Te F1: 0.5718
F9 E028 | Loss: 0.6574 | Tr Acc: 0.5641 | Te Acc: 0.5806 | Te AUC: 0.5792 | Te F1: 0.5470
F9 E029 | Loss: 0.6602 | Tr Acc: 0.5569 | Te Acc: 0.5806 | Te AUC: 0.5740 | Te F1: 0.5271
  Epoch 30, Grad Norm: 0.3115
F9 E030 | Loss: 0.6591 | Tr Acc: 0.5623 | Te Acc: 0.5806 | Te AUC: 0.5781 | Te F1: 0.5271
F9 E031 | Loss: 0.6592 | Tr Acc: 0.5569 | Te Acc: 0.5806 | Te AUC: 0.5781 | Te F1: 0.5271
F9 E032 | Loss: 0.6556 | Tr Acc: 0.5534 | Te Acc: 0.5806 | Te AUC: 0.5802 | Te F1: 0.5271
  Learning rate reduced to 5.0e-05
F9 E033 | Loss: 0.6548 | Tr Acc: 0.5552 | Te Acc: 0.5806 | Te AUC: 0.5802 | Te F1: 0.5271
F9 E034 | Loss: 0.6613 | Tr Acc: 0.5658 | Te Acc: 0.5806 | Te AUC: 0.5802 | Te F1: 0.5271
  Epoch 35, Grad Norm: 0.3569
F9 E035 | Loss: 0.6637 | Tr Acc: 0.5658 | Te Acc: 0.5806 | Te AUC: 0.5823 | Te F1: 0.5271
F9 E036 | Loss: 0.6648 | Tr Acc: 0.5658 | Te Acc: 0.5806 | Te AUC: 0.5760 | Te F1: 0.5271
F9 E037 | Loss: 0.6637 | Tr Acc: 0.5676 | Te Acc: 0.5806 | Te AUC: 0.5813 | Te F1: 0.5271
F9 E038 | Loss: 0.6541 | Tr Acc: 0.5730 | Te Acc: 0.5806 | Te AUC: 0.5844 | Te F1: 0.5271
F9 E039 | Loss: 0.6601 | Tr Acc: 0.5836 | Te Acc: 0.5806 | Te AUC: 0.5833 | Te F1: 0.5470
  Epoch 40, Grad Norm: 0.3149
F9 E040 | Loss: 0.6494 | Tr Acc: 0.5836 | Te Acc: 0.5806 | Te AUC: 0.5854 | Te F1: 0.5470
F9 E041 | Loss: 0.6580 | Tr Acc: 0.5943 | Te Acc: 0.5484 | Te AUC: 0.5885 | Te F1: 0.5279
Early stopping triggered at epoch 41 due to lack of improvement in Test AUC for 25 evaluation steps.
Fold 9 - Training finished. Best Test Accuracy: 0.4839, AUC: 0.6240
Fold 9 elapsed time: 20.97 seconds.

--- Fold 10/10 ---
Calculating max TS length for Positional Encoding (624 subjects)...
Determined max TS length 295 from 624 valid files for Positional Encoding.
Fold 10 using dynamic max length (up to 295 for PE).
Loading time series for 624 subjects in fold...
No truncation active. Will pad to max length found in this fold's successful loads.
Padding to max length found in fold: 295
Padding 624 time series to final length: 295
Proceeding with 624 subjects for Fold 10 model training/evaluation.
Phenotype encoder created.
Generating initial embeddings for graph construction (Batch Size: 32)...
Initial embeddings generated.
Building k-NN graph (k=20)...
Graph built with 624 nodes and 12480 edges.
Starting training for Fold 10... Train samples: 562, Test samples: 62
  Epoch 1, Grad Norm: 0.5653
F10 E001 | Loss: 0.7047 | Tr Acc: 0.4840 | Te Acc: 0.4839 | Te AUC: 0.3229 | Te F1: 0.3156
F10 E002 | Loss: 0.7036 | Tr Acc: 0.4840 | Te Acc: 0.4839 | Te AUC: 0.3823 | Te F1: 0.3156
F10 E003 | Loss: 0.6921 | Tr Acc: 0.4840 | Te Acc: 0.4839 | Te AUC: 0.4906 | Te F1: 0.3156
F10 E004 | Loss: 0.6920 | Tr Acc: 0.4840 | Te Acc: 0.4839 | Te AUC: 0.5188 | Te F1: 0.3156
  Epoch 5, Grad Norm: 0.4355
F10 E005 | Loss: 0.6862 | Tr Acc: 0.4858 | Te Acc: 0.4839 | Te AUC: 0.5438 | Te F1: 0.3156
F10 E006 | Loss: 0.6769 | Tr Acc: 0.4769 | Te Acc: 0.4839 | Te AUC: 0.5667 | Te F1: 0.3422
F10 E007 | Loss: 0.6954 | Tr Acc: 0.5178 | Te Acc: 0.5000 | Te AUC: 0.5760 | Te F1: 0.4290
F10 E008 | Loss: 0.6811 | Tr Acc: 0.5445 | Te Acc: 0.5323 | Te AUC: 0.5802 | Te F1: 0.5143
F10 E009 | Loss: 0.6880 | Tr Acc: 0.5925 | Te Acc: 0.5645 | Te AUC: 0.5812 | Te F1: 0.5646
  Epoch 10, Grad Norm: 0.4429
F10 E010 | Loss: 0.6768 | Tr Acc: 0.5907 | Te Acc: 0.5968 | Te AUC: 0.5844 | Te F1: 0.5931
F10 E011 | Loss: 0.6754 | Tr Acc: 0.5907 | Te Acc: 0.5806 | Te AUC: 0.5865 | Te F1: 0.5753
F10 E012 | Loss: 0.6681 | Tr Acc: 0.5907 | Te Acc: 0.5806 | Te AUC: 0.5906 | Te F1: 0.5780
F10 E013 | Loss: 0.6667 | Tr Acc: 0.5890 | Te Acc: 0.5806 | Te AUC: 0.5958 | Te F1: 0.5798
F10 E014 | Loss: 0.6705 | Tr Acc: 0.5925 | Te Acc: 0.5645 | Te AUC: 0.5927 | Te F1: 0.5646
  Epoch 15, Grad Norm: 0.3801
F10 E015 | Loss: 0.6629 | Tr Acc: 0.5996 | Te Acc: 0.5645 | Te AUC: 0.5958 | Te F1: 0.5646
F10 E016 | Loss: 0.6643 | Tr Acc: 0.6014 | Te Acc: 0.5484 | Te AUC: 0.5927 | Te F1: 0.5484
F10 E017 | Loss: 0.6630 | Tr Acc: 0.5961 | Te Acc: 0.5484 | Te AUC: 0.5958 | Te F1: 0.5484
F10 E018 | Loss: 0.6641 | Tr Acc: 0.5961 | Te Acc: 0.5806 | Te AUC: 0.5958 | Te F1: 0.5806
F10 E019 | Loss: 0.6596 | Tr Acc: 0.6014 | Te Acc: 0.5968 | Te AUC: 0.6000 | Te F1: 0.5965
  Epoch 20, Grad Norm: 0.3588
F10 E020 | Loss: 0.6574 | Tr Acc: 0.6050 | Te Acc: 0.5806 | Te AUC: 0.6031 | Te F1: 0.5798
F10 E021 | Loss: 0.6516 | Tr Acc: 0.6050 | Te Acc: 0.5806 | Te AUC: 0.6062 | Te F1: 0.5798
F10 E022 | Loss: 0.6560 | Tr Acc: 0.6032 | Te Acc: 0.5806 | Te AUC: 0.6063 | Te F1: 0.5806
F10 E023 | Loss: 0.6637 | Tr Acc: 0.6139 | Te Acc: 0.6129 | Te AUC: 0.6177 | Te F1: 0.6129
F10 E024 | Loss: 0.6512 | Tr Acc: 0.6103 | Te Acc: 0.5806 | Te AUC: 0.6292 | Te F1: 0.5798
  Epoch 25, Grad Norm: 0.3445
F10 E025 | Loss: 0.6538 | Tr Acc: 0.6139 | Te Acc: 0.5968 | Te AUC: 0.6396 | Te F1: 0.5931
F10 E026 | Loss: 0.6648 | Tr Acc: 0.6192 | Te Acc: 0.5968 | Te AUC: 0.6427 | Te F1: 0.5931
F10 E027 | Loss: 0.6593 | Tr Acc: 0.6228 | Te Acc: 0.6129 | Te AUC: 0.6438 | Te F1: 0.6105
F10 E028 | Loss: 0.6601 | Tr Acc: 0.6157 | Te Acc: 0.6129 | Te AUC: 0.6438 | Te F1: 0.6121
F10 E029 | Loss: 0.6585 | Tr Acc: 0.6139 | Te Acc: 0.5806 | Te AUC: 0.6469 | Te F1: 0.5798
  Epoch 30, Grad Norm: 0.3767
F10 E030 | Loss: 0.6520 | Tr Acc: 0.6121 | Te Acc: 0.5484 | Te AUC: 0.6406 | Te F1: 0.5387
F10 E031 | Loss: 0.6527 | Tr Acc: 0.6103 | Te Acc: 0.5968 | Te AUC: 0.6250 | Te F1: 0.5750
F10 E032 | Loss: 0.6467 | Tr Acc: 0.6121 | Te Acc: 0.5806 | Te AUC: 0.6260 | Te F1: 0.5613
F10 E033 | Loss: 0.6506 | Tr Acc: 0.6139 | Te Acc: 0.5806 | Te AUC: 0.6323 | Te F1: 0.5613
F10 E034 | Loss: 0.6395 | Tr Acc: 0.6121 | Te Acc: 0.5806 | Te AUC: 0.6281 | Te F1: 0.5545
  Epoch 35, Grad Norm: 0.3828
F10 E035 | Loss: 0.6434 | Tr Acc: 0.6246 | Te Acc: 0.5806 | Te AUC: 0.6281 | Te F1: 0.5545
F10 E036 | Loss: 0.6409 | Tr Acc: 0.6246 | Te Acc: 0.5806 | Te AUC: 0.6208 | Te F1: 0.5545
F10 E037 | Loss: 0.6435 | Tr Acc: 0.6210 | Te Acc: 0.5968 | Te AUC: 0.6250 | Te F1: 0.5679
F10 E038 | Loss: 0.6489 | Tr Acc: 0.6139 | Te Acc: 0.5645 | Te AUC: 0.6188 | Te F1: 0.5241
F10 E039 | Loss: 0.6470 | Tr Acc: 0.6085 | Te Acc: 0.5645 | Te AUC: 0.6146 | Te F1: 0.5135
  Epoch 40, Grad Norm: 0.3662
F10 E040 | Loss: 0.6399 | Tr Acc: 0.6032 | Te Acc: 0.5645 | Te AUC: 0.6188 | Te F1: 0.5135
F10 E041 | Loss: 0.6397 | Tr Acc: 0.6032 | Te Acc: 0.5645 | Te AUC: 0.6198 | Te F1: 0.5135
F10 E042 | Loss: 0.6408 | Tr Acc: 0.5996 | Te Acc: 0.5645 | Te AUC: 0.6177 | Te F1: 0.5135
F10 E043 | Loss: 0.6375 | Tr Acc: 0.6103 | Te Acc: 0.5645 | Te AUC: 0.6188 | Te F1: 0.5135
F10 E044 | Loss: 0.6292 | Tr Acc: 0.6192 | Te Acc: 0.5484 | Te AUC: 0.6187 | Te F1: 0.5012
  Epoch 45, Grad Norm: 0.3723
F10 E045 | Loss: 0.6377 | Tr Acc: 0.6228 | Te Acc: 0.5484 | Te AUC: 0.6208 | Te F1: 0.5012
  Learning rate reduced to 5.0e-05
F10 E046 | Loss: 0.6328 | Tr Acc: 0.6210 | Te Acc: 0.5484 | Te AUC: 0.6240 | Te F1: 0.5012
F10 E047 | Loss: 0.6263 | Tr Acc: 0.6228 | Te Acc: 0.5484 | Te AUC: 0.6281 | Te F1: 0.5012
F10 E048 | Loss: 0.6220 | Tr Acc: 0.6228 | Te Acc: 0.5806 | Te AUC: 0.6292 | Te F1: 0.5463
F10 E049 | Loss: 0.6304 | Tr Acc: 0.6281 | Te Acc: 0.5968 | Te AUC: 0.6375 | Te F1: 0.5679
  Epoch 50, Grad Norm: 0.4218
F10 E050 | Loss: 0.6394 | Tr Acc: 0.6228 | Te Acc: 0.6129 | Te AUC: 0.6344 | Te F1: 0.5887
  Epoch 55, Grad Norm: 0.4104
F10 E055 | Loss: 0.6297 | Tr Acc: 0.6601 | Te Acc: 0.6129 | Te AUC: 0.6292 | Te F1: 0.6129
  Epoch 60, Grad Norm: 0.3900
F10 E060 | Loss: 0.6293 | Tr Acc: 0.5712 | Te Acc: 0.5000 | Te AUC: 0.6583 | Te F1: 0.4133
  Epoch 65, Grad Norm: 0.3778
F10 E065 | Loss: 0.6169 | Tr Acc: 0.5409 | Te Acc: 0.5161 | Te AUC: 0.6562 | Te F1: 0.4049
  Epoch 70, Grad Norm: 0.3908
F10 E070 | Loss: 0.6301 | Tr Acc: 0.6459 | Te Acc: 0.6129 | Te AUC: 0.6521 | Te F1: 0.6105
  Epoch 75, Grad Norm: 0.4283
F10 E075 | Loss: 0.6173 | Tr Acc: 0.6584 | Te Acc: 0.5806 | Te AUC: 0.6385 | Te F1: 0.5798
  Epoch 80, Grad Norm: 0.4341
F10 E080 | Loss: 0.6165 | Tr Acc: 0.6512 | Te Acc: 0.5806 | Te AUC: 0.6344 | Te F1: 0.5613
  Epoch 85, Grad Norm: 0.4029
F10 E085 | Loss: 0.6104 | Tr Acc: 0.6014 | Te Acc: 0.5645 | Te AUC: 0.6427 | Te F1: 0.4867
  Epoch 90, Grad Norm: 0.4010
F10 E090 | Loss: 0.6115 | Tr Acc: 0.6228 | Te Acc: 0.5645 | Te AUC: 0.6479 | Te F1: 0.4867
  Epoch 95, Grad Norm: 0.4041
F10 E095 | Loss: 0.6004 | Tr Acc: 0.6619 | Te Acc: 0.5968 | Te AUC: 0.6406 | Te F1: 0.5861
  Epoch 100, Grad Norm: 0.4215
F10 E100 | Loss: 0.6059 | Tr Acc: 0.6673 | Te Acc: 0.6129 | Te AUC: 0.6406 | Te F1: 0.6080
  Epoch 105, Grad Norm: 0.3607
F10 E105 | Loss: 0.5953 | Tr Acc: 0.6744 | Te Acc: 0.5968 | Te AUC: 0.6312 | Te F1: 0.5931
  Epoch 110, Grad Norm: 0.4210
F10 E110 | Loss: 0.6027 | Tr Acc: 0.6655 | Te Acc: 0.5484 | Te AUC: 0.6406 | Te F1: 0.5276
  Epoch 115, Grad Norm: 0.4293
F10 E115 | Loss: 0.6009 | Tr Acc: 0.6637 | Te Acc: 0.5484 | Te AUC: 0.6521 | Te F1: 0.5276
  Epoch 120, Grad Norm: 0.4210
F10 E120 | Loss: 0.5945 | Tr Acc: 0.6779 | Te Acc: 0.6129 | Te AUC: 0.6531 | Te F1: 0.6105
  Epoch 125, Grad Norm: 0.4624
F10 E125 | Loss: 0.5814 | Tr Acc: 0.6690 | Te Acc: 0.5645 | Te AUC: 0.6552 | Te F1: 0.5476
  Epoch 130, Grad Norm: 0.4658
F10 E130 | Loss: 0.5954 | Tr Acc: 0.6548 | Te Acc: 0.5645 | Te AUC: 0.6490 | Te F1: 0.5333
  Epoch 135, Grad Norm: 0.4094
F10 E135 | Loss: 0.5817 | Tr Acc: 0.6477 | Te Acc: 0.5645 | Te AUC: 0.6250 | Te F1: 0.4867
  Epoch 140, Grad Norm: 0.4374
F10 E140 | Loss: 0.5809 | Tr Acc: 0.7135 | Te Acc: 0.5968 | Te AUC: 0.6083 | Te F1: 0.5969
  Learning rate reduced to 2.5e-05
  Epoch 145, Grad Norm: 0.4484
F10 E145 | Loss: 0.5911 | Tr Acc: 0.6993 | Te Acc: 0.5806 | Te AUC: 0.6229 | Te F1: 0.5780
  Epoch 150, Grad Norm: 0.4786
F10 E150 | Loss: 0.5827 | Tr Acc: 0.6940 | Te Acc: 0.5968 | Te AUC: 0.6208 | Te F1: 0.5931
  Epoch 155, Grad Norm: 0.4508
F10 E155 | Loss: 0.5754 | Tr Acc: 0.7046 | Te Acc: 0.5484 | Te AUC: 0.6271 | Te F1: 0.5484
  Epoch 160, Grad Norm: 0.4947
F10 E160 | Loss: 0.5708 | Tr Acc: 0.7064 | Te Acc: 0.5645 | Te AUC: 0.6354 | Te F1: 0.5529
  Epoch 165, Grad Norm: 0.4364
F10 E165 | Loss: 0.5709 | Tr Acc: 0.6815 | Te Acc: 0.5484 | Te AUC: 0.6344 | Te F1: 0.5276
  Epoch 170, Grad Norm: 0.4155
F10 E170 | Loss: 0.5570 | Tr Acc: 0.6886 | Te Acc: 0.5484 | Te AUC: 0.6198 | Te F1: 0.5276
  Epoch 175, Grad Norm: 0.5157
F10 E175 | Loss: 0.5578 | Tr Acc: 0.6779 | Te Acc: 0.5806 | Te AUC: 0.6177 | Te F1: 0.5463
  Epoch 180, Grad Norm: 0.5370
F10 E180 | Loss: 0.5789 | Tr Acc: 0.6690 | Te Acc: 0.5645 | Te AUC: 0.6240 | Te F1: 0.5411
  Epoch 185, Grad Norm: 0.4658
F10 E185 | Loss: 0.5643 | Tr Acc: 0.7028 | Te Acc: 0.5645 | Te AUC: 0.6240 | Te F1: 0.5476
Early stopping triggered at epoch 185 due to lack of improvement in Test AUC for 25 evaluation steps.
Fold 10 - Training finished. Best Test Accuracy: 0.5000, AUC: 0.6583
Fold 10 elapsed time: 50.05 seconds.

--- Cross-Validation Results ---
Number of successfully completed folds with valid metrics: 10/10
Average Accuracy:  0.5367 +/- 0.0502
Average F1-Score:  0.4464
Average Precision: 0.4916
Average Recall:    0.5367
Average AUC:       0.6455

Total elapsed time: 276.08 seconds.
--- Run Finished ---
Frankenstein Training completed at Wed Apr 16 03:27:17 AM EDT 2025
