Starting ACHNN regression training with 16 CPUs and 1 GPU at Wed Apr 16 03:16:14 AM EDT 2025
Loading configuration from config.yaml...

--- Configuration Used ---
data_params:
  exclude_cols:
  - 'Unnamed: 0'
  - X
  - subject
  - FILE_ID
  - qc_rater_1
  - qc_notes_rater_1
  - qc_anat_rater_2
  - qc_anat_notes_rater_2
  - qc_func_rater_2
  - qc_func_notes_rater_2
  - qc_anat_rater_3
  - qc_anat_notes_rater_3
  - qc_func_rater_3
  - qc_func_notes_rater_3
  max_ts_length: -1
  num_regions: 200
  phenotype_cols_categorical:
  - SEX
  - SITE_ID
  - EYE_STATUS_AT_SCAN
  phenotype_cols_numerical:
  - AGE_AT_SCAN
  - FIQ
  - func_mean_fd
  phenotype_file: Phenotypic_V1_0b_preprocessed1.csv
  region_dir: /home/pl217/frankensteins_model/results/abide_timeseries/ccs_filt_noglobal_rois_cc200
  site_id_col: SITE_ID
  sub_id_col: SUB_ID
  target_col: DX_GROUP
graph_params:
  k_neighbors: 20
model_params:
  dropout_rate: 0.3
  gnn_heads: 4
  gnn_hidden_dim: 128
  gnn_output_dim: 2
  pheno_embedding_dim: 64
  pheno_hidden_dim: 128
  ts_embedding_dim: 128
  ts_transformer_d_model: 128
  ts_transformer_dim_feedforward: 512
  ts_transformer_nhead: 4
  ts_transformer_num_layers: 2
run_params:
  device: cuda
  early_stopping_patience: 25
  encoder_batch_size: 32
  epochs: 200
  learning_rate: 0.0001
  lr_scheduler_factor: 0.5
  lr_scheduler_patience: 15
  n_splits: 10
  seed: 42
  weight_decay: 0.0005

--------------------------

Using configured max_ts_length setting: -1 (-1 means use max in fold)
Using configured num_regions: 200
Using configured encoder_batch_size: 32
Random seed set to 42
Using GPU: NVIDIA RTX A5000
Loading phenotype data from: Phenotypic_V1_0b_preprocessed1.csv
Original selected data shape: (1112, 8)
Using target column: 'DX_GROUP'
Filtered out 0 rows with invalid/missing target values.
Phenotype data shape after target filtering: (1112, 8)
Processing specified numerical features...
 Processing numerical columns: ['AGE_AT_SCAN', 'FIQ', 'func_mean_fd']
Processing specified categorical features...
 Processing categorical columns: ['SEX', 'SITE_ID', 'EYE_STATUS_AT_SCAN']
  Encoded categorical columns: ['SEX_1', 'SEX_2', 'SITE_ID_CALTECH', 'SITE_ID_CMU', 'SITE_ID_KKI', 'SITE_ID_LEUVEN_1', 'SITE_ID_LEUVEN_2', 'SITE_ID_MAX_MUN', 'SITE_ID_NYU', 'SITE_ID_OHSU', 'SITE_ID_OLIN', 'SITE_ID_PITT', 'SITE_ID_SBL', 'SITE_ID_SDSU', 'SITE_ID_STANFORD', 'SITE_ID_TRINITY', 'SITE_ID_UCLA_1', 'SITE_ID_UCLA_2', 'SITE_ID_UM_1', 'SITE_ID_UM_2', 'SITE_ID_USM', 'SITE_ID_YALE', 'EYE_STATUS_AT_SCAN_1', 'EYE_STATUS_AT_SCAN_2']
Final phenotype features identified (27): ['AGE_AT_SCAN', 'FIQ', 'func_mean_fd', 'SEX_1', 'SEX_2', 'SITE_ID_CALTECH', 'SITE_ID_CMU', 'SITE_ID_KKI', 'SITE_ID_LEUVEN_1', 'SITE_ID_LEUVEN_2', 'SITE_ID_MAX_MUN', 'SITE_ID_NYU', 'SITE_ID_OHSU', 'SITE_ID_OLIN', 'SITE_ID_PITT', 'SITE_ID_SBL', 'SITE_ID_SDSU', 'SITE_ID_STANFORD', 'SITE_ID_TRINITY', 'SITE_ID_UCLA_1', 'SITE_ID_UCLA_2', 'SITE_ID_UM_1', 'SITE_ID_UM_2', 'SITE_ID_USM', 'SITE_ID_YALE', 'EYE_STATUS_AT_SCAN_1', 'EYE_STATUS_AT_SCAN_2']
Checking for corresponding TS files in: /home/pl217/frankensteins_model/results/abide_timeseries/ccs_filt_noglobal_rois_cc200
Processed 1112 subjects from phenotype data.
Found existing, non-empty TS files for 624 subjects.
Skipped 488 subjects (missing file or invalid ID/Site).
Skipped 0 subjects (empty file).
Total subjects available for K-Fold analysis: 624

--- Fold 1/10 ---
Calculating max TS length for Positional Encoding (624 subjects)...
Determined max TS length 295 from 624 valid files for Positional Encoding.
Fold 1 using dynamic max length (up to 295 for PE).
Loading time series for 624 subjects in fold...
No truncation active. Will pad to max length found in this fold's successful loads.
Padding to max length found in fold: 295
Padding 624 time series to final length: 295
Proceeding with 624 subjects for Fold 1 model training/evaluation.
Phenotype encoder created.
Generating initial embeddings for graph construction (Batch Size: 32)...
Initial embeddings generated.
Building k-NN graph (k=20)...
Graph built with 624 nodes and 12480 edges.
Starting training for Fold 1... Train samples: 561, Test samples: 63
F1 E001 | Loss: 0.7101 | Tr Acc: 0.4831 | Te Acc: 0.4921 | Te AUC: 0.4143 | Te F1: 0.3246
F1 E005 | Loss: 0.7185 | Tr Acc: 0.4831 | Te Acc: 0.4921 | Te AUC: 0.5393 | Te F1: 0.3246
F1 E010 | Loss: 0.6979 | Tr Acc: 0.4884 | Te Acc: 0.4762 | Te AUC: 0.5867 | Te F1: 0.3175
F1 E015 | Loss: 0.6882 | Tr Acc: 0.5847 | Te Acc: 0.5714 | Te AUC: 0.6119 | Te F1: 0.5701
F1 E020 | Loss: 0.6816 | Tr Acc: 0.6168 | Te Acc: 0.5873 | Te AUC: 0.6371 | Te F1: 0.5797
F1 E025 | Loss: 0.6747 | Tr Acc: 0.6310 | Te Acc: 0.6190 | Te AUC: 0.6774 | Te F1: 0.6161
F1 E030 | Loss: 0.6665 | Tr Acc: 0.5989 | Te Acc: 0.5397 | Te AUC: 0.6895 | Te F1: 0.4965
F1 E035 | Loss: 0.6672 | Tr Acc: 0.5971 | Te Acc: 0.5873 | Te AUC: 0.6885 | Te F1: 0.5530
F1 E040 | Loss: 0.6673 | Tr Acc: 0.6364 | Te Acc: 0.6032 | Te AUC: 0.6905 | Te F1: 0.5870
F1 E045 | Loss: 0.6636 | Tr Acc: 0.6203 | Te Acc: 0.5714 | Te AUC: 0.6845 | Te F1: 0.5476
F1 E050 | Loss: 0.6547 | Tr Acc: 0.6114 | Te Acc: 0.5873 | Te AUC: 0.6895 | Te F1: 0.5608
F1 E055 | Loss: 0.6514 | Tr Acc: 0.6435 | Te Acc: 0.6032 | Te AUC: 0.6895 | Te F1: 0.5870
F1 E060 | Loss: 0.6449 | Tr Acc: 0.6328 | Te Acc: 0.6667 | Te AUC: 0.6835 | Te F1: 0.6631
F1 E065 | Loss: 0.6452 | Tr Acc: 0.6239 | Te Acc: 0.5556 | Te AUC: 0.6956 | Te F1: 0.5186
F1 E070 | Loss: 0.6452 | Tr Acc: 0.5847 | Te Acc: 0.5556 | Te AUC: 0.6966 | Te F1: 0.4974
F1 E075 | Loss: 0.6329 | Tr Acc: 0.5579 | Te Acc: 0.5873 | Te AUC: 0.6996 | Te F1: 0.5071
F1 E080 | Loss: 0.6553 | Tr Acc: 0.6007 | Te Acc: 0.5873 | Te AUC: 0.7026 | Te F1: 0.5333
F1 E085 | Loss: 0.6243 | Tr Acc: 0.6328 | Te Acc: 0.6508 | Te AUC: 0.6935 | Te F1: 0.6481
F1 E090 | Loss: 0.6368 | Tr Acc: 0.6435 | Te Acc: 0.6190 | Te AUC: 0.7067 | Te F1: 0.6082
F1 E095 | Loss: 0.6367 | Tr Acc: 0.6578 | Te Acc: 0.6349 | Te AUC: 0.7107 | Te F1: 0.6347
F1 E100 | Loss: 0.6239 | Tr Acc: 0.6524 | Te Acc: 0.6349 | Te AUC: 0.7147 | Te F1: 0.6331
F1 E105 | Loss: 0.6312 | Tr Acc: 0.6613 | Te Acc: 0.6349 | Te AUC: 0.7188 | Te F1: 0.6349
F1 E110 | Loss: 0.6103 | Tr Acc: 0.6738 | Te Acc: 0.6508 | Te AUC: 0.7127 | Te F1: 0.6481
F1 E115 | Loss: 0.6220 | Tr Acc: 0.6774 | Te Acc: 0.6508 | Te AUC: 0.6956 | Te F1: 0.6458
F1 E120 | Loss: 0.5982 | Tr Acc: 0.6827 | Te Acc: 0.6508 | Te AUC: 0.6865 | Te F1: 0.6458
F1 E125 | Loss: 0.6070 | Tr Acc: 0.6809 | Te Acc: 0.6508 | Te AUC: 0.6865 | Te F1: 0.6458
F1 E130 | Loss: 0.6192 | Tr Acc: 0.6203 | Te Acc: 0.5873 | Te AUC: 0.6835 | Te F1: 0.5530
F1 E135 | Loss: 0.6013 | Tr Acc: 0.6043 | Te Acc: 0.5873 | Te AUC: 0.6653 | Te F1: 0.5211
F1 E140 | Loss: 0.6004 | Tr Acc: 0.6096 | Te Acc: 0.5714 | Te AUC: 0.6704 | Te F1: 0.5092
F1 E145 | Loss: 0.5992 | Tr Acc: 0.6649 | Te Acc: 0.5873 | Te AUC: 0.6956 | Te F1: 0.5642
F1 E150 | Loss: 0.6067 | Tr Acc: 0.5882 | Te Acc: 0.5714 | Te AUC: 0.7006 | Te F1: 0.5146
F1 E155 | Loss: 0.5809 | Tr Acc: 0.6934 | Te Acc: 0.6032 | Te AUC: 0.6986 | Te F1: 0.5939
F1 E160 | Loss: 0.5954 | Tr Acc: 0.6346 | Te Acc: 0.6032 | Te AUC: 0.6704 | Te F1: 0.5565
F1 E165 | Loss: 0.5885 | Tr Acc: 0.6471 | Te Acc: 0.6349 | Te AUC: 0.6804 | Te F1: 0.6082
F1 E170 | Loss: 0.5958 | Tr Acc: 0.6488 | Te Acc: 0.6032 | Te AUC: 0.6885 | Te F1: 0.5811
F1 E175 | Loss: 0.5966 | Tr Acc: 0.6578 | Te Acc: 0.6032 | Te AUC: 0.6976 | Te F1: 0.5870
F1 E180 | Loss: 0.5948 | Tr Acc: 0.6791 | Te Acc: 0.5873 | Te AUC: 0.6986 | Te F1: 0.5777
F1 E185 | Loss: 0.5909 | Tr Acc: 0.6791 | Te Acc: 0.5873 | Te AUC: 0.6986 | Te F1: 0.5777
F1 E190 | Loss: 0.5997 | Tr Acc: 0.6791 | Te Acc: 0.5873 | Te AUC: 0.7016 | Te F1: 0.5777
F1 E195 | Loss: 0.5918 | Tr Acc: 0.6809 | Te Acc: 0.5873 | Te AUC: 0.7016 | Te F1: 0.5777
F1 E200 | Loss: 0.5977 | Tr Acc: 0.7005 | Te Acc: 0.6032 | Te AUC: 0.7016 | Te F1: 0.5959
Fold 1 - Training finished. Best Test Accuracy: 0.6349, AUC: 0.7188
Fold 1 elapsed time: 48.30 seconds.

--- Fold 2/10 ---
Calculating max TS length for Positional Encoding (624 subjects)...
Determined max TS length 295 from 624 valid files for Positional Encoding.
Fold 2 using dynamic max length (up to 295 for PE).
Loading time series for 624 subjects in fold...
No truncation active. Will pad to max length found in this fold's successful loads.
Padding to max length found in fold: 295
Padding 624 time series to final length: 295
Proceeding with 624 subjects for Fold 2 model training/evaluation.
Phenotype encoder created.
Generating initial embeddings for graph construction (Batch Size: 32)...
Initial embeddings generated.
Building k-NN graph (k=20)...
Graph built with 624 nodes and 12480 edges.
Starting training for Fold 2... Train samples: 561, Test samples: 63
F2 E001 | Loss: 0.6952 | Tr Acc: 0.5169 | Te Acc: 0.5079 | Te AUC: 0.4264 | Te F1: 0.3422
F2 E005 | Loss: 0.6982 | Tr Acc: 0.5847 | Te Acc: 0.5238 | Te AUC: 0.4103 | Te F1: 0.4671
F2 E010 | Loss: 0.6899 | Tr Acc: 0.5116 | Te Acc: 0.4127 | Te AUC: 0.4325 | Te F1: 0.4019
F2 E015 | Loss: 0.6987 | Tr Acc: 0.5811 | Te Acc: 0.3810 | Te AUC: 0.4204 | Te F1: 0.3762
F2 E020 | Loss: 0.6707 | Tr Acc: 0.5847 | Te Acc: 0.4762 | Te AUC: 0.4153 | Te F1: 0.4581
F2 E025 | Loss: 0.6894 | Tr Acc: 0.5971 | Te Acc: 0.4127 | Te AUC: 0.4183 | Te F1: 0.4124
F2 E030 | Loss: 0.6861 | Tr Acc: 0.5900 | Te Acc: 0.4762 | Te AUC: 0.4284 | Te F1: 0.4759
F2 E035 | Loss: 0.6852 | Tr Acc: 0.6150 | Te Acc: 0.5079 | Te AUC: 0.4526 | Te F1: 0.4761
F2 E040 | Loss: 0.6778 | Tr Acc: 0.6061 | Te Acc: 0.5079 | Te AUC: 0.4325 | Te F1: 0.4555
F2 E045 | Loss: 0.6765 | Tr Acc: 0.6061 | Te Acc: 0.5397 | Te AUC: 0.4335 | Te F1: 0.4787
F2 E050 | Loss: 0.6660 | Tr Acc: 0.6025 | Te Acc: 0.5397 | Te AUC: 0.4496 | Te F1: 0.4787
F2 E055 | Loss: 0.6547 | Tr Acc: 0.6203 | Te Acc: 0.5556 | Te AUC: 0.4516 | Te F1: 0.5026
F2 E060 | Loss: 0.6653 | Tr Acc: 0.6275 | Te Acc: 0.5238 | Te AUC: 0.4546 | Te F1: 0.4787
F2 E065 | Loss: 0.6531 | Tr Acc: 0.6364 | Te Acc: 0.4762 | Te AUC: 0.4546 | Te F1: 0.4581
F2 E070 | Loss: 0.6587 | Tr Acc: 0.6506 | Te Acc: 0.5079 | Te AUC: 0.4587 | Te F1: 0.5042
F2 E075 | Loss: 0.6563 | Tr Acc: 0.6435 | Te Acc: 0.5238 | Te AUC: 0.4748 | Te F1: 0.4787
F2 E080 | Loss: 0.6494 | Tr Acc: 0.6560 | Te Acc: 0.5079 | Te AUC: 0.4748 | Te F1: 0.4666
F2 E085 | Loss: 0.6495 | Tr Acc: 0.6435 | Te Acc: 0.5397 | Te AUC: 0.4556 | Te F1: 0.4907
F2 E090 | Loss: 0.6321 | Tr Acc: 0.6453 | Te Acc: 0.4762 | Te AUC: 0.4274 | Te F1: 0.4509
F2 E095 | Loss: 0.6488 | Tr Acc: 0.6435 | Te Acc: 0.4921 | Te AUC: 0.4214 | Te F1: 0.4712
F2 E100 | Loss: 0.6374 | Tr Acc: 0.6524 | Te Acc: 0.4921 | Te AUC: 0.4335 | Te F1: 0.4636
F2 E105 | Loss: 0.6307 | Tr Acc: 0.6399 | Te Acc: 0.4921 | Te AUC: 0.4385 | Te F1: 0.4545
F2 E110 | Loss: 0.6205 | Tr Acc: 0.6292 | Te Acc: 0.5397 | Te AUC: 0.4315 | Te F1: 0.4787
F2 E115 | Loss: 0.6345 | Tr Acc: 0.6292 | Te Acc: 0.5079 | Te AUC: 0.4194 | Te F1: 0.4279
F2 E120 | Loss: 0.6134 | Tr Acc: 0.6417 | Te Acc: 0.5079 | Te AUC: 0.4304 | Te F1: 0.4555
F2 E125 | Loss: 0.6255 | Tr Acc: 0.6720 | Te Acc: 0.4603 | Te AUC: 0.4466 | Te F1: 0.4503
F2 E130 | Loss: 0.6216 | Tr Acc: 0.5508 | Te Acc: 0.4444 | Te AUC: 0.4698 | Te F1: 0.3260
F2 E135 | Loss: 0.6267 | Tr Acc: 0.6203 | Te Acc: 0.4762 | Te AUC: 0.4718 | Te F1: 0.4145
F2 E140 | Loss: 0.6204 | Tr Acc: 0.6988 | Te Acc: 0.4603 | Te AUC: 0.4536 | Te F1: 0.4600
F2 E145 | Loss: 0.6154 | Tr Acc: 0.6845 | Te Acc: 0.4444 | Te AUC: 0.4466 | Te F1: 0.4315
F2 E150 | Loss: 0.6076 | Tr Acc: 0.6702 | Te Acc: 0.4921 | Te AUC: 0.4415 | Te F1: 0.4712
F2 E155 | Loss: 0.6215 | Tr Acc: 0.6613 | Te Acc: 0.4921 | Te AUC: 0.4415 | Te F1: 0.4545
F2 E160 | Loss: 0.6080 | Tr Acc: 0.6631 | Te Acc: 0.4921 | Te AUC: 0.4395 | Te F1: 0.4545
F2 E165 | Loss: 0.6133 | Tr Acc: 0.6613 | Te Acc: 0.4921 | Te AUC: 0.4425 | Te F1: 0.4545
F2 E170 | Loss: 0.6230 | Tr Acc: 0.6649 | Te Acc: 0.5079 | Te AUC: 0.4456 | Te F1: 0.4761
F2 E175 | Loss: 0.6095 | Tr Acc: 0.6738 | Te Acc: 0.5079 | Te AUC: 0.4446 | Te F1: 0.4842
F2 E180 | Loss: 0.6102 | Tr Acc: 0.6756 | Te Acc: 0.5079 | Te AUC: 0.4466 | Te F1: 0.4842
F2 E185 | Loss: 0.6138 | Tr Acc: 0.6774 | Te Acc: 0.4762 | Te AUC: 0.4456 | Te F1: 0.4581
F2 E190 | Loss: 0.6083 | Tr Acc: 0.6791 | Te Acc: 0.4762 | Te AUC: 0.4456 | Te F1: 0.4581
F2 E195 | Loss: 0.6221 | Tr Acc: 0.6845 | Te Acc: 0.4444 | Te AUC: 0.4456 | Te F1: 0.4315
F2 E200 | Loss: 0.6199 | Tr Acc: 0.6809 | Te Acc: 0.4444 | Te AUC: 0.4476 | Te F1: 0.4315
Fold 2 - Training finished. Best Test Accuracy: 0.5079, AUC: 0.4748
Fold 2 elapsed time: 46.78 seconds.

--- Fold 3/10 ---
Calculating max TS length for Positional Encoding (624 subjects)...
Determined max TS length 295 from 624 valid files for Positional Encoding.
Fold 3 using dynamic max length (up to 295 for PE).
Loading time series for 624 subjects in fold...
No truncation active. Will pad to max length found in this fold's successful loads.
Padding to max length found in fold: 295
Padding 624 time series to final length: 295
Proceeding with 624 subjects for Fold 3 model training/evaluation.
Phenotype encoder created.
Generating initial embeddings for graph construction (Batch Size: 32)...
Initial embeddings generated.
Building k-NN graph (k=20)...
Graph built with 624 nodes and 12480 edges.
Starting training for Fold 3... Train samples: 561, Test samples: 63
F3 E001 | Loss: 0.7304 | Tr Acc: 0.4848 | Te Acc: 0.4762 | Te AUC: 0.6152 | Te F1: 0.3072
F3 E005 | Loss: 0.7122 | Tr Acc: 0.4866 | Te Acc: 0.4762 | Te AUC: 0.6111 | Te F1: 0.3072
F3 E010 | Loss: 0.7025 | Tr Acc: 0.5882 | Te Acc: 0.5238 | Te AUC: 0.6343 | Te F1: 0.5190
F3 E015 | Loss: 0.6919 | Tr Acc: 0.6025 | Te Acc: 0.5556 | Te AUC: 0.6505 | Te F1: 0.5535
F3 E020 | Loss: 0.6822 | Tr Acc: 0.6043 | Te Acc: 0.5238 | Te AUC: 0.6596 | Te F1: 0.5153
F3 E025 | Loss: 0.6770 | Tr Acc: 0.5900 | Te Acc: 0.5714 | Te AUC: 0.6717 | Te F1: 0.5444
F3 E030 | Loss: 0.6741 | Tr Acc: 0.5633 | Te Acc: 0.5556 | Te AUC: 0.6737 | Te F1: 0.5145
F3 E035 | Loss: 0.6661 | Tr Acc: 0.5597 | Te Acc: 0.5079 | Te AUC: 0.6758 | Te F1: 0.4445
F3 E040 | Loss: 0.6553 | Tr Acc: 0.5526 | Te Acc: 0.4921 | Te AUC: 0.6707 | Te F1: 0.4195
F3 E045 | Loss: 0.6525 | Tr Acc: 0.5561 | Te Acc: 0.4921 | Te AUC: 0.6727 | Te F1: 0.4195
F3 E050 | Loss: 0.6423 | Tr Acc: 0.5989 | Te Acc: 0.6032 | Te AUC: 0.6626 | Te F1: 0.5845
F3 E055 | Loss: 0.6473 | Tr Acc: 0.6453 | Te Acc: 0.5714 | Te AUC: 0.6606 | Te F1: 0.5570
F3 E060 | Loss: 0.6416 | Tr Acc: 0.6471 | Te Acc: 0.5873 | Te AUC: 0.6636 | Te F1: 0.5708
F3 E065 | Loss: 0.6365 | Tr Acc: 0.6488 | Te Acc: 0.6032 | Te AUC: 0.6616 | Te F1: 0.5898
F3 E070 | Loss: 0.6400 | Tr Acc: 0.6364 | Te Acc: 0.6508 | Te AUC: 0.6657 | Te F1: 0.6504
F3 E075 | Loss: 0.6371 | Tr Acc: 0.6435 | Te Acc: 0.6349 | Te AUC: 0.6586 | Te F1: 0.6349
F3 E080 | Loss: 0.6318 | Tr Acc: 0.6578 | Te Acc: 0.6032 | Te AUC: 0.6687 | Te F1: 0.5977
F3 E085 | Loss: 0.6436 | Tr Acc: 0.6649 | Te Acc: 0.6190 | Te AUC: 0.6717 | Te F1: 0.6122
F3 E090 | Loss: 0.6207 | Tr Acc: 0.6381 | Te Acc: 0.5556 | Te AUC: 0.6798 | Te F1: 0.5378
F3 E095 | Loss: 0.6047 | Tr Acc: 0.6471 | Te Acc: 0.5556 | Te AUC: 0.6707 | Te F1: 0.5378
F3 E100 | Loss: 0.6116 | Tr Acc: 0.6078 | Te Acc: 0.5556 | Te AUC: 0.6667 | Te F1: 0.5312
F3 E105 | Loss: 0.5949 | Tr Acc: 0.6791 | Te Acc: 0.6190 | Te AUC: 0.6727 | Te F1: 0.6152
F3 E110 | Loss: 0.6020 | Tr Acc: 0.6203 | Te Acc: 0.6349 | Te AUC: 0.6727 | Te F1: 0.6283
F3 E115 | Loss: 0.6009 | Tr Acc: 0.6435 | Te Acc: 0.6667 | Te AUC: 0.6747 | Te F1: 0.6651
F3 E120 | Loss: 0.5997 | Tr Acc: 0.6453 | Te Acc: 0.5714 | Te AUC: 0.6434 | Te F1: 0.5513
F3 E125 | Loss: 0.5920 | Tr Acc: 0.6381 | Te Acc: 0.5714 | Te AUC: 0.6556 | Te F1: 0.5513
F3 E130 | Loss: 0.5952 | Tr Acc: 0.6809 | Te Acc: 0.5714 | Te AUC: 0.6525 | Te F1: 0.5618
F3 E135 | Loss: 0.5862 | Tr Acc: 0.6827 | Te Acc: 0.6508 | Te AUC: 0.6525 | Te F1: 0.6510
F3 E140 | Loss: 0.6083 | Tr Acc: 0.6863 | Te Acc: 0.6032 | Te AUC: 0.6394 | Te F1: 0.6004
F3 E145 | Loss: 0.5862 | Tr Acc: 0.6613 | Te Acc: 0.6349 | Te AUC: 0.6485 | Te F1: 0.6312
F3 E150 | Loss: 0.5791 | Tr Acc: 0.6702 | Te Acc: 0.6349 | Te AUC: 0.6535 | Te F1: 0.6332
F3 E155 | Loss: 0.5751 | Tr Acc: 0.6756 | Te Acc: 0.6508 | Te AUC: 0.6545 | Te F1: 0.6508
F3 E160 | Loss: 0.5839 | Tr Acc: 0.6791 | Te Acc: 0.6667 | Te AUC: 0.6535 | Te F1: 0.6668
F3 E165 | Loss: 0.5839 | Tr Acc: 0.6809 | Te Acc: 0.6667 | Te AUC: 0.6515 | Te F1: 0.6668
F3 E170 | Loss: 0.5851 | Tr Acc: 0.6898 | Te Acc: 0.6508 | Te AUC: 0.6545 | Te F1: 0.6510
F3 E175 | Loss: 0.5745 | Tr Acc: 0.6916 | Te Acc: 0.6508 | Te AUC: 0.6515 | Te F1: 0.6510
F3 E180 | Loss: 0.5828 | Tr Acc: 0.6916 | Te Acc: 0.6508 | Te AUC: 0.6515 | Te F1: 0.6510
F3 E185 | Loss: 0.5905 | Tr Acc: 0.6934 | Te Acc: 0.6508 | Te AUC: 0.6515 | Te F1: 0.6510
F3 E190 | Loss: 0.5834 | Tr Acc: 0.6898 | Te Acc: 0.6508 | Te AUC: 0.6505 | Te F1: 0.6510
F3 E195 | Loss: 0.5793 | Tr Acc: 0.7005 | Te Acc: 0.6508 | Te AUC: 0.6495 | Te F1: 0.6504
F3 E200 | Loss: 0.5681 | Tr Acc: 0.7059 | Te Acc: 0.6508 | Te AUC: 0.6475 | Te F1: 0.6492
Fold 3 - Training finished. Best Test Accuracy: 0.5556, AUC: 0.6798
Fold 3 elapsed time: 47.67 seconds.

--- Fold 4/10 ---
Calculating max TS length for Positional Encoding (624 subjects)...
Determined max TS length 295 from 624 valid files for Positional Encoding.
Fold 4 using dynamic max length (up to 295 for PE).
Loading time series for 624 subjects in fold...
No truncation active. Will pad to max length found in this fold's successful loads.
Padding to max length found in fold: 295
Padding 624 time series to final length: 295
Proceeding with 624 subjects for Fold 4 model training/evaluation.
Phenotype encoder created.
Generating initial embeddings for graph construction (Batch Size: 32)...
Initial embeddings generated.
Building k-NN graph (k=20)...
Graph built with 624 nodes and 12480 edges.
Starting training for Fold 4... Train samples: 561, Test samples: 63
F4 E001 | Loss: 0.7095 | Tr Acc: 0.5152 | Te Acc: 0.5238 | Te AUC: 0.6010 | Te F1: 0.3601
F4 E005 | Loss: 0.6996 | Tr Acc: 0.5152 | Te Acc: 0.5238 | Te AUC: 0.6566 | Te F1: 0.3601
F4 E010 | Loss: 0.6880 | Tr Acc: 0.5258 | Te Acc: 0.5238 | Te AUC: 0.6394 | Te F1: 0.3601
F4 E015 | Loss: 0.6756 | Tr Acc: 0.5526 | Te Acc: 0.5556 | Te AUC: 0.6000 | Te F1: 0.4273
F4 E020 | Loss: 0.6847 | Tr Acc: 0.5829 | Te Acc: 0.5873 | Te AUC: 0.5788 | Te F1: 0.5321
F4 E025 | Loss: 0.6610 | Tr Acc: 0.6185 | Te Acc: 0.5556 | Te AUC: 0.5808 | Te F1: 0.5556
F4 E030 | Loss: 0.6749 | Tr Acc: 0.5847 | Te Acc: 0.5238 | Te AUC: 0.5596 | Te F1: 0.4977
F4 E035 | Loss: 0.6539 | Tr Acc: 0.6007 | Te Acc: 0.4921 | Te AUC: 0.5576 | Te F1: 0.4717
F4 E040 | Loss: 0.6531 | Tr Acc: 0.6185 | Te Acc: 0.5397 | Te AUC: 0.5616 | Te F1: 0.5392
F4 E045 | Loss: 0.6519 | Tr Acc: 0.6203 | Te Acc: 0.5714 | Te AUC: 0.5707 | Te F1: 0.5710
F4 E050 | Loss: 0.6545 | Tr Acc: 0.5989 | Te Acc: 0.5397 | Te AUC: 0.5606 | Te F1: 0.5364
F4 E055 | Loss: 0.6600 | Tr Acc: 0.6025 | Te Acc: 0.5238 | Te AUC: 0.5677 | Te F1: 0.5190
F4 E060 | Loss: 0.6570 | Tr Acc: 0.6114 | Te Acc: 0.5397 | Te AUC: 0.5626 | Te F1: 0.5334
F4 E065 | Loss: 0.6530 | Tr Acc: 0.6239 | Te Acc: 0.5238 | Te AUC: 0.5404 | Te F1: 0.5240
F4 E070 | Loss: 0.6472 | Tr Acc: 0.6239 | Te Acc: 0.5238 | Te AUC: 0.5374 | Te F1: 0.5226
F4 E075 | Loss: 0.6578 | Tr Acc: 0.6221 | Te Acc: 0.5238 | Te AUC: 0.5364 | Te F1: 0.5172
F4 E080 | Loss: 0.6393 | Tr Acc: 0.6275 | Te Acc: 0.5397 | Te AUC: 0.5333 | Te F1: 0.5314
F4 E085 | Loss: 0.6516 | Tr Acc: 0.6381 | Te Acc: 0.5079 | Te AUC: 0.5323 | Te F1: 0.4940
F4 E090 | Loss: 0.6497 | Tr Acc: 0.6381 | Te Acc: 0.5079 | Te AUC: 0.5354 | Te F1: 0.4940
F4 E095 | Loss: 0.6527 | Tr Acc: 0.6364 | Te Acc: 0.4921 | Te AUC: 0.5313 | Te F1: 0.4747
F4 E100 | Loss: 0.6533 | Tr Acc: 0.6346 | Te Acc: 0.4921 | Te AUC: 0.5343 | Te F1: 0.4747
F4 E105 | Loss: 0.6427 | Tr Acc: 0.6399 | Te Acc: 0.5079 | Te AUC: 0.5354 | Te F1: 0.4940
F4 E110 | Loss: 0.6530 | Tr Acc: 0.6346 | Te Acc: 0.5238 | Te AUC: 0.5343 | Te F1: 0.5129
F4 E115 | Loss: 0.6529 | Tr Acc: 0.6364 | Te Acc: 0.5079 | Te AUC: 0.5333 | Te F1: 0.4940
F4 E120 | Loss: 0.6485 | Tr Acc: 0.6364 | Te Acc: 0.5238 | Te AUC: 0.5364 | Te F1: 0.5129
F4 E125 | Loss: 0.6464 | Tr Acc: 0.6310 | Te Acc: 0.5079 | Te AUC: 0.5354 | Te F1: 0.4990
F4 E130 | Loss: 0.6512 | Tr Acc: 0.6275 | Te Acc: 0.5079 | Te AUC: 0.5364 | Te F1: 0.4990
Early stopping triggered at epoch 130 due to lack of improvement in Test AUC.
Fold 4 - Training finished. Best Test Accuracy: 0.5238, AUC: 0.6566
Fold 4 elapsed time: 33.94 seconds.

--- Fold 5/10 ---
Calculating max TS length for Positional Encoding (624 subjects)...
Determined max TS length 295 from 624 valid files for Positional Encoding.
Fold 5 using dynamic max length (up to 295 for PE).
Loading time series for 624 subjects in fold...
No truncation active. Will pad to max length found in this fold's successful loads.
Padding to max length found in fold: 295
Padding 624 time series to final length: 295
Proceeding with 624 subjects for Fold 5 model training/evaluation.
Phenotype encoder created.
Generating initial embeddings for graph construction (Batch Size: 32)...
Initial embeddings generated.
Building k-NN graph (k=20)...
Graph built with 624 nodes and 12480 edges.
Starting training for Fold 5... Train samples: 562, Test samples: 62
F5 E001 | Loss: 0.6962 | Tr Acc: 0.5160 | Te Acc: 0.5161 | Te AUC: 0.6198 | Te F1: 0.3514
F5 E005 | Loss: 0.7082 | Tr Acc: 0.5160 | Te Acc: 0.5161 | Te AUC: 0.6896 | Te F1: 0.3514
F5 E010 | Loss: 0.6915 | Tr Acc: 0.5623 | Te Acc: 0.5484 | Te AUC: 0.7188 | Te F1: 0.4195
F5 E015 | Loss: 0.6897 | Tr Acc: 0.5676 | Te Acc: 0.6290 | Te AUC: 0.7354 | Te F1: 0.6192
F5 E020 | Loss: 0.6934 | Tr Acc: 0.5534 | Te Acc: 0.6290 | Te AUC: 0.7271 | Te F1: 0.6093
F5 E025 | Loss: 0.6654 | Tr Acc: 0.5409 | Te Acc: 0.5968 | Te AUC: 0.7063 | Te F1: 0.5506
F5 E030 | Loss: 0.6753 | Tr Acc: 0.5391 | Te Acc: 0.5806 | Te AUC: 0.6896 | Te F1: 0.5271
F5 E035 | Loss: 0.6631 | Tr Acc: 0.5071 | Te Acc: 0.5484 | Te AUC: 0.6719 | Te F1: 0.4446
F5 E040 | Loss: 0.6659 | Tr Acc: 0.4964 | Te Acc: 0.5161 | Te AUC: 0.6719 | Te F1: 0.3833
F5 E045 | Loss: 0.6580 | Tr Acc: 0.5071 | Te Acc: 0.5484 | Te AUC: 0.6573 | Te F1: 0.4446
F5 E050 | Loss: 0.6567 | Tr Acc: 0.5783 | Te Acc: 0.5645 | Te AUC: 0.6302 | Te F1: 0.5338
F5 E055 | Loss: 0.6468 | Tr Acc: 0.6352 | Te Acc: 0.5161 | Te AUC: 0.6135 | Te F1: 0.4765
F5 E060 | Loss: 0.6582 | Tr Acc: 0.6085 | Te Acc: 0.5645 | Te AUC: 0.6177 | Te F1: 0.4867
F5 E065 | Loss: 0.6479 | Tr Acc: 0.6459 | Te Acc: 0.5484 | Te AUC: 0.6292 | Te F1: 0.5427
F5 E070 | Loss: 0.6427 | Tr Acc: 0.6014 | Te Acc: 0.6452 | Te AUC: 0.6292 | Te F1: 0.6234
F5 E075 | Loss: 0.6480 | Tr Acc: 0.6050 | Te Acc: 0.5968 | Te AUC: 0.6302 | Te F1: 0.5862
F5 E080 | Loss: 0.6470 | Tr Acc: 0.6192 | Te Acc: 0.5968 | Te AUC: 0.6302 | Te F1: 0.5862
F5 E085 | Loss: 0.6421 | Tr Acc: 0.6103 | Te Acc: 0.5968 | Te AUC: 0.6344 | Te F1: 0.5862
F5 E090 | Loss: 0.6264 | Tr Acc: 0.6263 | Te Acc: 0.5968 | Te AUC: 0.6344 | Te F1: 0.5901
F5 E095 | Loss: 0.6394 | Tr Acc: 0.6157 | Te Acc: 0.5806 | Te AUC: 0.6312 | Te F1: 0.5780
F5 E100 | Loss: 0.6426 | Tr Acc: 0.6263 | Te Acc: 0.5645 | Te AUC: 0.6323 | Te F1: 0.5628
F5 E105 | Loss: 0.6426 | Tr Acc: 0.6317 | Te Acc: 0.5645 | Te AUC: 0.6333 | Te F1: 0.5628
F5 E110 | Loss: 0.6317 | Tr Acc: 0.6192 | Te Acc: 0.5645 | Te AUC: 0.6333 | Te F1: 0.5628
F5 E115 | Loss: 0.6247 | Tr Acc: 0.6246 | Te Acc: 0.5645 | Te AUC: 0.6323 | Te F1: 0.5628
F5 E120 | Loss: 0.6265 | Tr Acc: 0.6228 | Te Acc: 0.5806 | Te AUC: 0.6344 | Te F1: 0.5780
F5 E125 | Loss: 0.6323 | Tr Acc: 0.6174 | Te Acc: 0.5968 | Te AUC: 0.6323 | Te F1: 0.5931
F5 E130 | Loss: 0.6386 | Tr Acc: 0.6192 | Te Acc: 0.5645 | Te AUC: 0.6333 | Te F1: 0.5628
F5 E135 | Loss: 0.6452 | Tr Acc: 0.6335 | Te Acc: 0.5645 | Te AUC: 0.6344 | Te F1: 0.5628
F5 E140 | Loss: 0.6380 | Tr Acc: 0.6388 | Te Acc: 0.5645 | Te AUC: 0.6354 | Te F1: 0.5628
Early stopping triggered at epoch 140 due to lack of improvement in Test AUC.
Fold 5 - Training finished. Best Test Accuracy: 0.6290, AUC: 0.7354
Fold 5 elapsed time: 36.05 seconds.

--- Fold 6/10 ---
Calculating max TS length for Positional Encoding (624 subjects)...
Determined max TS length 295 from 624 valid files for Positional Encoding.
Fold 6 using dynamic max length (up to 295 for PE).
Loading time series for 624 subjects in fold...
No truncation active. Will pad to max length found in this fold's successful loads.
Padding to max length found in fold: 295
Padding 624 time series to final length: 295
Proceeding with 624 subjects for Fold 6 model training/evaluation.
Phenotype encoder created.
Generating initial embeddings for graph construction (Batch Size: 32)...
Initial embeddings generated.
Building k-NN graph (k=20)...
Graph built with 624 nodes and 12480 edges.
Starting training for Fold 6... Train samples: 562, Test samples: 62
F6 E001 | Loss: 0.7062 | Tr Acc: 0.4840 | Te Acc: 0.4839 | Te AUC: 0.6385 | Te F1: 0.3156
F6 E005 | Loss: 0.7063 | Tr Acc: 0.4840 | Te Acc: 0.4839 | Te AUC: 0.6479 | Te F1: 0.3156
F6 E010 | Loss: 0.6992 | Tr Acc: 0.5302 | Te Acc: 0.5161 | Te AUC: 0.5875 | Te F1: 0.4401
F6 E015 | Loss: 0.6807 | Tr Acc: 0.5872 | Te Acc: 0.3548 | Te AUC: 0.4917 | Te F1: 0.2889
F6 E020 | Loss: 0.6860 | Tr Acc: 0.5925 | Te Acc: 0.4194 | Te AUC: 0.5115 | Te F1: 0.3727
F6 E025 | Loss: 0.6808 | Tr Acc: 0.6139 | Te Acc: 0.4194 | Te AUC: 0.5198 | Te F1: 0.3930
F6 E030 | Loss: 0.6646 | Tr Acc: 0.6281 | Te Acc: 0.4839 | Te AUC: 0.5021 | Te F1: 0.4806
F6 E035 | Loss: 0.6720 | Tr Acc: 0.6370 | Te Acc: 0.5806 | Te AUC: 0.5125 | Te F1: 0.5753
F6 E040 | Loss: 0.6629 | Tr Acc: 0.6085 | Te Acc: 0.5161 | Te AUC: 0.5167 | Te F1: 0.4938
F6 E045 | Loss: 0.6560 | Tr Acc: 0.6121 | Te Acc: 0.5161 | Te AUC: 0.5031 | Te F1: 0.4938
F6 E050 | Loss: 0.6485 | Tr Acc: 0.6210 | Te Acc: 0.5323 | Te AUC: 0.4906 | Te F1: 0.5319
F6 E055 | Loss: 0.6469 | Tr Acc: 0.6192 | Te Acc: 0.4516 | Te AUC: 0.4958 | Te F1: 0.4340
F6 E060 | Loss: 0.6472 | Tr Acc: 0.5836 | Te Acc: 0.4355 | Te AUC: 0.4958 | Te F1: 0.3708
F6 E065 | Loss: 0.6526 | Tr Acc: 0.6121 | Te Acc: 0.4194 | Te AUC: 0.4948 | Te F1: 0.3930
F6 E070 | Loss: 0.6495 | Tr Acc: 0.6246 | Te Acc: 0.4677 | Te AUC: 0.4917 | Te F1: 0.4537
F6 E075 | Loss: 0.6483 | Tr Acc: 0.6317 | Te Acc: 0.4839 | Te AUC: 0.4896 | Te F1: 0.4774
F6 E080 | Loss: 0.6481 | Tr Acc: 0.6281 | Te Acc: 0.5323 | Te AUC: 0.4917 | Te F1: 0.5304
F6 E085 | Loss: 0.6509 | Tr Acc: 0.6317 | Te Acc: 0.5323 | Te AUC: 0.4917 | Te F1: 0.5319
F6 E090 | Loss: 0.6405 | Tr Acc: 0.6388 | Te Acc: 0.5000 | Te AUC: 0.4938 | Te F1: 0.5001
F6 E095 | Loss: 0.6445 | Tr Acc: 0.6406 | Te Acc: 0.5161 | Te AUC: 0.4927 | Te F1: 0.5161
F6 E100 | Loss: 0.6369 | Tr Acc: 0.6495 | Te Acc: 0.5161 | Te AUC: 0.4927 | Te F1: 0.5161
F6 E105 | Loss: 0.6541 | Tr Acc: 0.6441 | Te Acc: 0.5323 | Te AUC: 0.4917 | Te F1: 0.5324
F6 E110 | Loss: 0.6445 | Tr Acc: 0.6477 | Te Acc: 0.5323 | Te AUC: 0.4938 | Te F1: 0.5319
F6 E115 | Loss: 0.6436 | Tr Acc: 0.6441 | Te Acc: 0.5323 | Te AUC: 0.4948 | Te F1: 0.5319
F6 E120 | Loss: 0.6417 | Tr Acc: 0.6441 | Te Acc: 0.5323 | Te AUC: 0.4979 | Te F1: 0.5319
F6 E125 | Loss: 0.6440 | Tr Acc: 0.6459 | Te Acc: 0.5323 | Te AUC: 0.4958 | Te F1: 0.5319
F6 E130 | Loss: 0.6441 | Tr Acc: 0.6423 | Te Acc: 0.5323 | Te AUC: 0.4979 | Te F1: 0.5319
Early stopping triggered at epoch 130 due to lack of improvement in Test AUC.
Fold 6 - Training finished. Best Test Accuracy: 0.4839, AUC: 0.6479
Fold 6 elapsed time: 34.25 seconds.

--- Fold 7/10 ---
Calculating max TS length for Positional Encoding (624 subjects)...
Determined max TS length 295 from 624 valid files for Positional Encoding.
Fold 7 using dynamic max length (up to 295 for PE).
Loading time series for 624 subjects in fold...
No truncation active. Will pad to max length found in this fold's successful loads.
Padding to max length found in fold: 295
Padding 624 time series to final length: 295
Proceeding with 624 subjects for Fold 7 model training/evaluation.
Phenotype encoder created.
Generating initial embeddings for graph construction (Batch Size: 32)...
Initial embeddings generated.
Building k-NN graph (k=20)...
Graph built with 624 nodes and 12480 edges.
Starting training for Fold 7... Train samples: 562, Test samples: 62
F7 E001 | Loss: 0.7162 | Tr Acc: 0.5267 | Te Acc: 0.5484 | Te AUC: 0.5271 | Te F1: 0.4409
F7 E005 | Loss: 0.7056 | Tr Acc: 0.5267 | Te Acc: 0.5323 | Te AUC: 0.5948 | Te F1: 0.4103
F7 E010 | Loss: 0.7002 | Tr Acc: 0.5605 | Te Acc: 0.5645 | Te AUC: 0.5844 | Te F1: 0.5011
F7 E015 | Loss: 0.6863 | Tr Acc: 0.6014 | Te Acc: 0.5484 | Te AUC: 0.5969 | Te F1: 0.5455
F7 E020 | Loss: 0.6839 | Tr Acc: 0.5765 | Te Acc: 0.5645 | Te AUC: 0.6375 | Te F1: 0.5476
F7 E025 | Loss: 0.6842 | Tr Acc: 0.5658 | Te Acc: 0.5806 | Te AUC: 0.6427 | Te F1: 0.5463
F7 E030 | Loss: 0.6876 | Tr Acc: 0.5676 | Te Acc: 0.5161 | Te AUC: 0.6427 | Te F1: 0.4380
F7 E035 | Loss: 0.6713 | Tr Acc: 0.5712 | Te Acc: 0.5484 | Te AUC: 0.6542 | Te F1: 0.5012
F7 E040 | Loss: 0.6738 | Tr Acc: 0.5765 | Te Acc: 0.5645 | Te AUC: 0.6500 | Te F1: 0.5135
F7 E045 | Loss: 0.6671 | Tr Acc: 0.5925 | Te Acc: 0.5806 | Te AUC: 0.6542 | Te F1: 0.5613
F7 E050 | Loss: 0.6666 | Tr Acc: 0.6085 | Te Acc: 0.5806 | Te AUC: 0.6521 | Te F1: 0.5717
F7 E055 | Loss: 0.6746 | Tr Acc: 0.6157 | Te Acc: 0.5806 | Te AUC: 0.6417 | Te F1: 0.5717
F7 E060 | Loss: 0.6561 | Tr Acc: 0.6139 | Te Acc: 0.5968 | Te AUC: 0.6490 | Te F1: 0.5952
F7 E065 | Loss: 0.6715 | Tr Acc: 0.6157 | Te Acc: 0.6290 | Te AUC: 0.6521 | Te F1: 0.6276
F7 E070 | Loss: 0.6563 | Tr Acc: 0.6317 | Te Acc: 0.6613 | Te AUC: 0.6562 | Te F1: 0.6614
F7 E075 | Loss: 0.6624 | Tr Acc: 0.6317 | Te Acc: 0.6129 | Te AUC: 0.6437 | Te F1: 0.5891
F7 E080 | Loss: 0.6590 | Tr Acc: 0.6068 | Te Acc: 0.5968 | Te AUC: 0.6458 | Te F1: 0.5601
F7 E085 | Loss: 0.6526 | Tr Acc: 0.5890 | Te Acc: 0.5484 | Te AUC: 0.6458 | Te F1: 0.4907
F7 E090 | Loss: 0.6411 | Tr Acc: 0.6085 | Te Acc: 0.6290 | Te AUC: 0.6531 | Te F1: 0.6093
F7 E095 | Loss: 0.6514 | Tr Acc: 0.6352 | Te Acc: 0.5645 | Te AUC: 0.6479 | Te F1: 0.5628
F7 E100 | Loss: 0.6425 | Tr Acc: 0.6406 | Te Acc: 0.5645 | Te AUC: 0.6458 | Te F1: 0.5628
F7 E105 | Loss: 0.6401 | Tr Acc: 0.6548 | Te Acc: 0.5968 | Te AUC: 0.6458 | Te F1: 0.5901
F7 E110 | Loss: 0.6296 | Tr Acc: 0.6246 | Te Acc: 0.5968 | Te AUC: 0.6438 | Te F1: 0.5601
F7 E115 | Loss: 0.6431 | Tr Acc: 0.6406 | Te Acc: 0.6129 | Te AUC: 0.6438 | Te F1: 0.5891
F7 E120 | Loss: 0.6435 | Tr Acc: 0.6726 | Te Acc: 0.5806 | Te AUC: 0.6438 | Te F1: 0.5754
F7 E125 | Loss: 0.6427 | Tr Acc: 0.6584 | Te Acc: 0.5806 | Te AUC: 0.6396 | Te F1: 0.5798
F7 E130 | Loss: 0.6452 | Tr Acc: 0.6655 | Te Acc: 0.6129 | Te AUC: 0.6406 | Te F1: 0.6080
F7 E135 | Loss: 0.6396 | Tr Acc: 0.6690 | Te Acc: 0.5968 | Te AUC: 0.6448 | Te F1: 0.5901
F7 E140 | Loss: 0.6341 | Tr Acc: 0.6726 | Te Acc: 0.6129 | Te AUC: 0.6458 | Te F1: 0.6047
F7 E145 | Loss: 0.6388 | Tr Acc: 0.6601 | Te Acc: 0.5806 | Te AUC: 0.6438 | Te F1: 0.5672
F7 E150 | Loss: 0.6256 | Tr Acc: 0.6584 | Te Acc: 0.5806 | Te AUC: 0.6427 | Te F1: 0.5672
F7 E155 | Loss: 0.6403 | Tr Acc: 0.6584 | Te Acc: 0.5806 | Te AUC: 0.6438 | Te F1: 0.5672
F7 E160 | Loss: 0.6203 | Tr Acc: 0.6566 | Te Acc: 0.5806 | Te AUC: 0.6427 | Te F1: 0.5672
F7 E165 | Loss: 0.6294 | Tr Acc: 0.6566 | Te Acc: 0.5806 | Te AUC: 0.6458 | Te F1: 0.5672
F7 E170 | Loss: 0.6307 | Tr Acc: 0.6619 | Te Acc: 0.5968 | Te AUC: 0.6437 | Te F1: 0.5754
F7 E175 | Loss: 0.6461 | Tr Acc: 0.6637 | Te Acc: 0.5968 | Te AUC: 0.6458 | Te F1: 0.5754
F7 E180 | Loss: 0.6218 | Tr Acc: 0.6601 | Te Acc: 0.5968 | Te AUC: 0.6448 | Te F1: 0.5862
F7 E185 | Loss: 0.6302 | Tr Acc: 0.6655 | Te Acc: 0.5968 | Te AUC: 0.6448 | Te F1: 0.5862
F7 E190 | Loss: 0.6370 | Tr Acc: 0.6655 | Te Acc: 0.5968 | Te AUC: 0.6448 | Te F1: 0.5862
F7 E195 | Loss: 0.6397 | Tr Acc: 0.6726 | Te Acc: 0.5968 | Te AUC: 0.6448 | Te F1: 0.5862
Early stopping triggered at epoch 195 due to lack of improvement in Test AUC.
Fold 7 - Training finished. Best Test Accuracy: 0.6613, AUC: 0.6562
Fold 7 elapsed time: 46.45 seconds.

--- Fold 8/10 ---
Calculating max TS length for Positional Encoding (624 subjects)...
Determined max TS length 295 from 624 valid files for Positional Encoding.
Fold 8 using dynamic max length (up to 295 for PE).
Loading time series for 624 subjects in fold...
No truncation active. Will pad to max length found in this fold's successful loads.
Padding to max length found in fold: 295
Padding 624 time series to final length: 295
Proceeding with 624 subjects for Fold 8 model training/evaluation.
Phenotype encoder created.
Generating initial embeddings for graph construction (Batch Size: 32)...
Initial embeddings generated.
Building k-NN graph (k=20)...
Graph built with 624 nodes and 12480 edges.
Starting training for Fold 8... Train samples: 562, Test samples: 62
F8 E001 | Loss: 0.6957 | Tr Acc: 0.5160 | Te Acc: 0.5161 | Te AUC: 0.5792 | Te F1: 0.3514
F8 E005 | Loss: 0.6984 | Tr Acc: 0.5160 | Te Acc: 0.5161 | Te AUC: 0.5635 | Te F1: 0.3514
F8 E010 | Loss: 0.6841 | Tr Acc: 0.5267 | Te Acc: 0.5161 | Te AUC: 0.4229 | Te F1: 0.3514
F8 E015 | Loss: 0.6723 | Tr Acc: 0.5587 | Te Acc: 0.5000 | Te AUC: 0.4094 | Te F1: 0.3917
F8 E020 | Loss: 0.6747 | Tr Acc: 0.6050 | Te Acc: 0.5161 | Te AUC: 0.4208 | Te F1: 0.4765
F8 E025 | Loss: 0.6642 | Tr Acc: 0.5961 | Te Acc: 0.4839 | Te AUC: 0.4417 | Te F1: 0.4416
F8 E030 | Loss: 0.6679 | Tr Acc: 0.5872 | Te Acc: 0.5000 | Te AUC: 0.4625 | Te F1: 0.4414
F8 E035 | Loss: 0.6681 | Tr Acc: 0.5819 | Te Acc: 0.5000 | Te AUC: 0.4688 | Te F1: 0.4271
F8 E040 | Loss: 0.6699 | Tr Acc: 0.5801 | Te Acc: 0.4839 | Te AUC: 0.4698 | Te F1: 0.4299
F8 E045 | Loss: 0.6568 | Tr Acc: 0.5872 | Te Acc: 0.4839 | Te AUC: 0.4625 | Te F1: 0.4416
F8 E050 | Loss: 0.6539 | Tr Acc: 0.6103 | Te Acc: 0.4677 | Te AUC: 0.4646 | Te F1: 0.4296
F8 E055 | Loss: 0.6475 | Tr Acc: 0.6139 | Te Acc: 0.4677 | Te AUC: 0.4625 | Te F1: 0.4296
F8 E060 | Loss: 0.6460 | Tr Acc: 0.6228 | Te Acc: 0.4516 | Te AUC: 0.4677 | Te F1: 0.4174
F8 E065 | Loss: 0.6653 | Tr Acc: 0.6174 | Te Acc: 0.4516 | Te AUC: 0.4677 | Te F1: 0.4174
F8 E070 | Loss: 0.6520 | Tr Acc: 0.6139 | Te Acc: 0.4516 | Te AUC: 0.4667 | Te F1: 0.4174
F8 E075 | Loss: 0.6637 | Tr Acc: 0.6139 | Te Acc: 0.4516 | Te AUC: 0.4667 | Te F1: 0.4174
F8 E080 | Loss: 0.6435 | Tr Acc: 0.6157 | Te Acc: 0.4516 | Te AUC: 0.4677 | Te F1: 0.4174
F8 E085 | Loss: 0.6583 | Tr Acc: 0.6174 | Te Acc: 0.4516 | Te AUC: 0.4688 | Te F1: 0.4174
F8 E090 | Loss: 0.6524 | Tr Acc: 0.6157 | Te Acc: 0.4516 | Te AUC: 0.4677 | Te F1: 0.4174
F8 E095 | Loss: 0.6539 | Tr Acc: 0.6157 | Te Acc: 0.4516 | Te AUC: 0.4698 | Te F1: 0.4174
F8 E100 | Loss: 0.6514 | Tr Acc: 0.6157 | Te Acc: 0.4516 | Te AUC: 0.4688 | Te F1: 0.4174
F8 E105 | Loss: 0.6550 | Tr Acc: 0.6157 | Te Acc: 0.4516 | Te AUC: 0.4698 | Te F1: 0.4174
F8 E110 | Loss: 0.6544 | Tr Acc: 0.6157 | Te Acc: 0.4516 | Te AUC: 0.4708 | Te F1: 0.4174
F8 E115 | Loss: 0.6474 | Tr Acc: 0.6157 | Te Acc: 0.4516 | Te AUC: 0.4719 | Te F1: 0.4174
F8 E120 | Loss: 0.6600 | Tr Acc: 0.6157 | Te Acc: 0.4516 | Te AUC: 0.4677 | Te F1: 0.4174
F8 E125 | Loss: 0.6407 | Tr Acc: 0.6174 | Te Acc: 0.4516 | Te AUC: 0.4698 | Te F1: 0.4174
Early stopping triggered at epoch 125 due to lack of improvement in Test AUC.
Fold 8 - Training finished. Best Test Accuracy: 0.5161, AUC: 0.5792
Fold 8 elapsed time: 32.65 seconds.

--- Fold 9/10 ---
Calculating max TS length for Positional Encoding (624 subjects)...
Determined max TS length 295 from 624 valid files for Positional Encoding.
Fold 9 using dynamic max length (up to 295 for PE).
Loading time series for 624 subjects in fold...
No truncation active. Will pad to max length found in this fold's successful loads.
Padding to max length found in fold: 295
Padding 624 time series to final length: 295
Proceeding with 624 subjects for Fold 9 model training/evaluation.
Phenotype encoder created.
Generating initial embeddings for graph construction (Batch Size: 32)...
Initial embeddings generated.
Building k-NN graph (k=20)...
Graph built with 624 nodes and 12480 edges.
Starting training for Fold 9... Train samples: 562, Test samples: 62
F9 E001 | Loss: 0.6982 | Tr Acc: 0.5160 | Te Acc: 0.5161 | Te AUC: 0.4573 | Te F1: 0.3514
F9 E005 | Loss: 0.6949 | Tr Acc: 0.5160 | Te Acc: 0.5161 | Te AUC: 0.4719 | Te F1: 0.3514
F9 E010 | Loss: 0.6838 | Tr Acc: 0.5516 | Te Acc: 0.5161 | Te AUC: 0.5156 | Te F1: 0.3781
F9 E015 | Loss: 0.6776 | Tr Acc: 0.5747 | Te Acc: 0.4677 | Te AUC: 0.6021 | Te F1: 0.3902
F9 E020 | Loss: 0.6751 | Tr Acc: 0.5890 | Te Acc: 0.4839 | Te AUC: 0.6000 | Te F1: 0.4299
F9 E025 | Loss: 0.6784 | Tr Acc: 0.5925 | Te Acc: 0.5323 | Te AUC: 0.5823 | Te F1: 0.5279
F9 E030 | Loss: 0.6746 | Tr Acc: 0.5801 | Te Acc: 0.5968 | Te AUC: 0.5917 | Te F1: 0.5952
F9 E035 | Loss: 0.6677 | Tr Acc: 0.6228 | Te Acc: 0.5806 | Te AUC: 0.5771 | Te F1: 0.5806
F9 E040 | Loss: 0.6641 | Tr Acc: 0.6263 | Te Acc: 0.5645 | Te AUC: 0.5740 | Te F1: 0.5628
F9 E045 | Loss: 0.6706 | Tr Acc: 0.6103 | Te Acc: 0.5645 | Te AUC: 0.5687 | Te F1: 0.5642
F9 E050 | Loss: 0.6664 | Tr Acc: 0.6050 | Te Acc: 0.5968 | Te AUC: 0.5708 | Te F1: 0.5931
F9 E055 | Loss: 0.6586 | Tr Acc: 0.5943 | Te Acc: 0.6290 | Te AUC: 0.5844 | Te F1: 0.6229
F9 E060 | Loss: 0.6616 | Tr Acc: 0.5658 | Te Acc: 0.5968 | Te AUC: 0.5813 | Te F1: 0.5754
F9 E065 | Loss: 0.6557 | Tr Acc: 0.5712 | Te Acc: 0.6129 | Te AUC: 0.5802 | Te F1: 0.5891
F9 E070 | Loss: 0.6600 | Tr Acc: 0.6121 | Te Acc: 0.5806 | Te AUC: 0.5802 | Te F1: 0.5780
F9 E075 | Loss: 0.6679 | Tr Acc: 0.6121 | Te Acc: 0.5806 | Te AUC: 0.5719 | Te F1: 0.5780
F9 E080 | Loss: 0.6490 | Tr Acc: 0.6210 | Te Acc: 0.5645 | Te AUC: 0.5729 | Te F1: 0.5642
F9 E085 | Loss: 0.6604 | Tr Acc: 0.6263 | Te Acc: 0.5645 | Te AUC: 0.5667 | Te F1: 0.5642
F9 E090 | Loss: 0.6639 | Tr Acc: 0.6299 | Te Acc: 0.5645 | Te AUC: 0.5604 | Te F1: 0.5642
F9 E095 | Loss: 0.6566 | Tr Acc: 0.6352 | Te Acc: 0.5484 | Te AUC: 0.5594 | Te F1: 0.5474
F9 E100 | Loss: 0.6604 | Tr Acc: 0.6299 | Te Acc: 0.5323 | Te AUC: 0.5604 | Te F1: 0.5304
F9 E105 | Loss: 0.6647 | Tr Acc: 0.6317 | Te Acc: 0.5323 | Te AUC: 0.5573 | Te F1: 0.5304
F9 E110 | Loss: 0.6662 | Tr Acc: 0.6299 | Te Acc: 0.5484 | Te AUC: 0.5563 | Te F1: 0.5474
F9 E115 | Loss: 0.6503 | Tr Acc: 0.6317 | Te Acc: 0.5484 | Te AUC: 0.5583 | Te F1: 0.5474
F9 E120 | Loss: 0.6494 | Tr Acc: 0.6352 | Te Acc: 0.5323 | Te AUC: 0.5594 | Te F1: 0.5304
F9 E125 | Loss: 0.6612 | Tr Acc: 0.6228 | Te Acc: 0.5323 | Te AUC: 0.5635 | Te F1: 0.5280
F9 E130 | Loss: 0.6621 | Tr Acc: 0.6246 | Te Acc: 0.5161 | Te AUC: 0.5625 | Te F1: 0.5131
F9 E135 | Loss: 0.6581 | Tr Acc: 0.6246 | Te Acc: 0.5161 | Te AUC: 0.5604 | Te F1: 0.5131
F9 E140 | Loss: 0.6529 | Tr Acc: 0.6263 | Te Acc: 0.5323 | Te AUC: 0.5562 | Te F1: 0.5304
Early stopping triggered at epoch 140 due to lack of improvement in Test AUC.
Fold 9 - Training finished. Best Test Accuracy: 0.4677, AUC: 0.6021
Fold 9 elapsed time: 35.34 seconds.

--- Fold 10/10 ---
Calculating max TS length for Positional Encoding (624 subjects)...
Determined max TS length 295 from 624 valid files for Positional Encoding.
Fold 10 using dynamic max length (up to 295 for PE).
Loading time series for 624 subjects in fold...
No truncation active. Will pad to max length found in this fold's successful loads.
Padding to max length found in fold: 295
Padding 624 time series to final length: 295
Proceeding with 624 subjects for Fold 10 model training/evaluation.
Phenotype encoder created.
Generating initial embeddings for graph construction (Batch Size: 32)...
Initial embeddings generated.
Building k-NN graph (k=20)...
Graph built with 624 nodes and 12480 edges.
Starting training for Fold 10... Train samples: 562, Test samples: 62
F10 E001 | Loss: 0.7143 | Tr Acc: 0.4840 | Te Acc: 0.4839 | Te AUC: 0.3406 | Te F1: 0.3156
F10 E005 | Loss: 0.6979 | Tr Acc: 0.5747 | Te Acc: 0.5806 | Te AUC: 0.5563 | Te F1: 0.5753
F10 E010 | Loss: 0.6927 | Tr Acc: 0.5730 | Te Acc: 0.5806 | Te AUC: 0.5615 | Te F1: 0.5463
F10 E015 | Loss: 0.6981 | Tr Acc: 0.5872 | Te Acc: 0.5806 | Te AUC: 0.5938 | Te F1: 0.5613
F10 E020 | Loss: 0.6826 | Tr Acc: 0.5854 | Te Acc: 0.5968 | Te AUC: 0.6198 | Te F1: 0.5900
F10 E025 | Loss: 0.6836 | Tr Acc: 0.5979 | Te Acc: 0.5968 | Te AUC: 0.6104 | Te F1: 0.5900
F10 E030 | Loss: 0.6825 | Tr Acc: 0.6032 | Te Acc: 0.5806 | Te AUC: 0.6115 | Te F1: 0.5463
F10 E035 | Loss: 0.6762 | Tr Acc: 0.5979 | Te Acc: 0.5968 | Te AUC: 0.6115 | Te F1: 0.5594
F10 E040 | Loss: 0.6629 | Tr Acc: 0.5890 | Te Acc: 0.5806 | Te AUC: 0.6104 | Te F1: 0.5368
F10 E045 | Loss: 0.6525 | Tr Acc: 0.5907 | Te Acc: 0.5806 | Te AUC: 0.6146 | Te F1: 0.5368
F10 E050 | Loss: 0.6535 | Tr Acc: 0.6228 | Te Acc: 0.5968 | Te AUC: 0.6260 | Te F1: 0.5679
F10 E055 | Loss: 0.6517 | Tr Acc: 0.6139 | Te Acc: 0.5968 | Te AUC: 0.6333 | Te F1: 0.5750
F10 E060 | Loss: 0.6578 | Tr Acc: 0.6192 | Te Acc: 0.5968 | Te AUC: 0.6479 | Te F1: 0.5750
F10 E065 | Loss: 0.6487 | Tr Acc: 0.6121 | Te Acc: 0.5806 | Te AUC: 0.6510 | Te F1: 0.5545
F10 E070 | Loss: 0.6445 | Tr Acc: 0.6139 | Te Acc: 0.6129 | Te AUC: 0.6500 | Te F1: 0.5818
F10 E075 | Loss: 0.6406 | Tr Acc: 0.5160 | Te Acc: 0.5323 | Te AUC: 0.6500 | Te F1: 0.4147
F10 E080 | Loss: 0.6550 | Tr Acc: 0.6441 | Te Acc: 0.6129 | Te AUC: 0.6510 | Te F1: 0.6105
F10 E085 | Loss: 0.6391 | Tr Acc: 0.6192 | Te Acc: 0.5806 | Te AUC: 0.6562 | Te F1: 0.5463
F10 E090 | Loss: 0.6307 | Tr Acc: 0.6263 | Te Acc: 0.5645 | Te AUC: 0.6479 | Te F1: 0.5476
F10 E095 | Loss: 0.6363 | Tr Acc: 0.6530 | Te Acc: 0.5968 | Te AUC: 0.6354 | Te F1: 0.5952
F10 E100 | Loss: 0.6290 | Tr Acc: 0.5890 | Te Acc: 0.5645 | Te AUC: 0.6500 | Te F1: 0.5146
F10 E105 | Loss: 0.6383 | Tr Acc: 0.5374 | Te Acc: 0.5484 | Te AUC: 0.6469 | Te F1: 0.4446
F10 E110 | Loss: 0.6389 | Tr Acc: 0.6584 | Te Acc: 0.5645 | Te AUC: 0.6208 | Te F1: 0.5531
F10 E115 | Loss: 0.6279 | Tr Acc: 0.6441 | Te Acc: 0.5484 | Te AUC: 0.6177 | Te F1: 0.5279
F10 E120 | Loss: 0.6076 | Tr Acc: 0.6566 | Te Acc: 0.5645 | Te AUC: 0.6313 | Te F1: 0.5411
F10 E125 | Loss: 0.6187 | Tr Acc: 0.6548 | Te Acc: 0.5484 | Te AUC: 0.6292 | Te F1: 0.5114
F10 E130 | Loss: 0.6105 | Tr Acc: 0.6281 | Te Acc: 0.5484 | Te AUC: 0.6396 | Te F1: 0.4892
F10 E135 | Loss: 0.6073 | Tr Acc: 0.6673 | Te Acc: 0.5968 | Te AUC: 0.6375 | Te F1: 0.5965
F10 E140 | Loss: 0.6196 | Tr Acc: 0.5320 | Te Acc: 0.4839 | Te AUC: 0.6448 | Te F1: 0.3422
F10 E145 | Loss: 0.6055 | Tr Acc: 0.5836 | Te Acc: 0.5323 | Te AUC: 0.6417 | Te F1: 0.4511
F10 E150 | Loss: 0.6231 | Tr Acc: 0.6263 | Te Acc: 0.5645 | Te AUC: 0.6344 | Te F1: 0.5338
F10 E155 | Loss: 0.6032 | Tr Acc: 0.6637 | Te Acc: 0.5645 | Te AUC: 0.6260 | Te F1: 0.5605
F10 E160 | Loss: 0.6087 | Tr Acc: 0.6868 | Te Acc: 0.5968 | Te AUC: 0.6208 | Te F1: 0.5931
F10 E165 | Loss: 0.6064 | Tr Acc: 0.6797 | Te Acc: 0.6129 | Te AUC: 0.6188 | Te F1: 0.6046
F10 E170 | Loss: 0.5979 | Tr Acc: 0.6744 | Te Acc: 0.6129 | Te AUC: 0.6271 | Te F1: 0.6046
F10 E175 | Loss: 0.5999 | Tr Acc: 0.6726 | Te Acc: 0.6129 | Te AUC: 0.6250 | Te F1: 0.6046
F10 E180 | Loss: 0.5924 | Tr Acc: 0.6779 | Te Acc: 0.6290 | Te AUC: 0.6260 | Te F1: 0.6228
F10 E185 | Loss: 0.6035 | Tr Acc: 0.6851 | Te Acc: 0.6290 | Te AUC: 0.6250 | Te F1: 0.6228
F10 E190 | Loss: 0.6075 | Tr Acc: 0.6886 | Te Acc: 0.6129 | Te AUC: 0.6208 | Te F1: 0.6121
F10 E195 | Loss: 0.5948 | Tr Acc: 0.6940 | Te Acc: 0.5968 | Te AUC: 0.6229 | Te F1: 0.5965
F10 E200 | Loss: 0.5942 | Tr Acc: 0.6957 | Te Acc: 0.6129 | Te AUC: 0.6229 | Te F1: 0.6121
Fold 10 - Training finished. Best Test Accuracy: 0.5806, AUC: 0.6562
Fold 10 elapsed time: 46.99 seconds.

--- Cross-Validation Results ---
Number of successfully completed folds with valid metrics: 10/10
Average Accuracy:  0.5561 +/- 0.0642
Average F1-Score:  0.4883
Average Precision: 0.4810
Average Recall:    0.5561
Average AUC:       0.6407

Total elapsed time: 408.74 seconds.
--- Run Finished ---
Frankenstein Training completed at Wed Apr 16 03:23:13 AM EDT 2025
