Starting ACHNN regression training with 16 CPUs and 1 GPU at Wed Apr 16 04:57:43 AM EDT 2025
Loading configuration from config_baseline_mlp.yaml...
Loading preprocessed features and labels...
 Feature shape: (546, 19927), Label shape: (546,)
 Label distribution: [279 267]
Random seed set to 42
Using GPU: NVIDIA RTX A5000

--- Fold 1/10 ---
Starting training for Fold 1...
F1 E001 | Tr Loss: 0.7246 | Te Loss: 0.6752 | Te Acc: 0.5455 | Te AUC: 0.6640
F1 E005 | Tr Loss: 0.4768 | Te Loss: 0.6311 | Te Acc: 0.6545 | Te AUC: 0.7050
F1 E010 | Tr Loss: 0.2202 | Te Loss: 0.6708 | Te Acc: 0.6727 | Te AUC: 0.7262
F1 E015 | Tr Loss: 0.1645 | Te Loss: 0.7924 | Te Acc: 0.6364 | Te AUC: 0.7421
F1 E020 | Tr Loss: 0.0865 | Te Loss: 0.8391 | Te Acc: 0.6727 | Te AUC: 0.7090
F1 E025 | Tr Loss: 0.0865 | Te Loss: 0.9303 | Te Acc: 0.6545 | Te AUC: 0.7103
F1 E030 | Tr Loss: 0.0973 | Te Loss: 0.8983 | Te Acc: 0.6909 | Te AUC: 0.7275
F1 E035 | Tr Loss: 0.0462 | Te Loss: 0.9369 | Te Acc: 0.7273 | Te AUC: 0.7407
F1 E040 | Tr Loss: 0.0483 | Te Loss: 1.0762 | Te Acc: 0.6545 | Te AUC: 0.7222
F1 E045 | Tr Loss: 0.0426 | Te Loss: 1.1697 | Te Acc: 0.6727 | Te AUC: 0.7116
F1 E050 | Tr Loss: 0.0653 | Te Loss: 1.0870 | Te Acc: 0.6727 | Te AUC: 0.7262
F1 E055 | Tr Loss: 0.0990 | Te Loss: 1.2711 | Te Acc: 0.6000 | Te AUC: 0.7143
F1 E060 | Tr Loss: 0.0372 | Te Loss: 1.1895 | Te Acc: 0.6909 | Te AUC: 0.7500
F1 E065 | Tr Loss: 0.0302 | Te Loss: 1.1970 | Te Acc: 0.6364 | Te AUC: 0.7434
F1 E070 | Tr Loss: 0.0307 | Te Loss: 1.2893 | Te Acc: 0.6727 | Te AUC: 0.7302
F1 E075 | Tr Loss: 0.0081 | Te Loss: 1.2097 | Te Acc: 0.6727 | Te AUC: 0.7302
F1 E080 | Tr Loss: 0.0364 | Te Loss: 1.3090 | Te Acc: 0.6909 | Te AUC: 0.7434
F1 E085 | Tr Loss: 0.0328 | Te Loss: 1.4066 | Te Acc: 0.6364 | Te AUC: 0.6918
F1 E090 | Tr Loss: 0.0404 | Te Loss: 1.4667 | Te Acc: 0.6182 | Te AUC: 0.6931
F1 E095 | Tr Loss: 0.0200 | Te Loss: 1.6543 | Te Acc: 0.6545 | Te AUC: 0.7136
F1 E100 | Tr Loss: 0.0273 | Te Loss: 1.5157 | Te Acc: 0.6727 | Te AUC: 0.7487
F1 E105 | Tr Loss: 0.0103 | Te Loss: 1.6526 | Te Acc: 0.6909 | Te AUC: 0.7183
F1 E110 | Tr Loss: 0.0196 | Te Loss: 1.6177 | Te Acc: 0.7091 | Te AUC: 0.7447
F1 E115 | Tr Loss: 0.0255 | Te Loss: 1.5499 | Te Acc: 0.7455 | Te AUC: 0.7407
F1 E120 | Tr Loss: 0.0101 | Te Loss: 1.5576 | Te Acc: 0.6727 | Te AUC: 0.7222
F1 E125 | Tr Loss: 0.0030 | Te Loss: 1.5647 | Te Acc: 0.6909 | Te AUC: 0.7328
F1 E130 | Tr Loss: 0.0103 | Te Loss: 1.5639 | Te Acc: 0.6909 | Te AUC: 0.7275
F1 E135 | Tr Loss: 0.0062 | Te Loss: 1.5697 | Te Acc: 0.6909 | Te AUC: 0.7315
F1 E140 | Tr Loss: 0.0049 | Te Loss: 1.6372 | Te Acc: 0.6545 | Te AUC: 0.7196
F1 E145 | Tr Loss: 0.0019 | Te Loss: 1.6528 | Te Acc: 0.6545 | Te AUC: 0.7209
F1 E150 | Tr Loss: 0.0064 | Te Loss: 1.6325 | Te Acc: 0.6727 | Te AUC: 0.7249
F1 E155 | Tr Loss: 0.0031 | Te Loss: 1.6209 | Te Acc: 0.6727 | Te AUC: 0.7341
F1 E160 | Tr Loss: 0.0046 | Te Loss: 1.6086 | Te Acc: 0.6545 | Te AUC: 0.7328
Early stopping triggered at epoch 160.
Fold 1 - Training finished. Best Test Accuracy: 0.6909, AUC: 0.7500
Fold 1 elapsed time: 7.97 seconds.

--- Fold 2/10 ---
Starting training for Fold 2...
F2 E001 | Tr Loss: 0.7625 | Te Loss: 0.7205 | Te Acc: 0.5455 | Te AUC: 0.5529
F2 E005 | Tr Loss: 0.5169 | Te Loss: 0.6780 | Te Acc: 0.6364 | Te AUC: 0.6759
F2 E010 | Tr Loss: 0.2594 | Te Loss: 0.7287 | Te Acc: 0.6545 | Te AUC: 0.7143
F2 E015 | Tr Loss: 0.1404 | Te Loss: 0.7015 | Te Acc: 0.6909 | Te AUC: 0.7394
F2 E020 | Tr Loss: 0.1239 | Te Loss: 0.8302 | Te Acc: 0.6909 | Te AUC: 0.7302
F2 E025 | Tr Loss: 0.0763 | Te Loss: 0.8466 | Te Acc: 0.6545 | Te AUC: 0.7579
F2 E030 | Tr Loss: 0.0718 | Te Loss: 0.8742 | Te Acc: 0.6727 | Te AUC: 0.7791
F2 E035 | Tr Loss: 0.0584 | Te Loss: 1.0807 | Te Acc: 0.6727 | Te AUC: 0.7659
F2 E040 | Tr Loss: 0.0894 | Te Loss: 1.0066 | Te Acc: 0.6909 | Te AUC: 0.7593
F2 E045 | Tr Loss: 0.0370 | Te Loss: 1.1021 | Te Acc: 0.6545 | Te AUC: 0.7354
F2 E050 | Tr Loss: 0.0585 | Te Loss: 1.0033 | Te Acc: 0.7273 | Te AUC: 0.7738
F2 E055 | Tr Loss: 0.0181 | Te Loss: 1.1508 | Te Acc: 0.6545 | Te AUC: 0.7646
F2 E060 | Tr Loss: 0.0347 | Te Loss: 1.2414 | Te Acc: 0.6727 | Te AUC: 0.7619
F2 E065 | Tr Loss: 0.0289 | Te Loss: 1.2234 | Te Acc: 0.6909 | Te AUC: 0.7751
F2 E070 | Tr Loss: 0.0294 | Te Loss: 1.1394 | Te Acc: 0.6727 | Te AUC: 0.7685
F2 E075 | Tr Loss: 0.0499 | Te Loss: 1.3249 | Te Acc: 0.6545 | Te AUC: 0.7672
F2 E080 | Tr Loss: 0.0331 | Te Loss: 1.4067 | Te Acc: 0.6727 | Te AUC: 0.7725
F2 E085 | Tr Loss: 0.0411 | Te Loss: 1.3989 | Te Acc: 0.7091 | Te AUC: 0.7593
F2 E090 | Tr Loss: 0.0075 | Te Loss: 1.3432 | Te Acc: 0.6727 | Te AUC: 0.7778
F2 E095 | Tr Loss: 0.0061 | Te Loss: 1.3974 | Te Acc: 0.6727 | Te AUC: 0.7765
F2 E100 | Tr Loss: 0.0107 | Te Loss: 1.3976 | Te Acc: 0.6727 | Te AUC: 0.7778
F2 E105 | Tr Loss: 0.0048 | Te Loss: 1.4481 | Te Acc: 0.6727 | Te AUC: 0.7685
F2 E110 | Tr Loss: 0.0045 | Te Loss: 1.4435 | Te Acc: 0.6727 | Te AUC: 0.7738
F2 E115 | Tr Loss: 0.0175 | Te Loss: 1.4599 | Te Acc: 0.6727 | Te AUC: 0.7685
F2 E120 | Tr Loss: 0.0057 | Te Loss: 1.4153 | Te Acc: 0.6727 | Te AUC: 0.7698
F2 E125 | Tr Loss: 0.0048 | Te Loss: 1.4338 | Te Acc: 0.6727 | Te AUC: 0.7712
F2 E130 | Tr Loss: 0.0033 | Te Loss: 1.4597 | Te Acc: 0.6727 | Te AUC: 0.7659
Early stopping triggered at epoch 130.
Fold 2 - Training finished. Best Test Accuracy: 0.6727, AUC: 0.7791
Fold 2 elapsed time: 4.37 seconds.

--- Fold 3/10 ---
Starting training for Fold 3...
F3 E001 | Tr Loss: 0.7300 | Te Loss: 0.7012 | Te Acc: 0.5636 | Te AUC: 0.6415
F3 E005 | Tr Loss: 0.4833 | Te Loss: 0.5890 | Te Acc: 0.6909 | Te AUC: 0.7526
F3 E010 | Tr Loss: 0.2245 | Te Loss: 0.5499 | Te Acc: 0.7455 | Te AUC: 0.8175
F3 E015 | Tr Loss: 0.1204 | Te Loss: 0.6053 | Te Acc: 0.7091 | Te AUC: 0.8029
F3 E020 | Tr Loss: 0.0971 | Te Loss: 0.7039 | Te Acc: 0.6727 | Te AUC: 0.7857
F3 E025 | Tr Loss: 0.0797 | Te Loss: 0.7460 | Te Acc: 0.6727 | Te AUC: 0.7632
F3 E030 | Tr Loss: 0.0693 | Te Loss: 0.8658 | Te Acc: 0.6727 | Te AUC: 0.7725
F3 E035 | Tr Loss: 0.0504 | Te Loss: 0.8385 | Te Acc: 0.6909 | Te AUC: 0.7698
F3 E040 | Tr Loss: 0.0619 | Te Loss: 0.8296 | Te Acc: 0.7455 | Te AUC: 0.7831
F3 E045 | Tr Loss: 0.0348 | Te Loss: 0.8616 | Te Acc: 0.7273 | Te AUC: 0.7791
F3 E050 | Tr Loss: 0.0395 | Te Loss: 0.8434 | Te Acc: 0.6545 | Te AUC: 0.7817
F3 E055 | Tr Loss: 0.0405 | Te Loss: 0.9327 | Te Acc: 0.7091 | Te AUC: 0.7804
F3 E060 | Tr Loss: 0.0478 | Te Loss: 0.8281 | Te Acc: 0.7455 | Te AUC: 0.8108
F3 E065 | Tr Loss: 0.0275 | Te Loss: 0.9989 | Te Acc: 0.6909 | Te AUC: 0.7804
F3 E070 | Tr Loss: 0.0217 | Te Loss: 0.9388 | Te Acc: 0.7273 | Te AUC: 0.8029
F3 E075 | Tr Loss: 0.0218 | Te Loss: 0.9573 | Te Acc: 0.7091 | Te AUC: 0.7976
F3 E080 | Tr Loss: 0.0095 | Te Loss: 0.9654 | Te Acc: 0.7091 | Te AUC: 0.7989
F3 E085 | Tr Loss: 0.0114 | Te Loss: 0.9847 | Te Acc: 0.7273 | Te AUC: 0.7976
F3 E090 | Tr Loss: 0.0083 | Te Loss: 0.9952 | Te Acc: 0.6909 | Te AUC: 0.8069
F3 E095 | Tr Loss: 0.0115 | Te Loss: 1.0017 | Te Acc: 0.7091 | Te AUC: 0.8016
F3 E100 | Tr Loss: 0.0056 | Te Loss: 1.0036 | Te Acc: 0.7091 | Te AUC: 0.8003
F3 E105 | Tr Loss: 0.0056 | Te Loss: 1.0176 | Te Acc: 0.6909 | Te AUC: 0.8016
F3 E110 | Tr Loss: 0.0032 | Te Loss: 0.9990 | Te Acc: 0.7091 | Te AUC: 0.8016
Early stopping triggered at epoch 110.
Fold 3 - Training finished. Best Test Accuracy: 0.7455, AUC: 0.8175
Fold 3 elapsed time: 3.71 seconds.

--- Fold 4/10 ---
Starting training for Fold 4...
F4 E001 | Tr Loss: 0.7418 | Te Loss: 0.6529 | Te Acc: 0.6182 | Te AUC: 0.6468
F4 E005 | Tr Loss: 0.5049 | Te Loss: 0.5886 | Te Acc: 0.6727 | Te AUC: 0.7526
F4 E010 | Tr Loss: 0.2602 | Te Loss: 0.6021 | Te Acc: 0.6727 | Te AUC: 0.7381
F4 E015 | Tr Loss: 0.1295 | Te Loss: 0.6870 | Te Acc: 0.6909 | Te AUC: 0.7262
F4 E020 | Tr Loss: 0.0743 | Te Loss: 0.7631 | Te Acc: 0.6364 | Te AUC: 0.7196
F4 E025 | Tr Loss: 0.0930 | Te Loss: 0.9422 | Te Acc: 0.6364 | Te AUC: 0.6825
F4 E030 | Tr Loss: 0.0722 | Te Loss: 0.8290 | Te Acc: 0.6364 | Te AUC: 0.7328
F4 E035 | Tr Loss: 0.0389 | Te Loss: 0.9623 | Te Acc: 0.6182 | Te AUC: 0.7169
F4 E040 | Tr Loss: 0.0785 | Te Loss: 1.1183 | Te Acc: 0.6727 | Te AUC: 0.6812
F4 E045 | Tr Loss: 0.0442 | Te Loss: 1.1216 | Te Acc: 0.6545 | Te AUC: 0.6971
F4 E050 | Tr Loss: 0.0264 | Te Loss: 1.1114 | Te Acc: 0.6182 | Te AUC: 0.7302
F4 E055 | Tr Loss: 0.0306 | Te Loss: 1.3474 | Te Acc: 0.6364 | Te AUC: 0.6720
F4 E060 | Tr Loss: 0.0798 | Te Loss: 1.4119 | Te Acc: 0.6364 | Te AUC: 0.6944
F4 E065 | Tr Loss: 0.0276 | Te Loss: 1.2880 | Te Acc: 0.6364 | Te AUC: 0.7037
F4 E070 | Tr Loss: 0.0213 | Te Loss: 1.3491 | Te Acc: 0.6545 | Te AUC: 0.6958
F4 E075 | Tr Loss: 0.0157 | Te Loss: 1.3708 | Te Acc: 0.6364 | Te AUC: 0.6944
F4 E080 | Tr Loss: 0.0082 | Te Loss: 1.3798 | Te Acc: 0.6364 | Te AUC: 0.6892
F4 E085 | Tr Loss: 0.0094 | Te Loss: 1.4123 | Te Acc: 0.6182 | Te AUC: 0.6852
F4 E090 | Tr Loss: 0.0134 | Te Loss: 1.4650 | Te Acc: 0.6000 | Te AUC: 0.6786
F4 E095 | Tr Loss: 0.0085 | Te Loss: 1.4779 | Te Acc: 0.6182 | Te AUC: 0.6759
F4 E100 | Tr Loss: 0.0159 | Te Loss: 1.4833 | Te Acc: 0.6182 | Te AUC: 0.6799
F4 E105 | Tr Loss: 0.0069 | Te Loss: 1.4692 | Te Acc: 0.6182 | Te AUC: 0.6839
Early stopping triggered at epoch 105.
Fold 4 - Training finished. Best Test Accuracy: 0.6727, AUC: 0.7526
Fold 4 elapsed time: 3.60 seconds.

--- Fold 5/10 ---
Starting training for Fold 5...
F5 E001 | Tr Loss: 0.7392 | Te Loss: 0.6666 | Te Acc: 0.6000 | Te AUC: 0.6283
F5 E005 | Tr Loss: 0.4572 | Te Loss: 0.6967 | Te Acc: 0.6364 | Te AUC: 0.6283
F5 E010 | Tr Loss: 0.2429 | Te Loss: 0.7361 | Te Acc: 0.6000 | Te AUC: 0.6601
F5 E015 | Tr Loss: 0.1427 | Te Loss: 0.8547 | Te Acc: 0.5818 | Te AUC: 0.6349
F5 E020 | Tr Loss: 0.1002 | Te Loss: 1.0169 | Te Acc: 0.5818 | Te AUC: 0.6257
F5 E025 | Tr Loss: 0.0971 | Te Loss: 1.1828 | Te Acc: 0.5818 | Te AUC: 0.6534
F5 E030 | Tr Loss: 0.0815 | Te Loss: 1.2378 | Te Acc: 0.5818 | Te AUC: 0.6376
F5 E035 | Tr Loss: 0.0530 | Te Loss: 1.3554 | Te Acc: 0.5636 | Te AUC: 0.6627
F5 E040 | Tr Loss: 0.0582 | Te Loss: 1.4629 | Te Acc: 0.6182 | Te AUC: 0.6310
F5 E045 | Tr Loss: 0.0296 | Te Loss: 1.5426 | Te Acc: 0.5818 | Te AUC: 0.6495
F5 E050 | Tr Loss: 0.0526 | Te Loss: 1.5458 | Te Acc: 0.5818 | Te AUC: 0.6429
F5 E055 | Tr Loss: 0.0258 | Te Loss: 1.7430 | Te Acc: 0.5455 | Te AUC: 0.6362
F5 E060 | Tr Loss: 0.0380 | Te Loss: 1.8976 | Te Acc: 0.5455 | Te AUC: 0.6468
F5 E065 | Tr Loss: 0.0477 | Te Loss: 1.6147 | Te Acc: 0.5818 | Te AUC: 0.6481
F5 E070 | Tr Loss: 0.0509 | Te Loss: 1.8356 | Te Acc: 0.5636 | Te AUC: 0.6640
F5 E075 | Tr Loss: 0.0254 | Te Loss: 1.8428 | Te Acc: 0.6364 | Te AUC: 0.6733
F5 E080 | Tr Loss: 0.0196 | Te Loss: 1.9921 | Te Acc: 0.6000 | Te AUC: 0.6508
F5 E085 | Tr Loss: 0.0250 | Te Loss: 1.9646 | Te Acc: 0.5818 | Te AUC: 0.6759
F5 E090 | Tr Loss: 0.0231 | Te Loss: 2.0145 | Te Acc: 0.6000 | Te AUC: 0.6601
F5 E095 | Tr Loss: 0.0153 | Te Loss: 2.0422 | Te Acc: 0.5636 | Te AUC: 0.6693
F5 E100 | Tr Loss: 0.0095 | Te Loss: 2.0643 | Te Acc: 0.6000 | Te AUC: 0.6746
F5 E105 | Tr Loss: 0.0063 | Te Loss: 2.1977 | Te Acc: 0.6182 | Te AUC: 0.6693
F5 E110 | Tr Loss: 0.0036 | Te Loss: 2.1284 | Te Acc: 0.6000 | Te AUC: 0.6706
F5 E115 | Tr Loss: 0.0178 | Te Loss: 2.1375 | Te Acc: 0.6182 | Te AUC: 0.6587
F5 E120 | Tr Loss: 0.0170 | Te Loss: 2.2366 | Te Acc: 0.6182 | Te AUC: 0.6415
F5 E125 | Tr Loss: 0.0354 | Te Loss: 2.3373 | Te Acc: 0.5091 | Te AUC: 0.6601
F5 E130 | Tr Loss: 0.0222 | Te Loss: 2.4161 | Te Acc: 0.5273 | Te AUC: 0.6429
F5 E135 | Tr Loss: 0.0347 | Te Loss: 2.2818 | Te Acc: 0.5818 | Te AUC: 0.6376
F5 E140 | Tr Loss: 0.0482 | Te Loss: 2.5418 | Te Acc: 0.5273 | Te AUC: 0.6270
F5 E145 | Tr Loss: 0.0177 | Te Loss: 2.5781 | Te Acc: 0.5636 | Te AUC: 0.6376
F5 E150 | Tr Loss: 0.0072 | Te Loss: 2.5783 | Te Acc: 0.5818 | Te AUC: 0.6442
F5 E155 | Tr Loss: 0.0130 | Te Loss: 2.5507 | Te Acc: 0.5818 | Te AUC: 0.6508
F5 E160 | Tr Loss: 0.0135 | Te Loss: 2.5758 | Te Acc: 0.5818 | Te AUC: 0.6455
F5 E165 | Tr Loss: 0.0066 | Te Loss: 2.5962 | Te Acc: 0.5818 | Te AUC: 0.6429
F5 E170 | Tr Loss: 0.0062 | Te Loss: 2.6024 | Te Acc: 0.5818 | Te AUC: 0.6429
F5 E175 | Tr Loss: 0.0064 | Te Loss: 2.6204 | Te Acc: 0.5818 | Te AUC: 0.6468
F5 E180 | Tr Loss: 0.0079 | Te Loss: 2.6044 | Te Acc: 0.5818 | Te AUC: 0.6442
F5 E185 | Tr Loss: 0.0047 | Te Loss: 2.5603 | Te Acc: 0.5818 | Te AUC: 0.6442
Early stopping triggered at epoch 185.
Fold 5 - Training finished. Best Test Accuracy: 0.5818, AUC: 0.6759
Fold 5 elapsed time: 6.20 seconds.

--- Fold 6/10 ---
Starting training for Fold 6...
F6 E001 | Tr Loss: 0.7576 | Te Loss: 0.6559 | Te Acc: 0.5818 | Te AUC: 0.6812
F6 E005 | Tr Loss: 0.5128 | Te Loss: 0.5583 | Te Acc: 0.7818 | Te AUC: 0.8452
F6 E010 | Tr Loss: 0.2680 | Te Loss: 0.5098 | Te Acc: 0.8000 | Te AUC: 0.8439
F6 E015 | Tr Loss: 0.1643 | Te Loss: 0.5100 | Te Acc: 0.8000 | Te AUC: 0.8651
F6 E020 | Tr Loss: 0.1126 | Te Loss: 0.5306 | Te Acc: 0.7273 | Te AUC: 0.8505
F6 E025 | Tr Loss: 0.0697 | Te Loss: 0.4987 | Te Acc: 0.7818 | Te AUC: 0.8611
F6 E030 | Tr Loss: 0.0519 | Te Loss: 0.5645 | Te Acc: 0.7455 | Te AUC: 0.8664
F6 E035 | Tr Loss: 0.0680 | Te Loss: 0.6292 | Te Acc: 0.7455 | Te AUC: 0.8413
F6 E040 | Tr Loss: 0.0461 | Te Loss: 0.7433 | Te Acc: 0.7273 | Te AUC: 0.8347
F6 E045 | Tr Loss: 0.0601 | Te Loss: 0.5633 | Te Acc: 0.7455 | Te AUC: 0.8757
F6 E050 | Tr Loss: 0.0428 | Te Loss: 0.6695 | Te Acc: 0.8000 | Te AUC: 0.8677
F6 E055 | Tr Loss: 0.0352 | Te Loss: 0.6399 | Te Acc: 0.7636 | Te AUC: 0.8690
F6 E060 | Tr Loss: 0.0144 | Te Loss: 0.6730 | Te Acc: 0.7818 | Te AUC: 0.8730
F6 E065 | Tr Loss: 0.0336 | Te Loss: 0.7082 | Te Acc: 0.8364 | Te AUC: 0.8836
F6 E070 | Tr Loss: 0.0840 | Te Loss: 0.5235 | Te Acc: 0.7818 | Te AUC: 0.8902
F6 E075 | Tr Loss: 0.0265 | Te Loss: 0.7504 | Te Acc: 0.7818 | Te AUC: 0.8677
F6 E080 | Tr Loss: 0.0405 | Te Loss: 0.7134 | Te Acc: 0.7818 | Te AUC: 0.8823
F6 E085 | Tr Loss: 0.0297 | Te Loss: 0.8323 | Te Acc: 0.7455 | Te AUC: 0.8717
F6 E090 | Tr Loss: 0.0227 | Te Loss: 0.7345 | Te Acc: 0.8182 | Te AUC: 0.8862
F6 E095 | Tr Loss: 0.0555 | Te Loss: 0.8007 | Te Acc: 0.7636 | Te AUC: 0.8571
F6 E100 | Tr Loss: 0.0416 | Te Loss: 0.7779 | Te Acc: 0.7636 | Te AUC: 0.8545
F6 E105 | Tr Loss: 0.0168 | Te Loss: 0.7381 | Te Acc: 0.7818 | Te AUC: 0.8598
F6 E110 | Tr Loss: 0.0307 | Te Loss: 0.8131 | Te Acc: 0.7636 | Te AUC: 0.8624
F6 E115 | Tr Loss: 0.0317 | Te Loss: 0.8571 | Te Acc: 0.7818 | Te AUC: 0.8558
F6 E120 | Tr Loss: 0.0130 | Te Loss: 0.8455 | Te Acc: 0.7636 | Te AUC: 0.8598
F6 E125 | Tr Loss: 0.0219 | Te Loss: 0.9544 | Te Acc: 0.7455 | Te AUC: 0.8320
F6 E130 | Tr Loss: 0.0071 | Te Loss: 0.9701 | Te Acc: 0.7636 | Te AUC: 0.8373
F6 E135 | Tr Loss: 0.0043 | Te Loss: 0.9328 | Te Acc: 0.7636 | Te AUC: 0.8413
F6 E140 | Tr Loss: 0.0050 | Te Loss: 0.9391 | Te Acc: 0.7636 | Te AUC: 0.8413
F6 E145 | Tr Loss: 0.0099 | Te Loss: 0.9495 | Te Acc: 0.7818 | Te AUC: 0.8399
F6 E150 | Tr Loss: 0.0065 | Te Loss: 0.9825 | Te Acc: 0.7818 | Te AUC: 0.8386
F6 E155 | Tr Loss: 0.0043 | Te Loss: 0.9395 | Te Acc: 0.7636 | Te AUC: 0.8426
F6 E160 | Tr Loss: 0.0094 | Te Loss: 0.9749 | Te Acc: 0.7818 | Te AUC: 0.8439
F6 E165 | Tr Loss: 0.0041 | Te Loss: 0.9781 | Te Acc: 0.7636 | Te AUC: 0.8452
F6 E170 | Tr Loss: 0.0028 | Te Loss: 1.0611 | Te Acc: 0.7818 | Te AUC: 0.8347
Early stopping triggered at epoch 170.
Fold 6 - Training finished. Best Test Accuracy: 0.7818, AUC: 0.8902
Fold 6 elapsed time: 5.66 seconds.

--- Fold 7/10 ---
Starting training for Fold 7...
F7 E001 | Tr Loss: 0.7406 | Te Loss: 0.6507 | Te Acc: 0.6481 | Te AUC: 0.6900
F7 E005 | Tr Loss: 0.4950 | Te Loss: 0.5804 | Te Acc: 0.6111 | Te AUC: 0.7599
F7 E010 | Tr Loss: 0.2600 | Te Loss: 0.5772 | Te Acc: 0.7037 | Te AUC: 0.7778
F7 E015 | Tr Loss: 0.1410 | Te Loss: 0.6470 | Te Acc: 0.6667 | Te AUC: 0.7778
F7 E020 | Tr Loss: 0.0956 | Te Loss: 0.7059 | Te Acc: 0.6296 | Te AUC: 0.7517
F7 E025 | Tr Loss: 0.0819 | Te Loss: 0.8312 | Te Acc: 0.7037 | Te AUC: 0.7805
F7 E030 | Tr Loss: 0.0671 | Te Loss: 0.9529 | Te Acc: 0.6852 | Te AUC: 0.7599
F7 E035 | Tr Loss: 0.0514 | Te Loss: 0.9441 | Te Acc: 0.6111 | Te AUC: 0.7641
F7 E040 | Tr Loss: 0.0548 | Te Loss: 0.9724 | Te Acc: 0.7037 | Te AUC: 0.7682
F7 E045 | Tr Loss: 0.0526 | Te Loss: 0.9518 | Te Acc: 0.6852 | Te AUC: 0.7668
F7 E050 | Tr Loss: 0.0407 | Te Loss: 1.1711 | Te Acc: 0.6481 | Te AUC: 0.7476
F7 E055 | Tr Loss: 0.0346 | Te Loss: 1.1277 | Te Acc: 0.6852 | Te AUC: 0.7668
F7 E060 | Tr Loss: 0.0326 | Te Loss: 1.0873 | Te Acc: 0.6667 | Te AUC: 0.7709
F7 E065 | Tr Loss: 0.0573 | Te Loss: 1.2651 | Te Acc: 0.6481 | Te AUC: 0.7531
F7 E070 | Tr Loss: 0.0703 | Te Loss: 1.1468 | Te Acc: 0.6481 | Te AUC: 0.7627
F7 E075 | Tr Loss: 0.0349 | Te Loss: 1.3686 | Te Acc: 0.6296 | Te AUC: 0.7257
F7 E080 | Tr Loss: 0.0208 | Te Loss: 1.3523 | Te Acc: 0.6481 | Te AUC: 0.7545
F7 E085 | Tr Loss: 0.0054 | Te Loss: 1.3464 | Te Acc: 0.6481 | Te AUC: 0.7531
F7 E090 | Tr Loss: 0.0086 | Te Loss: 1.3662 | Te Acc: 0.6111 | Te AUC: 0.7462
F7 E095 | Tr Loss: 0.0077 | Te Loss: 1.3414 | Te Acc: 0.6296 | Te AUC: 0.7490
F7 E100 | Tr Loss: 0.0132 | Te Loss: 1.3561 | Te Acc: 0.6296 | Te AUC: 0.7531
F7 E105 | Tr Loss: 0.0089 | Te Loss: 1.3810 | Te Acc: 0.6111 | Te AUC: 0.7421
F7 E110 | Tr Loss: 0.0045 | Te Loss: 1.3592 | Te Acc: 0.6111 | Te AUC: 0.7462
F7 E115 | Tr Loss: 0.0050 | Te Loss: 1.3580 | Te Acc: 0.6111 | Te AUC: 0.7462
F7 E120 | Tr Loss: 0.0087 | Te Loss: 1.3816 | Te Acc: 0.6111 | Te AUC: 0.7435
F7 E125 | Tr Loss: 0.0045 | Te Loss: 1.3931 | Te Acc: 0.6296 | Te AUC: 0.7421
Early stopping triggered at epoch 125.
Fold 7 - Training finished. Best Test Accuracy: 0.7037, AUC: 0.7805
Fold 7 elapsed time: 4.22 seconds.

--- Fold 8/10 ---
Starting training for Fold 8...
F8 E001 | Tr Loss: 0.7386 | Te Loss: 0.6803 | Te Acc: 0.5741 | Te AUC: 0.6291
F8 E005 | Tr Loss: 0.4852 | Te Loss: 0.6218 | Te Acc: 0.5926 | Te AUC: 0.6854
F8 E010 | Tr Loss: 0.2486 | Te Loss: 0.6255 | Te Acc: 0.6111 | Te AUC: 0.6896
F8 E015 | Tr Loss: 0.1517 | Te Loss: 0.6717 | Te Acc: 0.7222 | Te AUC: 0.7473
F8 E020 | Tr Loss: 0.1027 | Te Loss: 0.7877 | Te Acc: 0.7037 | Te AUC: 0.7500
F8 E025 | Tr Loss: 0.0592 | Te Loss: 0.8497 | Te Acc: 0.6667 | Te AUC: 0.7418
F8 E030 | Tr Loss: 0.0424 | Te Loss: 0.8700 | Te Acc: 0.6296 | Te AUC: 0.7349
F8 E035 | Tr Loss: 0.0464 | Te Loss: 0.7835 | Te Acc: 0.7593 | Te AUC: 0.7734
F8 E040 | Tr Loss: 0.0373 | Te Loss: 0.9046 | Te Acc: 0.6481 | Te AUC: 0.7555
F8 E045 | Tr Loss: 0.0561 | Te Loss: 0.8941 | Te Acc: 0.7778 | Te AUC: 0.7734
F8 E050 | Tr Loss: 0.0183 | Te Loss: 0.9153 | Te Acc: 0.7593 | Te AUC: 0.7651
F8 E055 | Tr Loss: 0.0622 | Te Loss: 0.9200 | Te Acc: 0.6481 | Te AUC: 0.7486
F8 E060 | Tr Loss: 0.0408 | Te Loss: 0.8539 | Te Acc: 0.7407 | Te AUC: 0.7912
F8 E065 | Tr Loss: 0.0279 | Te Loss: 0.9498 | Te Acc: 0.7222 | Te AUC: 0.7857
F8 E070 | Tr Loss: 0.0210 | Te Loss: 1.0310 | Te Acc: 0.7778 | Te AUC: 0.7734
F8 E075 | Tr Loss: 0.0238 | Te Loss: 1.2273 | Te Acc: 0.7037 | Te AUC: 0.7418
F8 E080 | Tr Loss: 0.0298 | Te Loss: 1.1183 | Te Acc: 0.7222 | Te AUC: 0.7624
F8 E085 | Tr Loss: 0.0385 | Te Loss: 0.9623 | Te Acc: 0.7407 | Te AUC: 0.7926
F8 E090 | Tr Loss: 0.0144 | Te Loss: 1.2000 | Te Acc: 0.7407 | Te AUC: 0.7569
F8 E095 | Tr Loss: 0.0305 | Te Loss: 0.9960 | Te Acc: 0.7037 | Te AUC: 0.7843
F8 E100 | Tr Loss: 0.0117 | Te Loss: 1.0931 | Te Acc: 0.7407 | Te AUC: 0.7747
F8 E105 | Tr Loss: 0.0266 | Te Loss: 1.1601 | Te Acc: 0.6852 | Te AUC: 0.7500
F8 E110 | Tr Loss: 0.0199 | Te Loss: 1.3101 | Te Acc: 0.6852 | Te AUC: 0.7514
F8 E115 | Tr Loss: 0.0188 | Te Loss: 1.1137 | Te Acc: 0.7222 | Te AUC: 0.7610
F8 E120 | Tr Loss: 0.0290 | Te Loss: 1.1188 | Te Acc: 0.7222 | Te AUC: 0.7610
F8 E125 | Tr Loss: 0.0128 | Te Loss: 1.2591 | Te Acc: 0.7037 | Te AUC: 0.7651
F8 E130 | Tr Loss: 0.0314 | Te Loss: 1.1702 | Te Acc: 0.6852 | Te AUC: 0.7665
F8 E135 | Tr Loss: 0.0208 | Te Loss: 1.2670 | Te Acc: 0.6852 | Te AUC: 0.7665
F8 E140 | Tr Loss: 0.0409 | Te Loss: 1.4237 | Te Acc: 0.7037 | Te AUC: 0.7541
F8 E145 | Tr Loss: 0.0037 | Te Loss: 1.3301 | Te Acc: 0.6852 | Te AUC: 0.7665
F8 E150 | Tr Loss: 0.0070 | Te Loss: 1.3366 | Te Acc: 0.7037 | Te AUC: 0.7610
F8 E155 | Tr Loss: 0.0074 | Te Loss: 1.3425 | Te Acc: 0.7037 | Te AUC: 0.7651
F8 E160 | Tr Loss: 0.0068 | Te Loss: 1.3707 | Te Acc: 0.7037 | Te AUC: 0.7651
F8 E165 | Tr Loss: 0.0028 | Te Loss: 1.3609 | Te Acc: 0.7222 | Te AUC: 0.7679
F8 E170 | Tr Loss: 0.0022 | Te Loss: 1.3874 | Te Acc: 0.7037 | Te AUC: 0.7610
F8 E175 | Tr Loss: 0.0025 | Te Loss: 1.3892 | Te Acc: 0.7037 | Te AUC: 0.7624
F8 E180 | Tr Loss: 0.0024 | Te Loss: 1.4235 | Te Acc: 0.7037 | Te AUC: 0.7610
F8 E185 | Tr Loss: 0.0023 | Te Loss: 1.3954 | Te Acc: 0.7037 | Te AUC: 0.7624
Early stopping triggered at epoch 185.
Fold 8 - Training finished. Best Test Accuracy: 0.7407, AUC: 0.7926
Fold 8 elapsed time: 6.24 seconds.

--- Fold 9/10 ---
Starting training for Fold 9...
F9 E001 | Tr Loss: 0.6889 | Te Loss: 0.6568 | Te Acc: 0.5926 | Te AUC: 0.6662
F9 E005 | Tr Loss: 0.4961 | Te Loss: 0.5797 | Te Acc: 0.7037 | Te AUC: 0.7404
F9 E010 | Tr Loss: 0.2470 | Te Loss: 0.5113 | Te Acc: 0.7593 | Te AUC: 0.8393
F9 E015 | Tr Loss: 0.1538 | Te Loss: 0.5683 | Te Acc: 0.7037 | Te AUC: 0.8091
F9 E020 | Tr Loss: 0.0999 | Te Loss: 0.6057 | Te Acc: 0.7222 | Te AUC: 0.8077
F9 E025 | Tr Loss: 0.0866 | Te Loss: 0.6197 | Te Acc: 0.7778 | Te AUC: 0.8022
F9 E030 | Tr Loss: 0.0818 | Te Loss: 0.6494 | Te Acc: 0.7778 | Te AUC: 0.8132
F9 E035 | Tr Loss: 0.0655 | Te Loss: 0.7628 | Te Acc: 0.6852 | Te AUC: 0.7885
F9 E040 | Tr Loss: 0.0463 | Te Loss: 0.8132 | Te Acc: 0.7407 | Te AUC: 0.7967
F9 E045 | Tr Loss: 0.0424 | Te Loss: 0.7942 | Te Acc: 0.7037 | Te AUC: 0.8063
F9 E050 | Tr Loss: 0.0509 | Te Loss: 0.8562 | Te Acc: 0.7222 | Te AUC: 0.8008
F9 E055 | Tr Loss: 0.0519 | Te Loss: 0.9214 | Te Acc: 0.7037 | Te AUC: 0.7871
F9 E060 | Tr Loss: 0.0583 | Te Loss: 1.0425 | Te Acc: 0.7222 | Te AUC: 0.7720
F9 E065 | Tr Loss: 0.0498 | Te Loss: 1.0101 | Te Acc: 0.7037 | Te AUC: 0.7940
F9 E070 | Tr Loss: 0.0238 | Te Loss: 0.9538 | Te Acc: 0.6667 | Te AUC: 0.7981
F9 E075 | Tr Loss: 0.0297 | Te Loss: 0.9329 | Te Acc: 0.7037 | Te AUC: 0.8022
F9 E080 | Tr Loss: 0.0128 | Te Loss: 0.9457 | Te Acc: 0.6667 | Te AUC: 0.8022
F9 E085 | Tr Loss: 0.0093 | Te Loss: 0.9132 | Te Acc: 0.7037 | Te AUC: 0.8022
F9 E090 | Tr Loss: 0.0100 | Te Loss: 0.9173 | Te Acc: 0.6667 | Te AUC: 0.8049
F9 E095 | Tr Loss: 0.0125 | Te Loss: 0.9228 | Te Acc: 0.7222 | Te AUC: 0.8063
F9 E100 | Tr Loss: 0.0091 | Te Loss: 0.9442 | Te Acc: 0.7037 | Te AUC: 0.8063
F9 E105 | Tr Loss: 0.0060 | Te Loss: 0.9335 | Te Acc: 0.6852 | Te AUC: 0.8091
F9 E110 | Tr Loss: 0.0061 | Te Loss: 0.9344 | Te Acc: 0.7037 | Te AUC: 0.8146
Early stopping triggered at epoch 110.
Fold 9 - Training finished. Best Test Accuracy: 0.7593, AUC: 0.8393
Fold 9 elapsed time: 3.73 seconds.

--- Fold 10/10 ---
Starting training for Fold 10...
F10 E001 | Tr Loss: 0.7030 | Te Loss: 0.6009 | Te Acc: 0.7037 | Te AUC: 0.7898
F10 E005 | Tr Loss: 0.5014 | Te Loss: 0.5384 | Te Acc: 0.7222 | Te AUC: 0.8269
F10 E010 | Tr Loss: 0.2352 | Te Loss: 0.5067 | Te Acc: 0.7593 | Te AUC: 0.8393
F10 E015 | Tr Loss: 0.1556 | Te Loss: 0.5054 | Te Acc: 0.7593 | Te AUC: 0.8489
F10 E020 | Tr Loss: 0.0851 | Te Loss: 0.6334 | Te Acc: 0.7222 | Te AUC: 0.8049
F10 E025 | Tr Loss: 0.0969 | Te Loss: 0.5832 | Te Acc: 0.7407 | Te AUC: 0.8283
F10 E030 | Tr Loss: 0.0731 | Te Loss: 0.6138 | Te Acc: 0.7778 | Te AUC: 0.8310
F10 E035 | Tr Loss: 0.0511 | Te Loss: 0.6994 | Te Acc: 0.7222 | Te AUC: 0.8214
F10 E040 | Tr Loss: 0.0582 | Te Loss: 0.7421 | Te Acc: 0.6852 | Te AUC: 0.8228
F10 E045 | Tr Loss: 0.0459 | Te Loss: 0.7858 | Te Acc: 0.7222 | Te AUC: 0.8159
F10 E050 | Tr Loss: 0.0769 | Te Loss: 0.8718 | Te Acc: 0.7037 | Te AUC: 0.7981
F10 E055 | Tr Loss: 0.0412 | Te Loss: 0.7587 | Te Acc: 0.7407 | Te AUC: 0.8187
F10 E060 | Tr Loss: 0.0161 | Te Loss: 0.7829 | Te Acc: 0.7778 | Te AUC: 0.8228
F10 E065 | Tr Loss: 0.0477 | Te Loss: 0.8819 | Te Acc: 0.7593 | Te AUC: 0.8077
F10 E070 | Tr Loss: 0.0239 | Te Loss: 0.8992 | Te Acc: 0.7407 | Te AUC: 0.8104
F10 E075 | Tr Loss: 0.0223 | Te Loss: 0.9622 | Te Acc: 0.6667 | Te AUC: 0.8036
F10 E080 | Tr Loss: 0.0126 | Te Loss: 0.9393 | Te Acc: 0.6852 | Te AUC: 0.7995
F10 E085 | Tr Loss: 0.0186 | Te Loss: 0.9360 | Te Acc: 0.7037 | Te AUC: 0.8063
F10 E090 | Tr Loss: 0.0059 | Te Loss: 0.9266 | Te Acc: 0.7037 | Te AUC: 0.8049
F10 E095 | Tr Loss: 0.0097 | Te Loss: 0.9413 | Te Acc: 0.7037 | Te AUC: 0.7953
F10 E100 | Tr Loss: 0.0076 | Te Loss: 0.9328 | Te Acc: 0.7037 | Te AUC: 0.8022
F10 E105 | Tr Loss: 0.0106 | Te Loss: 0.9403 | Te Acc: 0.7037 | Te AUC: 0.8036
F10 E110 | Tr Loss: 0.0083 | Te Loss: 0.9364 | Te Acc: 0.7037 | Te AUC: 0.8049
F10 E115 | Tr Loss: 0.0084 | Te Loss: 0.9341 | Te Acc: 0.7037 | Te AUC: 0.7981
Early stopping triggered at epoch 115.
Fold 10 - Training finished. Best Test Accuracy: 0.7593, AUC: 0.8489
Fold 10 elapsed time: 3.90 seconds.

--- Cross-Validation Results ---
Number of successfully completed folds: 10/10
Average Accuracy:  0.7108 +/- 0.0564
Average F1-Score:  0.7096
Average Precision: 0.7143
Average Recall:    0.7108
Average AUC:       0.7927

Total elapsed time: 49.78 seconds.
--- Baseline MLP Run Finished ---
Frankenstein Training completed at Wed Apr 16 04:58:39 AM EDT 2025
