Starting ACHNN regression training with 16 CPUs and 1 GPU at Wed Apr 16 02:36:58 AM EDT 2025
Loading configuration from config.yaml...
Using configured max_ts_length: 300
Using configured num_regions: 200
Using configured encoder_batch_size: 32
Random seed set to 42
Using GPU: NVIDIA L40S
Loading phenotype data from: Phenotypic_V1_0b_preprocessed1.csv
Original selected data shape: (1112, 6)
Using target column: 'DX_GROUP'
Filtered out 0 rows with invalid/missing target values.
Phenotype data shape after target filtering: (1112, 6)
Processing specified numerical features...
 Processing numerical columns: ['AGE_AT_SCAN', 'FIQ']
Processing specified categorical features...
 Processing categorical columns: ['SEX', 'SITE_ID']
  Encoded categorical columns: ['SEX_1', 'SEX_2', 'SITE_ID_CALTECH', 'SITE_ID_CMU', 'SITE_ID_KKI', 'SITE_ID_LEUVEN_1', 'SITE_ID_LEUVEN_2', 'SITE_ID_MAX_MUN', 'SITE_ID_NYU', 'SITE_ID_OHSU', 'SITE_ID_OLIN', 'SITE_ID_PITT', 'SITE_ID_SBL', 'SITE_ID_SDSU', 'SITE_ID_STANFORD', 'SITE_ID_TRINITY', 'SITE_ID_UCLA_1', 'SITE_ID_UCLA_2', 'SITE_ID_UM_1', 'SITE_ID_UM_2', 'SITE_ID_USM', 'SITE_ID_YALE']
Final phenotype features identified (24): ['AGE_AT_SCAN', 'FIQ', 'SEX_1', 'SEX_2', 'SITE_ID_CALTECH', 'SITE_ID_CMU', 'SITE_ID_KKI', 'SITE_ID_LEUVEN_1', 'SITE_ID_LEUVEN_2', 'SITE_ID_MAX_MUN', 'SITE_ID_NYU', 'SITE_ID_OHSU', 'SITE_ID_OLIN', 'SITE_ID_PITT', 'SITE_ID_SBL', 'SITE_ID_SDSU', 'SITE_ID_STANFORD', 'SITE_ID_TRINITY', 'SITE_ID_UCLA_1', 'SITE_ID_UCLA_2', 'SITE_ID_UM_1', 'SITE_ID_UM_2', 'SITE_ID_USM', 'SITE_ID_YALE']
Checking for corresponding TS files in: /home/pl217/connecto-hopfield/results/abide_timeseries/ccs_filt_noglobal_rois_cc200/
Processed 1112 subjects from phenotype data.
Found existing, non-empty TS files for 546 subjects.
Skipped 566 subjects (missing file or invalid ID/Site).
Skipped 0 subjects (empty file).
Total subjects available for K-Fold analysis: 546

--- Fold 1/10 ---
Loading time series for 546 subjects in fold...
Padding 546 time series to max length: 300
Proceeding with 546 subjects for Fold 1 model training/evaluation.
Phenotype encoder created.
Generating initial embeddings for graph construction (Batch Size: 32)...
Initial embeddings generated.
Building k-NN graph (k=10)...
Graph built with 546 nodes and 5460 edges.
Starting training for Fold 1... Train samples: 491, Test samples: 55
  Epoch 1, Grad Norm: 0.5140
F1 E001 | Loss: 0.7264 | Tr Acc: 0.5112 | Te Acc: 0.5091 | Te AUC: 0.4630 | Te F1: 0.3435
  Epoch 5, Grad Norm: 0.4659
F1 E005 | Loss: 0.7013 | Tr Acc: 0.5112 | Te Acc: 0.5091 | Te AUC: 0.4431 | Te F1: 0.3435
  Epoch 10, Grad Norm: 0.4798
F1 E010 | Loss: 0.7108 | Tr Acc: 0.5112 | Te Acc: 0.5091 | Te AUC: 0.4272 | Te F1: 0.3435
  Epoch 15, Grad Norm: 0.5130
F1 E015 | Loss: 0.7230 | Tr Acc: 0.5112 | Te Acc: 0.5273 | Te AUC: 0.4511 | Te F1: 0.3827
  Epoch 20, Grad Norm: 0.4781
F1 E020 | Loss: 0.7294 | Tr Acc: 0.5092 | Te Acc: 0.5273 | Te AUC: 0.4815 | Te F1: 0.3827
  Epoch 25, Grad Norm: 0.4724
F1 E025 | Loss: 0.7095 | Tr Acc: 0.5092 | Te Acc: 0.5273 | Te AUC: 0.4788 | Te F1: 0.3827
  Epoch 30, Grad Norm: 0.4885
F1 E030 | Loss: 0.7300 | Tr Acc: 0.5112 | Te Acc: 0.5273 | Te AUC: 0.5040 | Te F1: 0.3827
  Epoch 35, Grad Norm: 0.4937
F1 E035 | Loss: 0.7164 | Tr Acc: 0.5112 | Te Acc: 0.5091 | Te AUC: 0.5079 | Te F1: 0.3732
  Epoch 40, Grad Norm: 0.5505
F1 E040 | Loss: 0.7336 | Tr Acc: 0.5112 | Te Acc: 0.5091 | Te AUC: 0.5172 | Te F1: 0.3732
  Epoch 45, Grad Norm: 0.4642
F1 E045 | Loss: 0.7049 | Tr Acc: 0.5132 | Te Acc: 0.5273 | Te AUC: 0.5185 | Te F1: 0.3827
  Epoch 50, Grad Norm: 0.4652
F1 E050 | Loss: 0.6998 | Tr Acc: 0.5193 | Te Acc: 0.5455 | Te AUC: 0.5093 | Te F1: 0.4430
  Epoch 55, Grad Norm: 0.5097
F1 E055 | Loss: 0.7153 | Tr Acc: 0.5153 | Te Acc: 0.5455 | Te AUC: 0.5304 | Te F1: 0.4430
  Epoch 60, Grad Norm: 0.4361
F1 E060 | Loss: 0.7041 | Tr Acc: 0.5193 | Te Acc: 0.5455 | Te AUC: 0.5198 | Te F1: 0.4430
  Epoch 65, Grad Norm: 0.4627
F1 E065 | Loss: 0.7225 | Tr Acc: 0.5295 | Te Acc: 0.5818 | Te AUC: 0.5344 | Te F1: 0.4876
  Epoch 70, Grad Norm: 0.4232
F1 E070 | Loss: 0.7011 | Tr Acc: 0.5316 | Te Acc: 0.5818 | Te AUC: 0.5476 | Te F1: 0.4876
  Epoch 75, Grad Norm: 0.3776
F1 E075 | Loss: 0.6889 | Tr Acc: 0.5275 | Te Acc: 0.5636 | Te AUC: 0.5437 | Te F1: 0.4545
  Epoch 80, Grad Norm: 0.3962
F1 E080 | Loss: 0.6988 | Tr Acc: 0.5316 | Te Acc: 0.6000 | Te AUC: 0.5370 | Te F1: 0.5189
  Epoch 85, Grad Norm: 0.4188
F1 E085 | Loss: 0.7106 | Tr Acc: 0.5336 | Te Acc: 0.6000 | Te AUC: 0.5317 | Te F1: 0.5189
  Epoch 90, Grad Norm: 0.4263
F1 E090 | Loss: 0.6998 | Tr Acc: 0.5397 | Te Acc: 0.5636 | Te AUC: 0.5397 | Te F1: 0.4927
  Epoch 95, Grad Norm: 0.3844
F1 E095 | Loss: 0.6975 | Tr Acc: 0.5418 | Te Acc: 0.5636 | Te AUC: 0.5384 | Te F1: 0.4927
  Epoch 100, Grad Norm: 0.3951
F1 E100 | Loss: 0.7050 | Tr Acc: 0.5377 | Te Acc: 0.5636 | Te AUC: 0.5516 | Te F1: 0.4927
  Epoch 105, Grad Norm: 0.4191
F1 E105 | Loss: 0.6974 | Tr Acc: 0.5275 | Te Acc: 0.5818 | Te AUC: 0.5556 | Te F1: 0.4876
  Epoch 110, Grad Norm: 0.3760
F1 E110 | Loss: 0.6913 | Tr Acc: 0.5336 | Te Acc: 0.6000 | Te AUC: 0.5463 | Te F1: 0.5189
  Epoch 115, Grad Norm: 0.4393
F1 E115 | Loss: 0.7077 | Tr Acc: 0.5418 | Te Acc: 0.5818 | Te AUC: 0.5437 | Te F1: 0.5058
  Epoch 120, Grad Norm: 0.3842
F1 E120 | Loss: 0.7086 | Tr Acc: 0.5540 | Te Acc: 0.5636 | Te AUC: 0.5608 | Te F1: 0.4927
  Epoch 125, Grad Norm: 0.3943
F1 E125 | Loss: 0.7015 | Tr Acc: 0.5580 | Te Acc: 0.5636 | Te AUC: 0.5595 | Te F1: 0.4927
  Epoch 130, Grad Norm: 0.4237
F1 E130 | Loss: 0.7161 | Tr Acc: 0.5458 | Te Acc: 0.5636 | Te AUC: 0.5489 | Te F1: 0.4927
  Epoch 135, Grad Norm: 0.4241
F1 E135 | Loss: 0.7101 | Tr Acc: 0.5580 | Te Acc: 0.5455 | Te AUC: 0.5423 | Te F1: 0.4797
  Epoch 140, Grad Norm: 0.3563
F1 E140 | Loss: 0.6886 | Tr Acc: 0.5642 | Te Acc: 0.5455 | Te AUC: 0.5450 | Te F1: 0.4797
  Epoch 145, Grad Norm: 0.4824
F1 E145 | Loss: 0.7074 | Tr Acc: 0.5601 | Te Acc: 0.5455 | Te AUC: 0.5397 | Te F1: 0.4797
  Epoch 150, Grad Norm: 0.4517
F1 E150 | Loss: 0.7029 | Tr Acc: 0.5621 | Te Acc: 0.5818 | Te AUC: 0.5384 | Te F1: 0.5058
  Epoch 155, Grad Norm: 0.4293
F1 E155 | Loss: 0.7095 | Tr Acc: 0.5540 | Te Acc: 0.5636 | Te AUC: 0.5437 | Te F1: 0.4927
  Epoch 160, Grad Norm: 0.3941
F1 E160 | Loss: 0.6936 | Tr Acc: 0.5621 | Te Acc: 0.5636 | Te AUC: 0.5463 | Te F1: 0.4927
  Epoch 165, Grad Norm: 0.3616
F1 E165 | Loss: 0.6985 | Tr Acc: 0.5662 | Te Acc: 0.5636 | Te AUC: 0.5291 | Te F1: 0.4927
  Epoch 170, Grad Norm: 0.4335
F1 E170 | Loss: 0.7078 | Tr Acc: 0.5703 | Te Acc: 0.5273 | Te AUC: 0.5357 | Te F1: 0.4666
  Epoch 175, Grad Norm: 0.3689
F1 E175 | Loss: 0.6918 | Tr Acc: 0.5866 | Te Acc: 0.5091 | Te AUC: 0.5344 | Te F1: 0.4535
  Epoch 180, Grad Norm: 0.3824
F1 E180 | Loss: 0.7007 | Tr Acc: 0.5866 | Te Acc: 0.5091 | Te AUC: 0.5410 | Te F1: 0.4535
  Epoch 185, Grad Norm: 0.3270
F1 E185 | Loss: 0.6851 | Tr Acc: 0.5825 | Te Acc: 0.5091 | Te AUC: 0.5317 | Te F1: 0.4535
  Epoch 190, Grad Norm: 0.3791
F1 E190 | Loss: 0.6916 | Tr Acc: 0.5825 | Te Acc: 0.5091 | Te AUC: 0.5370 | Te F1: 0.4535
  Epoch 195, Grad Norm: 0.3860
F1 E195 | Loss: 0.7058 | Tr Acc: 0.5784 | Te Acc: 0.5091 | Te AUC: 0.5437 | Te F1: 0.4535
  Epoch 200, Grad Norm: 0.4145
F1 E200 | Loss: 0.7126 | Tr Acc: 0.5804 | Te Acc: 0.5091 | Te AUC: 0.5423 | Te F1: 0.4535
Fold 1 - Training finished. Best Test Accuracy: 0.5636, AUC: 0.5608
Fold 1 elapsed time: 23.24 seconds.

--- Fold 2/10 ---
Loading time series for 546 subjects in fold...
Padding 546 time series to max length: 300
Proceeding with 546 subjects for Fold 2 model training/evaluation.
Phenotype encoder created.
Generating initial embeddings for graph construction (Batch Size: 32)...
Initial embeddings generated.
Building k-NN graph (k=10)...
Graph built with 546 nodes and 5460 edges.
Starting training for Fold 2... Train samples: 491, Test samples: 55
  Epoch 1, Grad Norm: 0.5546
F2 E001 | Loss: 0.7190 | Tr Acc: 0.5112 | Te Acc: 0.5091 | Te AUC: 0.4762 | Te F1: 0.3435
  Epoch 5, Grad Norm: 0.5633
F2 E005 | Loss: 0.7220 | Tr Acc: 0.5112 | Te Acc: 0.5091 | Te AUC: 0.4894 | Te F1: 0.3435
  Epoch 10, Grad Norm: 0.4643
F2 E010 | Loss: 0.7068 | Tr Acc: 0.5601 | Te Acc: 0.5091 | Te AUC: 0.4828 | Te F1: 0.4380
  Epoch 15, Grad Norm: 0.5078
F2 E015 | Loss: 0.7130 | Tr Acc: 0.5316 | Te Acc: 0.5091 | Te AUC: 0.5159 | Te F1: 0.5058
  Epoch 20, Grad Norm: 0.5534
F2 E020 | Loss: 0.7176 | Tr Acc: 0.4705 | Te Acc: 0.4545 | Te AUC: 0.5172 | Te F1: 0.3339
  Epoch 25, Grad Norm: 0.5461
F2 E025 | Loss: 0.7214 | Tr Acc: 0.4929 | Te Acc: 0.4909 | Te AUC: 0.5357 | Te F1: 0.3783
  Epoch 30, Grad Norm: 0.5787
F2 E030 | Loss: 0.7196 | Tr Acc: 0.5173 | Te Acc: 0.5636 | Te AUC: 0.5265 | Te F1: 0.5014
  Epoch 35, Grad Norm: 0.4722
F2 E035 | Loss: 0.7125 | Tr Acc: 0.5255 | Te Acc: 0.5455 | Te AUC: 0.5238 | Te F1: 0.5117
  Epoch 40, Grad Norm: 0.5337
F2 E040 | Loss: 0.7016 | Tr Acc: 0.5295 | Te Acc: 0.5636 | Te AUC: 0.5357 | Te F1: 0.5262
  Epoch 45, Grad Norm: 0.4843
F2 E045 | Loss: 0.7072 | Tr Acc: 0.5438 | Te Acc: 0.6000 | Te AUC: 0.5238 | Te F1: 0.5745
  Epoch 50, Grad Norm: 0.5069
F2 E050 | Loss: 0.7270 | Tr Acc: 0.5479 | Te Acc: 0.5818 | Te AUC: 0.5251 | Te F1: 0.5661
  Epoch 55, Grad Norm: 0.5524
F2 E055 | Loss: 0.7089 | Tr Acc: 0.5499 | Te Acc: 0.5091 | Te AUC: 0.5053 | Te F1: 0.5058
  Epoch 60, Grad Norm: 0.4678
F2 E060 | Loss: 0.7190 | Tr Acc: 0.5845 | Te Acc: 0.5091 | Te AUC: 0.5172 | Te F1: 0.5071
  Epoch 65, Grad Norm: 0.5344
F2 E065 | Loss: 0.7057 | Tr Acc: 0.5866 | Te Acc: 0.4909 | Te AUC: 0.5066 | Te F1: 0.4785
  Epoch 70, Grad Norm: 0.4709
F2 E070 | Loss: 0.7112 | Tr Acc: 0.5845 | Te Acc: 0.4727 | Te AUC: 0.5251 | Te F1: 0.4565
  Epoch 75, Grad Norm: 0.4915
F2 E075 | Loss: 0.7266 | Tr Acc: 0.5927 | Te Acc: 0.4727 | Te AUC: 0.5278 | Te F1: 0.4565
  Epoch 80, Grad Norm: 0.4937
F2 E080 | Loss: 0.7233 | Tr Acc: 0.5580 | Te Acc: 0.5091 | Te AUC: 0.5212 | Te F1: 0.5042
  Epoch 85, Grad Norm: 0.4653
F2 E085 | Loss: 0.7062 | Tr Acc: 0.5499 | Te Acc: 0.4909 | Te AUC: 0.5093 | Te F1: 0.4909
  Epoch 90, Grad Norm: 0.4622
F2 E090 | Loss: 0.7212 | Tr Acc: 0.5479 | Te Acc: 0.5636 | Te AUC: 0.5119 | Te F1: 0.5619
  Epoch 95, Grad Norm: 0.4822
F2 E095 | Loss: 0.7316 | Tr Acc: 0.5438 | Te Acc: 0.5636 | Te AUC: 0.5000 | Te F1: 0.5554
  Epoch 100, Grad Norm: 0.4580
F2 E100 | Loss: 0.7417 | Tr Acc: 0.5479 | Te Acc: 0.5818 | Te AUC: 0.5079 | Te F1: 0.5790
  Epoch 105, Grad Norm: 0.3950
F2 E105 | Loss: 0.7145 | Tr Acc: 0.5499 | Te Acc: 0.5636 | Te AUC: 0.5000 | Te F1: 0.5554
  Epoch 110, Grad Norm: 0.4687
F2 E110 | Loss: 0.6860 | Tr Acc: 0.5499 | Te Acc: 0.5455 | Te AUC: 0.5119 | Te F1: 0.5391
  Epoch 115, Grad Norm: 0.5374
F2 E115 | Loss: 0.7260 | Tr Acc: 0.5438 | Te Acc: 0.5636 | Te AUC: 0.5106 | Te F1: 0.5554
  Epoch 120, Grad Norm: 0.4547
F2 E120 | Loss: 0.7081 | Tr Acc: 0.5458 | Te Acc: 0.5455 | Te AUC: 0.5066 | Te F1: 0.5344
  Epoch 125, Grad Norm: 0.5197
F2 E125 | Loss: 0.7221 | Tr Acc: 0.5540 | Te Acc: 0.5091 | Te AUC: 0.5040 | Te F1: 0.4906
  Epoch 130, Grad Norm: 0.5234
F2 E130 | Loss: 0.7057 | Tr Acc: 0.5499 | Te Acc: 0.5818 | Te AUC: 0.5066 | Te F1: 0.5759
  Epoch 135, Grad Norm: 0.4299
F2 E135 | Loss: 0.7176 | Tr Acc: 0.5560 | Te Acc: 0.5636 | Te AUC: 0.5106 | Te F1: 0.5503
  Epoch 140, Grad Norm: 0.4420
F2 E140 | Loss: 0.7115 | Tr Acc: 0.5560 | Te Acc: 0.5455 | Te AUC: 0.5053 | Te F1: 0.5344
  Epoch 145, Grad Norm: 0.5044
F2 E145 | Loss: 0.6984 | Tr Acc: 0.5438 | Te Acc: 0.5273 | Te AUC: 0.5132 | Te F1: 0.5058
  Epoch 150, Grad Norm: 0.4882
F2 E150 | Loss: 0.6940 | Tr Acc: 0.5499 | Te Acc: 0.5273 | Te AUC: 0.5013 | Te F1: 0.5128
  Epoch 155, Grad Norm: 0.4468
F2 E155 | Loss: 0.6993 | Tr Acc: 0.5580 | Te Acc: 0.5273 | Te AUC: 0.5079 | Te F1: 0.5058
  Epoch 160, Grad Norm: 0.5113
F2 E160 | Loss: 0.7027 | Tr Acc: 0.5397 | Te Acc: 0.5455 | Te AUC: 0.5146 | Te F1: 0.5284
  Epoch 165, Grad Norm: 0.4527
F2 E165 | Loss: 0.7183 | Tr Acc: 0.5560 | Te Acc: 0.5636 | Te AUC: 0.5132 | Te F1: 0.5503
  Epoch 170, Grad Norm: 0.4344
F2 E170 | Loss: 0.7131 | Tr Acc: 0.5580 | Te Acc: 0.5455 | Te AUC: 0.5106 | Te F1: 0.5344
  Epoch 175, Grad Norm: 0.4901
F2 E175 | Loss: 0.7193 | Tr Acc: 0.5601 | Te Acc: 0.5636 | Te AUC: 0.5053 | Te F1: 0.5554
Early stopping triggered at epoch 175 due to lack of improvement in Test AUC.
Fold 2 - Training finished. Best Test Accuracy: 0.4909, AUC: 0.5357
Fold 2 elapsed time: 20.33 seconds.

--- Fold 3/10 ---
Loading time series for 546 subjects in fold...
Padding 546 time series to max length: 300
Proceeding with 546 subjects for Fold 3 model training/evaluation.
Phenotype encoder created.
Generating initial embeddings for graph construction (Batch Size: 32)...
