Starting ACHNN regression training with 16 CPUs and 1 GPU at Wed Apr 16 04:16:52 AM EDT 2025
Loading configuration from config_baseline_logreg.yaml...
Loading preprocessed features and labels...
 Feature shape: (546, 19927), Label shape: (546,)
 Label distribution: [279 267]
Attempting to retrieve feature names...

--- Fold 1/10 ---
Training Logistic Regression Classifier...
Evaluating on test set...
Fold 1 Results: Acc=0.6545, AUC=0.7566, F1=0.6497
Fold 1 elapsed time: 0.77 seconds.

--- Fold 2/10 ---
Training Logistic Regression Classifier...
Evaluating on test set...
Fold 2 Results: Acc=0.5636, AUC=0.6640, F1=0.5633
Fold 2 elapsed time: 0.74 seconds.

--- Fold 3/10 ---
Training Logistic Regression Classifier...
Evaluating on test set...
Fold 3 Results: Acc=0.8000, AUC=0.8399, F1=0.7999
Fold 3 elapsed time: 0.73 seconds.

--- Fold 4/10 ---
Training Logistic Regression Classifier...
Evaluating on test set...
Fold 4 Results: Acc=0.6364, AUC=0.7183, F1=0.6356
Fold 4 elapsed time: 0.75 seconds.

--- Fold 5/10 ---
Training Logistic Regression Classifier...
Evaluating on test set...
Fold 5 Results: Acc=0.5636, AUC=0.6481, F1=0.5633
Fold 5 elapsed time: 0.83 seconds.

--- Fold 6/10 ---
Training Logistic Regression Classifier...
Evaluating on test set...
Fold 6 Results: Acc=0.7636, AUC=0.8545, F1=0.7621
Fold 6 elapsed time: 0.72 seconds.

--- Fold 7/10 ---
Training Logistic Regression Classifier...
Evaluating on test set...
Fold 7 Results: Acc=0.6852, AUC=0.7064, F1=0.6851
Fold 7 elapsed time: 0.79 seconds.

--- Fold 8/10 ---
Training Logistic Regression Classifier...
Evaluating on test set...
Fold 8 Results: Acc=0.6481, AUC=0.7225, F1=0.6463
Fold 8 elapsed time: 0.74 seconds.

--- Fold 9/10 ---
Training Logistic Regression Classifier...
Evaluating on test set...
Fold 9 Results: Acc=0.7037, AUC=0.7885, F1=0.7037
Fold 9 elapsed time: 0.74 seconds.

--- Fold 10/10 ---
Training Logistic Regression Classifier...
Evaluating on test set...
Fold 10 Results: Acc=0.6852, AUC=0.7720, F1=0.6853
Fold 10 elapsed time: 0.74 seconds.

--- Cross-Validation Results ---
Number of successfully completed folds: 10/10
Average Accuracy:  0.6704 +/- 0.0719
Average F1-Score:  0.6694
Average Precision: 0.6732
Average Recall:    0.6704
Average AUC:       0.7471

--- Average Feature Importances (Logistic Regression Coefficients) ---
Total features: 19927, FC features: 19900, Pheno features: 27

Top 20 Most Important Features (Absolute Coefficient):
 1. Phenotype: FIQ (Index: 19901) - Coef: -0.2852
 2. FC between regions (np.int64(30), np.int64(193)) (Index: 5697) - Coef: 0.1925
 3. FC between regions (np.int64(28), np.int64(192)) (Index: 5357) - Coef: -0.1669
 4. FC between regions (np.int64(61), np.int64(140)) (Index: 10387) - Coef: 0.1549
 5. FC between regions (np.int64(38), np.int64(90)) (Index: 6910) - Coef: 0.1490
 6. FC between regions (np.int64(45), np.int64(108)) (Index: 8027) - Coef: -0.1478
 7. FC between regions (np.int64(75), np.int64(130)) (Index: 12204) - Coef: 0.1477
 8. FC between regions (np.int64(67), np.int64(93)) (Index: 11147) - Coef: -0.1456
 9. FC between regions (np.int64(32), np.int64(141)) (Index: 5980) - Coef: -0.1425
 10. FC between regions (np.int64(7), np.int64(181)) (Index: 1545) - Coef: -0.1261
 11. FC between regions (np.int64(20), np.int64(131)) (Index: 3900) - Coef: 0.1245
 12. FC between regions (np.int64(48), np.int64(108)) (Index: 8483) - Coef: -0.1163
 13. FC between regions (np.int64(44), np.int64(77)) (Index: 7842) - Coef: 0.1083
 14. FC between regions (np.int64(15), np.int64(123)) (Index: 2987) - Coef: -0.1008
 15. FC between regions (np.int64(4), np.int64(31)) (Index: 816) - Coef: -0.1002
 16. FC between regions (np.int64(62), np.int64(137)) (Index: 10521) - Coef: -0.0958
 17. FC between regions (np.int64(108), np.int64(173)) (Index: 15778) - Coef: -0.0951
 18. FC between regions (np.int64(23), np.int64(197)) (Index: 4497) - Coef: -0.0926
 19. FC between regions (np.int64(117), np.int64(137)) (Index: 16516) - Coef: 0.0918
 20. FC between regions (np.int64(68), np.int64(125)) (Index: 11310) - Coef: 0.0887

Number of features with non-zero average coefficient (L1 Selection): 621 / 19927

Total elapsed time: 7.59 seconds.
--- Baseline Logistic Regression Run Finished ---
Frankenstein Training completed at Wed Apr 16 04:17:02 AM EDT 2025
