WARNING:root:Removing 316 subjects with missing ADOS_TOTAL values
WARNING:root:Removing 3 subjects with negative ADOS_TOTAL values
WARNING:root:Could not find timeseries file for 50238, tried 79 patterns, will use path: /home/pl217/connecto-hopfield/results/abide_timeseries/ccs_filt_noglobal_rois_cc200/50238_rois_cc200.1D
ERROR:root:Timeseries file not found: /home/pl217/connecto-hopfield/results/abide_timeseries/ccs_filt_noglobal_rois_cc200/50238_rois_cc200.1D
WARNING:root:Failed to process timeseries for subject 50238, skipping
WARNING:root:Could not find timeseries file for 50244, tried 79 patterns, will use path: /home/pl217/connecto-hopfield/results/abide_timeseries/ccs_filt_noglobal_rois_cc200/50244_rois_cc200.1D
ERROR:root:Timeseries file not found: /home/pl217/connecto-hopfield/results/abide_timeseries/ccs_filt_noglobal_rois_cc200/50244_rois_cc200.1D
WARNING:root:Failed to process timeseries for subject 50244, skipping
WARNING:root:Could not find timeseries file for 50953, tried 79 patterns, will use path: /home/pl217/connecto-hopfield/results/abide_timeseries/ccs_filt_noglobal_rois_cc200/50953_rois_cc200.1D
ERROR:root:Timeseries file not found: /home/pl217/connecto-hopfield/results/abide_timeseries/ccs_filt_noglobal_rois_cc200/50953_rois_cc200.1D
WARNING:root:Failed to process timeseries for subject 50953, skipping
WARNING:root:Could not find timeseries file for 50971, tried 79 patterns, will use path: /home/pl217/connecto-hopfield/results/abide_timeseries/ccs_filt_noglobal_rois_cc200/50971_rois_cc200.1D
ERROR:root:Timeseries file not found: /home/pl217/connecto-hopfield/results/abide_timeseries/ccs_filt_noglobal_rois_cc200/50971_rois_cc200.1D
WARNING:root:Failed to process timeseries for subject 50971, skipping
WARNING:root:Could not find timeseries file for 50975, tried 79 patterns, will use path: /home/pl217/connecto-hopfield/results/abide_timeseries/ccs_filt_noglobal_rois_cc200/50975_rois_cc200.1D
ERROR:root:Timeseries file not found: /home/pl217/connecto-hopfield/results/abide_timeseries/ccs_filt_noglobal_rois_cc200/50975_rois_cc200.1D
WARNING:root:Failed to process timeseries for subject 50975, skipping
WARNING:root:Could not find timeseries file for 50980, tried 79 patterns, will use path: /home/pl217/connecto-hopfield/results/abide_timeseries/ccs_filt_noglobal_rois_cc200/50980_rois_cc200.1D
ERROR:root:Timeseries file not found: /home/pl217/connecto-hopfield/results/abide_timeseries/ccs_filt_noglobal_rois_cc200/50980_rois_cc200.1D
WARNING:root:Failed to process timeseries for subject 50980, skipping
WARNING:root:Could not find timeseries file for 51176, tried 79 patterns, will use path: /home/pl217/connecto-hopfield/results/abide_timeseries/ccs_filt_noglobal_rois_cc200/51176_rois_cc200.1D
ERROR:root:Timeseries file not found: /home/pl217/connecto-hopfield/results/abide_timeseries/ccs_filt_noglobal_rois_cc200/51176_rois_cc200.1D
WARNING:root:Failed to process timeseries for subject 51176, skipping
Traceback (most recent call last):
  File "/home/pl217/connecto-hopfield/scripts/run_achnn_regression.py", line 287, in <module>
    main() 
  File "/home/pl217/connecto-hopfield/scripts/run_achnn_regression.py", line 234, in main
    test_results = train_model_regression(
  File "/home/pl217/connecto-hopfield/src/training.py", line 1471, in train_model_regression
    train_loss = train_epoch_regression(
  File "/home/pl217/connecto-hopfield/src/training.py", line 1610, in train_epoch_regression
    with torch.amp.autocast():
TypeError: autocast.__init__() missing 1 required positional argument: 'device_type'
