Starting ACHNN regression training with 16 CPUs and 1 GPU at Wed Apr 16 04:40:08 AM EDT 2025
Loading configuration from config_baseline_mlp.yaml...
Loading preprocessed features and labels...
 Feature shape: (546, 19927), Label shape: (546,)
 Label distribution: [279 267]
Random seed set to 42
Using GPU: NVIDIA RTX A5000

--- Fold 1/10 ---
Starting training for Fold 1...
F1 E001 | Tr Loss: 0.7010 | Te Loss: 0.7154 | Te Acc: 0.5455 | Te AUC: 0.6680
F1 E005 | Tr Loss: 0.4981 | Te Loss: 0.5962 | Te Acc: 0.6909 | Te AUC: 0.7540
F1 E010 | Tr Loss: 0.2173 | Te Loss: 0.6481 | Te Acc: 0.6909 | Te AUC: 0.7474
F1 E015 | Tr Loss: 0.1108 | Te Loss: 0.7840 | Te Acc: 0.6182 | Te AUC: 0.7302
F1 E020 | Tr Loss: 0.0883 | Te Loss: 0.8126 | Te Acc: 0.6909 | Te AUC: 0.7421
F1 E025 | Tr Loss: 0.0861 | Te Loss: 0.9995 | Te Acc: 0.7273 | Te AUC: 0.7566
F1 E030 | Tr Loss: 0.0538 | Te Loss: 1.0024 | Te Acc: 0.6909 | Te AUC: 0.7196
F1 E035 | Tr Loss: 0.0654 | Te Loss: 0.8981 | Te Acc: 0.6182 | Te AUC: 0.7407
F1 E040 | Tr Loss: 0.0376 | Te Loss: 1.0544 | Te Acc: 0.6182 | Te AUC: 0.7063
F1 E045 | Tr Loss: 0.0238 | Te Loss: 1.2263 | Te Acc: 0.6909 | Te AUC: 0.7183
F1 E050 | Tr Loss: 0.0157 | Te Loss: 1.3096 | Te Acc: 0.6727 | Te AUC: 0.7024
F1 E055 | Tr Loss: 0.0309 | Te Loss: 1.2270 | Te Acc: 0.6545 | Te AUC: 0.7235
F1 E060 | Tr Loss: 0.0325 | Te Loss: 1.1562 | Te Acc: 0.6364 | Te AUC: 0.7262
F1 E065 | Tr Loss: 0.0182 | Te Loss: 1.4247 | Te Acc: 0.6727 | Te AUC: 0.7235
F1 E070 | Tr Loss: 0.0036 | Te Loss: 1.4194 | Te Acc: 0.6727 | Te AUC: 0.7183
F1 E075 | Tr Loss: 0.0208 | Te Loss: 1.3771 | Te Acc: 0.6182 | Te AUC: 0.6825
F1 E080 | Tr Loss: 0.0246 | Te Loss: 1.3775 | Te Acc: 0.6909 | Te AUC: 0.7513
F1 E085 | Tr Loss: 0.0135 | Te Loss: 1.3983 | Te Acc: 0.6909 | Te AUC: 0.7447
F1 E090 | Tr Loss: 0.0060 | Te Loss: 1.4247 | Te Acc: 0.7091 | Te AUC: 0.7381
F1 E095 | Tr Loss: 0.0040 | Te Loss: 1.4614 | Te Acc: 0.7091 | Te AUC: 0.7335
F1 E100 | Tr Loss: 0.0049 | Te Loss: 1.4515 | Te Acc: 0.7091 | Te AUC: 0.7328
Fold 1 - Training finished. Best Test Accuracy: 0.7273, AUC: 0.7566
Fold 1 elapsed time: 5.87 seconds.

--- Fold 2/10 ---
Starting training for Fold 2...
F2 E001 | Tr Loss: 0.6878 | Te Loss: 0.7002 | Te Acc: 0.6545 | Te AUC: 0.6534
F2 E005 | Tr Loss: 0.4525 | Te Loss: 0.6672 | Te Acc: 0.6182 | Te AUC: 0.6852
F2 E010 | Tr Loss: 0.2124 | Te Loss: 0.6815 | Te Acc: 0.7091 | Te AUC: 0.7460
F2 E015 | Tr Loss: 0.0958 | Te Loss: 0.7143 | Te Acc: 0.7091 | Te AUC: 0.7685
F2 E020 | Tr Loss: 0.0455 | Te Loss: 0.7228 | Te Acc: 0.7091 | Te AUC: 0.7937
F2 E025 | Tr Loss: 0.0721 | Te Loss: 0.9347 | Te Acc: 0.6545 | Te AUC: 0.7407
F2 E030 | Tr Loss: 0.0914 | Te Loss: 1.0298 | Te Acc: 0.6545 | Te AUC: 0.7593
F2 E035 | Tr Loss: 0.0653 | Te Loss: 1.1781 | Te Acc: 0.7091 | Te AUC: 0.7526
F2 E040 | Tr Loss: 0.0619 | Te Loss: 1.0536 | Te Acc: 0.6545 | Te AUC: 0.7513
F2 E045 | Tr Loss: 0.0467 | Te Loss: 1.1640 | Te Acc: 0.6727 | Te AUC: 0.7341
F2 E050 | Tr Loss: 0.0457 | Te Loss: 1.2423 | Te Acc: 0.6364 | Te AUC: 0.7447
F2 E055 | Tr Loss: 0.0976 | Te Loss: 1.2179 | Te Acc: 0.6909 | Te AUC: 0.7619
F2 E060 | Tr Loss: 0.0348 | Te Loss: 1.2404 | Te Acc: 0.6727 | Te AUC: 0.7791
F2 E065 | Tr Loss: 0.0209 | Te Loss: 1.1484 | Te Acc: 0.6909 | Te AUC: 0.7751
F2 E070 | Tr Loss: 0.0372 | Te Loss: 1.1692 | Te Acc: 0.6727 | Te AUC: 0.7778
F2 E075 | Tr Loss: 0.0299 | Te Loss: 1.0912 | Te Acc: 0.7091 | Te AUC: 0.7817
F2 E080 | Tr Loss: 0.0232 | Te Loss: 1.1255 | Te Acc: 0.6909 | Te AUC: 0.7950
F2 E085 | Tr Loss: 0.0131 | Te Loss: 1.1417 | Te Acc: 0.7091 | Te AUC: 0.7937
F2 E090 | Tr Loss: 0.0075 | Te Loss: 1.1666 | Te Acc: 0.7091 | Te AUC: 0.7950
F2 E095 | Tr Loss: 0.0050 | Te Loss: 1.1653 | Te Acc: 0.7091 | Te AUC: 0.7910
F2 E100 | Tr Loss: 0.0047 | Te Loss: 1.1792 | Te Acc: 0.7091 | Te AUC: 0.7950
Fold 2 - Training finished. Best Test Accuracy: 0.6909, AUC: 0.7950
Fold 2 elapsed time: 3.33 seconds.

--- Fold 3/10 ---
Starting training for Fold 3...
F3 E001 | Tr Loss: 0.7046 | Te Loss: 0.6183 | Te Acc: 0.6182 | Te AUC: 0.7037
F3 E005 | Tr Loss: 0.4665 | Te Loss: 0.5829 | Te Acc: 0.6545 | Te AUC: 0.7381
F3 E010 | Tr Loss: 0.2096 | Te Loss: 0.5967 | Te Acc: 0.6727 | Te AUC: 0.7751
F3 E015 | Tr Loss: 0.1214 | Te Loss: 0.5486 | Te Acc: 0.7636 | Te AUC: 0.8201
F3 E020 | Tr Loss: 0.0988 | Te Loss: 0.6631 | Te Acc: 0.7091 | Te AUC: 0.8056
F3 E025 | Tr Loss: 0.0571 | Te Loss: 0.6974 | Te Acc: 0.7273 | Te AUC: 0.7910
F3 E030 | Tr Loss: 0.0573 | Te Loss: 0.7438 | Te Acc: 0.7636 | Te AUC: 0.8029
F3 E035 | Tr Loss: 0.0456 | Te Loss: 0.7403 | Te Acc: 0.7091 | Te AUC: 0.7884
F3 E040 | Tr Loss: 0.0371 | Te Loss: 0.7935 | Te Acc: 0.7455 | Te AUC: 0.8042
F3 E045 | Tr Loss: 0.0572 | Te Loss: 0.8010 | Te Acc: 0.7273 | Te AUC: 0.7950
F3 E050 | Tr Loss: 0.0420 | Te Loss: 1.0243 | Te Acc: 0.7273 | Te AUC: 0.7500
F3 E055 | Tr Loss: 0.0395 | Te Loss: 0.8533 | Te Acc: 0.7091 | Te AUC: 0.7963
F3 E060 | Tr Loss: 0.0219 | Te Loss: 0.8691 | Te Acc: 0.7636 | Te AUC: 0.8056
F3 E065 | Tr Loss: 0.0237 | Te Loss: 0.9414 | Te Acc: 0.7636 | Te AUC: 0.8122
F3 E070 | Tr Loss: 0.0245 | Te Loss: 1.1146 | Te Acc: 0.7636 | Te AUC: 0.7937
F3 E075 | Tr Loss: 0.0088 | Te Loss: 1.0525 | Te Acc: 0.7091 | Te AUC: 0.8069
F3 E080 | Tr Loss: 0.0088 | Te Loss: 1.0227 | Te Acc: 0.7455 | Te AUC: 0.8095
F3 E085 | Tr Loss: 0.0074 | Te Loss: 1.0383 | Te Acc: 0.7273 | Te AUC: 0.8042
F3 E090 | Tr Loss: 0.0095 | Te Loss: 1.0358 | Te Acc: 0.7273 | Te AUC: 0.7989
F3 E095 | Tr Loss: 0.0062 | Te Loss: 0.9993 | Te Acc: 0.7273 | Te AUC: 0.8016
F3 E100 | Tr Loss: 0.0064 | Te Loss: 1.0192 | Te Acc: 0.7091 | Te AUC: 0.8082
Fold 3 - Training finished. Best Test Accuracy: 0.7636, AUC: 0.8201
Fold 3 elapsed time: 3.22 seconds.

--- Fold 4/10 ---
Starting training for Fold 4...
F4 E001 | Tr Loss: 0.6878 | Te Loss: 0.6158 | Te Acc: 0.6909 | Te AUC: 0.7791
F4 E005 | Tr Loss: 0.4520 | Te Loss: 0.5526 | Te Acc: 0.7091 | Te AUC: 0.8108
F4 E010 | Tr Loss: 0.2190 | Te Loss: 0.6000 | Te Acc: 0.6364 | Te AUC: 0.7381
F4 E015 | Tr Loss: 0.1118 | Te Loss: 0.6668 | Te Acc: 0.6909 | Te AUC: 0.7421
F4 E020 | Tr Loss: 0.0919 | Te Loss: 0.7337 | Te Acc: 0.6545 | Te AUC: 0.7328
F4 E025 | Tr Loss: 0.0595 | Te Loss: 0.9139 | Te Acc: 0.6909 | Te AUC: 0.6799
F4 E030 | Tr Loss: 0.0538 | Te Loss: 0.9696 | Te Acc: 0.6909 | Te AUC: 0.6944
F4 E035 | Tr Loss: 0.0442 | Te Loss: 1.1644 | Te Acc: 0.6182 | Te AUC: 0.6587
F4 E040 | Tr Loss: 0.0329 | Te Loss: 1.0809 | Te Acc: 0.6364 | Te AUC: 0.6997
F4 E045 | Tr Loss: 0.0266 | Te Loss: 1.2977 | Te Acc: 0.6364 | Te AUC: 0.6825
F4 E050 | Tr Loss: 0.0639 | Te Loss: 1.1861 | Te Acc: 0.6182 | Te AUC: 0.7037
F4 E055 | Tr Loss: 0.0355 | Te Loss: 1.2086 | Te Acc: 0.6545 | Te AUC: 0.7011
F4 E060 | Tr Loss: 0.0251 | Te Loss: 1.3159 | Te Acc: 0.6727 | Te AUC: 0.6931
F4 E065 | Tr Loss: 0.0191 | Te Loss: 1.3239 | Te Acc: 0.6727 | Te AUC: 0.7103
F4 E070 | Tr Loss: 0.0121 | Te Loss: 1.3260 | Te Acc: 0.6727 | Te AUC: 0.7116
F4 E075 | Tr Loss: 0.0097 | Te Loss: 1.3236 | Te Acc: 0.6727 | Te AUC: 0.7143
F4 E080 | Tr Loss: 0.0052 | Te Loss: 1.3178 | Te Acc: 0.7091 | Te AUC: 0.7103
F4 E085 | Tr Loss: 0.0135 | Te Loss: 1.3455 | Te Acc: 0.7091 | Te AUC: 0.7143
F4 E090 | Tr Loss: 0.0054 | Te Loss: 1.3657 | Te Acc: 0.6727 | Te AUC: 0.7156
F4 E095 | Tr Loss: 0.0045 | Te Loss: 1.3409 | Te Acc: 0.7091 | Te AUC: 0.7116
F4 E100 | Tr Loss: 0.0063 | Te Loss: 1.3484 | Te Acc: 0.7091 | Te AUC: 0.7130
Fold 4 - Training finished. Best Test Accuracy: 0.7091, AUC: 0.8108
Fold 4 elapsed time: 3.22 seconds.

--- Fold 5/10 ---
Starting training for Fold 5...
F5 E001 | Tr Loss: 0.7298 | Te Loss: 0.6695 | Te Acc: 0.6182 | Te AUC: 0.6706
F5 E005 | Tr Loss: 0.4642 | Te Loss: 0.6886 | Te Acc: 0.5818 | Te AUC: 0.6429
F5 E010 | Tr Loss: 0.1916 | Te Loss: 0.7452 | Te Acc: 0.6182 | Te AUC: 0.6759
F5 E015 | Tr Loss: 0.1222 | Te Loss: 0.9695 | Te Acc: 0.5636 | Te AUC: 0.6323
F5 E020 | Tr Loss: 0.1158 | Te Loss: 1.0990 | Te Acc: 0.6000 | Te AUC: 0.6521
F5 E025 | Tr Loss: 0.1374 | Te Loss: 1.1985 | Te Acc: 0.5818 | Te AUC: 0.6521
F5 E030 | Tr Loss: 0.0926 | Te Loss: 1.0400 | Te Acc: 0.6364 | Te AUC: 0.6772
F5 E035 | Tr Loss: 0.0525 | Te Loss: 1.3517 | Te Acc: 0.5636 | Te AUC: 0.6759
F5 E040 | Tr Loss: 0.0225 | Te Loss: 1.4729 | Te Acc: 0.5818 | Te AUC: 0.6468
F5 E045 | Tr Loss: 0.0272 | Te Loss: 1.5394 | Te Acc: 0.6000 | Te AUC: 0.6283
F5 E050 | Tr Loss: 0.0395 | Te Loss: 1.5133 | Te Acc: 0.6000 | Te AUC: 0.6640
F5 E055 | Tr Loss: 0.0356 | Te Loss: 1.5986 | Te Acc: 0.5636 | Te AUC: 0.6243
F5 E060 | Tr Loss: 0.0289 | Te Loss: 1.9931 | Te Acc: 0.5636 | Te AUC: 0.6151
F5 E065 | Tr Loss: 0.0165 | Te Loss: 1.8968 | Te Acc: 0.5636 | Te AUC: 0.6376
F5 E070 | Tr Loss: 0.0235 | Te Loss: 1.7569 | Te Acc: 0.5818 | Te AUC: 0.6521
F5 E075 | Tr Loss: 0.0190 | Te Loss: 1.9526 | Te Acc: 0.5636 | Te AUC: 0.6627
F5 E080 | Tr Loss: 0.0379 | Te Loss: 1.8975 | Te Acc: 0.6000 | Te AUC: 0.6548
F5 E085 | Tr Loss: 0.0161 | Te Loss: 1.9580 | Te Acc: 0.5818 | Te AUC: 0.6680
F5 E090 | Tr Loss: 0.0116 | Te Loss: 2.0829 | Te Acc: 0.6182 | Te AUC: 0.6574
F5 E095 | Tr Loss: 0.0039 | Te Loss: 2.0826 | Te Acc: 0.5636 | Te AUC: 0.6706
F5 E100 | Tr Loss: 0.0057 | Te Loss: 2.1596 | Te Acc: 0.6000 | Te AUC: 0.6521
Fold 5 - Training finished. Best Test Accuracy: 0.6364, AUC: 0.6772
Fold 5 elapsed time: 2.86 seconds.

--- Fold 6/10 ---
Starting training for Fold 6...
F6 E001 | Tr Loss: 0.6990 | Te Loss: 0.6446 | Te Acc: 0.6182 | Te AUC: 0.7209
F6 E005 | Tr Loss: 0.4762 | Te Loss: 0.5398 | Te Acc: 0.7091 | Te AUC: 0.8307
F6 E010 | Tr Loss: 0.2161 | Te Loss: 0.5239 | Te Acc: 0.7818 | Te AUC: 0.8320
F6 E015 | Tr Loss: 0.1003 | Te Loss: 0.5755 | Te Acc: 0.7455 | Te AUC: 0.8201
F6 E020 | Tr Loss: 0.0638 | Te Loss: 0.5669 | Te Acc: 0.7636 | Te AUC: 0.8479
F6 E025 | Tr Loss: 0.0549 | Te Loss: 0.6278 | Te Acc: 0.7273 | Te AUC: 0.8386
F6 E030 | Tr Loss: 0.0598 | Te Loss: 0.5982 | Te Acc: 0.7273 | Te AUC: 0.8571
F6 E035 | Tr Loss: 0.0624 | Te Loss: 0.6477 | Te Acc: 0.7636 | Te AUC: 0.8399
F6 E040 | Tr Loss: 0.0498 | Te Loss: 0.6957 | Te Acc: 0.7636 | Te AUC: 0.8360
F6 E045 | Tr Loss: 0.0470 | Te Loss: 0.7117 | Te Acc: 0.7818 | Te AUC: 0.8241
F6 E050 | Tr Loss: 0.0704 | Te Loss: 0.7087 | Te Acc: 0.7455 | Te AUC: 0.8413
F6 E055 | Tr Loss: 0.0222 | Te Loss: 0.6953 | Te Acc: 0.7273 | Te AUC: 0.8545
F6 E060 | Tr Loss: 0.0150 | Te Loss: 0.7648 | Te Acc: 0.7091 | Te AUC: 0.8413
F6 E065 | Tr Loss: 0.0240 | Te Loss: 0.6747 | Te Acc: 0.7818 | Te AUC: 0.8638
F6 E070 | Tr Loss: 0.0126 | Te Loss: 0.7501 | Te Acc: 0.7455 | Te AUC: 0.8519
F6 E075 | Tr Loss: 0.0047 | Te Loss: 0.7299 | Te Acc: 0.7818 | Te AUC: 0.8638
F6 E080 | Tr Loss: 0.0054 | Te Loss: 0.7264 | Te Acc: 0.7636 | Te AUC: 0.8638
F6 E085 | Tr Loss: 0.0137 | Te Loss: 0.7911 | Te Acc: 0.7818 | Te AUC: 0.8611
F6 E090 | Tr Loss: 0.0078 | Te Loss: 0.9015 | Te Acc: 0.7818 | Te AUC: 0.8571
F6 E095 | Tr Loss: 0.0187 | Te Loss: 0.9402 | Te Acc: 0.7455 | Te AUC: 0.8347
F6 E100 | Tr Loss: 0.0165 | Te Loss: 1.0082 | Te Acc: 0.7636 | Te AUC: 0.8399
Fold 6 - Training finished. Best Test Accuracy: 0.7818, AUC: 0.8638
Fold 6 elapsed time: 2.84 seconds.

--- Fold 7/10 ---
Starting training for Fold 7...
F7 E001 | Tr Loss: 0.6893 | Te Loss: 0.6724 | Te Acc: 0.6852 | Te AUC: 0.6859
F7 E005 | Tr Loss: 0.4562 | Te Loss: 0.6203 | Te Acc: 0.7037 | Te AUC: 0.7257
F7 E010 | Tr Loss: 0.1978 | Te Loss: 0.6420 | Te Acc: 0.6481 | Te AUC: 0.7449
F7 E015 | Tr Loss: 0.1033 | Te Loss: 0.7417 | Te Acc: 0.6481 | Te AUC: 0.7353
F7 E020 | Tr Loss: 0.0670 | Te Loss: 0.8505 | Te Acc: 0.6296 | Te AUC: 0.7202
F7 E025 | Tr Loss: 0.0800 | Te Loss: 0.8541 | Te Acc: 0.6667 | Te AUC: 0.7599
F7 E030 | Tr Loss: 0.0477 | Te Loss: 0.9448 | Te Acc: 0.6667 | Te AUC: 0.7517
F7 E035 | Tr Loss: 0.0490 | Te Loss: 0.9766 | Te Acc: 0.6481 | Te AUC: 0.7695
F7 E040 | Tr Loss: 0.0397 | Te Loss: 1.0333 | Te Acc: 0.6111 | Te AUC: 0.7366
F7 E045 | Tr Loss: 0.0424 | Te Loss: 1.0424 | Te Acc: 0.7407 | Te AUC: 0.7778
F7 E050 | Tr Loss: 0.0355 | Te Loss: 1.0987 | Te Acc: 0.6296 | Te AUC: 0.7435
F7 E055 | Tr Loss: 0.0391 | Te Loss: 1.2524 | Te Acc: 0.6852 | Te AUC: 0.7366
F7 E060 | Tr Loss: 0.0265 | Te Loss: 1.1541 | Te Acc: 0.7037 | Te AUC: 0.7764
F7 E065 | Tr Loss: 0.0340 | Te Loss: 1.1885 | Te Acc: 0.6481 | Te AUC: 0.7435
F7 E070 | Tr Loss: 0.0265 | Te Loss: 1.2101 | Te Acc: 0.6481 | Te AUC: 0.7503
F7 E075 | Tr Loss: 0.0180 | Te Loss: 1.4319 | Te Acc: 0.6667 | Te AUC: 0.7078
F7 E080 | Tr Loss: 0.0162 | Te Loss: 1.2838 | Te Acc: 0.7222 | Te AUC: 0.7654
F7 E085 | Tr Loss: 0.0051 | Te Loss: 1.5186 | Te Acc: 0.6111 | Te AUC: 0.7257
F7 E090 | Tr Loss: 0.0103 | Te Loss: 1.3213 | Te Acc: 0.7407 | Te AUC: 0.7517
F7 E095 | Tr Loss: 0.0172 | Te Loss: 1.4413 | Te Acc: 0.6852 | Te AUC: 0.7531
F7 E100 | Tr Loss: 0.0103 | Te Loss: 1.4533 | Te Acc: 0.6852 | Te AUC: 0.7613
Fold 7 - Training finished. Best Test Accuracy: 0.7407, AUC: 0.7778
Fold 7 elapsed time: 2.97 seconds.

--- Fold 8/10 ---
Starting training for Fold 8...
F8 E001 | Tr Loss: 0.7461 | Te Loss: 0.6437 | Te Acc: 0.6111 | Te AUC: 0.6964
F8 E005 | Tr Loss: 0.4835 | Te Loss: 0.5892 | Te Acc: 0.6296 | Te AUC: 0.7665
F8 E010 | Tr Loss: 0.2181 | Te Loss: 0.5869 | Te Acc: 0.7037 | Te AUC: 0.7500
F8 E015 | Tr Loss: 0.1161 | Te Loss: 0.6407 | Te Acc: 0.6111 | Te AUC: 0.7308
F8 E020 | Tr Loss: 0.0832 | Te Loss: 0.7315 | Te Acc: 0.6852 | Te AUC: 0.7527
F8 E025 | Tr Loss: 0.0582 | Te Loss: 0.7997 | Te Acc: 0.6852 | Te AUC: 0.7431
F8 E030 | Tr Loss: 0.0799 | Te Loss: 0.8264 | Te Acc: 0.6296 | Te AUC: 0.7294
F8 E035 | Tr Loss: 0.0355 | Te Loss: 0.9622 | Te Acc: 0.6852 | Te AUC: 0.7582
F8 E040 | Tr Loss: 0.1009 | Te Loss: 0.9259 | Te Acc: 0.7407 | Te AUC: 0.7514
F8 E045 | Tr Loss: 0.0599 | Te Loss: 0.8461 | Te Acc: 0.7037 | Te AUC: 0.7665
F8 E050 | Tr Loss: 0.0292 | Te Loss: 1.0980 | Te Acc: 0.6852 | Te AUC: 0.7390
F8 E055 | Tr Loss: 0.0318 | Te Loss: 0.8903 | Te Acc: 0.7037 | Te AUC: 0.7802
F8 E060 | Tr Loss: 0.0115 | Te Loss: 1.0873 | Te Acc: 0.6667 | Te AUC: 0.7335
F8 E065 | Tr Loss: 0.0092 | Te Loss: 1.2189 | Te Acc: 0.6852 | Te AUC: 0.7527
F8 E070 | Tr Loss: 0.0085 | Te Loss: 1.1357 | Te Acc: 0.6667 | Te AUC: 0.7610
F8 E075 | Tr Loss: 0.0079 | Te Loss: 1.1225 | Te Acc: 0.7037 | Te AUC: 0.7596
F8 E080 | Tr Loss: 0.0167 | Te Loss: 1.1604 | Te Acc: 0.6852 | Te AUC: 0.7418
F8 E085 | Tr Loss: 0.0061 | Te Loss: 1.1523 | Te Acc: 0.6852 | Te AUC: 0.7651
F8 E090 | Tr Loss: 0.0067 | Te Loss: 1.3516 | Te Acc: 0.6667 | Te AUC: 0.7459
F8 E095 | Tr Loss: 0.0087 | Te Loss: 1.3052 | Te Acc: 0.7037 | Te AUC: 0.7376
F8 E100 | Tr Loss: 0.0246 | Te Loss: 1.2150 | Te Acc: 0.7037 | Te AUC: 0.7376
Fold 8 - Training finished. Best Test Accuracy: 0.7037, AUC: 0.7802
Fold 8 elapsed time: 3.16 seconds.

--- Fold 9/10 ---
Starting training for Fold 9...
F9 E001 | Tr Loss: 0.7236 | Te Loss: 0.6362 | Te Acc: 0.6111 | Te AUC: 0.6813
F9 E005 | Tr Loss: 0.4887 | Te Loss: 0.5630 | Te Acc: 0.7037 | Te AUC: 0.7871
F9 E010 | Tr Loss: 0.2175 | Te Loss: 0.5469 | Te Acc: 0.7037 | Te AUC: 0.7747
F9 E015 | Tr Loss: 0.1048 | Te Loss: 0.5583 | Te Acc: 0.7593 | Te AUC: 0.8407
F9 E020 | Tr Loss: 0.0866 | Te Loss: 0.5481 | Te Acc: 0.7407 | Te AUC: 0.8448
F9 E025 | Tr Loss: 0.0601 | Te Loss: 0.6725 | Te Acc: 0.7222 | Te AUC: 0.8104
F9 E030 | Tr Loss: 0.0731 | Te Loss: 0.7065 | Te Acc: 0.7407 | Te AUC: 0.7981
F9 E035 | Tr Loss: 0.0558 | Te Loss: 0.7329 | Te Acc: 0.7222 | Te AUC: 0.7802
F9 E040 | Tr Loss: 0.0324 | Te Loss: 0.7445 | Te Acc: 0.7778 | Te AUC: 0.8214
F9 E045 | Tr Loss: 0.0308 | Te Loss: 0.8565 | Te Acc: 0.7222 | Te AUC: 0.8214
F9 E050 | Tr Loss: 0.0617 | Te Loss: 0.8542 | Te Acc: 0.7222 | Te AUC: 0.8091
F9 E055 | Tr Loss: 0.0487 | Te Loss: 0.9606 | Te Acc: 0.7037 | Te AUC: 0.7898
F9 E060 | Tr Loss: 0.0387 | Te Loss: 0.9067 | Te Acc: 0.7593 | Te AUC: 0.8159
F9 E065 | Tr Loss: 0.0290 | Te Loss: 0.8574 | Te Acc: 0.7222 | Te AUC: 0.8132
F9 E070 | Tr Loss: 0.0222 | Te Loss: 0.9531 | Te Acc: 0.7407 | Te AUC: 0.8118
F9 E075 | Tr Loss: 0.0459 | Te Loss: 0.9176 | Te Acc: 0.7037 | Te AUC: 0.8146
F9 E080 | Tr Loss: 0.0102 | Te Loss: 0.9956 | Te Acc: 0.6852 | Te AUC: 0.7953
F9 E085 | Tr Loss: 0.0159 | Te Loss: 0.9930 | Te Acc: 0.6852 | Te AUC: 0.8008
F9 E090 | Tr Loss: 0.0101 | Te Loss: 0.9802 | Te Acc: 0.7037 | Te AUC: 0.8091
F9 E095 | Tr Loss: 0.0098 | Te Loss: 0.9954 | Te Acc: 0.7037 | Te AUC: 0.8077
F9 E100 | Tr Loss: 0.0151 | Te Loss: 1.0182 | Te Acc: 0.7222 | Te AUC: 0.8104
Fold 9 - Training finished. Best Test Accuracy: 0.7407, AUC: 0.8448
Fold 9 elapsed time: 3.11 seconds.

--- Fold 10/10 ---
Starting training for Fold 10...
F10 E001 | Tr Loss: 0.7452 | Te Loss: 0.6528 | Te Acc: 0.6296 | Te AUC: 0.6525
F10 E005 | Tr Loss: 0.4778 | Te Loss: 0.5357 | Te Acc: 0.7222 | Te AUC: 0.8255
F10 E010 | Tr Loss: 0.2493 | Te Loss: 0.5088 | Te Acc: 0.7037 | Te AUC: 0.8283
F10 E015 | Tr Loss: 0.1728 | Te Loss: 0.4980 | Te Acc: 0.8148 | Te AUC: 0.8434
F10 E020 | Tr Loss: 0.0803 | Te Loss: 0.6149 | Te Acc: 0.7222 | Te AUC: 0.7885
F10 E025 | Tr Loss: 0.0722 | Te Loss: 0.7320 | Te Acc: 0.6852 | Te AUC: 0.7816
F10 E030 | Tr Loss: 0.0499 | Te Loss: 0.9224 | Te Acc: 0.6667 | Te AUC: 0.7418
F10 E035 | Tr Loss: 0.0682 | Te Loss: 0.7502 | Te Acc: 0.6852 | Te AUC: 0.7885
F10 E040 | Tr Loss: 0.0492 | Te Loss: 0.8247 | Te Acc: 0.7037 | Te AUC: 0.7679
F10 E045 | Tr Loss: 0.0517 | Te Loss: 0.8236 | Te Acc: 0.6852 | Te AUC: 0.8049
F10 E050 | Tr Loss: 0.0386 | Te Loss: 0.8544 | Te Acc: 0.7222 | Te AUC: 0.7857
F10 E055 | Tr Loss: 0.0473 | Te Loss: 1.0576 | Te Acc: 0.6667 | Te AUC: 0.7912
F10 E060 | Tr Loss: 0.0389 | Te Loss: 0.8842 | Te Acc: 0.6852 | Te AUC: 0.7857
F10 E065 | Tr Loss: 0.0170 | Te Loss: 0.9025 | Te Acc: 0.7593 | Te AUC: 0.7926
F10 E070 | Tr Loss: 0.0235 | Te Loss: 0.8957 | Te Acc: 0.7407 | Te AUC: 0.7967
F10 E075 | Tr Loss: 0.0083 | Te Loss: 0.9009 | Te Acc: 0.7593 | Te AUC: 0.8077
F10 E080 | Tr Loss: 0.0074 | Te Loss: 0.9003 | Te Acc: 0.7222 | Te AUC: 0.8077
F10 E085 | Tr Loss: 0.0049 | Te Loss: 0.9053 | Te Acc: 0.7593 | Te AUC: 0.8077
F10 E090 | Tr Loss: 0.0034 | Te Loss: 0.9283 | Te Acc: 0.7593 | Te AUC: 0.8063
F10 E095 | Tr Loss: 0.0057 | Te Loss: 0.9188 | Te Acc: 0.7037 | Te AUC: 0.8091
F10 E100 | Tr Loss: 0.0048 | Te Loss: 0.8979 | Te Acc: 0.7778 | Te AUC: 0.8146
Fold 10 - Training finished. Best Test Accuracy: 0.8148, AUC: 0.8434
Fold 10 elapsed time: 3.16 seconds.

--- Cross-Validation Results ---
Number of successfully completed folds: 10/10
Average Accuracy:  0.7309 +/- 0.0476
Average F1-Score:  0.7299
Average Precision: 0.7356
Average Recall:    0.7309
Average AUC:       0.7970

Total elapsed time: 33.93 seconds.
--- Baseline MLP Run Finished ---
Frankenstein Training completed at Wed Apr 16 04:40:48 AM EDT 2025
