Starting ACHNN regression training with 16 CPUs and 1 GPU at Wed Apr 16 03:02:38 AM EDT 2025
Loading configuration from config.yaml...

--- Configuration Used ---
data_params:
  exclude_cols:
  - 'Unnamed: 0'
  - X
  - subject
  - FILE_ID
  - qc_rater_1
  - qc_notes_rater_1
  - qc_anat_rater_2
  - qc_anat_notes_rater_2
  - qc_func_rater_2
  - qc_func_notes_rater_2
  - qc_anat_rater_3
  - qc_anat_notes_rater_3
  - qc_func_rater_3
  - qc_func_notes_rater_3
  max_ts_length: -1
  num_regions: 200
  phenotype_cols_categorical:
  - SEX
  - SITE_ID
  phenotype_cols_numerical:
  - AGE_AT_SCAN
  - FIQ
  phenotype_file: Phenotypic_V1_0b_preprocessed1.csv
  region_dir: /home/pl217/frankensteins_model/results/abide_timeseries/ccs_filt_noglobal_rois_cc200
  site_id_col: SITE_ID
  sub_id_col: SUB_ID
  target_col: DX_GROUP
graph_params:
  k_neighbors: 20
model_params:
  dropout_rate: 0.3
  gnn_heads: 4
  gnn_hidden_dim: 128
  gnn_output_dim: 2
  pheno_embedding_dim: 64
  pheno_hidden_dim: 128
  ts_embedding_dim: 128
  ts_transformer_d_model: 128
  ts_transformer_dim_feedforward: 512
  ts_transformer_nhead: 4
  ts_transformer_num_layers: 3
run_params:
  device: cuda
  early_stopping_patience: 20
  encoder_batch_size: 32
  epochs: 150
  learning_rate: 0.0005
  n_splits: 10
  seed: 42
  weight_decay: 0.0001

--------------------------

Using configured max_ts_length setting: -1 (-1 means use max in fold)
Using configured num_regions: 200
Using configured encoder_batch_size: 32
Random seed set to 42
Using GPU: NVIDIA RTX A5000
Loading phenotype data from: Phenotypic_V1_0b_preprocessed1.csv
Original selected data shape: (1112, 6)
Using target column: 'DX_GROUP'
Filtered out 0 rows with invalid/missing target values.
Phenotype data shape after target filtering: (1112, 6)
Processing specified numerical features...
 Processing numerical columns: ['AGE_AT_SCAN', 'FIQ']
Processing specified categorical features...
 Processing categorical columns: ['SEX', 'SITE_ID']
  Encoded categorical columns: ['SEX_1', 'SEX_2', 'SITE_ID_CALTECH', 'SITE_ID_CMU', 'SITE_ID_KKI', 'SITE_ID_LEUVEN_1', 'SITE_ID_LEUVEN_2', 'SITE_ID_MAX_MUN', 'SITE_ID_NYU', 'SITE_ID_OHSU', 'SITE_ID_OLIN', 'SITE_ID_PITT', 'SITE_ID_SBL', 'SITE_ID_SDSU', 'SITE_ID_STANFORD', 'SITE_ID_TRINITY', 'SITE_ID_UCLA_1', 'SITE_ID_UCLA_2', 'SITE_ID_UM_1', 'SITE_ID_UM_2', 'SITE_ID_USM', 'SITE_ID_YALE']
Final phenotype features identified (24): ['AGE_AT_SCAN', 'FIQ', 'SEX_1', 'SEX_2', 'SITE_ID_CALTECH', 'SITE_ID_CMU', 'SITE_ID_KKI', 'SITE_ID_LEUVEN_1', 'SITE_ID_LEUVEN_2', 'SITE_ID_MAX_MUN', 'SITE_ID_NYU', 'SITE_ID_OHSU', 'SITE_ID_OLIN', 'SITE_ID_PITT', 'SITE_ID_SBL', 'SITE_ID_SDSU', 'SITE_ID_STANFORD', 'SITE_ID_TRINITY', 'SITE_ID_UCLA_1', 'SITE_ID_UCLA_2', 'SITE_ID_UM_1', 'SITE_ID_UM_2', 'SITE_ID_USM', 'SITE_ID_YALE']
Checking for corresponding TS files in: /home/pl217/frankensteins_model/results/abide_timeseries/ccs_filt_noglobal_rois_cc200
Processed 1112 subjects from phenotype data.
Found existing, non-empty TS files for 624 subjects.
Skipped 488 subjects (missing file or invalid ID/Site).
Skipped 0 subjects (empty file).
Total subjects available for K-Fold analysis: 624

--- Fold 1/10 ---
Calculating max TS length for Positional Encoding (624 subjects)...
Determined max TS length 295 from 624 valid files for Positional Encoding.
Fold 1 using dynamic max length (up to 295 for PE).
Loading time series for 624 subjects in fold...
No truncation active. Will pad to max length found in this fold's successful loads.
Padding to max length found in fold: 295
Padding 624 time series to final length: 295
Proceeding with 624 subjects for Fold 1 model training/evaluation.
Phenotype encoder created.
Generating initial embeddings for graph construction (Batch Size: 32)...
Initial embeddings generated.
Building k-NN graph (k=20)...
Graph built with 624 nodes and 12480 edges.
Starting training for Fold 1... Train samples: 561, Test samples: 63
  Epoch 1, Grad Norm: 0.5668
F1 E001 | Loss: 0.7175 | Tr Acc: 0.4831 | Te Acc: 0.4921 | Te AUC: 0.6200 | Te F1: 0.3246
  Epoch 5, Grad Norm: 0.4673
F1 E005 | Loss: 0.6907 | Tr Acc: 0.4848 | Te Acc: 0.4444 | Te AUC: 0.6260 | Te F1: 0.3028
  Epoch 10, Grad Norm: 0.4071
F1 E010 | Loss: 0.6705 | Tr Acc: 0.5918 | Te Acc: 0.5873 | Te AUC: 0.6573 | Te F1: 0.5266
  Epoch 15, Grad Norm: 0.4421
F1 E015 | Loss: 0.6632 | Tr Acc: 0.5936 | Te Acc: 0.6032 | Te AUC: 0.7087 | Te F1: 0.5386
  Epoch 20, Grad Norm: 0.3902
F1 E020 | Loss: 0.6346 | Tr Acc: 0.6096 | Te Acc: 0.6667 | Te AUC: 0.6744 | Te F1: 0.6641
  Epoch 25, Grad Norm: 0.4185
F1 E025 | Loss: 0.6254 | Tr Acc: 0.6257 | Te Acc: 0.6349 | Te AUC: 0.7147 | Te F1: 0.6245
  Epoch 30, Grad Norm: 0.3707
F1 E030 | Loss: 0.6123 | Tr Acc: 0.6667 | Te Acc: 0.6508 | Te AUC: 0.7036 | Te F1: 0.6490
  Epoch 35, Grad Norm: 0.4224
F1 E035 | Loss: 0.6125 | Tr Acc: 0.6488 | Te Acc: 0.6032 | Te AUC: 0.7036 | Te F1: 0.5840
  Epoch 40, Grad Norm: 0.3778
F1 E040 | Loss: 0.6001 | Tr Acc: 0.6542 | Te Acc: 0.6349 | Te AUC: 0.6764 | Te F1: 0.6173
  Epoch 45, Grad Norm: 0.4178
F1 E045 | Loss: 0.5925 | Tr Acc: 0.6328 | Te Acc: 0.6190 | Te AUC: 0.6532 | Te F1: 0.5829
  Epoch 50, Grad Norm: 0.3728
F1 E050 | Loss: 0.5717 | Tr Acc: 0.5704 | Te Acc: 0.5397 | Te AUC: 0.6159 | Te F1: 0.4728
  Epoch 55, Grad Norm: 0.4487
F1 E055 | Loss: 0.5796 | Tr Acc: 0.5936 | Te Acc: 0.5556 | Te AUC: 0.6401 | Te F1: 0.4974
  Epoch 60, Grad Norm: 0.5547
F1 E060 | Loss: 0.5518 | Tr Acc: 0.6292 | Te Acc: 0.6032 | Te AUC: 0.6522 | Te F1: 0.5506
  Epoch 65, Grad Norm: 0.6092
F1 E065 | Loss: 0.5474 | Tr Acc: 0.6168 | Te Acc: 0.5714 | Te AUC: 0.6401 | Te F1: 0.4868
  Epoch 70, Grad Norm: 0.9346
F1 E070 | Loss: 0.5312 | Tr Acc: 0.7504 | Te Acc: 0.6190 | Te AUC: 0.6442 | Te F1: 0.6185
  Epoch 75, Grad Norm: 0.7007
F1 E075 | Loss: 0.5174 | Tr Acc: 0.7487 | Te Acc: 0.5397 | Te AUC: 0.6623 | Te F1: 0.5238
  Epoch 80, Grad Norm: 0.5093
F1 E080 | Loss: 0.4818 | Tr Acc: 0.7219 | Te Acc: 0.6032 | Te AUC: 0.6200 | Te F1: 0.5989
  Epoch 85, Grad Norm: 0.8405
F1 E085 | Loss: 0.5079 | Tr Acc: 0.7540 | Te Acc: 0.6190 | Te AUC: 0.6119 | Te F1: 0.6185
  Epoch 90, Grad Norm: 0.5159
F1 E090 | Loss: 0.4792 | Tr Acc: 0.7504 | Te Acc: 0.5873 | Te AUC: 0.5998 | Te F1: 0.5704
  Epoch 95, Grad Norm: 0.4979
F1 E095 | Loss: 0.4716 | Tr Acc: 0.7718 | Te Acc: 0.6032 | Te AUC: 0.6038 | Te F1: 0.5939
  Epoch 100, Grad Norm: 0.5208
F1 E100 | Loss: 0.4972 | Tr Acc: 0.7897 | Te Acc: 0.5873 | Te AUC: 0.6089 | Te F1: 0.5852
  Epoch 105, Grad Norm: 0.4961
F1 E105 | Loss: 0.4857 | Tr Acc: 0.7522 | Te Acc: 0.6032 | Te AUC: 0.6200 | Te F1: 0.6026
  Epoch 110, Grad Norm: 0.5830
F1 E110 | Loss: 0.5004 | Tr Acc: 0.7558 | Te Acc: 0.6349 | Te AUC: 0.6220 | Te F1: 0.6349
  Epoch 115, Grad Norm: 0.4978
F1 E115 | Loss: 0.4725 | Tr Acc: 0.7754 | Te Acc: 0.6032 | Te AUC: 0.6260 | Te F1: 0.5895
  Epoch 120, Grad Norm: 0.4529
F1 E120 | Loss: 0.4607 | Tr Acc: 0.7718 | Te Acc: 0.6190 | Te AUC: 0.6310 | Te F1: 0.6034
  Epoch 125, Grad Norm: 0.5679
F1 E125 | Loss: 0.4593 | Tr Acc: 0.8075 | Te Acc: 0.6190 | Te AUC: 0.6190 | Te F1: 0.6171
Early stopping triggered at epoch 125 due to lack of improvement in Test AUC.
Fold 1 - Training finished. Best Test Accuracy: 0.6349, AUC: 0.7147
Fold 1 elapsed time: 43.20 seconds.

--- Fold 2/10 ---
Calculating max TS length for Positional Encoding (624 subjects)...
Determined max TS length 295 from 624 valid files for Positional Encoding.
Fold 2 using dynamic max length (up to 295 for PE).
Loading time series for 624 subjects in fold...
No truncation active. Will pad to max length found in this fold's successful loads.
Padding to max length found in fold: 295
Padding 624 time series to final length: 295
Proceeding with 624 subjects for Fold 2 model training/evaluation.
Phenotype encoder created.
Generating initial embeddings for graph construction (Batch Size: 32)...
Initial embeddings generated.
Building k-NN graph (k=20)...
Graph built with 624 nodes and 12480 edges.
Starting training for Fold 2... Train samples: 561, Test samples: 63
  Epoch 1, Grad Norm: 0.5229
F2 E001 | Loss: 0.7126 | Tr Acc: 0.5169 | Te Acc: 0.5079 | Te AUC: 0.4728 | Te F1: 0.3422
  Epoch 5, Grad Norm: 0.4141
F2 E005 | Loss: 0.6887 | Tr Acc: 0.5544 | Te Acc: 0.5556 | Te AUC: 0.4970 | Te F1: 0.4402
  Epoch 10, Grad Norm: 0.4506
F2 E010 | Loss: 0.6712 | Tr Acc: 0.5455 | Te Acc: 0.4286 | Te AUC: 0.4849 | Te F1: 0.3919
  Epoch 15, Grad Norm: 0.3732
F2 E015 | Loss: 0.6600 | Tr Acc: 0.5704 | Te Acc: 0.5238 | Te AUC: 0.5413 | Te F1: 0.4933
  Epoch 20, Grad Norm: 0.4245
F2 E020 | Loss: 0.6567 | Tr Acc: 0.5615 | Te Acc: 0.5556 | Te AUC: 0.5413 | Te F1: 0.4402
  Epoch 25, Grad Norm: 0.3875
F2 E025 | Loss: 0.6324 | Tr Acc: 0.6132 | Te Acc: 0.5397 | Te AUC: 0.5413 | Te F1: 0.4907
  Epoch 30, Grad Norm: 0.3819
F2 E030 | Loss: 0.6118 | Tr Acc: 0.7005 | Te Acc: 0.4603 | Te AUC: 0.5081 | Te F1: 0.4595
  Epoch 35, Grad Norm: 0.3692
F2 E035 | Loss: 0.6016 | Tr Acc: 0.5740 | Te Acc: 0.5397 | Te AUC: 0.5060 | Te F1: 0.4092
  Epoch 40, Grad Norm: 0.3709
F2 E040 | Loss: 0.5919 | Tr Acc: 0.5900 | Te Acc: 0.5397 | Te AUC: 0.5050 | Te F1: 0.4304
  Epoch 45, Grad Norm: 0.5593
F2 E045 | Loss: 0.5698 | Tr Acc: 0.6560 | Te Acc: 0.5238 | Te AUC: 0.5030 | Te F1: 0.4787
  Epoch 50, Grad Norm: 0.5275
F2 E050 | Loss: 0.5681 | Tr Acc: 0.5294 | Te Acc: 0.5079 | Te AUC: 0.5232 | Te F1: 0.3422
  Epoch 55, Grad Norm: 0.9908
F2 E055 | Loss: 0.5518 | Tr Acc: 0.5900 | Te Acc: 0.5397 | Te AUC: 0.5595 | Te F1: 0.4304
  Epoch 60, Grad Norm: 1.0592
F2 E060 | Loss: 0.5756 | Tr Acc: 0.5258 | Te Acc: 0.5397 | Te AUC: 0.5474 | Te F1: 0.4416
  Epoch 65, Grad Norm: 0.7387
F2 E065 | Loss: 0.5181 | Tr Acc: 0.5258 | Te Acc: 0.5079 | Te AUC: 0.5897 | Te F1: 0.3422
  Epoch 70, Grad Norm: 0.5258
F2 E070 | Loss: 0.4971 | Tr Acc: 0.5633 | Te Acc: 0.5238 | Te AUC: 0.5524 | Te F1: 0.4312
  Epoch 75, Grad Norm: 0.5626
F2 E075 | Loss: 0.4984 | Tr Acc: 0.6560 | Te Acc: 0.5714 | Te AUC: 0.6028 | Te F1: 0.4868
  Epoch 80, Grad Norm: 0.6073
F2 E080 | Loss: 0.4692 | Tr Acc: 0.5758 | Te Acc: 0.5556 | Te AUC: 0.5938 | Te F1: 0.4402
  Epoch 85, Grad Norm: 0.5614
F2 E085 | Loss: 0.4408 | Tr Acc: 0.7504 | Te Acc: 0.5238 | Te AUC: 0.6069 | Te F1: 0.5202
  Epoch 90, Grad Norm: 0.9092
F2 E090 | Loss: 0.4291 | Tr Acc: 0.8111 | Te Acc: 0.5714 | Te AUC: 0.6200 | Te F1: 0.5615
  Epoch 95, Grad Norm: 1.3749
F2 E095 | Loss: 0.4167 | Tr Acc: 0.6453 | Te Acc: 0.5556 | Te AUC: 0.6159 | Te F1: 0.4758
  Epoch 100, Grad Norm: 1.0428
F2 E100 | Loss: 0.3739 | Tr Acc: 0.7950 | Te Acc: 0.5397 | Te AUC: 0.6361 | Te F1: 0.5099
  Epoch 105, Grad Norm: 1.4013
F2 E105 | Loss: 0.3196 | Tr Acc: 0.8449 | Te Acc: 0.5714 | Te AUC: 0.6290 | Te F1: 0.5508
  Epoch 110, Grad Norm: 1.2420
F2 E110 | Loss: 0.3091 | Tr Acc: 0.8824 | Te Acc: 0.6190 | Te AUC: 0.6482 | Te F1: 0.6082
  Epoch 115, Grad Norm: 0.9726
F2 E115 | Loss: 0.2896 | Tr Acc: 0.8681 | Te Acc: 0.5556 | Te AUC: 0.6593 | Te F1: 0.5373
  Epoch 120, Grad Norm: 2.0834
F2 E120 | Loss: 0.2802 | Tr Acc: 0.8342 | Te Acc: 0.6349 | Te AUC: 0.6835 | Te F1: 0.6245
  Epoch 125, Grad Norm: 1.6223
F2 E125 | Loss: 0.2220 | Tr Acc: 0.9269 | Te Acc: 0.5873 | Te AUC: 0.6472 | Te F1: 0.5842
  Epoch 130, Grad Norm: 1.6370
F2 E130 | Loss: 0.2030 | Tr Acc: 0.9305 | Te Acc: 0.6349 | Te AUC: 0.6946 | Te F1: 0.6264
  Epoch 135, Grad Norm: 0.6147
F2 E135 | Loss: 0.1714 | Tr Acc: 0.9394 | Te Acc: 0.6032 | Te AUC: 0.6653 | Te F1: 0.5975
  Epoch 140, Grad Norm: 1.7180
F2 E140 | Loss: 0.1337 | Tr Acc: 0.9537 | Te Acc: 0.5873 | Te AUC: 0.6381 | Te F1: 0.5797
  Epoch 145, Grad Norm: 2.1765
F2 E145 | Loss: 0.1185 | Tr Acc: 0.9715 | Te Acc: 0.5556 | Te AUC: 0.6452 | Te F1: 0.5553
  Epoch 150, Grad Norm: 3.2299
F2 E150 | Loss: 0.1369 | Tr Acc: 0.9697 | Te Acc: 0.6032 | Te AUC: 0.6633 | Te F1: 0.6030
Fold 2 - Training finished. Best Test Accuracy: 0.6349, AUC: 0.6946
Fold 2 elapsed time: 51.84 seconds.

--- Fold 3/10 ---
Calculating max TS length for Positional Encoding (624 subjects)...
Determined max TS length 295 from 624 valid files for Positional Encoding.
Fold 3 using dynamic max length (up to 295 for PE).
Loading time series for 624 subjects in fold...
No truncation active. Will pad to max length found in this fold's successful loads.
Padding to max length found in fold: 295
Padding 624 time series to final length: 295
Proceeding with 624 subjects for Fold 3 model training/evaluation.
Phenotype encoder created.
Generating initial embeddings for graph construction (Batch Size: 32)...
Initial embeddings generated.
Building k-NN graph (k=20)...
Graph built with 624 nodes and 12480 edges.
Starting training for Fold 3... Train samples: 561, Test samples: 63
  Epoch 1, Grad Norm: 0.6148
F3 E001 | Loss: 0.7122 | Tr Acc: 0.4848 | Te Acc: 0.4762 | Te AUC: 0.6626 | Te F1: 0.3072
  Epoch 5, Grad Norm: 0.4980
F3 E005 | Loss: 0.6909 | Tr Acc: 0.5169 | Te Acc: 0.5397 | Te AUC: 0.7384 | Te F1: 0.3946
  Epoch 10, Grad Norm: 0.4436
F3 E010 | Loss: 0.6727 | Tr Acc: 0.5544 | Te Acc: 0.5714 | Te AUC: 0.7293 | Te F1: 0.4583
  Epoch 15, Grad Norm: 0.4217
F3 E015 | Loss: 0.6650 | Tr Acc: 0.6096 | Te Acc: 0.5397 | Te AUC: 0.7596 | Te F1: 0.4958
  Epoch 20, Grad Norm: 0.3658
F3 E020 | Loss: 0.6514 | Tr Acc: 0.5704 | Te Acc: 0.5556 | Te AUC: 0.7525 | Te F1: 0.4625
  Epoch 25, Grad Norm: 0.3702
F3 E025 | Loss: 0.6340 | Tr Acc: 0.4902 | Te Acc: 0.4921 | Te AUC: 0.7414 | Te F1: 0.3414
  Epoch 30, Grad Norm: 0.3401
F3 E030 | Loss: 0.6268 | Tr Acc: 0.4955 | Te Acc: 0.4921 | Te AUC: 0.7263 | Te F1: 0.3414
  Epoch 35, Grad Norm: 0.3434
F3 E035 | Loss: 0.6171 | Tr Acc: 0.6096 | Te Acc: 0.5556 | Te AUC: 0.6121 | Te F1: 0.5079
  Epoch 40, Grad Norm: 0.3949
F3 E040 | Loss: 0.5971 | Tr Acc: 0.5241 | Te Acc: 0.5079 | Te AUC: 0.6586 | Te F1: 0.3529
  Epoch 45, Grad Norm: 0.5531
F3 E045 | Loss: 0.6031 | Tr Acc: 0.6542 | Te Acc: 0.5873 | Te AUC: 0.6404 | Te F1: 0.5758
  Epoch 50, Grad Norm: 0.6395
F3 E050 | Loss: 0.5776 | Tr Acc: 0.6203 | Te Acc: 0.5556 | Te AUC: 0.5646 | Te F1: 0.4921
  Epoch 55, Grad Norm: 0.4581
F3 E055 | Loss: 0.5468 | Tr Acc: 0.7201 | Te Acc: 0.5556 | Te AUC: 0.5687 | Te F1: 0.5404
  Epoch 60, Grad Norm: 0.5332
F3 E060 | Loss: 0.5318 | Tr Acc: 0.5294 | Te Acc: 0.5079 | Te AUC: 0.6626 | Te F1: 0.3738
  Epoch 65, Grad Norm: 0.5105
F3 E065 | Loss: 0.5254 | Tr Acc: 0.6328 | Te Acc: 0.5238 | Te AUC: 0.6596 | Te F1: 0.4410
  Epoch 70, Grad Norm: 0.9492
F3 E070 | Loss: 0.5413 | Tr Acc: 0.6524 | Te Acc: 0.5079 | Te AUC: 0.6364 | Te F1: 0.4303
  Epoch 75, Grad Norm: 0.5587
F3 E075 | Loss: 0.5127 | Tr Acc: 0.6916 | Te Acc: 0.5397 | Te AUC: 0.6343 | Te F1: 0.5020
  Epoch 80, Grad Norm: 0.4103
F3 E080 | Loss: 0.4985 | Tr Acc: 0.7291 | Te Acc: 0.6190 | Te AUC: 0.6434 | Te F1: 0.6122
  Epoch 85, Grad Norm: 0.4392
F3 E085 | Loss: 0.4994 | Tr Acc: 0.7308 | Te Acc: 0.5556 | Te AUC: 0.6495 | Te F1: 0.5312
  Epoch 90, Grad Norm: 0.4725
F3 E090 | Loss: 0.4935 | Tr Acc: 0.7504 | Te Acc: 0.5873 | Te AUC: 0.6333 | Te F1: 0.5758
  Epoch 95, Grad Norm: 0.4621
F3 E095 | Loss: 0.4929 | Tr Acc: 0.7576 | Te Acc: 0.5556 | Te AUC: 0.6020 | Te F1: 0.5454
  Epoch 100, Grad Norm: 0.5229
F3 E100 | Loss: 0.4979 | Tr Acc: 0.7558 | Te Acc: 0.5714 | Te AUC: 0.6061 | Te F1: 0.5637
  Epoch 105, Grad Norm: 0.4135
F3 E105 | Loss: 0.4944 | Tr Acc: 0.7629 | Te Acc: 0.6190 | Te AUC: 0.6273 | Te F1: 0.6152
  Epoch 110, Grad Norm: 0.4497
F3 E110 | Loss: 0.4928 | Tr Acc: 0.7522 | Te Acc: 0.5873 | Te AUC: 0.6323 | Te F1: 0.5758
  Epoch 115, Grad Norm: 0.6561
F3 E115 | Loss: 0.4826 | Tr Acc: 0.7576 | Te Acc: 0.5873 | Te AUC: 0.6141 | Te F1: 0.5732
Early stopping triggered at epoch 115 due to lack of improvement in Test AUC.
Fold 3 - Training finished. Best Test Accuracy: 0.5397, AUC: 0.7596
Fold 3 elapsed time: 39.91 seconds.

--- Fold 4/10 ---
Calculating max TS length for Positional Encoding (624 subjects)...
Determined max TS length 295 from 624 valid files for Positional Encoding.
Fold 4 using dynamic max length (up to 295 for PE).
Loading time series for 624 subjects in fold...
No truncation active. Will pad to max length found in this fold's successful loads.
Padding to max length found in fold: 295
Padding 624 time series to final length: 295
Proceeding with 624 subjects for Fold 4 model training/evaluation.
Phenotype encoder created.
Generating initial embeddings for graph construction (Batch Size: 32)...
Initial embeddings generated.
Building k-NN graph (k=20)...
Graph built with 624 nodes and 12480 edges.
Starting training for Fold 4... Train samples: 561, Test samples: 63
  Epoch 1, Grad Norm: 0.4924
F4 E001 | Loss: 0.7072 | Tr Acc: 0.5152 | Te Acc: 0.5238 | Te AUC: 0.4384 | Te F1: 0.3601
  Epoch 5, Grad Norm: 0.4431
F4 E005 | Loss: 0.6818 | Tr Acc: 0.5437 | Te Acc: 0.5238 | Te AUC: 0.5525 | Te F1: 0.3601
  Epoch 10, Grad Norm: 0.3839
F4 E010 | Loss: 0.6826 | Tr Acc: 0.5276 | Te Acc: 0.5238 | Te AUC: 0.5657 | Te F1: 0.3601
  Epoch 15, Grad Norm: 0.3707
F4 E015 | Loss: 0.6796 | Tr Acc: 0.5544 | Te Acc: 0.5397 | Te AUC: 0.5626 | Te F1: 0.3946
  Epoch 20, Grad Norm: 0.3775
F4 E020 | Loss: 0.6681 | Tr Acc: 0.5882 | Te Acc: 0.5556 | Te AUC: 0.5485 | Te F1: 0.5268
  Epoch 25, Grad Norm: 0.3390
F4 E025 | Loss: 0.6545 | Tr Acc: 0.4920 | Te Acc: 0.4603 | Te AUC: 0.5545 | Te F1: 0.3002
  Epoch 30, Grad Norm: 0.3585
F4 E030 | Loss: 0.6479 | Tr Acc: 0.4920 | Te Acc: 0.4762 | Te AUC: 0.5788 | Te F1: 0.3072
  Epoch 35, Grad Norm: 0.3580
F4 E035 | Loss: 0.6445 | Tr Acc: 0.4920 | Te Acc: 0.4762 | Te AUC: 0.5717 | Te F1: 0.3072
  Epoch 40, Grad Norm: 0.3252
F4 E040 | Loss: 0.6202 | Tr Acc: 0.5312 | Te Acc: 0.4921 | Te AUC: 0.5515 | Te F1: 0.4195
  Epoch 45, Grad Norm: 0.3756
F4 E045 | Loss: 0.6307 | Tr Acc: 0.5740 | Te Acc: 0.5556 | Te AUC: 0.5343 | Te F1: 0.4484
  Epoch 50, Grad Norm: 0.3536
F4 E050 | Loss: 0.6194 | Tr Acc: 0.6560 | Te Acc: 0.5397 | Te AUC: 0.5495 | Te F1: 0.5364
  Epoch 55, Grad Norm: 0.3266
F4 E055 | Loss: 0.6088 | Tr Acc: 0.5971 | Te Acc: 0.5079 | Te AUC: 0.5485 | Te F1: 0.4569
  Epoch 60, Grad Norm: 0.3689
F4 E060 | Loss: 0.5986 | Tr Acc: 0.6738 | Te Acc: 0.5714 | Te AUC: 0.5545 | Te F1: 0.5306
  Epoch 65, Grad Norm: 0.3854
F4 E065 | Loss: 0.5804 | Tr Acc: 0.6471 | Te Acc: 0.4762 | Te AUC: 0.5697 | Te F1: 0.4431
  Epoch 70, Grad Norm: 0.5919
F4 E070 | Loss: 0.5882 | Tr Acc: 0.6702 | Te Acc: 0.5556 | Te AUC: 0.5626 | Te F1: 0.5476
  Epoch 75, Grad Norm: 0.4564
F4 E075 | Loss: 0.5448 | Tr Acc: 0.5900 | Te Acc: 0.4921 | Te AUC: 0.5687 | Te F1: 0.4332
  Epoch 80, Grad Norm: 0.9142
F4 E080 | Loss: 0.5515 | Tr Acc: 0.5472 | Te Acc: 0.5556 | Te AUC: 0.5707 | Te F1: 0.4273
  Epoch 85, Grad Norm: 0.6127
F4 E085 | Loss: 0.5488 | Tr Acc: 0.5740 | Te Acc: 0.4444 | Te AUC: 0.5859 | Te F1: 0.3383
  Epoch 90, Grad Norm: 0.8262
F4 E090 | Loss: 0.5177 | Tr Acc: 0.7094 | Te Acc: 0.5873 | Te AUC: 0.5909 | Te F1: 0.5321
  Epoch 95, Grad Norm: 0.6525
F4 E095 | Loss: 0.5244 | Tr Acc: 0.6595 | Te Acc: 0.4921 | Te AUC: 0.6061 | Te F1: 0.4554
  Epoch 100, Grad Norm: 0.6012
F4 E100 | Loss: 0.4932 | Tr Acc: 0.6364 | Te Acc: 0.6032 | Te AUC: 0.5657 | Te F1: 0.5442
  Epoch 105, Grad Norm: 0.7355
F4 E105 | Loss: 0.4909 | Tr Acc: 0.7308 | Te Acc: 0.5556 | Te AUC: 0.5869 | Te F1: 0.5378
  Epoch 110, Grad Norm: 0.8639
F4 E110 | Loss: 0.4599 | Tr Acc: 0.7807 | Te Acc: 0.5873 | Te AUC: 0.6020 | Te F1: 0.5779
  Epoch 115, Grad Norm: 0.9355
F4 E115 | Loss: 0.4633 | Tr Acc: 0.6827 | Te Acc: 0.6032 | Te AUC: 0.6283 | Te F1: 0.5556
  Epoch 120, Grad Norm: 1.3573
F4 E120 | Loss: 0.4199 | Tr Acc: 0.6988 | Te Acc: 0.6349 | Te AUC: 0.6354 | Te F1: 0.6001
  Epoch 125, Grad Norm: 1.1775
F4 E125 | Loss: 0.4131 | Tr Acc: 0.6863 | Te Acc: 0.5079 | Te AUC: 0.6485 | Te F1: 0.4769
  Epoch 130, Grad Norm: 1.2534
F4 E130 | Loss: 0.3583 | Tr Acc: 0.8128 | Te Acc: 0.6508 | Te AUC: 0.6687 | Te F1: 0.6492
  Epoch 135, Grad Norm: 0.9850
F4 E135 | Loss: 0.3408 | Tr Acc: 0.8378 | Te Acc: 0.6825 | Te AUC: 0.6869 | Te F1: 0.6827
  Epoch 140, Grad Norm: 1.2257
F4 E140 | Loss: 0.3132 | Tr Acc: 0.8503 | Te Acc: 0.6984 | Te AUC: 0.7010 | Te F1: 0.6984
  Epoch 145, Grad Norm: 1.3980
F4 E145 | Loss: 0.2892 | Tr Acc: 0.7897 | Te Acc: 0.6825 | Te AUC: 0.6939 | Te F1: 0.6793
  Epoch 150, Grad Norm: 1.2633
F4 E150 | Loss: 0.2610 | Tr Acc: 0.6756 | Te Acc: 0.5079 | Te AUC: 0.6889 | Te F1: 0.4676
Fold 4 - Training finished. Best Test Accuracy: 0.6984, AUC: 0.7010
Fold 4 elapsed time: 49.36 seconds.

--- Fold 5/10 ---
Calculating max TS length for Positional Encoding (624 subjects)...
Determined max TS length 295 from 624 valid files for Positional Encoding.
Fold 5 using dynamic max length (up to 295 for PE).
Loading time series for 624 subjects in fold...
No truncation active. Will pad to max length found in this fold's successful loads.
Padding to max length found in fold: 295
Padding 624 time series to final length: 295
Proceeding with 624 subjects for Fold 5 model training/evaluation.
Phenotype encoder created.
Generating initial embeddings for graph construction (Batch Size: 32)...
Initial embeddings generated.
Building k-NN graph (k=20)...
Graph built with 624 nodes and 12480 edges.
Starting training for Fold 5... Train samples: 562, Test samples: 62
  Epoch 1, Grad Norm: 0.5831
F5 E001 | Loss: 0.7096 | Tr Acc: 0.5160 | Te Acc: 0.5161 | Te AUC: 0.6802 | Te F1: 0.3514
  Epoch 5, Grad Norm: 0.4914
F5 E005 | Loss: 0.7042 | Tr Acc: 0.5160 | Te Acc: 0.5161 | Te AUC: 0.7104 | Te F1: 0.3514
  Epoch 10, Grad Norm: 0.3991
F5 E010 | Loss: 0.6942 | Tr Acc: 0.4858 | Te Acc: 0.4839 | Te AUC: 0.7573 | Te F1: 0.3156
  Epoch 15, Grad Norm: 0.3815
F5 E015 | Loss: 0.6777 | Tr Acc: 0.6050 | Te Acc: 0.7097 | Te AUC: 0.7781 | Te F1: 0.7097
  Epoch 20, Grad Norm: 0.3995
F5 E020 | Loss: 0.6819 | Tr Acc: 0.6085 | Te Acc: 0.6613 | Te AUC: 0.7104 | Te F1: 0.6582
  Epoch 25, Grad Norm: 0.3702
F5 E025 | Loss: 0.6634 | Tr Acc: 0.6174 | Te Acc: 0.7258 | Te AUC: 0.7458 | Te F1: 0.7259
  Epoch 30, Grad Norm: 0.3696
F5 E030 | Loss: 0.6613 | Tr Acc: 0.6228 | Te Acc: 0.6935 | Te AUC: 0.7687 | Te F1: 0.6907
  Epoch 35, Grad Norm: 0.3243
F5 E035 | Loss: 0.6441 | Tr Acc: 0.5480 | Te Acc: 0.5323 | Te AUC: 0.7677 | Te F1: 0.4342
  Epoch 40, Grad Norm: 0.3364
F5 E040 | Loss: 0.6393 | Tr Acc: 0.5356 | Te Acc: 0.5323 | Te AUC: 0.7646 | Te F1: 0.4342
  Epoch 45, Grad Norm: 0.3797
F5 E045 | Loss: 0.6271 | Tr Acc: 0.6103 | Te Acc: 0.5161 | Te AUC: 0.7708 | Te F1: 0.4666
  Epoch 50, Grad Norm: 0.4375
F5 E050 | Loss: 0.6056 | Tr Acc: 0.6317 | Te Acc: 0.7419 | Te AUC: 0.7604 | Te F1: 0.7301
  Epoch 55, Grad Norm: 0.4956
F5 E055 | Loss: 0.6106 | Tr Acc: 0.5730 | Te Acc: 0.5645 | Te AUC: 0.7531 | Te F1: 0.4890
  Epoch 60, Grad Norm: 0.3729
F5 E060 | Loss: 0.5791 | Tr Acc: 0.5979 | Te Acc: 0.5645 | Te AUC: 0.7802 | Te F1: 0.5027
  Epoch 65, Grad Norm: 0.5251
F5 E065 | Loss: 0.5672 | Tr Acc: 0.5836 | Te Acc: 0.5806 | Te AUC: 0.8135 | Te F1: 0.5147
  Epoch 70, Grad Norm: 0.5558
F5 E070 | Loss: 0.5456 | Tr Acc: 0.5409 | Te Acc: 0.5645 | Te AUC: 0.7990 | Te F1: 0.4732
  Epoch 75, Grad Norm: 0.7271
F5 E075 | Loss: 0.5264 | Tr Acc: 0.5676 | Te Acc: 0.5161 | Te AUC: 0.7208 | Te F1: 0.3514
  Epoch 80, Grad Norm: 1.0229
F5 E080 | Loss: 0.5228 | Tr Acc: 0.5783 | Te Acc: 0.6129 | Te AUC: 0.7979 | Te F1: 0.5521
  Epoch 85, Grad Norm: 1.3849
F5 E085 | Loss: 0.4880 | Tr Acc: 0.5516 | Te Acc: 0.5323 | Te AUC: 0.7917 | Te F1: 0.4342
  Epoch 90, Grad Norm: 0.9193
F5 E090 | Loss: 0.4760 | Tr Acc: 0.6744 | Te Acc: 0.6613 | Te AUC: 0.8219 | Te F1: 0.6119
  Epoch 95, Grad Norm: 0.5249
F5 E095 | Loss: 0.4370 | Tr Acc: 0.7189 | Te Acc: 0.6452 | Te AUC: 0.8104 | Te F1: 0.6290
  Epoch 100, Grad Norm: 0.9717
F5 E100 | Loss: 0.4286 | Tr Acc: 0.7705 | Te Acc: 0.6613 | Te AUC: 0.7979 | Te F1: 0.6582
  Epoch 105, Grad Norm: 1.1019
F5 E105 | Loss: 0.4096 | Tr Acc: 0.7847 | Te Acc: 0.6774 | Te AUC: 0.7917 | Te F1: 0.6670
  Epoch 110, Grad Norm: 0.7916
F5 E110 | Loss: 0.3686 | Tr Acc: 0.8665 | Te Acc: 0.7258 | Te AUC: 0.7865 | Te F1: 0.7233
  Epoch 115, Grad Norm: 0.6354
F5 E115 | Loss: 0.3260 | Tr Acc: 0.8594 | Te Acc: 0.6935 | Te AUC: 0.7552 | Te F1: 0.6884
  Epoch 120, Grad Norm: 1.1160
F5 E120 | Loss: 0.2726 | Tr Acc: 0.8826 | Te Acc: 0.6935 | Te AUC: 0.7771 | Te F1: 0.6933
  Epoch 125, Grad Norm: 2.0005
F5 E125 | Loss: 0.2638 | Tr Acc: 0.7705 | Te Acc: 0.6935 | Te AUC: 0.7094 | Te F1: 0.6716
  Epoch 130, Grad Norm: 2.3634
F5 E130 | Loss: 0.2706 | Tr Acc: 0.9128 | Te Acc: 0.6290 | Te AUC: 0.7302 | Te F1: 0.6256
  Epoch 135, Grad Norm: 3.1085
F5 E135 | Loss: 0.2567 | Tr Acc: 0.9164 | Te Acc: 0.6774 | Te AUC: 0.7771 | Te F1: 0.6733
  Epoch 140, Grad Norm: 1.3380
F5 E140 | Loss: 0.1973 | Tr Acc: 0.7082 | Te Acc: 0.6613 | Te AUC: 0.7323 | Te F1: 0.6216
  Epoch 145, Grad Norm: 1.0448
F5 E145 | Loss: 0.1750 | Tr Acc: 0.9448 | Te Acc: 0.6774 | Te AUC: 0.7708 | Te F1: 0.6767
  Epoch 150, Grad Norm: 0.6897
F5 E150 | Loss: 0.1742 | Tr Acc: 0.9377 | Te Acc: 0.6774 | Te AUC: 0.7698 | Te F1: 0.6733
Fold 5 - Training finished. Best Test Accuracy: 0.6613, AUC: 0.8219
Fold 5 elapsed time: 49.22 seconds.

--- Fold 6/10 ---
Calculating max TS length for Positional Encoding (624 subjects)...
Determined max TS length 295 from 624 valid files for Positional Encoding.
Fold 6 using dynamic max length (up to 295 for PE).
Loading time series for 624 subjects in fold...
No truncation active. Will pad to max length found in this fold's successful loads.
Padding to max length found in fold: 295
Padding 624 time series to final length: 295
Proceeding with 624 subjects for Fold 6 model training/evaluation.
Phenotype encoder created.
Generating initial embeddings for graph construction (Batch Size: 32)...
Initial embeddings generated.
Building k-NN graph (k=20)...
Graph built with 624 nodes and 12480 edges.
Starting training for Fold 6... Train samples: 562, Test samples: 62
  Epoch 1, Grad Norm: 0.4790
F6 E001 | Loss: 0.7067 | Tr Acc: 0.4840 | Te Acc: 0.4839 | Te AUC: 0.4833 | Te F1: 0.3156
  Epoch 5, Grad Norm: 0.3893
F6 E005 | Loss: 0.6831 | Tr Acc: 0.5587 | Te Acc: 0.6290 | Te AUC: 0.6125 | Te F1: 0.6287
  Epoch 10, Grad Norm: 0.3573
F6 E010 | Loss: 0.6833 | Tr Acc: 0.5409 | Te Acc: 0.6452 | Te AUC: 0.6333 | Te F1: 0.6429
  Epoch 15, Grad Norm: 0.3881
F6 E015 | Loss: 0.6683 | Tr Acc: 0.5783 | Te Acc: 0.5484 | Te AUC: 0.5781 | Te F1: 0.5427
  Epoch 20, Grad Norm: 0.3444
F6 E020 | Loss: 0.6639 | Tr Acc: 0.5214 | Te Acc: 0.4839 | Te AUC: 0.4906 | Te F1: 0.3653
  Epoch 25, Grad Norm: 0.3437
F6 E025 | Loss: 0.6493 | Tr Acc: 0.5623 | Te Acc: 0.4516 | Te AUC: 0.5500 | Te F1: 0.3955
  Epoch 30, Grad Norm: 0.3580
F6 E030 | Loss: 0.6449 | Tr Acc: 0.5285 | Te Acc: 0.5000 | Te AUC: 0.5375 | Te F1: 0.3743
  Epoch 35, Grad Norm: 0.4005
F6 E035 | Loss: 0.6330 | Tr Acc: 0.6050 | Te Acc: 0.5323 | Te AUC: 0.5646 | Te F1: 0.4487
  Epoch 40, Grad Norm: 0.3802
F6 E040 | Loss: 0.6164 | Tr Acc: 0.6121 | Te Acc: 0.5323 | Te AUC: 0.6031 | Te F1: 0.4787
  Epoch 45, Grad Norm: 0.3627
F6 E045 | Loss: 0.6007 | Tr Acc: 0.5071 | Te Acc: 0.5161 | Te AUC: 0.5729 | Te F1: 0.3833
  Epoch 50, Grad Norm: 0.5018
F6 E050 | Loss: 0.6070 | Tr Acc: 0.5943 | Te Acc: 0.4839 | Te AUC: 0.5448 | Te F1: 0.3366
  Epoch 55, Grad Norm: 0.3728
F6 E055 | Loss: 0.5948 | Tr Acc: 0.5783 | Te Acc: 0.5000 | Te AUC: 0.5385 | Te F1: 0.3952
  Epoch 60, Grad Norm: 0.3832
F6 E060 | Loss: 0.5805 | Tr Acc: 0.5053 | Te Acc: 0.4839 | Te AUC: 0.5365 | Te F1: 0.3156
  Epoch 65, Grad Norm: 0.4219
F6 E065 | Loss: 0.5871 | Tr Acc: 0.6655 | Te Acc: 0.4839 | Te AUC: 0.5281 | Te F1: 0.4299
  Epoch 70, Grad Norm: 0.3850
F6 E070 | Loss: 0.5714 | Tr Acc: 0.6904 | Te Acc: 0.5161 | Te AUC: 0.5510 | Te F1: 0.4938
  Epoch 75, Grad Norm: 0.4655
F6 E075 | Loss: 0.5628 | Tr Acc: 0.7011 | Te Acc: 0.5645 | Te AUC: 0.5583 | Te F1: 0.5478
  Epoch 80, Grad Norm: 0.4322
F6 E080 | Loss: 0.5789 | Tr Acc: 0.5961 | Te Acc: 0.5000 | Te AUC: 0.5479 | Te F1: 0.4133
  Epoch 85, Grad Norm: 0.4021
F6 E085 | Loss: 0.5849 | Tr Acc: 0.6370 | Te Acc: 0.5000 | Te AUC: 0.5448 | Te F1: 0.4427
  Epoch 90, Grad Norm: 0.4073
F6 E090 | Loss: 0.5721 | Tr Acc: 0.7135 | Te Acc: 0.5484 | Te AUC: 0.5479 | Te F1: 0.5339
  Epoch 95, Grad Norm: 0.4214
F6 E095 | Loss: 0.5662 | Tr Acc: 0.7278 | Te Acc: 0.5484 | Te AUC: 0.5385 | Te F1: 0.5456
  Epoch 100, Grad Norm: 0.3929
F6 E100 | Loss: 0.5672 | Tr Acc: 0.6886 | Te Acc: 0.5000 | Te AUC: 0.5469 | Te F1: 0.4648
  Epoch 105, Grad Norm: 0.3950
F6 E105 | Loss: 0.5680 | Tr Acc: 0.6655 | Te Acc: 0.5000 | Te AUC: 0.5479 | Te F1: 0.4546
  Epoch 110, Grad Norm: 0.4711
F6 E110 | Loss: 0.5595 | Tr Acc: 0.6904 | Te Acc: 0.5000 | Te AUC: 0.5406 | Te F1: 0.4648
Early stopping triggered at epoch 110 due to lack of improvement in Test AUC.
Fold 6 - Training finished. Best Test Accuracy: 0.6452, AUC: 0.6333
Fold 6 elapsed time: 40.20 seconds.

--- Fold 7/10 ---
Calculating max TS length for Positional Encoding (624 subjects)...
Determined max TS length 295 from 624 valid files for Positional Encoding.
Fold 7 using dynamic max length (up to 295 for PE).
Loading time series for 624 subjects in fold...
No truncation active. Will pad to max length found in this fold's successful loads.
Padding to max length found in fold: 295
Padding 624 time series to final length: 295
Proceeding with 624 subjects for Fold 7 model training/evaluation.
Phenotype encoder created.
Generating initial embeddings for graph construction (Batch Size: 32)...
Initial embeddings generated.
Building k-NN graph (k=20)...
Graph built with 624 nodes and 12480 edges.
Starting training for Fold 7... Train samples: 562, Test samples: 62
  Epoch 1, Grad Norm: 0.4789
F7 E001 | Loss: 0.7057 | Tr Acc: 0.4840 | Te Acc: 0.4839 | Te AUC: 0.5219 | Te F1: 0.3156
  Epoch 5, Grad Norm: 0.4496
F7 E005 | Loss: 0.6880 | Tr Acc: 0.4840 | Te Acc: 0.4839 | Te AUC: 0.5354 | Te F1: 0.3156
  Epoch 10, Grad Norm: 0.4351
F7 E010 | Loss: 0.6577 | Tr Acc: 0.5285 | Te Acc: 0.5000 | Te AUC: 0.5427 | Te F1: 0.4546
  Epoch 15, Grad Norm: 0.4058
F7 E015 | Loss: 0.6546 | Tr Acc: 0.6192 | Te Acc: 0.5323 | Te AUC: 0.5490 | Te F1: 0.5319
  Epoch 20, Grad Norm: 0.4381
F7 E020 | Loss: 0.6599 | Tr Acc: 0.6157 | Te Acc: 0.5323 | Te AUC: 0.5500 | Te F1: 0.5319
  Epoch 25, Grad Norm: 0.4551
F7 E025 | Loss: 0.6356 | Tr Acc: 0.5160 | Te Acc: 0.5000 | Te AUC: 0.5479 | Te F1: 0.3503
  Epoch 30, Grad Norm: 0.5896
F7 E030 | Loss: 0.6176 | Tr Acc: 0.5605 | Te Acc: 0.5161 | Te AUC: 0.5135 | Te F1: 0.3833
  Epoch 35, Grad Norm: 0.5267
F7 E035 | Loss: 0.6141 | Tr Acc: 0.4929 | Te Acc: 0.4839 | Te AUC: 0.5104 | Te F1: 0.3156
  Epoch 40, Grad Norm: 0.5137
F7 E040 | Loss: 0.5860 | Tr Acc: 0.5463 | Te Acc: 0.5000 | Te AUC: 0.5677 | Te F1: 0.3441
  Epoch 45, Grad Norm: 0.6116
F7 E045 | Loss: 0.5845 | Tr Acc: 0.6851 | Te Acc: 0.5484 | Te AUC: 0.5406 | Te F1: 0.5387
  Epoch 50, Grad Norm: 0.5686
F7 E050 | Loss: 0.5883 | Tr Acc: 0.4982 | Te Acc: 0.4839 | Te AUC: 0.5146 | Te F1: 0.3156
  Epoch 55, Grad Norm: 0.4137
F7 E055 | Loss: 0.5384 | Tr Acc: 0.6121 | Te Acc: 0.5484 | Te AUC: 0.5563 | Te F1: 0.4892
  Epoch 60, Grad Norm: 0.6253
F7 E060 | Loss: 0.5242 | Tr Acc: 0.5801 | Te Acc: 0.4839 | Te AUC: 0.5531 | Te F1: 0.3853
  Epoch 65, Grad Norm: 0.4380
F7 E065 | Loss: 0.5042 | Tr Acc: 0.6566 | Te Acc: 0.5000 | Te AUC: 0.5698 | Te F1: 0.4290
  Epoch 70, Grad Norm: 0.6772
F7 E070 | Loss: 0.5060 | Tr Acc: 0.6157 | Te Acc: 0.4677 | Te AUC: 0.5927 | Te F1: 0.3754
  Epoch 75, Grad Norm: 0.8300
F7 E075 | Loss: 0.4970 | Tr Acc: 0.6779 | Te Acc: 0.4839 | Te AUC: 0.5802 | Te F1: 0.4179
  Epoch 80, Grad Norm: 1.1493
F7 E080 | Loss: 0.5062 | Tr Acc: 0.6797 | Te Acc: 0.5000 | Te AUC: 0.5844 | Te F1: 0.4133
  Epoch 85, Grad Norm: 0.6229
F7 E085 | Loss: 0.4762 | Tr Acc: 0.7722 | Te Acc: 0.5968 | Te AUC: 0.5990 | Te F1: 0.5952
  Epoch 90, Grad Norm: 1.6011
F7 E090 | Loss: 0.4790 | Tr Acc: 0.5676 | Te Acc: 0.4839 | Te AUC: 0.6010 | Te F1: 0.3422
  Epoch 95, Grad Norm: 0.8660
F7 E095 | Loss: 0.4532 | Tr Acc: 0.7491 | Te Acc: 0.5484 | Te AUC: 0.5781 | Te F1: 0.5484
  Epoch 100, Grad Norm: 0.6878
F7 E100 | Loss: 0.4135 | Tr Acc: 0.7384 | Te Acc: 0.5323 | Te AUC: 0.5938 | Te F1: 0.4787
  Epoch 105, Grad Norm: 0.6822
F7 E105 | Loss: 0.4347 | Tr Acc: 0.8238 | Te Acc: 0.5806 | Te AUC: 0.6062 | Te F1: 0.5549
  Epoch 110, Grad Norm: 0.9209
F7 E110 | Loss: 0.4037 | Tr Acc: 0.8505 | Te Acc: 0.5968 | Te AUC: 0.5979 | Te F1: 0.5965
  Epoch 115, Grad Norm: 1.2175
F7 E115 | Loss: 0.3922 | Tr Acc: 0.8078 | Te Acc: 0.5161 | Te AUC: 0.5990 | Te F1: 0.5006
  Epoch 120, Grad Norm: 1.0728
F7 E120 | Loss: 0.3684 | Tr Acc: 0.7438 | Te Acc: 0.5484 | Te AUC: 0.5854 | Te F1: 0.5022
  Epoch 125, Grad Norm: 1.4203
F7 E125 | Loss: 0.3638 | Tr Acc: 0.8167 | Te Acc: 0.5645 | Te AUC: 0.5760 | Te F1: 0.5338
  Epoch 130, Grad Norm: 1.1501
F7 E130 | Loss: 0.3240 | Tr Acc: 0.8843 | Te Acc: 0.5968 | Te AUC: 0.5792 | Te F1: 0.5969
  Epoch 135, Grad Norm: 2.1788
F7 E135 | Loss: 0.3219 | Tr Acc: 0.6904 | Te Acc: 0.5000 | Te AUC: 0.5708 | Te F1: 0.4290
  Epoch 140, Grad Norm: 1.1925
F7 E140 | Loss: 0.2956 | Tr Acc: 0.6085 | Te Acc: 0.5323 | Te AUC: 0.6010 | Te F1: 0.4342
  Epoch 145, Grad Norm: 1.7668
F7 E145 | Loss: 0.2778 | Tr Acc: 0.7972 | Te Acc: 0.5484 | Te AUC: 0.6094 | Te F1: 0.4907
  Epoch 150, Grad Norm: 1.4411
F7 E150 | Loss: 0.2550 | Tr Acc: 0.6655 | Te Acc: 0.5161 | Te AUC: 0.5990 | Te F1: 0.4401
Fold 7 - Training finished. Best Test Accuracy: 0.5484, AUC: 0.6094
Fold 7 elapsed time: 49.45 seconds.

--- Fold 8/10 ---
Calculating max TS length for Positional Encoding (624 subjects)...
Determined max TS length 295 from 624 valid files for Positional Encoding.
Fold 8 using dynamic max length (up to 295 for PE).
Loading time series for 624 subjects in fold...
No truncation active. Will pad to max length found in this fold's successful loads.
Padding to max length found in fold: 295
Padding 624 time series to final length: 295
Proceeding with 624 subjects for Fold 8 model training/evaluation.
Phenotype encoder created.
Generating initial embeddings for graph construction (Batch Size: 32)...
Initial embeddings generated.
Building k-NN graph (k=20)...
Graph built with 624 nodes and 12480 edges.
Starting training for Fold 8... Train samples: 562, Test samples: 62
  Epoch 1, Grad Norm: 0.5360
F8 E001 | Loss: 0.7162 | Tr Acc: 0.4947 | Te Acc: 0.4677 | Te AUC: 0.5615 | Te F1: 0.3561
  Epoch 5, Grad Norm: 0.5035
F8 E005 | Loss: 0.7007 | Tr Acc: 0.4840 | Te Acc: 0.4839 | Te AUC: 0.5323 | Te F1: 0.3156
  Epoch 10, Grad Norm: 0.4209
F8 E010 | Loss: 0.6938 | Tr Acc: 0.5125 | Te Acc: 0.4839 | Te AUC: 0.5625 | Te F1: 0.3422
  Epoch 15, Grad Norm: 0.4239
F8 E015 | Loss: 0.6857 | Tr Acc: 0.5374 | Te Acc: 0.5323 | Te AUC: 0.5375 | Te F1: 0.3864
  Epoch 20, Grad Norm: 0.3843
F8 E020 | Loss: 0.6822 | Tr Acc: 0.5658 | Te Acc: 0.5000 | Te AUC: 0.5552 | Te F1: 0.4107
  Epoch 25, Grad Norm: 0.4254
F8 E025 | Loss: 0.6590 | Tr Acc: 0.5996 | Te Acc: 0.5484 | Te AUC: 0.5750 | Te F1: 0.5114
  Epoch 30, Grad Norm: 0.3656
F8 E030 | Loss: 0.6498 | Tr Acc: 0.6068 | Te Acc: 0.5323 | Te AUC: 0.5865 | Te F1: 0.5324
  Epoch 35, Grad Norm: 0.3985
F8 E035 | Loss: 0.6548 | Tr Acc: 0.6317 | Te Acc: 0.5968 | Te AUC: 0.6156 | Te F1: 0.5931
  Epoch 40, Grad Norm: 0.3631
F8 E040 | Loss: 0.6250 | Tr Acc: 0.5996 | Te Acc: 0.4677 | Te AUC: 0.6104 | Te F1: 0.3524
  Epoch 45, Grad Norm: 0.4026
F8 E045 | Loss: 0.6247 | Tr Acc: 0.6370 | Te Acc: 0.5968 | Te AUC: 0.6333 | Te F1: 0.5861
  Epoch 50, Grad Norm: 0.4750
F8 E050 | Loss: 0.6102 | Tr Acc: 0.5925 | Te Acc: 0.5645 | Te AUC: 0.6510 | Te F1: 0.5338
  Epoch 55, Grad Norm: 0.3890
F8 E055 | Loss: 0.5937 | Tr Acc: 0.6103 | Te Acc: 0.5806 | Te AUC: 0.6646 | Te F1: 0.5549
  Epoch 60, Grad Norm: 0.4305
F8 E060 | Loss: 0.5876 | Tr Acc: 0.6139 | Te Acc: 0.5323 | Te AUC: 0.6969 | Te F1: 0.4309
  Epoch 65, Grad Norm: 0.7379
F8 E065 | Loss: 0.5923 | Tr Acc: 0.6940 | Te Acc: 0.5806 | Te AUC: 0.6625 | Te F1: 0.5672
  Epoch 70, Grad Norm: 0.4301
F8 E070 | Loss: 0.5600 | Tr Acc: 0.6050 | Te Acc: 0.5645 | Te AUC: 0.6917 | Te F1: 0.4701
  Epoch 75, Grad Norm: 0.5690
F8 E075 | Loss: 0.5285 | Tr Acc: 0.5320 | Te Acc: 0.5323 | Te AUC: 0.6833 | Te F1: 0.4147
  Epoch 80, Grad Norm: 0.6460
F8 E080 | Loss: 0.5275 | Tr Acc: 0.5676 | Te Acc: 0.5161 | Te AUC: 0.6573 | Te F1: 0.4237
  Epoch 85, Grad Norm: 0.7730
F8 E085 | Loss: 0.5108 | Tr Acc: 0.6317 | Te Acc: 0.5484 | Te AUC: 0.6688 | Te F1: 0.4409
  Epoch 90, Grad Norm: 0.4800
F8 E090 | Loss: 0.4645 | Tr Acc: 0.7936 | Te Acc: 0.6290 | Te AUC: 0.6729 | Te F1: 0.6291
  Epoch 95, Grad Norm: 0.6834
F8 E095 | Loss: 0.4562 | Tr Acc: 0.7687 | Te Acc: 0.6129 | Te AUC: 0.6698 | Te F1: 0.6105
  Epoch 100, Grad Norm: 1.0383
F8 E100 | Loss: 0.4166 | Tr Acc: 0.6103 | Te Acc: 0.5484 | Te AUC: 0.6844 | Te F1: 0.4774
  Epoch 105, Grad Norm: 1.2359
F8 E105 | Loss: 0.4180 | Tr Acc: 0.7705 | Te Acc: 0.6613 | Te AUC: 0.6781 | Te F1: 0.6524
  Epoch 110, Grad Norm: 0.6601
F8 E110 | Loss: 0.3590 | Tr Acc: 0.8114 | Te Acc: 0.5968 | Te AUC: 0.6417 | Te F1: 0.5952
  Epoch 115, Grad Norm: 1.6928
F8 E115 | Loss: 0.3506 | Tr Acc: 0.6762 | Te Acc: 0.5968 | Te AUC: 0.6562 | Te F1: 0.5754
  Epoch 120, Grad Norm: 0.6125
F8 E120 | Loss: 0.3476 | Tr Acc: 0.7100 | Te Acc: 0.5968 | Te AUC: 0.6521 | Te F1: 0.5813
  Epoch 125, Grad Norm: 0.3994
F8 E125 | Loss: 0.3151 | Tr Acc: 0.8434 | Te Acc: 0.6290 | Te AUC: 0.6417 | Te F1: 0.6291
  Epoch 130, Grad Norm: 0.8330
F8 E130 | Loss: 0.3347 | Tr Acc: 0.7847 | Te Acc: 0.5968 | Te AUC: 0.6615 | Te F1: 0.5931
  Epoch 135, Grad Norm: 0.4850
F8 E135 | Loss: 0.3053 | Tr Acc: 0.7100 | Te Acc: 0.6452 | Te AUC: 0.6667 | Te F1: 0.6338
  Epoch 140, Grad Norm: 0.6971
F8 E140 | Loss: 0.3074 | Tr Acc: 0.8043 | Te Acc: 0.6129 | Te AUC: 0.6552 | Te F1: 0.6105
  Epoch 145, Grad Norm: 0.6031
F8 E145 | Loss: 0.2992 | Tr Acc: 0.7865 | Te Acc: 0.6129 | Te AUC: 0.6573 | Te F1: 0.6105
  Epoch 150, Grad Norm: 0.6436
F8 E150 | Loss: 0.3079 | Tr Acc: 0.7260 | Te Acc: 0.6290 | Te AUC: 0.6604 | Te F1: 0.6193
Fold 8 - Training finished. Best Test Accuracy: 0.5323, AUC: 0.6969
Fold 8 elapsed time: 50.52 seconds.

--- Fold 9/10 ---
Calculating max TS length for Positional Encoding (624 subjects)...
Determined max TS length 295 from 624 valid files for Positional Encoding.
Fold 9 using dynamic max length (up to 295 for PE).
Loading time series for 624 subjects in fold...
No truncation active. Will pad to max length found in this fold's successful loads.
Padding to max length found in fold: 295
Padding 624 time series to final length: 295
Proceeding with 624 subjects for Fold 9 model training/evaluation.
Phenotype encoder created.
Generating initial embeddings for graph construction (Batch Size: 32)...
Initial embeddings generated.
Building k-NN graph (k=20)...
Graph built with 624 nodes and 12480 edges.
Starting training for Fold 9... Train samples: 562, Test samples: 62
  Epoch 1, Grad Norm: 0.4881
F9 E001 | Loss: 0.7061 | Tr Acc: 0.5160 | Te Acc: 0.5161 | Te AUC: 0.4312 | Te F1: 0.3514
  Epoch 5, Grad Norm: 0.4143
F9 E005 | Loss: 0.6693 | Tr Acc: 0.5836 | Te Acc: 0.6774 | Te AUC: 0.5844 | Te F1: 0.6573
  Epoch 10, Grad Norm: 0.4035
F9 E010 | Loss: 0.6545 | Tr Acc: 0.6068 | Te Acc: 0.6613 | Te AUC: 0.7776 | Te F1: 0.6483
  Epoch 15, Grad Norm: 0.3883
F9 E015 | Loss: 0.6503 | Tr Acc: 0.5836 | Te Acc: 0.6613 | Te AUC: 0.7969 | Te F1: 0.6216
  Epoch 20, Grad Norm: 0.4115
F9 E020 | Loss: 0.6455 | Tr Acc: 0.5925 | Te Acc: 0.6452 | Te AUC: 0.8052 | Te F1: 0.6081
  Epoch 25, Grad Norm: 0.3516
F9 E025 | Loss: 0.6090 | Tr Acc: 0.5765 | Te Acc: 0.5484 | Te AUC: 0.7917 | Te F1: 0.4409
  Epoch 30, Grad Norm: 0.4306
F9 E030 | Loss: 0.6045 | Tr Acc: 0.6299 | Te Acc: 0.5968 | Te AUC: 0.7771 | Te F1: 0.5380
  Epoch 35, Grad Norm: 0.3840
F9 E035 | Loss: 0.5909 | Tr Acc: 0.6139 | Te Acc: 0.5968 | Te AUC: 0.7698 | Te F1: 0.5601
  Epoch 40, Grad Norm: 0.3741
F9 E040 | Loss: 0.5745 | Tr Acc: 0.6121 | Te Acc: 0.5323 | Te AUC: 0.7531 | Te F1: 0.4309
  Epoch 45, Grad Norm: 0.5258
F9 E045 | Loss: 0.5522 | Tr Acc: 0.5445 | Te Acc: 0.5161 | Te AUC: 0.7438 | Te F1: 0.3781
  Epoch 50, Grad Norm: 0.7032
F9 E050 | Loss: 0.5473 | Tr Acc: 0.6815 | Te Acc: 0.6613 | Te AUC: 0.7302 | Te F1: 0.6483
  Epoch 55, Grad Norm: 0.8737
F9 E055 | Loss: 0.5371 | Tr Acc: 0.7331 | Te Acc: 0.6774 | Te AUC: 0.7115 | Te F1: 0.6754
  Epoch 60, Grad Norm: 0.9492
F9 E060 | Loss: 0.5264 | Tr Acc: 0.6940 | Te Acc: 0.5806 | Te AUC: 0.6823 | Te F1: 0.5545
  Epoch 65, Grad Norm: 0.5459
F9 E065 | Loss: 0.4887 | Tr Acc: 0.7313 | Te Acc: 0.5484 | Te AUC: 0.6417 | Te F1: 0.5276
  Epoch 70, Grad Norm: 0.6706
F9 E070 | Loss: 0.4500 | Tr Acc: 0.5516 | Te Acc: 0.5161 | Te AUC: 0.6281 | Te F1: 0.4237
  Epoch 75, Grad Norm: 0.6965
F9 E075 | Loss: 0.4700 | Tr Acc: 0.7117 | Te Acc: 0.5645 | Te AUC: 0.6104 | Te F1: 0.5135
  Epoch 80, Grad Norm: 0.5115
F9 E080 | Loss: 0.4587 | Tr Acc: 0.7900 | Te Acc: 0.5645 | Te AUC: 0.6115 | Te F1: 0.5572
  Epoch 85, Grad Norm: 0.6397
F9 E085 | Loss: 0.4337 | Tr Acc: 0.7580 | Te Acc: 0.5806 | Te AUC: 0.5969 | Te F1: 0.5545
  Epoch 90, Grad Norm: 0.4675
F9 E090 | Loss: 0.4233 | Tr Acc: 0.7189 | Te Acc: 0.5806 | Te AUC: 0.6021 | Te F1: 0.5368
  Epoch 95, Grad Norm: 0.4737
F9 E095 | Loss: 0.4326 | Tr Acc: 0.8007 | Te Acc: 0.5645 | Te AUC: 0.5990 | Te F1: 0.5605
  Epoch 100, Grad Norm: 0.5524
F9 E100 | Loss: 0.4367 | Tr Acc: 0.8078 | Te Acc: 0.5645 | Te AUC: 0.5917 | Te F1: 0.5605
  Epoch 105, Grad Norm: 0.6006
F9 E105 | Loss: 0.4292 | Tr Acc: 0.7598 | Te Acc: 0.5484 | Te AUC: 0.5865 | Te F1: 0.5202
  Epoch 110, Grad Norm: 0.5129
F9 E110 | Loss: 0.4200 | Tr Acc: 0.7420 | Te Acc: 0.5645 | Te AUC: 0.5833 | Te F1: 0.5333
  Epoch 115, Grad Norm: 0.9331
F9 E115 | Loss: 0.4338 | Tr Acc: 0.8043 | Te Acc: 0.5645 | Te AUC: 0.6010 | Te F1: 0.5572
  Epoch 120, Grad Norm: 0.5438
F9 E120 | Loss: 0.4189 | Tr Acc: 0.7438 | Te Acc: 0.5323 | Te AUC: 0.5833 | Te F1: 0.4889
Early stopping triggered at epoch 120 due to lack of improvement in Test AUC.
Fold 9 - Training finished. Best Test Accuracy: 0.6452, AUC: 0.8052
Fold 9 elapsed time: 42.50 seconds.

--- Fold 10/10 ---
Calculating max TS length for Positional Encoding (624 subjects)...
Determined max TS length 295 from 624 valid files for Positional Encoding.
Fold 10 using dynamic max length (up to 295 for PE).
Loading time series for 624 subjects in fold...
No truncation active. Will pad to max length found in this fold's successful loads.
Padding to max length found in fold: 295
Padding 624 time series to final length: 295
Proceeding with 624 subjects for Fold 10 model training/evaluation.
Phenotype encoder created.
Generating initial embeddings for graph construction (Batch Size: 32)...
Initial embeddings generated.
Building k-NN graph (k=20)...
Graph built with 624 nodes and 12480 edges.
Starting training for Fold 10... Train samples: 562, Test samples: 62
  Epoch 1, Grad Norm: 0.6535
F10 E001 | Loss: 0.7366 | Tr Acc: 0.4840 | Te Acc: 0.4839 | Te AUC: 0.6323 | Te F1: 0.3156
  Epoch 5, Grad Norm: 0.5416
F10 E005 | Loss: 0.7201 | Tr Acc: 0.4840 | Te Acc: 0.4839 | Te AUC: 0.6198 | Te F1: 0.3156
  Epoch 10, Grad Norm: 0.4708
F10 E010 | Loss: 0.7062 | Tr Acc: 0.5712 | Te Acc: 0.5968 | Te AUC: 0.6198 | Te F1: 0.5754
  Epoch 15, Grad Norm: 0.4780
F10 E015 | Loss: 0.6778 | Tr Acc: 0.5018 | Te Acc: 0.5000 | Te AUC: 0.6188 | Te F1: 0.3503
  Epoch 20, Grad Norm: 0.4791
F10 E020 | Loss: 0.6646 | Tr Acc: 0.4893 | Te Acc: 0.4839 | Te AUC: 0.5844 | Te F1: 0.3156
  Epoch 25, Grad Norm: 0.4338
F10 E025 | Loss: 0.6555 | Tr Acc: 0.4947 | Te Acc: 0.4839 | Te AUC: 0.5854 | Te F1: 0.3156
  Epoch 30, Grad Norm: 0.4343
F10 E030 | Loss: 0.6321 | Tr Acc: 0.6246 | Te Acc: 0.5806 | Te AUC: 0.6115 | Te F1: 0.5545
  Epoch 35, Grad Norm: 0.4285
F10 E035 | Loss: 0.6121 | Tr Acc: 0.6281 | Te Acc: 0.5806 | Te AUC: 0.6312 | Te F1: 0.5545
  Epoch 40, Grad Norm: 0.4443
F10 E040 | Loss: 0.5929 | Tr Acc: 0.5427 | Te Acc: 0.5323 | Te AUC: 0.6198 | Te F1: 0.3864
  Epoch 45, Grad Norm: 0.5075
F10 E045 | Loss: 0.6002 | Tr Acc: 0.4929 | Te Acc: 0.4839 | Te AUC: 0.6208 | Te F1: 0.3156
  Epoch 50, Grad Norm: 0.4566
F10 E050 | Loss: 0.5817 | Tr Acc: 0.5409 | Te Acc: 0.4839 | Te AUC: 0.6313 | Te F1: 0.3156
  Epoch 55, Grad Norm: 0.5623
F10 E055 | Loss: 0.5759 | Tr Acc: 0.5996 | Te Acc: 0.4839 | Te AUC: 0.5917 | Te F1: 0.3422
  Epoch 60, Grad Norm: 0.5159
F10 E060 | Loss: 0.5609 | Tr Acc: 0.7082 | Te Acc: 0.5323 | Te AUC: 0.5844 | Te F1: 0.5245
  Epoch 65, Grad Norm: 0.5510
F10 E065 | Loss: 0.5715 | Tr Acc: 0.6904 | Te Acc: 0.5806 | Te AUC: 0.6021 | Te F1: 0.5545
  Epoch 70, Grad Norm: 0.5204
F10 E070 | Loss: 0.5643 | Tr Acc: 0.6548 | Te Acc: 0.5968 | Te AUC: 0.5938 | Te F1: 0.5594
  Epoch 75, Grad Norm: 0.4772
F10 E075 | Loss: 0.5704 | Tr Acc: 0.6815 | Te Acc: 0.5806 | Te AUC: 0.5781 | Te F1: 0.5613
  Epoch 80, Grad Norm: 0.4982
F10 E080 | Loss: 0.5729 | Tr Acc: 0.7278 | Te Acc: 0.5323 | Te AUC: 0.5802 | Te F1: 0.5304
  Epoch 85, Grad Norm: 0.5455
F10 E085 | Loss: 0.5625 | Tr Acc: 0.7153 | Te Acc: 0.5484 | Te AUC: 0.5854 | Te F1: 0.5474
  Epoch 90, Grad Norm: 0.4236
F10 E090 | Loss: 0.5641 | Tr Acc: 0.7384 | Te Acc: 0.5645 | Te AUC: 0.6073 | Te F1: 0.5642
  Epoch 95, Grad Norm: 0.5686
F10 E095 | Loss: 0.5781 | Tr Acc: 0.6815 | Te Acc: 0.5484 | Te AUC: 0.5990 | Te F1: 0.5022
  Epoch 100, Grad Norm: 0.4225
F10 E100 | Loss: 0.5680 | Tr Acc: 0.6068 | Te Acc: 0.5000 | Te AUC: 0.6115 | Te F1: 0.3952
Early stopping triggered at epoch 100 due to lack of improvement in Test AUC.
Fold 10 - Training finished. Best Test Accuracy: 0.4839, AUC: 0.6323
Fold 10 elapsed time: 40.01 seconds.

--- Cross-Validation Results ---
Number of successfully completed folds with valid metrics: 10/10
Average Accuracy:  0.6024 +/- 0.0665
Average F1-Score:  0.5545
Average Precision: 0.6112
Average Recall:    0.6024
Average AUC:       0.7069

Total elapsed time: 456.75 seconds.
--- Run Finished ---
Frankenstein Training completed at Wed Apr 16 03:10:24 AM EDT 2025
