Starting ACHNN regression training with 16 CPUs and 1 GPU at Wed Apr 16 03:10:05 AM EDT 2025
Loading configuration from config.yaml...

--- Configuration Used ---
data_params:
  exclude_cols:
  - 'Unnamed: 0'
  - X
  - subject
  - FILE_ID
  - qc_rater_1
  - qc_notes_rater_1
  - qc_anat_rater_2
  - qc_anat_notes_rater_2
  - qc_func_rater_2
  - qc_func_notes_rater_2
  - qc_anat_rater_3
  - qc_anat_notes_rater_3
  - qc_func_rater_3
  - qc_func_notes_rater_3
  max_ts_length: -1
  num_regions: 200
  phenotype_cols_categorical:
  - SEX
  - SITE_ID
  - EYE_STATUS_AT_SCAN
  phenotype_cols_numerical:
  - AGE_AT_SCAN
  - FIQ
  - func_mean_fd
  phenotype_file: Phenotypic_V1_0b_preprocessed1.csv
  region_dir: /home/pl217/frankensteins_model/results/abide_timeseries/ccs_filt_noglobal_rois_cc200
  site_id_col: SITE_ID
  sub_id_col: SUB_ID
  target_col: DX_GROUP
graph_params:
  k_neighbors: 20
model_params:
  dropout_rate: 0.4
  gnn_heads: 4
  gnn_hidden_dim: 128
  gnn_output_dim: 2
  pheno_embedding_dim: 64
  pheno_hidden_dim: 128
  ts_embedding_dim: 128
  ts_transformer_d_model: 128
  ts_transformer_dim_feedforward: 512
  ts_transformer_nhead: 4
  ts_transformer_num_layers: 2
run_params:
  device: cuda
  early_stopping_patience: 30
  encoder_batch_size: 32
  epochs: 200
  learning_rate: 0.0005
  n_splits: 10
  seed: 42
  weight_decay: 0.0005

--------------------------

Using configured max_ts_length setting: -1 (-1 means use max in fold)
Using configured num_regions: 200
Using configured encoder_batch_size: 32
Random seed set to 42
Using GPU: NVIDIA RTX A5000
Loading phenotype data from: Phenotypic_V1_0b_preprocessed1.csv
Original selected data shape: (1112, 8)
Using target column: 'DX_GROUP'
Filtered out 0 rows with invalid/missing target values.
Phenotype data shape after target filtering: (1112, 8)
Processing specified numerical features...
 Processing numerical columns: ['AGE_AT_SCAN', 'FIQ', 'func_mean_fd']
Processing specified categorical features...
 Processing categorical columns: ['SEX', 'SITE_ID', 'EYE_STATUS_AT_SCAN']
  Encoded categorical columns: ['SEX_1', 'SEX_2', 'SITE_ID_CALTECH', 'SITE_ID_CMU', 'SITE_ID_KKI', 'SITE_ID_LEUVEN_1', 'SITE_ID_LEUVEN_2', 'SITE_ID_MAX_MUN', 'SITE_ID_NYU', 'SITE_ID_OHSU', 'SITE_ID_OLIN', 'SITE_ID_PITT', 'SITE_ID_SBL', 'SITE_ID_SDSU', 'SITE_ID_STANFORD', 'SITE_ID_TRINITY', 'SITE_ID_UCLA_1', 'SITE_ID_UCLA_2', 'SITE_ID_UM_1', 'SITE_ID_UM_2', 'SITE_ID_USM', 'SITE_ID_YALE', 'EYE_STATUS_AT_SCAN_1', 'EYE_STATUS_AT_SCAN_2']
Final phenotype features identified (27): ['AGE_AT_SCAN', 'FIQ', 'func_mean_fd', 'SEX_1', 'SEX_2', 'SITE_ID_CALTECH', 'SITE_ID_CMU', 'SITE_ID_KKI', 'SITE_ID_LEUVEN_1', 'SITE_ID_LEUVEN_2', 'SITE_ID_MAX_MUN', 'SITE_ID_NYU', 'SITE_ID_OHSU', 'SITE_ID_OLIN', 'SITE_ID_PITT', 'SITE_ID_SBL', 'SITE_ID_SDSU', 'SITE_ID_STANFORD', 'SITE_ID_TRINITY', 'SITE_ID_UCLA_1', 'SITE_ID_UCLA_2', 'SITE_ID_UM_1', 'SITE_ID_UM_2', 'SITE_ID_USM', 'SITE_ID_YALE', 'EYE_STATUS_AT_SCAN_1', 'EYE_STATUS_AT_SCAN_2']
Checking for corresponding TS files in: /home/pl217/frankensteins_model/results/abide_timeseries/ccs_filt_noglobal_rois_cc200
Processed 1112 subjects from phenotype data.
Found existing, non-empty TS files for 624 subjects.
Skipped 488 subjects (missing file or invalid ID/Site).
Skipped 0 subjects (empty file).
Total subjects available for K-Fold analysis: 624

--- Fold 1/10 ---
Calculating max TS length for Positional Encoding (624 subjects)...
Determined max TS length 295 from 624 valid files for Positional Encoding.
Fold 1 using dynamic max length (up to 295 for PE).
Loading time series for 624 subjects in fold...
No truncation active. Will pad to max length found in this fold's successful loads.
Padding to max length found in fold: 295
Padding 624 time series to final length: 295
Proceeding with 624 subjects for Fold 1 model training/evaluation.
Phenotype encoder created.
Generating initial embeddings for graph construction (Batch Size: 32)...
Initial embeddings generated.
Building k-NN graph (k=20)...
Graph built with 624 nodes and 12480 edges.
Starting training for Fold 1... Train samples: 561, Test samples: 63
F1 E001 | Loss: 0.7248 | Tr Acc: 0.4831 | Te Acc: 0.4921 | Te AUC: 0.4768 | Te F1: 0.3246
F1 E005 | Loss: 0.7101 | Tr Acc: 0.5472 | Te Acc: 0.5556 | Te AUC: 0.5948 | Te F1: 0.4593
F1 E010 | Loss: 0.6849 | Tr Acc: 0.5169 | Te Acc: 0.5079 | Te AUC: 0.6190 | Te F1: 0.3422
F1 E015 | Loss: 0.6850 | Tr Acc: 0.5633 | Te Acc: 0.5714 | Te AUC: 0.6371 | Te F1: 0.5017
F1 E020 | Loss: 0.6816 | Tr Acc: 0.4955 | Te Acc: 0.5079 | Te AUC: 0.6260 | Te F1: 0.3588
F1 E025 | Loss: 0.6840 | Tr Acc: 0.4848 | Te Acc: 0.4921 | Te AUC: 0.6643 | Te F1: 0.3246
F1 E030 | Loss: 0.6752 | Tr Acc: 0.6168 | Te Acc: 0.6190 | Te AUC: 0.6764 | Te F1: 0.6190
F1 E035 | Loss: 0.6580 | Tr Acc: 0.5633 | Te Acc: 0.5714 | Te AUC: 0.6986 | Te F1: 0.5017
F1 E040 | Loss: 0.6627 | Tr Acc: 0.5775 | Te Acc: 0.5873 | Te AUC: 0.6966 | Te F1: 0.5266
F1 E045 | Loss: 0.6658 | Tr Acc: 0.5954 | Te Acc: 0.5714 | Te AUC: 0.6956 | Te F1: 0.5210
F1 E050 | Loss: 0.6345 | Tr Acc: 0.5330 | Te Acc: 0.5714 | Te AUC: 0.6976 | Te F1: 0.4801
F1 E055 | Loss: 0.6274 | Tr Acc: 0.5009 | Te Acc: 0.5238 | Te AUC: 0.6845 | Te F1: 0.3914
F1 E060 | Loss: 0.6328 | Tr Acc: 0.5740 | Te Acc: 0.6032 | Te AUC: 0.6774 | Te F1: 0.5330
F1 E065 | Loss: 0.6198 | Tr Acc: 0.6667 | Te Acc: 0.6032 | Te AUC: 0.6835 | Te F1: 0.5939
F1 E070 | Loss: 0.6126 | Tr Acc: 0.6524 | Te Acc: 0.6032 | Te AUC: 0.6895 | Te F1: 0.5775
F1 E075 | Loss: 0.6062 | Tr Acc: 0.5437 | Te Acc: 0.5397 | Te AUC: 0.6552 | Te F1: 0.4223
F1 E080 | Loss: 0.6009 | Tr Acc: 0.6970 | Te Acc: 0.6190 | Te AUC: 0.6855 | Te F1: 0.6189
F1 E085 | Loss: 0.6040 | Tr Acc: 0.5775 | Te Acc: 0.5873 | Te AUC: 0.6744 | Te F1: 0.5133
F1 E090 | Loss: 0.5753 | Tr Acc: 0.6738 | Te Acc: 0.6032 | Te AUC: 0.6815 | Te F1: 0.5919
F1 E095 | Loss: 0.6010 | Tr Acc: 0.7094 | Te Acc: 0.6190 | Te AUC: 0.6784 | Te F1: 0.6190
F1 E100 | Loss: 0.5766 | Tr Acc: 0.7077 | Te Acc: 0.5873 | Te AUC: 0.6774 | Te F1: 0.5797
F1 E105 | Loss: 0.5838 | Tr Acc: 0.6845 | Te Acc: 0.6190 | Te AUC: 0.6764 | Te F1: 0.5977
F1 E110 | Loss: 0.5698 | Tr Acc: 0.6221 | Te Acc: 0.5556 | Te AUC: 0.6774 | Te F1: 0.5134
F1 E115 | Loss: 0.5795 | Tr Acc: 0.6417 | Te Acc: 0.5556 | Te AUC: 0.6774 | Te F1: 0.5134
F1 E120 | Loss: 0.5606 | Tr Acc: 0.7005 | Te Acc: 0.6349 | Te AUC: 0.6764 | Te F1: 0.6264
F1 E125 | Loss: 0.5681 | Tr Acc: 0.7059 | Te Acc: 0.6190 | Te AUC: 0.6764 | Te F1: 0.6120
F1 E130 | Loss: 0.5672 | Tr Acc: 0.7094 | Te Acc: 0.6190 | Te AUC: 0.6815 | Te F1: 0.6120
F1 E135 | Loss: 0.5766 | Tr Acc: 0.7041 | Te Acc: 0.6032 | Te AUC: 0.6794 | Te F1: 0.5840
F1 E140 | Loss: 0.5716 | Tr Acc: 0.6720 | Te Acc: 0.5556 | Te AUC: 0.6754 | Te F1: 0.5134
F1 E145 | Loss: 0.5569 | Tr Acc: 0.6524 | Te Acc: 0.5556 | Te AUC: 0.6744 | Te F1: 0.5134
F1 E150 | Loss: 0.5553 | Tr Acc: 0.6791 | Te Acc: 0.6032 | Te AUC: 0.6754 | Te F1: 0.5775
F1 E155 | Loss: 0.5530 | Tr Acc: 0.6952 | Te Acc: 0.6032 | Te AUC: 0.6764 | Te F1: 0.5840
F1 E160 | Loss: 0.5674 | Tr Acc: 0.7041 | Te Acc: 0.6032 | Te AUC: 0.6754 | Te F1: 0.5840
F1 E165 | Loss: 0.5554 | Tr Acc: 0.7077 | Te Acc: 0.6032 | Te AUC: 0.6744 | Te F1: 0.5840
F1 E170 | Loss: 0.5749 | Tr Acc: 0.7077 | Te Acc: 0.6032 | Te AUC: 0.6764 | Te F1: 0.5840
F1 E175 | Loss: 0.5677 | Tr Acc: 0.7041 | Te Acc: 0.6032 | Te AUC: 0.6774 | Te F1: 0.5840
F1 E180 | Loss: 0.5809 | Tr Acc: 0.7077 | Te Acc: 0.6032 | Te AUC: 0.6774 | Te F1: 0.5840
F1 E185 | Loss: 0.5677 | Tr Acc: 0.7094 | Te Acc: 0.6032 | Te AUC: 0.6754 | Te F1: 0.5840
Early stopping triggered at epoch 185 due to lack of improvement in Test AUC.
Fold 1 - Training finished. Best Test Accuracy: 0.5714, AUC: 0.6986
Fold 1 elapsed time: 65.05 seconds.

--- Fold 2/10 ---
Calculating max TS length for Positional Encoding (624 subjects)...
Determined max TS length 295 from 624 valid files for Positional Encoding.
Fold 2 using dynamic max length (up to 295 for PE).
Loading time series for 624 subjects in fold...
No truncation active. Will pad to max length found in this fold's successful loads.
Padding to max length found in fold: 295
Padding 624 time series to final length: 295
Proceeding with 624 subjects for Fold 2 model training/evaluation.
Phenotype encoder created.
Generating initial embeddings for graph construction (Batch Size: 32)...
Initial embeddings generated.
Building k-NN graph (k=20)...
Graph built with 624 nodes and 12480 edges.
Starting training for Fold 2... Train samples: 561, Test samples: 63
F2 E001 | Loss: 0.7208 | Tr Acc: 0.5152 | Te Acc: 0.5079 | Te AUC: 0.4607 | Te F1: 0.3422
F2 E005 | Loss: 0.7130 | Tr Acc: 0.5847 | Te Acc: 0.5397 | Te AUC: 0.4516 | Te F1: 0.4907
F2 E010 | Loss: 0.7071 | Tr Acc: 0.5561 | Te Acc: 0.5397 | Te AUC: 0.4415 | Te F1: 0.4488
F2 E015 | Loss: 0.6922 | Tr Acc: 0.4938 | Te Acc: 0.4603 | Te AUC: 0.4405 | Te F1: 0.3102
F2 E020 | Loss: 0.6662 | Tr Acc: 0.4831 | Te Acc: 0.4921 | Te AUC: 0.4274 | Te F1: 0.3246
F2 E025 | Loss: 0.6799 | Tr Acc: 0.4866 | Te Acc: 0.4921 | Te AUC: 0.4365 | Te F1: 0.3246
F2 E030 | Loss: 0.6803 | Tr Acc: 0.5597 | Te Acc: 0.4286 | Te AUC: 0.4415 | Te F1: 0.3919
F2 E035 | Loss: 0.6672 | Tr Acc: 0.6168 | Te Acc: 0.4444 | Te AUC: 0.4284 | Te F1: 0.4442
F2 E040 | Loss: 0.6659 | Tr Acc: 0.6150 | Te Acc: 0.4127 | Te AUC: 0.4536 | Te F1: 0.3960
F2 E045 | Loss: 0.6582 | Tr Acc: 0.5775 | Te Acc: 0.5397 | Te AUC: 0.4425 | Te F1: 0.4648
F2 E050 | Loss: 0.6544 | Tr Acc: 0.5882 | Te Acc: 0.5397 | Te AUC: 0.4577 | Te F1: 0.4648
F2 E055 | Loss: 0.6445 | Tr Acc: 0.5134 | Te Acc: 0.4444 | Te AUC: 0.4476 | Te F1: 0.3028
F2 E060 | Loss: 0.6273 | Tr Acc: 0.5241 | Te Acc: 0.4286 | Te AUC: 0.4677 | Te F1: 0.2952
F2 E065 | Loss: 0.6474 | Tr Acc: 0.5597 | Te Acc: 0.4603 | Te AUC: 0.4698 | Te F1: 0.3554
F2 E070 | Loss: 0.6540 | Tr Acc: 0.6257 | Te Acc: 0.4444 | Te AUC: 0.4698 | Te F1: 0.4037
F2 E075 | Loss: 0.6403 | Tr Acc: 0.6613 | Te Acc: 0.4286 | Te AUC: 0.4597 | Te F1: 0.4286
F2 E080 | Loss: 0.6445 | Tr Acc: 0.6702 | Te Acc: 0.4762 | Te AUC: 0.4536 | Te F1: 0.4722
F2 E085 | Loss: 0.6447 | Tr Acc: 0.6667 | Te Acc: 0.4762 | Te AUC: 0.4698 | Te F1: 0.4687
F2 E090 | Loss: 0.6260 | Tr Acc: 0.6631 | Te Acc: 0.5238 | Te AUC: 0.4808 | Te F1: 0.5043
F2 E095 | Loss: 0.6324 | Tr Acc: 0.6720 | Te Acc: 0.4921 | Te AUC: 0.4879 | Te F1: 0.4827
F2 E100 | Loss: 0.6340 | Tr Acc: 0.6791 | Te Acc: 0.4603 | Te AUC: 0.4859 | Te F1: 0.4576
F2 E105 | Loss: 0.6307 | Tr Acc: 0.6702 | Te Acc: 0.4444 | Te AUC: 0.4758 | Te F1: 0.4442
F2 E110 | Loss: 0.6443 | Tr Acc: 0.6595 | Te Acc: 0.5238 | Te AUC: 0.4637 | Te F1: 0.4971
F2 E115 | Loss: 0.6250 | Tr Acc: 0.6667 | Te Acc: 0.5238 | Te AUC: 0.4728 | Te F1: 0.5102
F2 E120 | Loss: 0.6271 | Tr Acc: 0.6720 | Te Acc: 0.5397 | Te AUC: 0.4708 | Te F1: 0.5238
F2 E125 | Loss: 0.6158 | Tr Acc: 0.6738 | Te Acc: 0.5079 | Te AUC: 0.4728 | Te F1: 0.4965
F2 E130 | Loss: 0.6295 | Tr Acc: 0.6720 | Te Acc: 0.4762 | Te AUC: 0.4778 | Te F1: 0.4687
F2 E135 | Loss: 0.6190 | Tr Acc: 0.6774 | Te Acc: 0.4762 | Te AUC: 0.4657 | Te F1: 0.4746
F2 E140 | Loss: 0.6359 | Tr Acc: 0.6756 | Te Acc: 0.4286 | Te AUC: 0.4698 | Te F1: 0.4268
F2 E145 | Loss: 0.6278 | Tr Acc: 0.6471 | Te Acc: 0.4603 | Te AUC: 0.4758 | Te F1: 0.4257
F2 E150 | Loss: 0.6257 | Tr Acc: 0.6613 | Te Acc: 0.4603 | Te AUC: 0.4718 | Te F1: 0.4345
F2 E155 | Loss: 0.6230 | Tr Acc: 0.6791 | Te Acc: 0.4762 | Te AUC: 0.4708 | Te F1: 0.4735
F2 E160 | Loss: 0.6267 | Tr Acc: 0.6898 | Te Acc: 0.4444 | Te AUC: 0.4657 | Te F1: 0.4444
F2 E165 | Loss: 0.6196 | Tr Acc: 0.6845 | Te Acc: 0.4603 | Te AUC: 0.4667 | Te F1: 0.4595
F2 E170 | Loss: 0.6279 | Tr Acc: 0.6898 | Te Acc: 0.4603 | Te AUC: 0.4657 | Te F1: 0.4595
F2 E175 | Loss: 0.6201 | Tr Acc: 0.6881 | Te Acc: 0.4603 | Te AUC: 0.4647 | Te F1: 0.4595
F2 E180 | Loss: 0.6348 | Tr Acc: 0.6863 | Te Acc: 0.4286 | Te AUC: 0.4708 | Te F1: 0.4257
F2 E185 | Loss: 0.6262 | Tr Acc: 0.6881 | Te Acc: 0.4286 | Te AUC: 0.4728 | Te F1: 0.4257
F2 E190 | Loss: 0.6106 | Tr Acc: 0.6898 | Te Acc: 0.4444 | Te AUC: 0.4798 | Te F1: 0.4428
F2 E195 | Loss: 0.6141 | Tr Acc: 0.6881 | Te Acc: 0.4444 | Te AUC: 0.4829 | Te F1: 0.4428
F2 E200 | Loss: 0.6226 | Tr Acc: 0.6863 | Te Acc: 0.4444 | Te AUC: 0.4829 | Te F1: 0.4428
Fold 2 - Training finished. Best Test Accuracy: 0.4921, AUC: 0.4879
Fold 2 elapsed time: 65.58 seconds.

--- Fold 3/10 ---
Calculating max TS length for Positional Encoding (624 subjects)...
Determined max TS length 295 from 624 valid files for Positional Encoding.
Fold 3 using dynamic max length (up to 295 for PE).
Loading time series for 624 subjects in fold...
No truncation active. Will pad to max length found in this fold's successful loads.
Padding to max length found in fold: 295
Padding 624 time series to final length: 295
Proceeding with 624 subjects for Fold 3 model training/evaluation.
Phenotype encoder created.
Generating initial embeddings for graph construction (Batch Size: 32)...
Initial embeddings generated.
Building k-NN graph (k=20)...
Graph built with 624 nodes and 12480 edges.
Starting training for Fold 3... Train samples: 561, Test samples: 63
F3 E001 | Loss: 0.7190 | Tr Acc: 0.4848 | Te Acc: 0.4762 | Te AUC: 0.6051 | Te F1: 0.3072
F3 E005 | Loss: 0.7035 | Tr Acc: 0.4848 | Te Acc: 0.4762 | Te AUC: 0.6414 | Te F1: 0.3072
F3 E010 | Loss: 0.6951 | Tr Acc: 0.5561 | Te Acc: 0.5079 | Te AUC: 0.6687 | Te F1: 0.4445
F3 E015 | Loss: 0.6821 | Tr Acc: 0.6221 | Te Acc: 0.6032 | Te AUC: 0.6596 | Te F1: 0.5977
F3 E020 | Loss: 0.6695 | Tr Acc: 0.5865 | Te Acc: 0.5556 | Te AUC: 0.6576 | Te F1: 0.5235
F3 E025 | Loss: 0.6599 | Tr Acc: 0.5847 | Te Acc: 0.5873 | Te AUC: 0.6626 | Te F1: 0.5575
F3 E030 | Loss: 0.6452 | Tr Acc: 0.6417 | Te Acc: 0.6032 | Te AUC: 0.6677 | Te F1: 0.5898
F3 E035 | Loss: 0.6571 | Tr Acc: 0.6292 | Te Acc: 0.6190 | Te AUC: 0.6566 | Te F1: 0.6187
F3 E040 | Loss: 0.6330 | Tr Acc: 0.6542 | Te Acc: 0.6032 | Te AUC: 0.6667 | Te F1: 0.5977
F3 E045 | Loss: 0.6367 | Tr Acc: 0.6399 | Te Acc: 0.5873 | Te AUC: 0.6596 | Te F1: 0.5708
F3 E050 | Loss: 0.6262 | Tr Acc: 0.6542 | Te Acc: 0.6667 | Te AUC: 0.6838 | Te F1: 0.6658
F3 E055 | Loss: 0.6052 | Tr Acc: 0.6292 | Te Acc: 0.5873 | Te AUC: 0.6687 | Te F1: 0.5708
F3 E060 | Loss: 0.6006 | Tr Acc: 0.6613 | Te Acc: 0.5873 | Te AUC: 0.6586 | Te F1: 0.5799
F3 E065 | Loss: 0.5820 | Tr Acc: 0.5722 | Te Acc: 0.5714 | Te AUC: 0.6667 | Te F1: 0.4772
F3 E070 | Loss: 0.5803 | Tr Acc: 0.6453 | Te Acc: 0.5873 | Te AUC: 0.6515 | Te F1: 0.5525
F3 E075 | Loss: 0.5893 | Tr Acc: 0.6346 | Te Acc: 0.5238 | Te AUC: 0.6364 | Te F1: 0.4798
F3 E080 | Loss: 0.5638 | Tr Acc: 0.5722 | Te Acc: 0.5714 | Te AUC: 0.6455 | Te F1: 0.4772
F3 E085 | Loss: 0.5636 | Tr Acc: 0.5633 | Te Acc: 0.5556 | Te AUC: 0.6596 | Te F1: 0.4484
F3 E090 | Loss: 0.5493 | Tr Acc: 0.7344 | Te Acc: 0.6190 | Te AUC: 0.6525 | Te F1: 0.6122
F3 E095 | Loss: 0.5378 | Tr Acc: 0.6471 | Te Acc: 0.6032 | Te AUC: 0.6586 | Te F1: 0.5654
F3 E100 | Loss: 0.5179 | Tr Acc: 0.6275 | Te Acc: 0.5397 | Te AUC: 0.6616 | Te F1: 0.4804
F3 E105 | Loss: 0.5084 | Tr Acc: 0.5544 | Te Acc: 0.5079 | Te AUC: 0.6556 | Te F1: 0.3781
F3 E110 | Loss: 0.4895 | Tr Acc: 0.7166 | Te Acc: 0.6190 | Te AUC: 0.6505 | Te F1: 0.6103
F3 E115 | Loss: 0.4873 | Tr Acc: 0.7754 | Te Acc: 0.6508 | Te AUC: 0.6475 | Te F1: 0.6508
F3 E120 | Loss: 0.4863 | Tr Acc: 0.7362 | Te Acc: 0.6349 | Te AUC: 0.6424 | Te F1: 0.6283
F3 E125 | Loss: 0.4921 | Tr Acc: 0.6809 | Te Acc: 0.5714 | Te AUC: 0.6394 | Te F1: 0.5306
F3 E130 | Loss: 0.4812 | Tr Acc: 0.6881 | Te Acc: 0.5556 | Te AUC: 0.6384 | Te F1: 0.5181
F3 E135 | Loss: 0.4809 | Tr Acc: 0.7362 | Te Acc: 0.6349 | Te AUC: 0.6414 | Te F1: 0.6283
F3 E140 | Loss: 0.4893 | Tr Acc: 0.7611 | Te Acc: 0.6349 | Te AUC: 0.6424 | Te F1: 0.6312
F3 E145 | Loss: 0.4733 | Tr Acc: 0.7380 | Te Acc: 0.6349 | Te AUC: 0.6424 | Te F1: 0.6283
F3 E150 | Loss: 0.4808 | Tr Acc: 0.6881 | Te Acc: 0.5714 | Te AUC: 0.6424 | Te F1: 0.5306
F3 E155 | Loss: 0.4778 | Tr Acc: 0.7362 | Te Acc: 0.6349 | Te AUC: 0.6394 | Te F1: 0.6246
F3 E160 | Loss: 0.4664 | Tr Acc: 0.6988 | Te Acc: 0.5556 | Te AUC: 0.6404 | Te F1: 0.5181
F3 E165 | Loss: 0.4622 | Tr Acc: 0.7112 | Te Acc: 0.5873 | Te AUC: 0.6404 | Te F1: 0.5675
F3 E170 | Loss: 0.4350 | Tr Acc: 0.7201 | Te Acc: 0.5873 | Te AUC: 0.6434 | Te F1: 0.5675
F3 E175 | Loss: 0.4629 | Tr Acc: 0.7291 | Te Acc: 0.6032 | Te AUC: 0.6444 | Te F1: 0.5920
F3 E180 | Loss: 0.4550 | Tr Acc: 0.7415 | Te Acc: 0.6190 | Te AUC: 0.6434 | Te F1: 0.6103
F3 E185 | Loss: 0.4564 | Tr Acc: 0.7398 | Te Acc: 0.6190 | Te AUC: 0.6444 | Te F1: 0.6103
F3 E190 | Loss: 0.4469 | Tr Acc: 0.7398 | Te Acc: 0.6190 | Te AUC: 0.6455 | Te F1: 0.6103
F3 E195 | Loss: 0.4734 | Tr Acc: 0.7415 | Te Acc: 0.6190 | Te AUC: 0.6444 | Te F1: 0.6103
F3 E200 | Loss: 0.4627 | Tr Acc: 0.7415 | Te Acc: 0.6190 | Te AUC: 0.6455 | Te F1: 0.6103
Early stopping triggered at epoch 200 due to lack of improvement in Test AUC.
Fold 3 - Training finished. Best Test Accuracy: 0.6667, AUC: 0.6838
Fold 3 elapsed time: 69.34 seconds.

--- Fold 4/10 ---
Calculating max TS length for Positional Encoding (624 subjects)...
Determined max TS length 295 from 624 valid files for Positional Encoding.
Fold 4 using dynamic max length (up to 295 for PE).
Loading time series for 624 subjects in fold...
No truncation active. Will pad to max length found in this fold's successful loads.
Padding to max length found in fold: 295
Padding 624 time series to final length: 295
Proceeding with 624 subjects for Fold 4 model training/evaluation.
Phenotype encoder created.
Generating initial embeddings for graph construction (Batch Size: 32)...
Initial embeddings generated.
Building k-NN graph (k=20)...
Graph built with 624 nodes and 12480 edges.
Starting training for Fold 4... Train samples: 561, Test samples: 63
F4 E001 | Loss: 0.7124 | Tr Acc: 0.5152 | Te Acc: 0.5238 | Te AUC: 0.6384 | Te F1: 0.3601
F4 E005 | Loss: 0.6954 | Tr Acc: 0.5152 | Te Acc: 0.5238 | Te AUC: 0.6313 | Te F1: 0.3601
F4 E010 | Loss: 0.6783 | Tr Acc: 0.5009 | Te Acc: 0.4762 | Te AUC: 0.5929 | Te F1: 0.3072
F4 E015 | Loss: 0.6770 | Tr Acc: 0.5490 | Te Acc: 0.4286 | Te AUC: 0.5919 | Te F1: 0.3624
F4 E020 | Loss: 0.6712 | Tr Acc: 0.5668 | Te Acc: 0.4603 | Te AUC: 0.5828 | Te F1: 0.3832
F4 E025 | Loss: 0.6635 | Tr Acc: 0.6257 | Te Acc: 0.5397 | Te AUC: 0.5657 | Te F1: 0.5399
F4 E030 | Loss: 0.6562 | Tr Acc: 0.5686 | Te Acc: 0.4921 | Te AUC: 0.5626 | Te F1: 0.4451
F4 E035 | Loss: 0.6445 | Tr Acc: 0.6114 | Te Acc: 0.5397 | Te AUC: 0.5424 | Te F1: 0.5334
F4 E040 | Loss: 0.6502 | Tr Acc: 0.6364 | Te Acc: 0.5079 | Te AUC: 0.5222 | Te F1: 0.4990
F4 E045 | Loss: 0.6643 | Tr Acc: 0.5793 | Te Acc: 0.5397 | Te AUC: 0.5354 | Te F1: 0.4385
F4 E050 | Loss: 0.6395 | Tr Acc: 0.5882 | Te Acc: 0.5397 | Te AUC: 0.5303 | Te F1: 0.4385
F4 E055 | Loss: 0.6248 | Tr Acc: 0.6506 | Te Acc: 0.5238 | Te AUC: 0.5404 | Te F1: 0.5240
F4 E060 | Loss: 0.6367 | Tr Acc: 0.6524 | Te Acc: 0.4921 | Te AUC: 0.5374 | Te F1: 0.4916
F4 E065 | Loss: 0.6331 | Tr Acc: 0.6524 | Te Acc: 0.5079 | Te AUC: 0.5364 | Te F1: 0.5067
F4 E070 | Loss: 0.6375 | Tr Acc: 0.6506 | Te Acc: 0.5238 | Te AUC: 0.5465 | Te F1: 0.5216
F4 E075 | Loss: 0.6362 | Tr Acc: 0.6364 | Te Acc: 0.5556 | Te AUC: 0.5455 | Te F1: 0.5476
F4 E080 | Loss: 0.6214 | Tr Acc: 0.6524 | Te Acc: 0.5079 | Te AUC: 0.5414 | Te F1: 0.5067
F4 E085 | Loss: 0.6237 | Tr Acc: 0.6560 | Te Acc: 0.5397 | Te AUC: 0.5374 | Te F1: 0.5392
F4 E090 | Loss: 0.6325 | Tr Acc: 0.6542 | Te Acc: 0.5714 | Te AUC: 0.5394 | Te F1: 0.5695
F4 E095 | Loss: 0.6235 | Tr Acc: 0.6613 | Te Acc: 0.4921 | Te AUC: 0.5303 | Te F1: 0.4747
F4 E100 | Loss: 0.6299 | Tr Acc: 0.6578 | Te Acc: 0.5238 | Te AUC: 0.5202 | Te F1: 0.5009
F4 E105 | Loss: 0.6326 | Tr Acc: 0.6524 | Te Acc: 0.5238 | Te AUC: 0.5232 | Te F1: 0.5009
F4 E110 | Loss: 0.6201 | Tr Acc: 0.6649 | Te Acc: 0.5079 | Te AUC: 0.5212 | Te F1: 0.4940
F4 E115 | Loss: 0.6430 | Tr Acc: 0.6560 | Te Acc: 0.5238 | Te AUC: 0.5182 | Te F1: 0.5129
F4 E120 | Loss: 0.6247 | Tr Acc: 0.6631 | Te Acc: 0.5238 | Te AUC: 0.5162 | Te F1: 0.5172
F4 E125 | Loss: 0.6297 | Tr Acc: 0.6649 | Te Acc: 0.5238 | Te AUC: 0.5162 | Te F1: 0.5172
F4 E130 | Loss: 0.6208 | Tr Acc: 0.6649 | Te Acc: 0.5238 | Te AUC: 0.5152 | Te F1: 0.5172
F4 E135 | Loss: 0.6262 | Tr Acc: 0.6649 | Te Acc: 0.5397 | Te AUC: 0.5131 | Te F1: 0.5350
F4 E140 | Loss: 0.6257 | Tr Acc: 0.6702 | Te Acc: 0.5556 | Te AUC: 0.5162 | Te F1: 0.5524
F4 E145 | Loss: 0.6239 | Tr Acc: 0.6720 | Te Acc: 0.5714 | Te AUC: 0.5162 | Te F1: 0.5695
F4 E150 | Loss: 0.6219 | Tr Acc: 0.6702 | Te Acc: 0.5714 | Te AUC: 0.5172 | Te F1: 0.5695
Early stopping triggered at epoch 150 due to lack of improvement in Test AUC.
Fold 4 - Training finished. Best Test Accuracy: 0.5238, AUC: 0.6384
Fold 4 elapsed time: 52.62 seconds.

--- Fold 5/10 ---
Calculating max TS length for Positional Encoding (624 subjects)...
Determined max TS length 295 from 624 valid files for Positional Encoding.
Fold 5 using dynamic max length (up to 295 for PE).
Loading time series for 624 subjects in fold...
No truncation active. Will pad to max length found in this fold's successful loads.
Padding to max length found in fold: 295
Padding 624 time series to final length: 295
Proceeding with 624 subjects for Fold 5 model training/evaluation.
Phenotype encoder created.
Generating initial embeddings for graph construction (Batch Size: 32)...
Initial embeddings generated.
Building k-NN graph (k=20)...
Graph built with 624 nodes and 12480 edges.
Starting training for Fold 5... Train samples: 562, Test samples: 62
F5 E001 | Loss: 0.7032 | Tr Acc: 0.5160 | Te Acc: 0.5161 | Te AUC: 0.6854 | Te F1: 0.3514
F5 E005 | Loss: 0.6950 | Tr Acc: 0.5409 | Te Acc: 0.5645 | Te AUC: 0.6469 | Te F1: 0.5146
F5 E010 | Loss: 0.6845 | Tr Acc: 0.4822 | Te Acc: 0.5000 | Te AUC: 0.6427 | Te F1: 0.3503
F5 E015 | Loss: 0.6996 | Tr Acc: 0.5943 | Te Acc: 0.5484 | Te AUC: 0.6740 | Te F1: 0.5456
F5 E020 | Loss: 0.6711 | Tr Acc: 0.5552 | Te Acc: 0.5161 | Te AUC: 0.6396 | Te F1: 0.3514
F5 E025 | Loss: 0.6712 | Tr Acc: 0.5819 | Te Acc: 0.5161 | Te AUC: 0.6177 | Te F1: 0.4010
F5 E030 | Loss: 0.6568 | Tr Acc: 0.5605 | Te Acc: 0.5323 | Te AUC: 0.6104 | Te F1: 0.4898
F5 E035 | Loss: 0.6668 | Tr Acc: 0.5053 | Te Acc: 0.5323 | Te AUC: 0.6333 | Te F1: 0.4147
F5 E040 | Loss: 0.6377 | Tr Acc: 0.6370 | Te Acc: 0.5323 | Te AUC: 0.6208 | Te F1: 0.5279
F5 E045 | Loss: 0.6346 | Tr Acc: 0.5783 | Te Acc: 0.5161 | Te AUC: 0.5990 | Te F1: 0.3781
F5 E050 | Loss: 0.6281 | Tr Acc: 0.6406 | Te Acc: 0.5000 | Te AUC: 0.6042 | Te F1: 0.4641
F5 E055 | Loss: 0.6298 | Tr Acc: 0.6423 | Te Acc: 0.5968 | Te AUC: 0.6208 | Te F1: 0.5901
F5 E060 | Loss: 0.6258 | Tr Acc: 0.6530 | Te Acc: 0.5968 | Te AUC: 0.6198 | Te F1: 0.5931
F5 E065 | Loss: 0.6229 | Tr Acc: 0.6637 | Te Acc: 0.5323 | Te AUC: 0.6135 | Te F1: 0.5319
F5 E070 | Loss: 0.6096 | Tr Acc: 0.6815 | Te Acc: 0.5000 | Te AUC: 0.6073 | Te F1: 0.4867
F5 E075 | Loss: 0.6123 | Tr Acc: 0.6726 | Te Acc: 0.5645 | Te AUC: 0.6083 | Te F1: 0.5411
F5 E080 | Loss: 0.6242 | Tr Acc: 0.6815 | Te Acc: 0.5161 | Te AUC: 0.6125 | Te F1: 0.5058
F5 E085 | Loss: 0.6035 | Tr Acc: 0.6957 | Te Acc: 0.5161 | Te AUC: 0.6104 | Te F1: 0.5058
F5 E090 | Loss: 0.5968 | Tr Acc: 0.6993 | Te Acc: 0.5161 | Te AUC: 0.6135 | Te F1: 0.5058
F5 E095 | Loss: 0.6167 | Tr Acc: 0.6922 | Te Acc: 0.5161 | Te AUC: 0.6083 | Te F1: 0.5058
F5 E100 | Loss: 0.6074 | Tr Acc: 0.6726 | Te Acc: 0.5323 | Te AUC: 0.6208 | Te F1: 0.5324
F5 E105 | Loss: 0.6075 | Tr Acc: 0.6335 | Te Acc: 0.6452 | Te AUC: 0.6198 | Te F1: 0.6234
F5 E110 | Loss: 0.6026 | Tr Acc: 0.6833 | Te Acc: 0.5161 | Te AUC: 0.6219 | Te F1: 0.5161
F5 E115 | Loss: 0.6148 | Tr Acc: 0.6851 | Te Acc: 0.5000 | Te AUC: 0.6198 | Te F1: 0.4980
F5 E120 | Loss: 0.5838 | Tr Acc: 0.6868 | Te Acc: 0.5000 | Te AUC: 0.6208 | Te F1: 0.4980
F5 E125 | Loss: 0.6011 | Tr Acc: 0.6922 | Te Acc: 0.4839 | Te AUC: 0.6188 | Te F1: 0.4806
F5 E130 | Loss: 0.6053 | Tr Acc: 0.6940 | Te Acc: 0.4839 | Te AUC: 0.6167 | Te F1: 0.4806
F5 E135 | Loss: 0.5990 | Tr Acc: 0.6904 | Te Acc: 0.4839 | Te AUC: 0.6177 | Te F1: 0.4806
F5 E140 | Loss: 0.6161 | Tr Acc: 0.6904 | Te Acc: 0.4839 | Te AUC: 0.6177 | Te F1: 0.4806
F5 E145 | Loss: 0.5940 | Tr Acc: 0.6922 | Te Acc: 0.5000 | Te AUC: 0.6177 | Te F1: 0.4954
F5 E150 | Loss: 0.6061 | Tr Acc: 0.6922 | Te Acc: 0.5000 | Te AUC: 0.6177 | Te F1: 0.4954
Early stopping triggered at epoch 150 due to lack of improvement in Test AUC.
Fold 5 - Training finished. Best Test Accuracy: 0.5161, AUC: 0.6854
Fold 5 elapsed time: 52.13 seconds.

--- Fold 6/10 ---
Calculating max TS length for Positional Encoding (624 subjects)...
Determined max TS length 295 from 624 valid files for Positional Encoding.
Fold 6 using dynamic max length (up to 295 for PE).
Loading time series for 624 subjects in fold...
No truncation active. Will pad to max length found in this fold's successful loads.
Padding to max length found in fold: 295
Padding 624 time series to final length: 295
Proceeding with 624 subjects for Fold 6 model training/evaluation.
Phenotype encoder created.
Generating initial embeddings for graph construction (Batch Size: 32)...
Initial embeddings generated.
Building k-NN graph (k=20)...
Graph built with 624 nodes and 12480 edges.
Starting training for Fold 6... Train samples: 562, Test samples: 62
F6 E001 | Loss: 0.7143 | Tr Acc: 0.4840 | Te Acc: 0.4839 | Te AUC: 0.6667 | Te F1: 0.3156
F6 E005 | Loss: 0.7026 | Tr Acc: 0.5765 | Te Acc: 0.5968 | Te AUC: 0.6260 | Te F1: 0.5969
F6 E010 | Loss: 0.6917 | Tr Acc: 0.5747 | Te Acc: 0.6290 | Te AUC: 0.6312 | Te F1: 0.6276
F6 E015 | Loss: 0.6778 | Tr Acc: 0.5623 | Te Acc: 0.5161 | Te AUC: 0.6125 | Te F1: 0.4401
F6 E020 | Loss: 0.6763 | Tr Acc: 0.6103 | Te Acc: 0.5806 | Te AUC: 0.5198 | Te F1: 0.5798
F6 E025 | Loss: 0.6588 | Tr Acc: 0.5907 | Te Acc: 0.5645 | Te AUC: 0.5000 | Te F1: 0.5135
F6 E030 | Loss: 0.6566 | Tr Acc: 0.5943 | Te Acc: 0.5645 | Te AUC: 0.5115 | Te F1: 0.5241
F6 E035 | Loss: 0.6503 | Tr Acc: 0.5854 | Te Acc: 0.4032 | Te AUC: 0.5031 | Te F1: 0.3349
F6 E040 | Loss: 0.6403 | Tr Acc: 0.5534 | Te Acc: 0.4516 | Te AUC: 0.5031 | Te F1: 0.3256
F6 E045 | Loss: 0.6376 | Tr Acc: 0.6388 | Te Acc: 0.4677 | Te AUC: 0.4969 | Te F1: 0.4589
F6 E050 | Loss: 0.6340 | Tr Acc: 0.5925 | Te Acc: 0.5484 | Te AUC: 0.4979 | Te F1: 0.5012
F6 E055 | Loss: 0.6291 | Tr Acc: 0.6406 | Te Acc: 0.6290 | Te AUC: 0.5219 | Te F1: 0.6276
F6 E060 | Loss: 0.6308 | Tr Acc: 0.6459 | Te Acc: 0.5000 | Te AUC: 0.5146 | Te F1: 0.4954
F6 E065 | Loss: 0.6373 | Tr Acc: 0.6246 | Te Acc: 0.3871 | Te AUC: 0.5219 | Te F1: 0.3495
F6 E070 | Loss: 0.6373 | Tr Acc: 0.6317 | Te Acc: 0.3871 | Te AUC: 0.5250 | Te F1: 0.3495
F6 E075 | Loss: 0.6210 | Tr Acc: 0.6388 | Te Acc: 0.5000 | Te AUC: 0.5354 | Te F1: 0.4917
F6 E080 | Loss: 0.6312 | Tr Acc: 0.6601 | Te Acc: 0.5323 | Te AUC: 0.5323 | Te F1: 0.5304
F6 E085 | Loss: 0.6172 | Tr Acc: 0.6352 | Te Acc: 0.4194 | Te AUC: 0.5250 | Te F1: 0.3930
F6 E090 | Loss: 0.6299 | Tr Acc: 0.6157 | Te Acc: 0.4194 | Te AUC: 0.5229 | Te F1: 0.3727
F6 E095 | Loss: 0.6212 | Tr Acc: 0.5996 | Te Acc: 0.4032 | Te AUC: 0.5198 | Te F1: 0.3185
F6 E100 | Loss: 0.6233 | Tr Acc: 0.6281 | Te Acc: 0.4032 | Te AUC: 0.5208 | Te F1: 0.3612
F6 E105 | Loss: 0.6211 | Tr Acc: 0.6388 | Te Acc: 0.4516 | Te AUC: 0.5219 | Te F1: 0.4340
F6 E110 | Loss: 0.6049 | Tr Acc: 0.6797 | Te Acc: 0.5484 | Te AUC: 0.5198 | Te F1: 0.5474
F6 E115 | Loss: 0.6115 | Tr Acc: 0.6690 | Te Acc: 0.5323 | Te AUC: 0.5229 | Te F1: 0.5304
F6 E120 | Loss: 0.6191 | Tr Acc: 0.6619 | Te Acc: 0.5161 | Te AUC: 0.5250 | Te F1: 0.5131
F6 E125 | Loss: 0.6193 | Tr Acc: 0.6584 | Te Acc: 0.5161 | Te AUC: 0.5229 | Te F1: 0.5131
F6 E130 | Loss: 0.6136 | Tr Acc: 0.6530 | Te Acc: 0.5161 | Te AUC: 0.5229 | Te F1: 0.5100
F6 E135 | Loss: 0.6201 | Tr Acc: 0.6477 | Te Acc: 0.4677 | Te AUC: 0.5187 | Te F1: 0.4537
F6 E140 | Loss: 0.6164 | Tr Acc: 0.6459 | Te Acc: 0.4677 | Te AUC: 0.5198 | Te F1: 0.4537
F6 E145 | Loss: 0.6160 | Tr Acc: 0.6477 | Te Acc: 0.4677 | Te AUC: 0.5198 | Te F1: 0.4537
F6 E150 | Loss: 0.6199 | Tr Acc: 0.6423 | Te Acc: 0.4516 | Te AUC: 0.5187 | Te F1: 0.4340
Early stopping triggered at epoch 150 due to lack of improvement in Test AUC.
Fold 6 - Training finished. Best Test Accuracy: 0.4839, AUC: 0.6667
Fold 6 elapsed time: 50.65 seconds.

--- Fold 7/10 ---
Calculating max TS length for Positional Encoding (624 subjects)...
Determined max TS length 295 from 624 valid files for Positional Encoding.
Fold 7 using dynamic max length (up to 295 for PE).
Loading time series for 624 subjects in fold...
No truncation active. Will pad to max length found in this fold's successful loads.
Padding to max length found in fold: 295
Padding 624 time series to final length: 295
Proceeding with 624 subjects for Fold 7 model training/evaluation.
Phenotype encoder created.
Generating initial embeddings for graph construction (Batch Size: 32)...
