Traceback (most recent call last):
  File "/home/pl217/connecto-hopfield/scripts/run_achnn_training.py", line 419, in <module>
    main(args.config)
  File "/home/pl217/connecto-hopfield/scripts/run_achnn_training.py", line 289, in main
    train_loss, train_acc = train_epoch(
  File "/home/pl217/connecto-hopfield/src/training.py", line 115, in train_epoch
    output = model(data)
  File "/home/pl217/miniconda3/envs/connecto/lib/python3.10/site-packages/torch/nn/modules/module.py", line 1739, in _wrapped_call_impl
    return self._call_impl(*args, **kwargs)
  File "/home/pl217/miniconda3/envs/connecto/lib/python3.10/site-packages/torch/nn/modules/module.py", line 1750, in _call_impl
    return forward_call(*args, **kwargs)
  File "/home/pl217/connecto-hopfield/src/models.py", line 271, in forward
    retrieved = self.norm(retrieved)
  File "/home/pl217/miniconda3/envs/connecto/lib/python3.10/site-packages/torch/nn/modules/module.py", line 1739, in _wrapped_call_impl
    return self._call_impl(*args, **kwargs)
  File "/home/pl217/miniconda3/envs/connecto/lib/python3.10/site-packages/torch/nn/modules/module.py", line 1750, in _call_impl
    return forward_call(*args, **kwargs)
  File "/home/pl217/miniconda3/envs/connecto/lib/python3.10/site-packages/torch/nn/modules/normalization.py", line 217, in forward
    return F.layer_norm(
  File "/home/pl217/miniconda3/envs/connecto/lib/python3.10/site-packages/torch/nn/functional.py", line 2910, in layer_norm
    return torch.layer_norm(
RuntimeError: Given normalized_shape=[200], expected input with shape [*, 200], but got input of size[16, 256]