Starting ACHNN regression training with 16 CPUs and 1 GPU at Wed Apr 16 04:33:44 AM EDT 2025
Loading configuration from config_baseline_rf.yaml...
Loading preprocessed features and labels...
 Feature shape: (546, 19927), Label shape: (546,)
 Label distribution: [279 267]
Attempting to retrieve feature names...
Warning: Could not reliably get OHE feature names: name 'SimpleImputer' is not defined. Using generic names.

--- Fold 1/10 ---
Applying RFE to select 1000 features...
 Fitting RFE...
 Transforming features with RFE...
 RFE finished. Selected features shape: (491, 1000)
Training Random Forest Classifier...
Evaluating on test set...
Fold 1 Results: Acc=0.6182, AUC=0.7354, F1=0.6128
Fold 1 elapsed time: 3.92 seconds.

--- Fold 2/10 ---
Applying RFE to select 1000 features...
 Fitting RFE...
 Transforming features with RFE...
 RFE finished. Selected features shape: (491, 1000)
Training Random Forest Classifier...
Evaluating on test set...
Fold 2 Results: Acc=0.6545, AUC=0.6825, F1=0.6511
Fold 2 elapsed time: 3.96 seconds.

--- Fold 3/10 ---
Applying RFE to select 1000 features...
 Fitting RFE...
 Transforming features with RFE...
 RFE finished. Selected features shape: (491, 1000)
Training Random Forest Classifier...
Evaluating on test set...
Fold 3 Results: Acc=0.6000, AUC=0.6786, F1=0.5973
Fold 3 elapsed time: 3.96 seconds.

--- Fold 4/10 ---
Applying RFE to select 1000 features...
 Fitting RFE...
 Transforming features with RFE...
 RFE finished. Selected features shape: (491, 1000)
Training Random Forest Classifier...
Evaluating on test set...
Fold 4 Results: Acc=0.6909, AUC=0.7407, F1=0.6878
Fold 4 elapsed time: 3.89 seconds.

--- Fold 5/10 ---
Applying RFE to select 1000 features...
 Fitting RFE...
 Transforming features with RFE...
 RFE finished. Selected features shape: (491, 1000)
Training Random Forest Classifier...
Evaluating on test set...
Fold 5 Results: Acc=0.6182, AUC=0.6706, F1=0.6167
Fold 5 elapsed time: 3.91 seconds.

--- Fold 6/10 ---
Applying RFE to select 1000 features...
 Fitting RFE...
 Transforming features with RFE...
 RFE finished. Selected features shape: (491, 1000)
Training Random Forest Classifier...
Evaluating on test set...
Fold 6 Results: Acc=0.6727, AUC=0.7500, F1=0.6721
Fold 6 elapsed time: 3.92 seconds.

--- Fold 7/10 ---
Applying RFE to select 1000 features...
 Fitting RFE...
 Transforming features with RFE...
 RFE finished. Selected features shape: (492, 1000)
Training Random Forest Classifier...
Evaluating on test set...
Fold 7 Results: Acc=0.6296, AUC=0.7394, F1=0.6276
Fold 7 elapsed time: 4.00 seconds.

--- Fold 8/10 ---
Applying RFE to select 1000 features...
 Fitting RFE...
 Transforming features with RFE...
 RFE finished. Selected features shape: (492, 1000)
Training Random Forest Classifier...
Evaluating on test set...
Fold 8 Results: Acc=0.6852, AUC=0.7047, F1=0.6849
Fold 8 elapsed time: 3.78 seconds.

--- Fold 9/10 ---
Applying RFE to select 1000 features...
 Fitting RFE...
 Transforming features with RFE...
 RFE finished. Selected features shape: (492, 1000)
Training Random Forest Classifier...
Evaluating on test set...
Fold 9 Results: Acc=0.7037, AUC=0.7500, F1=0.7012
Fold 9 elapsed time: 3.99 seconds.

--- Fold 10/10 ---
Applying RFE to select 1000 features...
 Fitting RFE...
 Transforming features with RFE...
 RFE finished. Selected features shape: (492, 1000)
Training Random Forest Classifier...
Evaluating on test set...
Fold 10 Results: Acc=0.7037, AUC=0.7473, F1=0.7029
Fold 10 elapsed time: 3.87 seconds.

--- Cross-Validation Results ---
Number of successfully completed folds: 10/10
Average Accuracy:  0.6577 +/- 0.0368
Average F1-Score:  0.6554
Average Precision: 0.6605
Average Recall:    0.6577
Average AUC:       0.7199

--- Average Feature Importances (Random Forest Gini Importance) ---
Average feature importance across folds not calculated when RFE is enabled (selected features may differ per fold).

Total elapsed time: 39.25 seconds.
--- Baseline Random Forest Run Finished ---
Frankenstein Training completed at Wed Apr 16 04:34:26 AM EDT 2025
