Starting ACHNN regression training with 16 CPUs and 1 GPU at Wed Apr 16 04:05:53 AM EDT 2025
Loading configuration from config_baseline.yaml...
Loading preprocessed features and labels...
Loaded features shape: (546, 19927)
Loaded labels shape: (546,)

--- Fold 1/10 ---
Applying RFE to select 1000 features...
Training SVM Classifier...
Evaluating on test set...
Fold 1 Results: Acc=0.6727, AUC=0.7196, F1=0.6714
Fold 1 elapsed time: 26.86 seconds.

--- Fold 2/10 ---
Applying RFE to select 1000 features...
Training SVM Classifier...
Evaluating on test set...
Fold 2 Results: Acc=0.7091, AUC=0.7646, F1=0.7089
Fold 2 elapsed time: 21.99 seconds.

--- Fold 3/10 ---
Applying RFE to select 1000 features...
Training SVM Classifier...
Evaluating on test set...
Fold 3 Results: Acc=0.7091, AUC=0.7870, F1=0.7091
Fold 3 elapsed time: 22.96 seconds.

--- Fold 4/10 ---
Applying RFE to select 1000 features...
Training SVM Classifier...
Evaluating on test set...
Fold 4 Results: Acc=0.5818, AUC=0.7130, F1=0.5802
Fold 4 elapsed time: 27.33 seconds.

--- Fold 5/10 ---
Applying RFE to select 1000 features...
Training SVM Classifier...
Evaluating on test set...
Fold 5 Results: Acc=0.6182, AUC=0.6839, F1=0.6179
Fold 5 elapsed time: 25.74 seconds.

--- Fold 6/10 ---
Applying RFE to select 1000 features...
Training SVM Classifier...
Evaluating on test set...
Fold 6 Results: Acc=0.7818, AUC=0.8558, F1=0.7796
Fold 6 elapsed time: 23.77 seconds.

--- Fold 7/10 ---
Applying RFE to select 1000 features...
Training SVM Classifier...
Evaluating on test set...
Fold 7 Results: Acc=0.6852, AUC=0.7641, F1=0.6851
Fold 7 elapsed time: 21.34 seconds.

--- Fold 8/10 ---
Applying RFE to select 1000 features...
Training SVM Classifier...
Evaluating on test set...
Fold 8 Results: Acc=0.6481, AUC=0.7198, F1=0.6478
Fold 8 elapsed time: 25.56 seconds.

--- Fold 9/10 ---
Applying RFE to select 1000 features...
Training SVM Classifier...
Evaluating on test set...
Fold 9 Results: Acc=0.7407, AUC=0.8407, F1=0.7407
Fold 9 elapsed time: 29.95 seconds.

--- Fold 10/10 ---
Applying RFE to select 1000 features...
Training SVM Classifier...
Evaluating on test set...
Fold 10 Results: Acc=0.7222, AUC=0.7871, F1=0.7208
Fold 10 elapsed time: 27.12 seconds.

--- Cross-Validation Results ---
Number of successfully completed folds: 10/10
Average Accuracy:  0.6869 +/- 0.0562
Average F1-Score:  0.6862
Average Precision: 0.6894
Average Recall:    0.6869
Average AUC:       0.7635

Total elapsed time: 252.65 seconds.
--- Baseline SVM Run Finished ---
Frankenstein Training completed at Wed Apr 16 04:10:08 AM EDT 2025
