Starting ACHNN regression training with 16 CPUs and 1 GPU at Wed Apr 16 04:59:35 AM EDT 2025
Loading configuration from config_baseline_mlp.yaml...
Loading preprocessed features and labels...
 Feature shape: (546, 19927), Label shape: (546,)
 Label distribution: [279 267]
Random seed set to 42
Using GPU: NVIDIA RTX A5000

--- Fold 1/10 ---
Starting training for Fold 1...
F1 E001 | Tr Loss: 0.6720 | Te Loss: 0.6788 | Te Acc: 0.5818 | Te AUC: 0.6667
F1 E005 | Tr Loss: 0.3289 | Te Loss: 0.6911 | Te Acc: 0.6545 | Te AUC: 0.6667
F1 E010 | Tr Loss: 0.1092 | Te Loss: 0.7598 | Te Acc: 0.6182 | Te AUC: 0.7302
F1 E015 | Tr Loss: 0.0501 | Te Loss: 0.8337 | Te Acc: 0.7091 | Te AUC: 0.7354
F1 E020 | Tr Loss: 0.0482 | Te Loss: 1.0167 | Te Acc: 0.6182 | Te AUC: 0.6918
F1 E025 | Tr Loss: 0.0573 | Te Loss: 1.0304 | Te Acc: 0.6727 | Te AUC: 0.6918
F1 E030 | Tr Loss: 0.0253 | Te Loss: 1.0847 | Te Acc: 0.6727 | Te AUC: 0.7222
F1 E035 | Tr Loss: 0.0198 | Te Loss: 1.2835 | Te Acc: 0.6545 | Te AUC: 0.7011
F1 E040 | Tr Loss: 0.0139 | Te Loss: 1.2395 | Te Acc: 0.6909 | Te AUC: 0.7381
F1 E045 | Tr Loss: 0.0225 | Te Loss: 1.2887 | Te Acc: 0.6545 | Te AUC: 0.7354
F1 E050 | Tr Loss: 0.0667 | Te Loss: 1.2059 | Te Acc: 0.7091 | Te AUC: 0.6931
F1 E055 | Tr Loss: 0.0510 | Te Loss: 1.3101 | Te Acc: 0.6727 | Te AUC: 0.6786
F1 E060 | Tr Loss: 0.0213 | Te Loss: 1.3390 | Te Acc: 0.6909 | Te AUC: 0.7262
F1 E065 | Tr Loss: 0.0079 | Te Loss: 1.4155 | Te Acc: 0.6727 | Te AUC: 0.7183
F1 E070 | Tr Loss: 0.0069 | Te Loss: 1.6194 | Te Acc: 0.6545 | Te AUC: 0.6918
F1 E075 | Tr Loss: 0.0235 | Te Loss: 1.6469 | Te Acc: 0.6545 | Te AUC: 0.6878
F1 E080 | Tr Loss: 0.0107 | Te Loss: 1.6000 | Te Acc: 0.6727 | Te AUC: 0.6825
F1 E085 | Tr Loss: 0.0280 | Te Loss: 1.4970 | Te Acc: 0.6727 | Te AUC: 0.7050
F1 E090 | Tr Loss: 0.0170 | Te Loss: 1.7974 | Te Acc: 0.6000 | Te AUC: 0.6481
F1 E095 | Tr Loss: 0.0136 | Te Loss: 1.5608 | Te Acc: 0.6364 | Te AUC: 0.7077
F1 E100 | Tr Loss: 0.0028 | Te Loss: 1.5672 | Te Acc: 0.6364 | Te AUC: 0.6971
F1 E105 | Tr Loss: 0.0068 | Te Loss: 1.6220 | Te Acc: 0.6364 | Te AUC: 0.7024
F1 E110 | Tr Loss: 0.0053 | Te Loss: 1.6112 | Te Acc: 0.6545 | Te AUC: 0.7024
F1 E115 | Tr Loss: 0.0066 | Te Loss: 1.6064 | Te Acc: 0.6545 | Te AUC: 0.7116
F1 E120 | Tr Loss: 0.0032 | Te Loss: 1.6306 | Te Acc: 0.6545 | Te AUC: 0.7196
F1 E125 | Tr Loss: 0.0026 | Te Loss: 1.6084 | Te Acc: 0.6545 | Te AUC: 0.7063
F1 E130 | Tr Loss: 0.0010 | Te Loss: 1.6239 | Te Acc: 0.6545 | Te AUC: 0.7143
F1 E135 | Tr Loss: 0.0013 | Te Loss: 1.6238 | Te Acc: 0.6545 | Te AUC: 0.7011
F1 E140 | Tr Loss: 0.0068 | Te Loss: 1.6584 | Te Acc: 0.6364 | Te AUC: 0.6944
Early stopping triggered at epoch 140.
Fold 1 - Training finished. Best Test Accuracy: 0.6909, AUC: 0.7381
Fold 1 elapsed time: 7.20 seconds.

--- Fold 2/10 ---
Starting training for Fold 2...
F2 E001 | Tr Loss: 0.7144 | Te Loss: 0.6950 | Te Acc: 0.6545 | Te AUC: 0.6720
F2 E005 | Tr Loss: 0.3455 | Te Loss: 0.6401 | Te Acc: 0.7091 | Te AUC: 0.7235
F2 E010 | Tr Loss: 0.0979 | Te Loss: 0.6966 | Te Acc: 0.7273 | Te AUC: 0.7579
F2 E015 | Tr Loss: 0.0772 | Te Loss: 0.9091 | Te Acc: 0.6909 | Te AUC: 0.7606
F2 E020 | Tr Loss: 0.0525 | Te Loss: 0.9041 | Te Acc: 0.6727 | Te AUC: 0.7447
F2 E025 | Tr Loss: 0.0533 | Te Loss: 0.8578 | Te Acc: 0.7455 | Te AUC: 0.7659
F2 E030 | Tr Loss: 0.0406 | Te Loss: 1.0205 | Te Acc: 0.7273 | Te AUC: 0.7632
F2 E035 | Tr Loss: 0.0372 | Te Loss: 1.0920 | Te Acc: 0.6727 | Te AUC: 0.7659
F2 E040 | Tr Loss: 0.0141 | Te Loss: 1.2104 | Te Acc: 0.6545 | Te AUC: 0.7725
F2 E045 | Tr Loss: 0.0215 | Te Loss: 1.1502 | Te Acc: 0.6545 | Te AUC: 0.7778
F2 E050 | Tr Loss: 0.0177 | Te Loss: 1.1219 | Te Acc: 0.6909 | Te AUC: 0.7632
F2 E055 | Tr Loss: 0.0226 | Te Loss: 1.0518 | Te Acc: 0.7455 | Te AUC: 0.8069
F2 E060 | Tr Loss: 0.0189 | Te Loss: 1.2643 | Te Acc: 0.6727 | Te AUC: 0.7540
F2 E065 | Tr Loss: 0.0105 | Te Loss: 1.2102 | Te Acc: 0.7091 | Te AUC: 0.7778
F2 E070 | Tr Loss: 0.0063 | Te Loss: 1.2675 | Te Acc: 0.7091 | Te AUC: 0.7672
F2 E075 | Tr Loss: 0.0045 | Te Loss: 1.4591 | Te Acc: 0.6545 | Te AUC: 0.7738
F2 E080 | Tr Loss: 0.0285 | Te Loss: 1.5877 | Te Acc: 0.6545 | Te AUC: 0.7526
F2 E085 | Tr Loss: 0.0108 | Te Loss: 1.5459 | Te Acc: 0.6727 | Te AUC: 0.7526
F2 E090 | Tr Loss: 0.0078 | Te Loss: 1.6956 | Te Acc: 0.6545 | Te AUC: 0.7646
F2 E095 | Tr Loss: 0.0209 | Te Loss: 1.6682 | Te Acc: 0.6364 | Te AUC: 0.7573
F2 E100 | Tr Loss: 0.0064 | Te Loss: 1.5276 | Te Acc: 0.6364 | Te AUC: 0.7831
F2 E105 | Tr Loss: 0.0244 | Te Loss: 1.6918 | Te Acc: 0.6909 | Te AUC: 0.7196
F2 E110 | Tr Loss: 0.0317 | Te Loss: 1.5040 | Te Acc: 0.7273 | Te AUC: 0.7394
F2 E115 | Tr Loss: 0.0072 | Te Loss: 1.4747 | Te Acc: 0.6545 | Te AUC: 0.7593
F2 E120 | Tr Loss: 0.0103 | Te Loss: 1.4565 | Te Acc: 0.7273 | Te AUC: 0.7659
F2 E125 | Tr Loss: 0.0016 | Te Loss: 1.4841 | Te Acc: 0.6909 | Te AUC: 0.7685
F2 E130 | Tr Loss: 0.0036 | Te Loss: 1.5438 | Te Acc: 0.6909 | Te AUC: 0.7659
F2 E135 | Tr Loss: 0.0097 | Te Loss: 1.5824 | Te Acc: 0.6364 | Te AUC: 0.7646
F2 E140 | Tr Loss: 0.0070 | Te Loss: 1.5272 | Te Acc: 0.6727 | Te AUC: 0.7672
F2 E145 | Tr Loss: 0.0013 | Te Loss: 1.5501 | Te Acc: 0.6727 | Te AUC: 0.7646
F2 E150 | Tr Loss: 0.0019 | Te Loss: 1.5156 | Te Acc: 0.6727 | Te AUC: 0.7672
F2 E155 | Tr Loss: 0.0028 | Te Loss: 1.4804 | Te Acc: 0.7273 | Te AUC: 0.7765
Early stopping triggered at epoch 155.
Fold 2 - Training finished. Best Test Accuracy: 0.7455, AUC: 0.8069
Fold 2 elapsed time: 4.81 seconds.

--- Fold 3/10 ---
Starting training for Fold 3...
F3 E001 | Tr Loss: 0.6959 | Te Loss: 0.6602 | Te Acc: 0.6182 | Te AUC: 0.6984
F3 E005 | Tr Loss: 0.3375 | Te Loss: 0.5639 | Te Acc: 0.6727 | Te AUC: 0.7606
F3 E010 | Tr Loss: 0.1271 | Te Loss: 0.5861 | Te Acc: 0.7273 | Te AUC: 0.7976
F3 E015 | Tr Loss: 0.0510 | Te Loss: 0.6619 | Te Acc: 0.7273 | Te AUC: 0.7751
F3 E020 | Tr Loss: 0.0555 | Te Loss: 0.6912 | Te Acc: 0.7273 | Te AUC: 0.7738
F3 E025 | Tr Loss: 0.0605 | Te Loss: 0.8744 | Te Acc: 0.6364 | Te AUC: 0.7275
F3 E030 | Tr Loss: 0.0270 | Te Loss: 0.9156 | Te Acc: 0.6000 | Te AUC: 0.7103
F3 E035 | Tr Loss: 0.0537 | Te Loss: 0.9440 | Te Acc: 0.6545 | Te AUC: 0.7500
F3 E040 | Tr Loss: 0.0255 | Te Loss: 1.0001 | Te Acc: 0.7636 | Te AUC: 0.7513
F3 E045 | Tr Loss: 0.0162 | Te Loss: 1.0669 | Te Acc: 0.6727 | Te AUC: 0.7222
F3 E050 | Tr Loss: 0.0070 | Te Loss: 0.9436 | Te Acc: 0.7636 | Te AUC: 0.8003
F3 E055 | Tr Loss: 0.0119 | Te Loss: 1.0194 | Te Acc: 0.7455 | Te AUC: 0.7817
F3 E060 | Tr Loss: 0.0270 | Te Loss: 0.9797 | Te Acc: 0.7273 | Te AUC: 0.7434
F3 E065 | Tr Loss: 0.0345 | Te Loss: 0.8988 | Te Acc: 0.6727 | Te AUC: 0.8016
F3 E070 | Tr Loss: 0.0340 | Te Loss: 0.9803 | Te Acc: 0.6727 | Te AUC: 0.7579
F3 E075 | Tr Loss: 0.0259 | Te Loss: 1.2169 | Te Acc: 0.7636 | Te AUC: 0.7606
F3 E080 | Tr Loss: 0.0176 | Te Loss: 1.1648 | Te Acc: 0.7455 | Te AUC: 0.7765
F3 E085 | Tr Loss: 0.0117 | Te Loss: 1.5202 | Te Acc: 0.7273 | Te AUC: 0.7619
F3 E090 | Tr Loss: 0.0163 | Te Loss: 1.1551 | Te Acc: 0.7636 | Te AUC: 0.7765
F3 E095 | Tr Loss: 0.0226 | Te Loss: 1.1020 | Te Acc: 0.6909 | Te AUC: 0.7923
F3 E100 | Tr Loss: 0.0074 | Te Loss: 1.1111 | Te Acc: 0.7273 | Te AUC: 0.7738
F3 E105 | Tr Loss: 0.0032 | Te Loss: 1.2573 | Te Acc: 0.7273 | Te AUC: 0.7712
F3 E110 | Tr Loss: 0.0103 | Te Loss: 1.4121 | Te Acc: 0.7273 | Te AUC: 0.7712
F3 E115 | Tr Loss: 0.0135 | Te Loss: 1.2836 | Te Acc: 0.6727 | Te AUC: 0.7791
F3 E120 | Tr Loss: 0.0077 | Te Loss: 1.3138 | Te Acc: 0.7091 | Te AUC: 0.7434
F3 E125 | Tr Loss: 0.0039 | Te Loss: 1.2417 | Te Acc: 0.7818 | Te AUC: 0.7831
F3 E130 | Tr Loss: 0.0079 | Te Loss: 1.2290 | Te Acc: 0.6909 | Te AUC: 0.7857
F3 E135 | Tr Loss: 0.0049 | Te Loss: 1.2155 | Te Acc: 0.7455 | Te AUC: 0.7738
F3 E140 | Tr Loss: 0.0016 | Te Loss: 1.2433 | Te Acc: 0.7091 | Te AUC: 0.7831
F3 E145 | Tr Loss: 0.0013 | Te Loss: 1.2408 | Te Acc: 0.7091 | Te AUC: 0.7857
F3 E150 | Tr Loss: 0.0014 | Te Loss: 1.2538 | Te Acc: 0.7273 | Te AUC: 0.7831
F3 E155 | Tr Loss: 0.0019 | Te Loss: 1.2687 | Te Acc: 0.7091 | Te AUC: 0.7778
F3 E160 | Tr Loss: 0.0009 | Te Loss: 1.2746 | Te Acc: 0.7091 | Te AUC: 0.7817
F3 E165 | Tr Loss: 0.0015 | Te Loss: 1.2734 | Te Acc: 0.7091 | Te AUC: 0.7804
Early stopping triggered at epoch 165.
Fold 3 - Training finished. Best Test Accuracy: 0.6727, AUC: 0.8016
Fold 3 elapsed time: 5.17 seconds.

--- Fold 4/10 ---
Starting training for Fold 4...
F4 E001 | Tr Loss: 0.6847 | Te Loss: 0.6276 | Te Acc: 0.6364 | Te AUC: 0.7209
F4 E005 | Tr Loss: 0.3443 | Te Loss: 0.5524 | Te Acc: 0.7455 | Te AUC: 0.7937
F4 E010 | Tr Loss: 0.1197 | Te Loss: 0.6632 | Te Acc: 0.6000 | Te AUC: 0.7354
F4 E015 | Tr Loss: 0.1011 | Te Loss: 0.6723 | Te Acc: 0.6727 | Te AUC: 0.7579
F4 E020 | Tr Loss: 0.0638 | Te Loss: 0.8763 | Te Acc: 0.6182 | Te AUC: 0.6892
F4 E025 | Tr Loss: 0.0275 | Te Loss: 0.9140 | Te Acc: 0.6364 | Te AUC: 0.7222
F4 E030 | Tr Loss: 0.0159 | Te Loss: 1.0513 | Te Acc: 0.6545 | Te AUC: 0.7077
F4 E035 | Tr Loss: 0.0182 | Te Loss: 1.1740 | Te Acc: 0.6727 | Te AUC: 0.6958
F4 E040 | Tr Loss: 0.0388 | Te Loss: 1.0549 | Te Acc: 0.6545 | Te AUC: 0.7249
F4 E045 | Tr Loss: 0.0541 | Te Loss: 1.0803 | Te Acc: 0.5818 | Te AUC: 0.7169
F4 E050 | Tr Loss: 0.0629 | Te Loss: 1.1228 | Te Acc: 0.6545 | Te AUC: 0.6971
F4 E055 | Tr Loss: 0.0179 | Te Loss: 1.3930 | Te Acc: 0.6182 | Te AUC: 0.6521
F4 E060 | Tr Loss: 0.0200 | Te Loss: 1.3321 | Te Acc: 0.6364 | Te AUC: 0.6825
F4 E065 | Tr Loss: 0.0135 | Te Loss: 1.3283 | Te Acc: 0.6545 | Te AUC: 0.6958
F4 E070 | Tr Loss: 0.0080 | Te Loss: 1.3432 | Te Acc: 0.6727 | Te AUC: 0.7063
F4 E075 | Tr Loss: 0.0066 | Te Loss: 1.3754 | Te Acc: 0.6727 | Te AUC: 0.7090
F4 E080 | Tr Loss: 0.0091 | Te Loss: 1.3924 | Te Acc: 0.6727 | Te AUC: 0.6984
F4 E085 | Tr Loss: 0.0029 | Te Loss: 1.3876 | Te Acc: 0.6727 | Te AUC: 0.7024
F4 E090 | Tr Loss: 0.0032 | Te Loss: 1.4210 | Te Acc: 0.6727 | Te AUC: 0.7050
F4 E095 | Tr Loss: 0.0046 | Te Loss: 1.4474 | Te Acc: 0.6727 | Te AUC: 0.7050
F4 E100 | Tr Loss: 0.0038 | Te Loss: 1.4393 | Te Acc: 0.6727 | Te AUC: 0.6997
F4 E105 | Tr Loss: 0.0061 | Te Loss: 1.4371 | Te Acc: 0.6727 | Te AUC: 0.7077
Early stopping triggered at epoch 105.
Fold 4 - Training finished. Best Test Accuracy: 0.7455, AUC: 0.7937
Fold 4 elapsed time: 3.33 seconds.

--- Fold 5/10 ---
Starting training for Fold 5...
F5 E001 | Tr Loss: 0.6878 | Te Loss: 0.6762 | Te Acc: 0.5273 | Te AUC: 0.6257
F5 E005 | Tr Loss: 0.3416 | Te Loss: 0.7789 | Te Acc: 0.5818 | Te AUC: 0.6495
F5 E010 | Tr Loss: 0.1821 | Te Loss: 0.8787 | Te Acc: 0.5455 | Te AUC: 0.6640
F5 E015 | Tr Loss: 0.0667 | Te Loss: 1.0345 | Te Acc: 0.5636 | Te AUC: 0.6481
F5 E020 | Tr Loss: 0.0697 | Te Loss: 1.2341 | Te Acc: 0.5818 | Te AUC: 0.6323
F5 E025 | Tr Loss: 0.0219 | Te Loss: 1.4386 | Te Acc: 0.5818 | Te AUC: 0.6151
F5 E030 | Tr Loss: 0.0536 | Te Loss: 1.3360 | Te Acc: 0.6000 | Te AUC: 0.6746
F5 E035 | Tr Loss: 0.0315 | Te Loss: 1.4616 | Te Acc: 0.5818 | Te AUC: 0.6389
F5 E040 | Tr Loss: 0.0308 | Te Loss: 1.5535 | Te Acc: 0.5455 | Te AUC: 0.6376
F5 E045 | Tr Loss: 0.0260 | Te Loss: 1.9358 | Te Acc: 0.5091 | Te AUC: 0.6111
F5 E050 | Tr Loss: 0.0247 | Te Loss: 1.6782 | Te Acc: 0.5818 | Te AUC: 0.6402
F5 E055 | Tr Loss: 0.0163 | Te Loss: 1.7841 | Te Acc: 0.5818 | Te AUC: 0.6508
F5 E060 | Tr Loss: 0.0191 | Te Loss: 1.8414 | Te Acc: 0.5455 | Te AUC: 0.6601
F5 E065 | Tr Loss: 0.0093 | Te Loss: 1.8686 | Te Acc: 0.5818 | Te AUC: 0.6653
F5 E070 | Tr Loss: 0.0113 | Te Loss: 1.9882 | Te Acc: 0.5636 | Te AUC: 0.6495
F5 E075 | Tr Loss: 0.0364 | Te Loss: 1.7938 | Te Acc: 0.5636 | Te AUC: 0.6481
F5 E080 | Tr Loss: 0.0314 | Te Loss: 2.0002 | Te Acc: 0.5636 | Te AUC: 0.6296
F5 E085 | Tr Loss: 0.0280 | Te Loss: 1.8700 | Te Acc: 0.6000 | Te AUC: 0.6481
F5 E090 | Tr Loss: 0.0243 | Te Loss: 2.0043 | Te Acc: 0.5818 | Te AUC: 0.6508
F5 E095 | Tr Loss: 0.0041 | Te Loss: 2.0439 | Te Acc: 0.5455 | Te AUC: 0.6561
F5 E100 | Tr Loss: 0.0146 | Te Loss: 2.1409 | Te Acc: 0.5636 | Te AUC: 0.6442
F5 E105 | Tr Loss: 0.0074 | Te Loss: 2.0954 | Te Acc: 0.5455 | Te AUC: 0.6508
F5 E110 | Tr Loss: 0.0045 | Te Loss: 2.0887 | Te Acc: 0.5455 | Te AUC: 0.6508
F5 E115 | Tr Loss: 0.0039 | Te Loss: 2.0737 | Te Acc: 0.5455 | Te AUC: 0.6667
F5 E120 | Tr Loss: 0.0040 | Te Loss: 2.1327 | Te Acc: 0.5455 | Te AUC: 0.6508
F5 E125 | Tr Loss: 0.0024 | Te Loss: 2.1513 | Te Acc: 0.5455 | Te AUC: 0.6574
F5 E130 | Tr Loss: 0.0033 | Te Loss: 2.1147 | Te Acc: 0.5455 | Te AUC: 0.6720
Early stopping triggered at epoch 130.
Fold 5 - Training finished. Best Test Accuracy: 0.6000, AUC: 0.6746
Fold 5 elapsed time: 4.24 seconds.

--- Fold 6/10 ---
Starting training for Fold 6...
F6 E001 | Tr Loss: 0.6899 | Te Loss: 0.6504 | Te Acc: 0.6545 | Te AUC: 0.7500
F6 E005 | Tr Loss: 0.3193 | Te Loss: 0.5030 | Te Acc: 0.8000 | Te AUC: 0.8545
F6 E010 | Tr Loss: 0.1205 | Te Loss: 0.5217 | Te Acc: 0.7636 | Te AUC: 0.8532
F6 E015 | Tr Loss: 0.0896 | Te Loss: 0.4916 | Te Acc: 0.7818 | Te AUC: 0.8624
F6 E020 | Tr Loss: 0.0357 | Te Loss: 0.5125 | Te Acc: 0.8182 | Te AUC: 0.8743
F6 E025 | Tr Loss: 0.0394 | Te Loss: 0.5623 | Te Acc: 0.7818 | Te AUC: 0.8571
F6 E030 | Tr Loss: 0.0291 | Te Loss: 0.5560 | Te Acc: 0.8000 | Te AUC: 0.8677
F6 E035 | Tr Loss: 0.0302 | Te Loss: 0.5842 | Te Acc: 0.7455 | Te AUC: 0.8677
F6 E040 | Tr Loss: 0.0535 | Te Loss: 0.6740 | Te Acc: 0.8000 | Te AUC: 0.8664
F6 E045 | Tr Loss: 0.0252 | Te Loss: 0.6871 | Te Acc: 0.7455 | Te AUC: 0.8664
F6 E050 | Tr Loss: 0.0184 | Te Loss: 0.8849 | Te Acc: 0.7455 | Te AUC: 0.8413
F6 E055 | Tr Loss: 0.0225 | Te Loss: 0.9107 | Te Acc: 0.7273 | Te AUC: 0.8294
F6 E060 | Tr Loss: 0.0260 | Te Loss: 0.7207 | Te Acc: 0.7818 | Te AUC: 0.8624
F6 E065 | Tr Loss: 0.0210 | Te Loss: 0.8034 | Te Acc: 0.7818 | Te AUC: 0.8598
F6 E070 | Tr Loss: 0.0098 | Te Loss: 0.7786 | Te Acc: 0.8000 | Te AUC: 0.8532
F6 E075 | Tr Loss: 0.0110 | Te Loss: 0.7709 | Te Acc: 0.7455 | Te AUC: 0.8505
F6 E080 | Tr Loss: 0.0103 | Te Loss: 0.7982 | Te Acc: 0.7455 | Te AUC: 0.8598
F6 E085 | Tr Loss: 0.0034 | Te Loss: 0.8372 | Te Acc: 0.7636 | Te AUC: 0.8558
F6 E090 | Tr Loss: 0.0029 | Te Loss: 0.8308 | Te Acc: 0.7636 | Te AUC: 0.8585
F6 E095 | Tr Loss: 0.0053 | Te Loss: 0.8393 | Te Acc: 0.7455 | Te AUC: 0.8571
F6 E100 | Tr Loss: 0.0034 | Te Loss: 0.8216 | Te Acc: 0.7455 | Te AUC: 0.8585
F6 E105 | Tr Loss: 0.0022 | Te Loss: 0.8705 | Te Acc: 0.7455 | Te AUC: 0.8519
F6 E110 | Tr Loss: 0.0033 | Te Loss: 0.8557 | Te Acc: 0.7455 | Te AUC: 0.8519
F6 E115 | Tr Loss: 0.0043 | Te Loss: 0.8535 | Te Acc: 0.7455 | Te AUC: 0.8585
F6 E120 | Tr Loss: 0.0019 | Te Loss: 0.8595 | Te Acc: 0.7455 | Te AUC: 0.8545
Early stopping triggered at epoch 120.
Fold 6 - Training finished. Best Test Accuracy: 0.8182, AUC: 0.8743
Fold 6 elapsed time: 3.84 seconds.

--- Fold 7/10 ---
Starting training for Fold 7...
F7 E001 | Tr Loss: 0.6657 | Te Loss: 0.6074 | Te Acc: 0.6296 | Te AUC: 0.7202
F7 E005 | Tr Loss: 0.3231 | Te Loss: 0.5787 | Te Acc: 0.6852 | Te AUC: 0.7846
F7 E010 | Tr Loss: 0.1330 | Te Loss: 0.7057 | Te Acc: 0.7037 | Te AUC: 0.7819
F7 E015 | Tr Loss: 0.0639 | Te Loss: 0.7332 | Te Acc: 0.6481 | Te AUC: 0.7737
F7 E020 | Tr Loss: 0.0504 | Te Loss: 0.7657 | Te Acc: 0.6481 | Te AUC: 0.7572
F7 E025 | Tr Loss: 0.0207 | Te Loss: 0.8720 | Te Acc: 0.7037 | Te AUC: 0.7901
F7 E030 | Tr Loss: 0.0153 | Te Loss: 0.9811 | Te Acc: 0.6111 | Te AUC: 0.7517
F7 E035 | Tr Loss: 0.0098 | Te Loss: 1.1052 | Te Acc: 0.6481 | Te AUC: 0.7394
F7 E040 | Tr Loss: 0.0277 | Te Loss: 1.1092 | Te Acc: 0.6481 | Te AUC: 0.7202
F7 E045 | Tr Loss: 0.0311 | Te Loss: 1.0718 | Te Acc: 0.6296 | Te AUC: 0.7394
F7 E050 | Tr Loss: 0.0246 | Te Loss: 1.0552 | Te Acc: 0.6852 | Te AUC: 0.7599
F7 E055 | Tr Loss: 0.0247 | Te Loss: 1.2051 | Te Acc: 0.6481 | Te AUC: 0.7435
F7 E060 | Tr Loss: 0.0300 | Te Loss: 1.3668 | Te Acc: 0.6111 | Te AUC: 0.7215
F7 E065 | Tr Loss: 0.0144 | Te Loss: 1.2684 | Te Acc: 0.6852 | Te AUC: 0.7517
F7 E070 | Tr Loss: 0.0217 | Te Loss: 1.3102 | Te Acc: 0.6852 | Te AUC: 0.7407
F7 E075 | Tr Loss: 0.0102 | Te Loss: 1.4427 | Te Acc: 0.6481 | Te AUC: 0.7353
F7 E080 | Tr Loss: 0.0082 | Te Loss: 1.3854 | Te Acc: 0.6481 | Te AUC: 0.7627
F7 E085 | Tr Loss: 0.0076 | Te Loss: 1.4963 | Te Acc: 0.6667 | Te AUC: 0.7449
F7 E090 | Tr Loss: 0.0035 | Te Loss: 1.4686 | Te Acc: 0.6481 | Te AUC: 0.7517
F7 E095 | Tr Loss: 0.0030 | Te Loss: 1.4657 | Te Acc: 0.6852 | Te AUC: 0.7517
F7 E100 | Tr Loss: 0.0027 | Te Loss: 1.4997 | Te Acc: 0.6481 | Te AUC: 0.7517
F7 E105 | Tr Loss: 0.0016 | Te Loss: 1.4800 | Te Acc: 0.6852 | Te AUC: 0.7503
F7 E110 | Tr Loss: 0.0021 | Te Loss: 1.5216 | Te Acc: 0.6852 | Te AUC: 0.7421
F7 E115 | Tr Loss: 0.0017 | Te Loss: 1.5421 | Te Acc: 0.6667 | Te AUC: 0.7407
F7 E120 | Tr Loss: 0.0018 | Te Loss: 1.5179 | Te Acc: 0.6667 | Te AUC: 0.7407
F7 E125 | Tr Loss: 0.0018 | Te Loss: 1.5435 | Te Acc: 0.6667 | Te AUC: 0.7421
Early stopping triggered at epoch 125.
Fold 7 - Training finished. Best Test Accuracy: 0.7037, AUC: 0.7901
Fold 7 elapsed time: 4.25 seconds.

--- Fold 8/10 ---
Starting training for Fold 8...
F8 E001 | Tr Loss: 0.6795 | Te Loss: 0.6844 | Te Acc: 0.5556 | Te AUC: 0.6305
F8 E005 | Tr Loss: 0.3456 | Te Loss: 0.6139 | Te Acc: 0.6296 | Te AUC: 0.7198
F8 E010 | Tr Loss: 0.0993 | Te Loss: 0.6854 | Te Acc: 0.7222 | Te AUC: 0.7610
F8 E015 | Tr Loss: 0.0511 | Te Loss: 0.7764 | Te Acc: 0.6481 | Te AUC: 0.7527
F8 E020 | Tr Loss: 0.0514 | Te Loss: 0.7870 | Te Acc: 0.7222 | Te AUC: 0.7679
F8 E025 | Tr Loss: 0.0431 | Te Loss: 0.7818 | Te Acc: 0.7222 | Te AUC: 0.7555
F8 E030 | Tr Loss: 0.0399 | Te Loss: 0.8224 | Te Acc: 0.7593 | Te AUC: 0.7816
F8 E035 | Tr Loss: 0.0152 | Te Loss: 1.2320 | Te Acc: 0.6667 | Te AUC: 0.7143
F8 E040 | Tr Loss: 0.0398 | Te Loss: 1.0879 | Te Acc: 0.6667 | Te AUC: 0.7363
F8 E045 | Tr Loss: 0.0329 | Te Loss: 0.9574 | Te Acc: 0.7037 | Te AUC: 0.7335
F8 E050 | Tr Loss: 0.0233 | Te Loss: 0.9739 | Te Acc: 0.7963 | Te AUC: 0.7788
F8 E055 | Tr Loss: 0.0231 | Te Loss: 1.1124 | Te Acc: 0.7222 | Te AUC: 0.7500
F8 E060 | Tr Loss: 0.0148 | Te Loss: 1.1695 | Te Acc: 0.7037 | Te AUC: 0.7555
F8 E065 | Tr Loss: 0.0135 | Te Loss: 1.4332 | Te Acc: 0.6296 | Te AUC: 0.7308
F8 E070 | Tr Loss: 0.0136 | Te Loss: 1.3085 | Te Acc: 0.7222 | Te AUC: 0.7555
F8 E075 | Tr Loss: 0.0165 | Te Loss: 0.9809 | Te Acc: 0.7407 | Te AUC: 0.7788
F8 E080 | Tr Loss: 0.0432 | Te Loss: 1.0929 | Te Acc: 0.7222 | Te AUC: 0.7555
F8 E085 | Tr Loss: 0.0118 | Te Loss: 1.2681 | Te Acc: 0.7593 | Te AUC: 0.7596
F8 E090 | Tr Loss: 0.0053 | Te Loss: 1.2484 | Te Acc: 0.7407 | Te AUC: 0.7734
F8 E095 | Tr Loss: 0.0032 | Te Loss: 1.2557 | Te Acc: 0.7222 | Te AUC: 0.7734
F8 E100 | Tr Loss: 0.0016 | Te Loss: 1.2675 | Te Acc: 0.7222 | Te AUC: 0.7679
F8 E105 | Tr Loss: 0.0027 | Te Loss: 1.3387 | Te Acc: 0.7222 | Te AUC: 0.7582
F8 E110 | Tr Loss: 0.0025 | Te Loss: 1.3168 | Te Acc: 0.7222 | Te AUC: 0.7624
F8 E115 | Tr Loss: 0.0039 | Te Loss: 1.3300 | Te Acc: 0.7222 | Te AUC: 0.7582
F8 E120 | Tr Loss: 0.0074 | Te Loss: 1.3898 | Te Acc: 0.7407 | Te AUC: 0.7555
F8 E125 | Tr Loss: 0.0041 | Te Loss: 1.3364 | Te Acc: 0.7407 | Te AUC: 0.7527
F8 E130 | Tr Loss: 0.0016 | Te Loss: 1.3527 | Te Acc: 0.7407 | Te AUC: 0.7569
Early stopping triggered at epoch 130.
Fold 8 - Training finished. Best Test Accuracy: 0.7593, AUC: 0.7816
Fold 8 elapsed time: 4.39 seconds.

--- Fold 9/10 ---
Starting training for Fold 9...
F9 E001 | Tr Loss: 0.6960 | Te Loss: 0.6358 | Te Acc: 0.6481 | Te AUC: 0.6648
F9 E005 | Tr Loss: 0.3662 | Te Loss: 0.5319 | Te Acc: 0.7222 | Te AUC: 0.8008
F9 E010 | Tr Loss: 0.1222 | Te Loss: 0.5389 | Te Acc: 0.7222 | Te AUC: 0.8407
F9 E015 | Tr Loss: 0.0464 | Te Loss: 0.5846 | Te Acc: 0.7407 | Te AUC: 0.8255
F9 E020 | Tr Loss: 0.0494 | Te Loss: 0.5690 | Te Acc: 0.7593 | Te AUC: 0.8489
F9 E025 | Tr Loss: 0.0278 | Te Loss: 0.6584 | Te Acc: 0.7222 | Te AUC: 0.8255
F9 E030 | Tr Loss: 0.0184 | Te Loss: 0.6880 | Te Acc: 0.7407 | Te AUC: 0.8201
F9 E035 | Tr Loss: 0.0212 | Te Loss: 0.7648 | Te Acc: 0.6667 | Te AUC: 0.8077
F9 E040 | Tr Loss: 0.0233 | Te Loss: 1.0164 | Te Acc: 0.6852 | Te AUC: 0.7830
F9 E045 | Tr Loss: 0.0323 | Te Loss: 0.8111 | Te Acc: 0.7222 | Te AUC: 0.8269
F9 E050 | Tr Loss: 0.0174 | Te Loss: 0.8483 | Te Acc: 0.7593 | Te AUC: 0.8146
F9 E055 | Tr Loss: 0.0496 | Te Loss: 0.8056 | Te Acc: 0.7407 | Te AUC: 0.8201
F9 E060 | Tr Loss: 0.0105 | Te Loss: 1.0365 | Te Acc: 0.7407 | Te AUC: 0.7953
F9 E065 | Tr Loss: 0.0341 | Te Loss: 0.8861 | Te Acc: 0.7037 | Te AUC: 0.8255
F9 E070 | Tr Loss: 0.0193 | Te Loss: 1.2239 | Te Acc: 0.7407 | Te AUC: 0.7816
F9 E075 | Tr Loss: 0.0213 | Te Loss: 1.0368 | Te Acc: 0.6852 | Te AUC: 0.7898
F9 E080 | Tr Loss: 0.0064 | Te Loss: 1.0581 | Te Acc: 0.7222 | Te AUC: 0.8063
F9 E085 | Tr Loss: 0.0058 | Te Loss: 1.0718 | Te Acc: 0.7222 | Te AUC: 0.8063
F9 E090 | Tr Loss: 0.0112 | Te Loss: 1.0692 | Te Acc: 0.6852 | Te AUC: 0.8091
F9 E095 | Tr Loss: 0.0047 | Te Loss: 1.0876 | Te Acc: 0.7407 | Te AUC: 0.8008
F9 E100 | Tr Loss: 0.0065 | Te Loss: 1.0813 | Te Acc: 0.7222 | Te AUC: 0.8146
F9 E105 | Tr Loss: 0.0051 | Te Loss: 1.0999 | Te Acc: 0.7222 | Te AUC: 0.8022
F9 E110 | Tr Loss: 0.0052 | Te Loss: 1.1191 | Te Acc: 0.7222 | Te AUC: 0.8104
F9 E115 | Tr Loss: 0.0067 | Te Loss: 1.1057 | Te Acc: 0.7407 | Te AUC: 0.8132
F9 E120 | Tr Loss: 0.0027 | Te Loss: 1.1015 | Te Acc: 0.7593 | Te AUC: 0.8132
Early stopping triggered at epoch 120.
Fold 9 - Training finished. Best Test Accuracy: 0.7593, AUC: 0.8489
Fold 9 elapsed time: 4.07 seconds.

--- Fold 10/10 ---
Starting training for Fold 10...
F10 E001 | Tr Loss: 0.6723 | Te Loss: 0.5999 | Te Acc: 0.7222 | Te AUC: 0.7953
F10 E005 | Tr Loss: 0.3748 | Te Loss: 0.5200 | Te Acc: 0.7963 | Te AUC: 0.8338
F10 E010 | Tr Loss: 0.1217 | Te Loss: 0.4644 | Te Acc: 0.7593 | Te AUC: 0.8599
F10 E015 | Tr Loss: 0.0555 | Te Loss: 0.5344 | Te Acc: 0.7407 | Te AUC: 0.8434
F10 E020 | Tr Loss: 0.0392 | Te Loss: 0.5897 | Te Acc: 0.7593 | Te AUC: 0.8214
F10 E025 | Tr Loss: 0.0735 | Te Loss: 0.6731 | Te Acc: 0.7037 | Te AUC: 0.8063
F10 E030 | Tr Loss: 0.0422 | Te Loss: 0.7536 | Te Acc: 0.6852 | Te AUC: 0.8077
F10 E035 | Tr Loss: 0.0446 | Te Loss: 0.6738 | Te Acc: 0.8148 | Te AUC: 0.8407
F10 E040 | Tr Loss: 0.0460 | Te Loss: 0.7979 | Te Acc: 0.7222 | Te AUC: 0.7967
F10 E045 | Tr Loss: 0.0463 | Te Loss: 0.9063 | Te Acc: 0.6667 | Te AUC: 0.8118
F10 E050 | Tr Loss: 0.0147 | Te Loss: 0.8771 | Te Acc: 0.7037 | Te AUC: 0.8022
F10 E055 | Tr Loss: 0.0599 | Te Loss: 0.9631 | Te Acc: 0.6667 | Te AUC: 0.7953
F10 E060 | Tr Loss: 0.0145 | Te Loss: 0.8014 | Te Acc: 0.7593 | Te AUC: 0.8118
F10 E065 | Tr Loss: 0.0203 | Te Loss: 0.9797 | Te Acc: 0.7222 | Te AUC: 0.8063
F10 E070 | Tr Loss: 0.0115 | Te Loss: 0.9701 | Te Acc: 0.7778 | Te AUC: 0.7995
F10 E075 | Tr Loss: 0.0073 | Te Loss: 1.0073 | Te Acc: 0.6852 | Te AUC: 0.8036
F10 E080 | Tr Loss: 0.0069 | Te Loss: 0.9649 | Te Acc: 0.7593 | Te AUC: 0.8049
F10 E085 | Tr Loss: 0.0063 | Te Loss: 0.9761 | Te Acc: 0.7407 | Te AUC: 0.8022
F10 E090 | Tr Loss: 0.0043 | Te Loss: 0.9839 | Te Acc: 0.7407 | Te AUC: 0.8022
F10 E095 | Tr Loss: 0.0036 | Te Loss: 0.9563 | Te Acc: 0.7037 | Te AUC: 0.7953
F10 E100 | Tr Loss: 0.0017 | Te Loss: 0.9508 | Te Acc: 0.7222 | Te AUC: 0.8036
F10 E105 | Tr Loss: 0.0024 | Te Loss: 0.9670 | Te Acc: 0.7222 | Te AUC: 0.8077
F10 E110 | Tr Loss: 0.0018 | Te Loss: 0.9807 | Te Acc: 0.7222 | Te AUC: 0.8063
Early stopping triggered at epoch 110.
Fold 10 - Training finished. Best Test Accuracy: 0.7593, AUC: 0.8599
Fold 10 elapsed time: 3.75 seconds.

--- Cross-Validation Results ---
Number of successfully completed folds: 10/10
Average Accuracy:  0.7254 +/- 0.0575
Average F1-Score:  0.7245
Average Precision: 0.7279
Average Recall:    0.7254
Average AUC:       0.7970

Total elapsed time: 45.23 seconds.
--- Baseline MLP Run Finished ---
Frankenstein Training completed at Wed Apr 16 05:00:27 AM EDT 2025
