Starting ACHNN regression training with 16 CPUs and 1 GPU at Wed Apr 16 03:09:32 AM EDT 2025
Loading configuration from config.yaml...

--- Configuration Used ---
data_params:
  exclude_cols:
  - 'Unnamed: 0'
  - X
  - subject
  - FILE_ID
  - qc_rater_1
  - qc_notes_rater_1
  - qc_anat_rater_2
  - qc_anat_notes_rater_2
  - qc_func_rater_2
  - qc_func_notes_rater_2
  - qc_anat_rater_3
  - qc_anat_notes_rater_3
  - qc_func_rater_3
  - qc_func_notes_rater_3
  max_ts_length: -1
  num_regions: 200
  phenotype_cols_categorical:
  - SEX
  - SITE_ID
  - EYE_STATUS_AT_SCAN
  phenotype_cols_numerical:
  - AGE_AT_SCAN
  - FIQ
  - func_mean_fd
  phenotype_file: Phenotypic_V1_0b_preprocessed1.csv
  region_dir: /home/pl217/frankensteins_model/results/abide_timeseries/ccs_filt_noglobal_rois_cc200
  site_id_col: SITE_ID
  sub_id_col: SUB_ID
  target_col: DX_GROUP
graph_params:
  k_neighbors: 20
model_params:
  dropout_rate: 0.4
  gnn_heads: 4
  gnn_hidden_dim: 128
  gnn_output_dim: 2
  pheno_embedding_dim: 64
  pheno_hidden_dim: 128
  ts_embedding_dim: 128
  ts_transformer_d_model: 128
  ts_transformer_dim_feedforward: 512
  ts_transformer_nhead: 4
  ts_transformer_num_layers: 2
run_params:
  device: cuda
  early_stopping_patience: 30
  encoder_batch_size: 32
  epochs: 200
  learning_rate: 0.0005
  n_splits: 10
  seed: 42
  weight_decay: 0.0005

--------------------------

Using configured max_ts_length setting: -1 (-1 means use max in fold)
Using configured num_regions: 200
Using configured encoder_batch_size: 32
Random seed set to 42
Using GPU: NVIDIA RTX A5000
Loading phenotype data from: Phenotypic_V1_0b_preprocessed1.csv
Original selected data shape: (1112, 8)
Using target column: 'DX_GROUP'
Filtered out 0 rows with invalid/missing target values.
Phenotype data shape after target filtering: (1112, 8)
Processing specified numerical features...
 Processing numerical columns: ['AGE_AT_SCAN', 'FIQ', 'func_mean_fd']
Processing specified categorical features...
 Processing categorical columns: ['SEX', 'SITE_ID', 'EYE_STATUS_AT_SCAN']
  Encoded categorical columns: ['SEX_1', 'SEX_2', 'SITE_ID_CALTECH', 'SITE_ID_CMU', 'SITE_ID_KKI', 'SITE_ID_LEUVEN_1', 'SITE_ID_LEUVEN_2', 'SITE_ID_MAX_MUN', 'SITE_ID_NYU', 'SITE_ID_OHSU', 'SITE_ID_OLIN', 'SITE_ID_PITT', 'SITE_ID_SBL', 'SITE_ID_SDSU', 'SITE_ID_STANFORD', 'SITE_ID_TRINITY', 'SITE_ID_UCLA_1', 'SITE_ID_UCLA_2', 'SITE_ID_UM_1', 'SITE_ID_UM_2', 'SITE_ID_USM', 'SITE_ID_YALE', 'EYE_STATUS_AT_SCAN_1', 'EYE_STATUS_AT_SCAN_2']
Final phenotype features identified (27): ['AGE_AT_SCAN', 'FIQ', 'func_mean_fd', 'SEX_1', 'SEX_2', 'SITE_ID_CALTECH', 'SITE_ID_CMU', 'SITE_ID_KKI', 'SITE_ID_LEUVEN_1', 'SITE_ID_LEUVEN_2', 'SITE_ID_MAX_MUN', 'SITE_ID_NYU', 'SITE_ID_OHSU', 'SITE_ID_OLIN', 'SITE_ID_PITT', 'SITE_ID_SBL', 'SITE_ID_SDSU', 'SITE_ID_STANFORD', 'SITE_ID_TRINITY', 'SITE_ID_UCLA_1', 'SITE_ID_UCLA_2', 'SITE_ID_UM_1', 'SITE_ID_UM_2', 'SITE_ID_USM', 'SITE_ID_YALE', 'EYE_STATUS_AT_SCAN_1', 'EYE_STATUS_AT_SCAN_2']
Checking for corresponding TS files in: /home/pl217/frankensteins_model/results/abide_timeseries/ccs_filt_noglobal_rois_cc200
Processed 1112 subjects from phenotype data.
Found existing, non-empty TS files for 624 subjects.
Skipped 488 subjects (missing file or invalid ID/Site).
Skipped 0 subjects (empty file).
Total subjects available for K-Fold analysis: 624

--- Fold 1/10 ---
Calculating max TS length for Positional Encoding (624 subjects)...
Determined max TS length 295 from 624 valid files for Positional Encoding.
Fold 1 using dynamic max length (up to 295 for PE).
Loading time series for 624 subjects in fold...
No truncation active. Will pad to max length found in this fold's successful loads.
Padding to max length found in fold: 295
Padding 624 time series to final length: 295
Proceeding with 624 subjects for Fold 1 model training/evaluation.
Phenotype encoder created.
Generating initial embeddings for graph construction (Batch Size: 32)...
Initial embeddings generated.
Building k-NN graph (k=20)...
Graph built with 624 nodes and 12480 edges.
Starting training for Fold 1... Train samples: 561, Test samples: 63
F1 E001 | Loss: 0.7248 | Tr Acc: 0.4831 | Te Acc: 0.4921 | Te AUC: 0.4758 | Te F1: 0.3246
F1 E005 | Loss: 0.7100 | Tr Acc: 0.5472 | Te Acc: 0.5556 | Te AUC: 0.5938 | Te F1: 0.4593
F1 E010 | Loss: 0.6851 | Tr Acc: 0.5169 | Te Acc: 0.5079 | Te AUC: 0.6139 | Te F1: 0.3422
F1 E015 | Loss: 0.6852 | Tr Acc: 0.5651 | Te Acc: 0.5714 | Te AUC: 0.6371 | Te F1: 0.5017
F1 E020 | Loss: 0.6829 | Tr Acc: 0.4938 | Te Acc: 0.5079 | Te AUC: 0.6129 | Te F1: 0.3588
F1 E025 | Loss: 0.6794 | Tr Acc: 0.4848 | Te Acc: 0.4921 | Te AUC: 0.6633 | Te F1: 0.3246
F1 E030 | Loss: 0.6714 | Tr Acc: 0.6417 | Te Acc: 0.6190 | Te AUC: 0.6704 | Te F1: 0.6136
F1 E035 | Loss: 0.6586 | Tr Acc: 0.5722 | Te Acc: 0.5873 | Te AUC: 0.6976 | Te F1: 0.5266
F1 E040 | Loss: 0.6664 | Tr Acc: 0.5740 | Te Acc: 0.5873 | Te AUC: 0.6956 | Te F1: 0.5266
F1 E045 | Loss: 0.6661 | Tr Acc: 0.6453 | Te Acc: 0.6508 | Te AUC: 0.6895 | Te F1: 0.6481
F1 E050 | Loss: 0.6380 | Tr Acc: 0.5187 | Te Acc: 0.5714 | Te AUC: 0.6825 | Te F1: 0.4801
F1 E055 | Loss: 0.6273 | Tr Acc: 0.5205 | Te Acc: 0.5556 | Te AUC: 0.6653 | Te F1: 0.4519
F1 E060 | Loss: 0.6198 | Tr Acc: 0.6185 | Te Acc: 0.5556 | Te AUC: 0.6552 | Te F1: 0.5186
F1 E065 | Loss: 0.6276 | Tr Acc: 0.6667 | Te Acc: 0.6032 | Te AUC: 0.6825 | Te F1: 0.5939
F1 E070 | Loss: 0.6220 | Tr Acc: 0.5811 | Te Acc: 0.5873 | Te AUC: 0.6855 | Te F1: 0.5266
F1 E075 | Loss: 0.6074 | Tr Acc: 0.6720 | Te Acc: 0.5714 | Te AUC: 0.6724 | Te F1: 0.5635
F1 E080 | Loss: 0.6046 | Tr Acc: 0.6756 | Te Acc: 0.6190 | Te AUC: 0.6855 | Te F1: 0.6034
F1 E085 | Loss: 0.6034 | Tr Acc: 0.6934 | Te Acc: 0.6190 | Te AUC: 0.6815 | Te F1: 0.6190
F1 E090 | Loss: 0.5772 | Tr Acc: 0.7041 | Te Acc: 0.6190 | Te AUC: 0.6734 | Te F1: 0.6179
F1 E095 | Loss: 0.6010 | Tr Acc: 0.6970 | Te Acc: 0.6190 | Te AUC: 0.6784 | Te F1: 0.6120
F1 E100 | Loss: 0.5778 | Tr Acc: 0.6845 | Te Acc: 0.6190 | Te AUC: 0.6754 | Te F1: 0.6034
F1 E105 | Loss: 0.5820 | Tr Acc: 0.6417 | Te Acc: 0.5714 | Te AUC: 0.6704 | Te F1: 0.5354
F1 E110 | Loss: 0.5649 | Tr Acc: 0.6185 | Te Acc: 0.5556 | Te AUC: 0.6744 | Te F1: 0.5134
F1 E115 | Loss: 0.5620 | Tr Acc: 0.6702 | Te Acc: 0.6032 | Te AUC: 0.6724 | Te F1: 0.5840
F1 E120 | Loss: 0.5612 | Tr Acc: 0.7094 | Te Acc: 0.6190 | Te AUC: 0.6774 | Te F1: 0.6120
F1 E125 | Loss: 0.5720 | Tr Acc: 0.7077 | Te Acc: 0.6190 | Te AUC: 0.6784 | Te F1: 0.6120
F1 E130 | Loss: 0.5671 | Tr Acc: 0.7023 | Te Acc: 0.6349 | Te AUC: 0.6835 | Te F1: 0.6264
F1 E135 | Loss: 0.5703 | Tr Acc: 0.6952 | Te Acc: 0.6190 | Te AUC: 0.6804 | Te F1: 0.6034
F1 E140 | Loss: 0.5709 | Tr Acc: 0.6667 | Te Acc: 0.5714 | Te AUC: 0.6754 | Te F1: 0.5354
F1 E145 | Loss: 0.5667 | Tr Acc: 0.6417 | Te Acc: 0.5556 | Te AUC: 0.6734 | Te F1: 0.5134
F1 E150 | Loss: 0.5642 | Tr Acc: 0.6649 | Te Acc: 0.5714 | Te AUC: 0.6744 | Te F1: 0.5354
F1 E155 | Loss: 0.5607 | Tr Acc: 0.6756 | Te Acc: 0.6032 | Te AUC: 0.6794 | Te F1: 0.5840
F1 E160 | Loss: 0.5707 | Tr Acc: 0.6845 | Te Acc: 0.6032 | Te AUC: 0.6825 | Te F1: 0.5840
F1 E165 | Loss: 0.5525 | Tr Acc: 0.6881 | Te Acc: 0.6032 | Te AUC: 0.6835 | Te F1: 0.5840
F1 E170 | Loss: 0.5690 | Tr Acc: 0.6845 | Te Acc: 0.6032 | Te AUC: 0.6815 | Te F1: 0.5840
F1 E175 | Loss: 0.5667 | Tr Acc: 0.6827 | Te Acc: 0.6032 | Te AUC: 0.6804 | Te F1: 0.5840
F1 E180 | Loss: 0.5806 | Tr Acc: 0.6881 | Te Acc: 0.6032 | Te AUC: 0.6794 | Te F1: 0.5840
F1 E185 | Loss: 0.5638 | Tr Acc: 0.6881 | Te Acc: 0.6032 | Te AUC: 0.6794 | Te F1: 0.5840
Early stopping triggered at epoch 185 due to lack of improvement in Test AUC.
Fold 1 - Training finished. Best Test Accuracy: 0.5873, AUC: 0.6976
Fold 1 elapsed time: 59.24 seconds.

--- Fold 2/10 ---
Calculating max TS length for Positional Encoding (624 subjects)...
Determined max TS length 295 from 624 valid files for Positional Encoding.
Fold 2 using dynamic max length (up to 295 for PE).
Loading time series for 624 subjects in fold...
No truncation active. Will pad to max length found in this fold's successful loads.
Padding to max length found in fold: 295
Padding 624 time series to final length: 295
Proceeding with 624 subjects for Fold 2 model training/evaluation.
Phenotype encoder created.
Generating initial embeddings for graph construction (Batch Size: 32)...
Initial embeddings generated.
Building k-NN graph (k=20)...
Graph built with 624 nodes and 12480 edges.
Starting training for Fold 2... Train samples: 561, Test samples: 63
F2 E001 | Loss: 0.7208 | Tr Acc: 0.5152 | Te Acc: 0.5079 | Te AUC: 0.4607 | Te F1: 0.3422
F2 E005 | Loss: 0.7131 | Tr Acc: 0.5793 | Te Acc: 0.5397 | Te AUC: 0.4516 | Te F1: 0.4907
F2 E010 | Loss: 0.7072 | Tr Acc: 0.5651 | Te Acc: 0.5556 | Te AUC: 0.4476 | Te F1: 0.4758
F2 E015 | Loss: 0.6940 | Tr Acc: 0.4902 | Te Acc: 0.4762 | Te AUC: 0.4345 | Te F1: 0.3175
F2 E020 | Loss: 0.6659 | Tr Acc: 0.4848 | Te Acc: 0.4921 | Te AUC: 0.4284 | Te F1: 0.3246
F2 E025 | Loss: 0.6763 | Tr Acc: 0.4884 | Te Acc: 0.4921 | Te AUC: 0.4315 | Te F1: 0.3246
F2 E030 | Loss: 0.6834 | Tr Acc: 0.5686 | Te Acc: 0.4603 | Te AUC: 0.4435 | Te F1: 0.4257
F2 E035 | Loss: 0.6692 | Tr Acc: 0.6078 | Te Acc: 0.4603 | Te AUC: 0.4577 | Te F1: 0.4345
F2 E040 | Loss: 0.6588 | Tr Acc: 0.5134 | Te Acc: 0.4762 | Te AUC: 0.4546 | Te F1: 0.3175
F2 E045 | Loss: 0.6580 | Tr Acc: 0.6381 | Te Acc: 0.4921 | Te AUC: 0.4688 | Te F1: 0.4439
F2 E050 | Loss: 0.6589 | Tr Acc: 0.5829 | Te Acc: 0.5714 | Te AUC: 0.5192 | Te F1: 0.4868
F2 E055 | Loss: 0.6506 | Tr Acc: 0.5508 | Te Acc: 0.4762 | Te AUC: 0.4365 | Te F1: 0.4001
F2 E060 | Loss: 0.6344 | Tr Acc: 0.4866 | Te Acc: 0.4921 | Te AUC: 0.4567 | Te F1: 0.3246
F2 E065 | Loss: 0.6343 | Tr Acc: 0.5152 | Te Acc: 0.4603 | Te AUC: 0.4567 | Te F1: 0.3102
F2 E070 | Loss: 0.6231 | Tr Acc: 0.5989 | Te Acc: 0.5556 | Te AUC: 0.4355 | Te F1: 0.4593
F2 E075 | Loss: 0.6119 | Tr Acc: 0.6221 | Te Acc: 0.5556 | Te AUC: 0.4345 | Te F1: 0.5134
F2 E080 | Loss: 0.6086 | Tr Acc: 0.5027 | Te Acc: 0.4762 | Te AUC: 0.4647 | Te F1: 0.3175
F2 E085 | Loss: 0.6206 | Tr Acc: 0.6631 | Te Acc: 0.4762 | Te AUC: 0.4587 | Te F1: 0.4470
F2 E090 | Loss: 0.5896 | Tr Acc: 0.5775 | Te Acc: 0.5397 | Te AUC: 0.4728 | Te F1: 0.4304
F2 E095 | Loss: 0.6107 | Tr Acc: 0.5098 | Te Acc: 0.4762 | Te AUC: 0.4688 | Te F1: 0.3175
F2 E100 | Loss: 0.5778 | Tr Acc: 0.7166 | Te Acc: 0.4762 | Te AUC: 0.4839 | Te F1: 0.4754
F2 E105 | Loss: 0.5773 | Tr Acc: 0.7005 | Te Acc: 0.4762 | Te AUC: 0.4788 | Te F1: 0.4509
F2 E110 | Loss: 0.5695 | Tr Acc: 0.7344 | Te Acc: 0.5079 | Te AUC: 0.4980 | Te F1: 0.4989
F2 E115 | Loss: 0.5776 | Tr Acc: 0.6934 | Te Acc: 0.5238 | Te AUC: 0.5050 | Te F1: 0.5075
F2 E120 | Loss: 0.5607 | Tr Acc: 0.7487 | Te Acc: 0.5079 | Te AUC: 0.5000 | Te F1: 0.4989
F2 E125 | Loss: 0.5405 | Tr Acc: 0.7201 | Te Acc: 0.5079 | Te AUC: 0.4960 | Te F1: 0.4939
F2 E130 | Loss: 0.5750 | Tr Acc: 0.7059 | Te Acc: 0.5238 | Te AUC: 0.4940 | Te F1: 0.5075
F2 E135 | Loss: 0.5593 | Tr Acc: 0.6809 | Te Acc: 0.4762 | Te AUC: 0.4970 | Te F1: 0.4470
F2 E140 | Loss: 0.5379 | Tr Acc: 0.6399 | Te Acc: 0.4762 | Te AUC: 0.4990 | Te F1: 0.4378
F2 E145 | Loss: 0.5347 | Tr Acc: 0.7291 | Te Acc: 0.5079 | Te AUC: 0.4950 | Te F1: 0.4939
F2 E150 | Loss: 0.5427 | Tr Acc: 0.7647 | Te Acc: 0.5079 | Te AUC: 0.4919 | Te F1: 0.5077
F2 E155 | Loss: 0.5495 | Tr Acc: 0.7701 | Te Acc: 0.4762 | Te AUC: 0.4940 | Te F1: 0.4762
F2 E160 | Loss: 0.5399 | Tr Acc: 0.7184 | Te Acc: 0.5238 | Te AUC: 0.5000 | Te F1: 0.5075
F2 E165 | Loss: 0.5398 | Tr Acc: 0.7255 | Te Acc: 0.5079 | Te AUC: 0.4980 | Te F1: 0.4939
F2 E170 | Loss: 0.5422 | Tr Acc: 0.7469 | Te Acc: 0.5079 | Te AUC: 0.4980 | Te F1: 0.4939
F2 E175 | Loss: 0.5313 | Tr Acc: 0.7487 | Te Acc: 0.5079 | Te AUC: 0.5010 | Te F1: 0.4939
F2 E180 | Loss: 0.5443 | Tr Acc: 0.7629 | Te Acc: 0.5079 | Te AUC: 0.5020 | Te F1: 0.4939
F2 E185 | Loss: 0.5598 | Tr Acc: 0.7594 | Te Acc: 0.5079 | Te AUC: 0.5030 | Te F1: 0.4939
F2 E190 | Loss: 0.5235 | Tr Acc: 0.7469 | Te Acc: 0.5079 | Te AUC: 0.5030 | Te F1: 0.4939
F2 E195 | Loss: 0.5281 | Tr Acc: 0.7487 | Te Acc: 0.5079 | Te AUC: 0.5020 | Te F1: 0.4939
F2 E200 | Loss: 0.5386 | Tr Acc: 0.7469 | Te Acc: 0.5079 | Te AUC: 0.5000 | Te F1: 0.4939
Early stopping triggered at epoch 200 due to lack of improvement in Test AUC.
Fold 2 - Training finished. Best Test Accuracy: 0.5714, AUC: 0.5192
Fold 2 elapsed time: 61.28 seconds.

--- Fold 3/10 ---
Calculating max TS length for Positional Encoding (624 subjects)...
Determined max TS length 295 from 624 valid files for Positional Encoding.
Fold 3 using dynamic max length (up to 295 for PE).
Loading time series for 624 subjects in fold...
No truncation active. Will pad to max length found in this fold's successful loads.
Padding to max length found in fold: 295
Padding 624 time series to final length: 295
Proceeding with 624 subjects for Fold 3 model training/evaluation.
Phenotype encoder created.
Generating initial embeddings for graph construction (Batch Size: 32)...
Initial embeddings generated.
Building k-NN graph (k=20)...
Graph built with 624 nodes and 12480 edges.
Starting training for Fold 3... Train samples: 561, Test samples: 63
F3 E001 | Loss: 0.7190 | Tr Acc: 0.4848 | Te Acc: 0.4762 | Te AUC: 0.6061 | Te F1: 0.3072
F3 E005 | Loss: 0.7036 | Tr Acc: 0.4848 | Te Acc: 0.4762 | Te AUC: 0.6414 | Te F1: 0.3072
F3 E010 | Loss: 0.6956 | Tr Acc: 0.5561 | Te Acc: 0.5079 | Te AUC: 0.6687 | Te F1: 0.4569
F3 E015 | Loss: 0.6832 | Tr Acc: 0.6061 | Te Acc: 0.6349 | Te AUC: 0.6545 | Te F1: 0.6346
F3 E020 | Loss: 0.6717 | Tr Acc: 0.6364 | Te Acc: 0.5714 | Te AUC: 0.6636 | Te F1: 0.5570
F3 E025 | Loss: 0.6614 | Tr Acc: 0.6114 | Te Acc: 0.6190 | Te AUC: 0.6485 | Te F1: 0.6181
F3 E030 | Loss: 0.6445 | Tr Acc: 0.5989 | Te Acc: 0.5873 | Te AUC: 0.6677 | Te F1: 0.5431
F3 E035 | Loss: 0.6539 | Tr Acc: 0.6132 | Te Acc: 0.5873 | Te AUC: 0.6677 | Te F1: 0.5525
F3 E040 | Loss: 0.6430 | Tr Acc: 0.6114 | Te Acc: 0.6032 | Te AUC: 0.6687 | Te F1: 0.5654
F3 E045 | Loss: 0.6329 | Tr Acc: 0.5793 | Te Acc: 0.4603 | Te AUC: 0.6586 | Te F1: 0.3978
F3 E050 | Loss: 0.6206 | Tr Acc: 0.6275 | Te Acc: 0.5873 | Te AUC: 0.6818 | Te F1: 0.5708
F3 E055 | Loss: 0.6120 | Tr Acc: 0.6542 | Te Acc: 0.7143 | Te AUC: 0.6838 | Te F1: 0.7144
F3 E060 | Loss: 0.6099 | Tr Acc: 0.6221 | Te Acc: 0.6190 | Te AUC: 0.6798 | Te F1: 0.5782
F3 E065 | Loss: 0.5798 | Tr Acc: 0.6239 | Te Acc: 0.6190 | Te AUC: 0.6758 | Te F1: 0.5782
F3 E070 | Loss: 0.5820 | Tr Acc: 0.5811 | Te Acc: 0.5873 | Te AUC: 0.6646 | Te F1: 0.5048
F3 E075 | Loss: 0.5904 | Tr Acc: 0.5526 | Te Acc: 0.4921 | Te AUC: 0.6465 | Te F1: 0.4038
F3 E080 | Loss: 0.5748 | Tr Acc: 0.5526 | Te Acc: 0.5397 | Te AUC: 0.6455 | Te F1: 0.3946
F3 E085 | Loss: 0.5706 | Tr Acc: 0.5526 | Te Acc: 0.5397 | Te AUC: 0.6515 | Te F1: 0.3946
F3 E090 | Loss: 0.5629 | Tr Acc: 0.5561 | Te Acc: 0.4921 | Te AUC: 0.6293 | Te F1: 0.4038
F3 E095 | Loss: 0.5488 | Tr Acc: 0.6471 | Te Acc: 0.6190 | Te AUC: 0.6434 | Te F1: 0.5944
F3 E100 | Loss: 0.5306 | Tr Acc: 0.7487 | Te Acc: 0.6032 | Te AUC: 0.6485 | Te F1: 0.5977
F3 E105 | Loss: 0.5129 | Tr Acc: 0.5401 | Te Acc: 0.5397 | Te AUC: 0.6505 | Te F1: 0.3946
F3 E110 | Loss: 0.4932 | Tr Acc: 0.6988 | Te Acc: 0.5397 | Te AUC: 0.6465 | Te F1: 0.5106
F3 E115 | Loss: 0.5022 | Tr Acc: 0.7398 | Te Acc: 0.6349 | Te AUC: 0.6323 | Te F1: 0.6283
F3 E120 | Loss: 0.4909 | Tr Acc: 0.6310 | Te Acc: 0.5556 | Te AUC: 0.6202 | Te F1: 0.5079
F3 E125 | Loss: 0.4908 | Tr Acc: 0.6061 | Te Acc: 0.5556 | Te AUC: 0.6242 | Te F1: 0.4667
F3 E130 | Loss: 0.4898 | Tr Acc: 0.6506 | Te Acc: 0.5556 | Te AUC: 0.6182 | Te F1: 0.4961
F3 E135 | Loss: 0.4847 | Tr Acc: 0.7380 | Te Acc: 0.6349 | Te AUC: 0.6172 | Te F1: 0.6246
F3 E140 | Loss: 0.4898 | Tr Acc: 0.7807 | Te Acc: 0.6190 | Te AUC: 0.6162 | Te F1: 0.6181
F3 E145 | Loss: 0.4753 | Tr Acc: 0.7344 | Te Acc: 0.6349 | Te AUC: 0.6111 | Te F1: 0.6246
F3 E150 | Loss: 0.4781 | Tr Acc: 0.6720 | Te Acc: 0.5714 | Te AUC: 0.6152 | Te F1: 0.5200
F3 E155 | Loss: 0.4678 | Tr Acc: 0.6809 | Te Acc: 0.5397 | Te AUC: 0.6121 | Te F1: 0.4958
F3 E160 | Loss: 0.4632 | Tr Acc: 0.6863 | Te Acc: 0.5397 | Te AUC: 0.6162 | Te F1: 0.4958
F3 E165 | Loss: 0.4581 | Tr Acc: 0.6738 | Te Acc: 0.5397 | Te AUC: 0.6162 | Te F1: 0.4958
F3 E170 | Loss: 0.4366 | Tr Acc: 0.6970 | Te Acc: 0.5397 | Te AUC: 0.6172 | Te F1: 0.4958
F3 E175 | Loss: 0.4572 | Tr Acc: 0.7023 | Te Acc: 0.5397 | Te AUC: 0.6172 | Te F1: 0.4958
F3 E180 | Loss: 0.4479 | Tr Acc: 0.7148 | Te Acc: 0.5714 | Te AUC: 0.6172 | Te F1: 0.5397
F3 E185 | Loss: 0.4555 | Tr Acc: 0.7148 | Te Acc: 0.5556 | Te AUC: 0.6172 | Te F1: 0.5181
F3 E190 | Loss: 0.4509 | Tr Acc: 0.7148 | Te Acc: 0.5556 | Te AUC: 0.6182 | Te F1: 0.5181
F3 E195 | Loss: 0.4664 | Tr Acc: 0.7166 | Te Acc: 0.5714 | Te AUC: 0.6182 | Te F1: 0.5397
F3 E200 | Loss: 0.4559 | Tr Acc: 0.7148 | Te Acc: 0.5714 | Te AUC: 0.6182 | Te F1: 0.5397
Fold 3 - Training finished. Best Test Accuracy: 0.7143, AUC: 0.6838
Fold 3 elapsed time: 87.29 seconds.

--- Fold 4/10 ---
Calculating max TS length for Positional Encoding (624 subjects)...
Determined max TS length 295 from 624 valid files for Positional Encoding.
Fold 4 using dynamic max length (up to 295 for PE).
Loading time series for 624 subjects in fold...
No truncation active. Will pad to max length found in this fold's successful loads.
Padding to max length found in fold: 295
Padding 624 time series to final length: 295
Proceeding with 624 subjects for Fold 4 model training/evaluation.
Phenotype encoder created.
Generating initial embeddings for graph construction (Batch Size: 32)...
Initial embeddings generated.
Building k-NN graph (k=20)...
Graph built with 624 nodes and 12480 edges.
Starting training for Fold 4... Train samples: 561, Test samples: 63
F4 E001 | Loss: 0.7124 | Tr Acc: 0.5152 | Te Acc: 0.5238 | Te AUC: 0.6384 | Te F1: 0.3601
F4 E005 | Loss: 0.6953 | Tr Acc: 0.5152 | Te Acc: 0.5238 | Te AUC: 0.6283 | Te F1: 0.3601
F4 E010 | Loss: 0.6788 | Tr Acc: 0.5062 | Te Acc: 0.4762 | Te AUC: 0.5919 | Te F1: 0.3334
F4 E015 | Loss: 0.6783 | Tr Acc: 0.5579 | Te Acc: 0.4603 | Te AUC: 0.5889 | Te F1: 0.4105
F4 E020 | Loss: 0.6735 | Tr Acc: 0.5686 | Te Acc: 0.4444 | Te AUC: 0.5949 | Te F1: 0.3568
F4 E025 | Loss: 0.6641 | Tr Acc: 0.6025 | Te Acc: 0.5556 | Te AUC: 0.5707 | Te F1: 0.5510
F4 E030 | Loss: 0.6583 | Tr Acc: 0.5258 | Te Acc: 0.4444 | Te AUC: 0.5697 | Te F1: 0.3172
F4 E035 | Loss: 0.6437 | Tr Acc: 0.5294 | Te Acc: 0.4444 | Te AUC: 0.5707 | Te F1: 0.3172
F4 E040 | Loss: 0.6482 | Tr Acc: 0.5615 | Te Acc: 0.5079 | Te AUC: 0.5616 | Te F1: 0.4303
F4 E045 | Loss: 0.6563 | Tr Acc: 0.6310 | Te Acc: 0.5397 | Te AUC: 0.5263 | Te F1: 0.5376
F4 E050 | Loss: 0.6347 | Tr Acc: 0.5722 | Te Acc: 0.5397 | Te AUC: 0.5212 | Te F1: 0.3946
F4 E055 | Loss: 0.6318 | Tr Acc: 0.5989 | Te Acc: 0.5238 | Te AUC: 0.5293 | Te F1: 0.4286
F4 E060 | Loss: 0.6392 | Tr Acc: 0.6417 | Te Acc: 0.5238 | Te AUC: 0.5232 | Te F1: 0.5075
F4 E065 | Loss: 0.6368 | Tr Acc: 0.6488 | Te Acc: 0.5556 | Te AUC: 0.5232 | Te F1: 0.5524
F4 E070 | Loss: 0.6422 | Tr Acc: 0.6506 | Te Acc: 0.4921 | Te AUC: 0.5343 | Te F1: 0.4923
F4 E075 | Loss: 0.6389 | Tr Acc: 0.6168 | Te Acc: 0.5238 | Te AUC: 0.5465 | Te F1: 0.5106
F4 E080 | Loss: 0.6215 | Tr Acc: 0.6381 | Te Acc: 0.5397 | Te AUC: 0.5505 | Te F1: 0.5334
F4 E085 | Loss: 0.6207 | Tr Acc: 0.6471 | Te Acc: 0.5238 | Te AUC: 0.5424 | Te F1: 0.5216
F4 E090 | Loss: 0.6358 | Tr Acc: 0.6560 | Te Acc: 0.5238 | Te AUC: 0.5404 | Te F1: 0.5238
F4 E095 | Loss: 0.6202 | Tr Acc: 0.6524 | Te Acc: 0.5714 | Te AUC: 0.5343 | Te F1: 0.5695
F4 E100 | Loss: 0.6355 | Tr Acc: 0.6649 | Te Acc: 0.4921 | Te AUC: 0.5232 | Te F1: 0.4747
F4 E105 | Loss: 0.6290 | Tr Acc: 0.6667 | Te Acc: 0.5079 | Te AUC: 0.5182 | Te F1: 0.4940
F4 E110 | Loss: 0.6248 | Tr Acc: 0.6524 | Te Acc: 0.4762 | Te AUC: 0.5131 | Te F1: 0.4548
F4 E115 | Loss: 0.6358 | Tr Acc: 0.6595 | Te Acc: 0.5079 | Te AUC: 0.5131 | Te F1: 0.4940
F4 E120 | Loss: 0.6199 | Tr Acc: 0.6613 | Te Acc: 0.5079 | Te AUC: 0.5152 | Te F1: 0.4990
F4 E125 | Loss: 0.6335 | Tr Acc: 0.6595 | Te Acc: 0.5079 | Te AUC: 0.5152 | Te F1: 0.4990
F4 E130 | Loss: 0.6214 | Tr Acc: 0.6595 | Te Acc: 0.5238 | Te AUC: 0.5141 | Te F1: 0.5172
F4 E135 | Loss: 0.6304 | Tr Acc: 0.6649 | Te Acc: 0.5238 | Te AUC: 0.5131 | Te F1: 0.5172
F4 E140 | Loss: 0.6283 | Tr Acc: 0.6613 | Te Acc: 0.5238 | Te AUC: 0.5111 | Te F1: 0.5172
F4 E145 | Loss: 0.6202 | Tr Acc: 0.6631 | Te Acc: 0.5556 | Te AUC: 0.5111 | Te F1: 0.5524
F4 E150 | Loss: 0.6222 | Tr Acc: 0.6613 | Te Acc: 0.5556 | Te AUC: 0.5121 | Te F1: 0.5524
Early stopping triggered at epoch 150 due to lack of improvement in Test AUC.
Fold 4 - Training finished. Best Test Accuracy: 0.5238, AUC: 0.6384
Fold 4 elapsed time: 44.92 seconds.

--- Fold 5/10 ---
Calculating max TS length for Positional Encoding (624 subjects)...
Determined max TS length 295 from 624 valid files for Positional Encoding.
Fold 5 using dynamic max length (up to 295 for PE).
Loading time series for 624 subjects in fold...
No truncation active. Will pad to max length found in this fold's successful loads.
Padding to max length found in fold: 295
Padding 624 time series to final length: 295
Proceeding with 624 subjects for Fold 5 model training/evaluation.
Phenotype encoder created.
Generating initial embeddings for graph construction (Batch Size: 32)...
Initial embeddings generated.
Building k-NN graph (k=20)...
Graph built with 624 nodes and 12480 edges.
Starting training for Fold 5... Train samples: 562, Test samples: 62
F5 E001 | Loss: 0.7032 | Tr Acc: 0.5160 | Te Acc: 0.5161 | Te AUC: 0.6854 | Te F1: 0.3514
F5 E005 | Loss: 0.6950 | Tr Acc: 0.5320 | Te Acc: 0.5645 | Te AUC: 0.6490 | Te F1: 0.5146
F5 E010 | Loss: 0.6842 | Tr Acc: 0.4840 | Te Acc: 0.5000 | Te AUC: 0.6823 | Te F1: 0.3503
F5 E015 | Loss: 0.6973 | Tr Acc: 0.5836 | Te Acc: 0.5968 | Te AUC: 0.6615 | Te F1: 0.5901
F5 E020 | Loss: 0.6654 | Tr Acc: 0.5765 | Te Acc: 0.5645 | Te AUC: 0.6542 | Te F1: 0.4701
F5 E025 | Loss: 0.6712 | Tr Acc: 0.6228 | Te Acc: 0.6129 | Te AUC: 0.6542 | Te F1: 0.5724
F5 E030 | Loss: 0.6587 | Tr Acc: 0.5338 | Te Acc: 0.5968 | Te AUC: 0.6396 | Te F1: 0.5268
F5 E035 | Loss: 0.6572 | Tr Acc: 0.4893 | Te Acc: 0.5000 | Te AUC: 0.6531 | Te F1: 0.3503
F5 E040 | Loss: 0.6398 | Tr Acc: 0.6423 | Te Acc: 0.5484 | Te AUC: 0.6240 | Te F1: 0.5387
F5 E045 | Loss: 0.6334 | Tr Acc: 0.5569 | Te Acc: 0.5161 | Te AUC: 0.6000 | Te F1: 0.3514
F5 E050 | Loss: 0.6256 | Tr Acc: 0.6601 | Te Acc: 0.5323 | Te AUC: 0.6187 | Te F1: 0.5319
F5 E055 | Loss: 0.6285 | Tr Acc: 0.4929 | Te Acc: 0.5000 | Te AUC: 0.6375 | Te F1: 0.3503
F5 E060 | Loss: 0.6278 | Tr Acc: 0.5285 | Te Acc: 0.5323 | Te AUC: 0.6354 | Te F1: 0.4147
F5 E065 | Loss: 0.6225 | Tr Acc: 0.6317 | Te Acc: 0.6452 | Te AUC: 0.6333 | Te F1: 0.6338
F5 E070 | Loss: 0.6133 | Tr Acc: 0.6690 | Te Acc: 0.5645 | Te AUC: 0.6125 | Te F1: 0.5333
F5 E075 | Loss: 0.6276 | Tr Acc: 0.6352 | Te Acc: 0.5323 | Te AUC: 0.6062 | Te F1: 0.4641
F5 E080 | Loss: 0.6281 | Tr Acc: 0.6744 | Te Acc: 0.5323 | Te AUC: 0.6063 | Te F1: 0.4987
F5 E085 | Loss: 0.6075 | Tr Acc: 0.6833 | Te Acc: 0.5000 | Te AUC: 0.6094 | Te F1: 0.4805
F5 E090 | Loss: 0.6062 | Tr Acc: 0.6904 | Te Acc: 0.5000 | Te AUC: 0.6083 | Te F1: 0.4867
F5 E095 | Loss: 0.6282 | Tr Acc: 0.6851 | Te Acc: 0.5323 | Te AUC: 0.6094 | Te F1: 0.5198
F5 E100 | Loss: 0.6101 | Tr Acc: 0.6815 | Te Acc: 0.5161 | Te AUC: 0.6115 | Te F1: 0.5161
F5 E105 | Loss: 0.6002 | Tr Acc: 0.6406 | Te Acc: 0.6129 | Te AUC: 0.6125 | Te F1: 0.5953
F5 E110 | Loss: 0.5983 | Tr Acc: 0.6851 | Te Acc: 0.5000 | Te AUC: 0.6094 | Te F1: 0.4996
F5 E115 | Loss: 0.6172 | Tr Acc: 0.6797 | Te Acc: 0.5000 | Te AUC: 0.6104 | Te F1: 0.4996
F5 E120 | Loss: 0.5991 | Tr Acc: 0.6797 | Te Acc: 0.5000 | Te AUC: 0.6135 | Te F1: 0.4996
F5 E125 | Loss: 0.6028 | Tr Acc: 0.6779 | Te Acc: 0.5000 | Te AUC: 0.6156 | Te F1: 0.4996
F5 E130 | Loss: 0.6134 | Tr Acc: 0.6815 | Te Acc: 0.5161 | Te AUC: 0.6156 | Te F1: 0.5151
F5 E135 | Loss: 0.6030 | Tr Acc: 0.6797 | Te Acc: 0.5000 | Te AUC: 0.6146 | Te F1: 0.4996
F5 E140 | Loss: 0.6134 | Tr Acc: 0.6851 | Te Acc: 0.5000 | Te AUC: 0.6146 | Te F1: 0.4996
F5 E145 | Loss: 0.5894 | Tr Acc: 0.6851 | Te Acc: 0.5000 | Te AUC: 0.6146 | Te F1: 0.4996
F5 E150 | Loss: 0.6090 | Tr Acc: 0.6868 | Te Acc: 0.5000 | Te AUC: 0.6125 | Te F1: 0.4996
Early stopping triggered at epoch 150 due to lack of improvement in Test AUC.
Fold 5 - Training finished. Best Test Accuracy: 0.5161, AUC: 0.6854
Fold 5 elapsed time: 62.23 seconds.

--- Fold 6/10 ---
Calculating max TS length for Positional Encoding (624 subjects)...
Determined max TS length 295 from 624 valid files for Positional Encoding.
Fold 6 using dynamic max length (up to 295 for PE).
Loading time series for 624 subjects in fold...
No truncation active. Will pad to max length found in this fold's successful loads.
Padding to max length found in fold: 295
Padding 624 time series to final length: 295
Proceeding with 624 subjects for Fold 6 model training/evaluation.
Phenotype encoder created.
Generating initial embeddings for graph construction (Batch Size: 32)...
Initial embeddings generated.
Building k-NN graph (k=20)...
Graph built with 624 nodes and 12480 edges.
Starting training for Fold 6... Train samples: 562, Test samples: 62
F6 E001 | Loss: 0.7143 | Tr Acc: 0.4840 | Te Acc: 0.4839 | Te AUC: 0.6667 | Te F1: 0.3156
F6 E005 | Loss: 0.7024 | Tr Acc: 0.5552 | Te Acc: 0.6290 | Te AUC: 0.6240 | Te F1: 0.6287
F6 E010 | Loss: 0.6920 | Tr Acc: 0.5872 | Te Acc: 0.6452 | Te AUC: 0.6323 | Te F1: 0.6444
F6 E015 | Loss: 0.6795 | Tr Acc: 0.5285 | Te Acc: 0.4677 | Te AUC: 0.6188 | Te F1: 0.3340
F6 E020 | Loss: 0.6746 | Tr Acc: 0.6050 | Te Acc: 0.5161 | Te AUC: 0.5396 | Te F1: 0.4942
F6 E025 | Loss: 0.6551 | Tr Acc: 0.6085 | Te Acc: 0.5484 | Te AUC: 0.5365 | Te F1: 0.5387
F6 E030 | Loss: 0.6595 | Tr Acc: 0.6299 | Te Acc: 0.5645 | Te AUC: 0.5250 | Te F1: 0.5628
F6 E035 | Loss: 0.6552 | Tr Acc: 0.5836 | Te Acc: 0.4194 | Te AUC: 0.5135 | Te F1: 0.3281
F6 E040 | Loss: 0.6423 | Tr Acc: 0.6192 | Te Acc: 0.4194 | Te AUC: 0.4927 | Te F1: 0.3930
F6 E045 | Loss: 0.6391 | Tr Acc: 0.6477 | Te Acc: 0.5968 | Te AUC: 0.5083 | Te F1: 0.5861
F6 E050 | Loss: 0.6376 | Tr Acc: 0.5943 | Te Acc: 0.5484 | Te AUC: 0.5146 | Te F1: 0.5012
F6 E055 | Loss: 0.6336 | Tr Acc: 0.6085 | Te Acc: 0.4194 | Te AUC: 0.5208 | Te F1: 0.3452
F6 E060 | Loss: 0.6223 | Tr Acc: 0.5890 | Te Acc: 0.4194 | Te AUC: 0.5229 | Te F1: 0.3281
F6 E065 | Loss: 0.6369 | Tr Acc: 0.5819 | Te Acc: 0.4516 | Te AUC: 0.5250 | Te F1: 0.3256
F6 E070 | Loss: 0.6290 | Tr Acc: 0.5907 | Te Acc: 0.4355 | Te AUC: 0.5281 | Te F1: 0.3376
F6 E075 | Loss: 0.6215 | Tr Acc: 0.6246 | Te Acc: 0.4194 | Te AUC: 0.5281 | Te F1: 0.3727
F6 E080 | Loss: 0.6317 | Tr Acc: 0.6619 | Te Acc: 0.5323 | Te AUC: 0.5240 | Te F1: 0.5304
F6 E085 | Loss: 0.6160 | Tr Acc: 0.6584 | Te Acc: 0.5484 | Te AUC: 0.5229 | Te F1: 0.5474
F6 E090 | Loss: 0.6269 | Tr Acc: 0.6335 | Te Acc: 0.4516 | Te AUC: 0.5187 | Te F1: 0.4340
F6 E095 | Loss: 0.6238 | Tr Acc: 0.6103 | Te Acc: 0.3871 | Te AUC: 0.5240 | Te F1: 0.3088
F6 E100 | Loss: 0.6283 | Tr Acc: 0.6068 | Te Acc: 0.3871 | Te AUC: 0.5229 | Te F1: 0.3088
F6 E105 | Loss: 0.6184 | Tr Acc: 0.6228 | Te Acc: 0.3710 | Te AUC: 0.5198 | Te F1: 0.3266
F6 E110 | Loss: 0.6069 | Tr Acc: 0.6263 | Te Acc: 0.4032 | Te AUC: 0.5198 | Te F1: 0.3612
F6 E115 | Loss: 0.6103 | Tr Acc: 0.6317 | Te Acc: 0.4032 | Te AUC: 0.5219 | Te F1: 0.3612
F6 E120 | Loss: 0.6175 | Tr Acc: 0.6299 | Te Acc: 0.4032 | Te AUC: 0.5198 | Te F1: 0.3612
F6 E125 | Loss: 0.6193 | Tr Acc: 0.6246 | Te Acc: 0.4194 | Te AUC: 0.5188 | Te F1: 0.3930
F6 E130 | Loss: 0.6131 | Tr Acc: 0.6317 | Te Acc: 0.3871 | Te AUC: 0.5177 | Te F1: 0.3495
F6 E135 | Loss: 0.6188 | Tr Acc: 0.6299 | Te Acc: 0.4032 | Te AUC: 0.5167 | Te F1: 0.3612
F6 E140 | Loss: 0.6114 | Tr Acc: 0.6299 | Te Acc: 0.4032 | Te AUC: 0.5167 | Te F1: 0.3612
F6 E145 | Loss: 0.6129 | Tr Acc: 0.6281 | Te Acc: 0.4194 | Te AUC: 0.5177 | Te F1: 0.3930
F6 E150 | Loss: 0.6246 | Tr Acc: 0.6299 | Te Acc: 0.4032 | Te AUC: 0.5177 | Te F1: 0.3612
Early stopping triggered at epoch 150 due to lack of improvement in Test AUC.
Fold 6 - Training finished. Best Test Accuracy: 0.4839, AUC: 0.6667
Fold 6 elapsed time: 54.00 seconds.

--- Fold 7/10 ---
Calculating max TS length for Positional Encoding (624 subjects)...
Determined max TS length 295 from 624 valid files for Positional Encoding.
Fold 7 using dynamic max length (up to 295 for PE).
Loading time series for 624 subjects in fold...
No truncation active. Will pad to max length found in this fold's successful loads.
Padding to max length found in fold: 295
Padding 624 time series to final length: 295
Proceeding with 624 subjects for Fold 7 model training/evaluation.
Phenotype encoder created.
Generating initial embeddings for graph construction (Batch Size: 32)...
Initial embeddings generated.
Building k-NN graph (k=20)...
Graph built with 624 nodes and 12480 edges.
Starting training for Fold 7... Train samples: 562, Test samples: 62
F7 E001 | Loss: 0.7094 | Tr Acc: 0.5338 | Te Acc: 0.5161 | Te AUC: 0.5583 | Te F1: 0.4656
F7 E005 | Loss: 0.7075 | Tr Acc: 0.5463 | Te Acc: 0.5161 | Te AUC: 0.6375 | Te F1: 0.4208
F7 E010 | Loss: 0.6766 | Tr Acc: 0.5943 | Te Acc: 0.6129 | Te AUC: 0.6010 | Te F1: 0.6121
F7 E015 | Loss: 0.6788 | Tr Acc: 0.5819 | Te Acc: 0.6129 | Te AUC: 0.6229 | Te F1: 0.6105
F7 E020 | Loss: 0.6798 | Tr Acc: 0.5943 | Te Acc: 0.5968 | Te AUC: 0.6281 | Te F1: 0.5900
F7 E025 | Loss: 0.6746 | Tr Acc: 0.5694 | Te Acc: 0.5484 | Te AUC: 0.6177 | Te F1: 0.4594
F7 E030 | Loss: 0.6740 | Tr Acc: 0.5836 | Te Acc: 0.5484 | Te AUC: 0.6333 | Te F1: 0.5114
F7 E035 | Loss: 0.6590 | Tr Acc: 0.6050 | Te Acc: 0.5806 | Te AUC: 0.6271 | Te F1: 0.5806
F7 E040 | Loss: 0.6699 | Tr Acc: 0.5925 | Te Acc: 0.5645 | Te AUC: 0.6240 | Te F1: 0.5414
F7 E045 | Loss: 0.6705 | Tr Acc: 0.6121 | Te Acc: 0.5968 | Te AUC: 0.6479 | Te F1: 0.5754
F7 E050 | Loss: 0.6580 | Tr Acc: 0.6192 | Te Acc: 0.5968 | Te AUC: 0.6417 | Te F1: 0.5601
F7 E055 | Loss: 0.6566 | Tr Acc: 0.6459 | Te Acc: 0.5806 | Te AUC: 0.6448 | Te F1: 0.5718
F7 E060 | Loss: 0.6491 | Tr Acc: 0.5676 | Te Acc: 0.5161 | Te AUC: 0.6479 | Te F1: 0.4380
F7 E065 | Loss: 0.6468 | Tr Acc: 0.6512 | Te Acc: 0.6129 | Te AUC: 0.6583 | Te F1: 0.6047
F7 E070 | Loss: 0.6543 | Tr Acc: 0.5552 | Te Acc: 0.5161 | Te AUC: 0.6458 | Te F1: 0.4049
F7 E075 | Loss: 0.6393 | Tr Acc: 0.6779 | Te Acc: 0.5968 | Te AUC: 0.6406 | Te F1: 0.5901
F7 E080 | Loss: 0.6307 | Tr Acc: 0.6477 | Te Acc: 0.6129 | Te AUC: 0.6375 | Te F1: 0.6046
F7 E085 | Loss: 0.6395 | Tr Acc: 0.6495 | Te Acc: 0.5161 | Te AUC: 0.6031 | Te F1: 0.4666
F7 E090 | Loss: 0.6230 | Tr Acc: 0.6601 | Te Acc: 0.6452 | Te AUC: 0.6062 | Te F1: 0.6337
F7 E095 | Loss: 0.6126 | Tr Acc: 0.5338 | Te Acc: 0.5161 | Te AUC: 0.6073 | Te F1: 0.3833
F7 E100 | Loss: 0.6093 | Tr Acc: 0.5996 | Te Acc: 0.5645 | Te AUC: 0.6219 | Te F1: 0.5135
F7 E105 | Loss: 0.5935 | Tr Acc: 0.6690 | Te Acc: 0.6129 | Te AUC: 0.6052 | Te F1: 0.6046
F7 E110 | Loss: 0.5880 | Tr Acc: 0.5854 | Te Acc: 0.5000 | Te AUC: 0.5854 | Te F1: 0.3952
F7 E115 | Loss: 0.5689 | Tr Acc: 0.5694 | Te Acc: 0.5000 | Te AUC: 0.5823 | Te F1: 0.3917
F7 E120 | Loss: 0.5690 | Tr Acc: 0.7420 | Te Acc: 0.5645 | Te AUC: 0.5885 | Te F1: 0.5642
F7 E125 | Loss: 0.5524 | Tr Acc: 0.6655 | Te Acc: 0.5645 | Te AUC: 0.5927 | Te F1: 0.5411
F7 E130 | Loss: 0.5463 | Tr Acc: 0.6335 | Te Acc: 0.5323 | Te AUC: 0.5865 | Te F1: 0.4987
F7 E135 | Loss: 0.5476 | Tr Acc: 0.7135 | Te Acc: 0.5968 | Te AUC: 0.5938 | Te F1: 0.5861
F7 E140 | Loss: 0.5398 | Tr Acc: 0.6815 | Te Acc: 0.5645 | Te AUC: 0.5948 | Te F1: 0.5411
F7 E145 | Loss: 0.5376 | Tr Acc: 0.6352 | Te Acc: 0.5484 | Te AUC: 0.5865 | Te F1: 0.5012
F7 E150 | Loss: 0.5291 | Tr Acc: 0.7242 | Te Acc: 0.6129 | Te AUC: 0.5938 | Te F1: 0.6080
F7 E155 | Loss: 0.5492 | Tr Acc: 0.7367 | Te Acc: 0.6452 | Te AUC: 0.5896 | Te F1: 0.6452
F7 E160 | Loss: 0.5441 | Tr Acc: 0.7189 | Te Acc: 0.5968 | Te AUC: 0.5948 | Te F1: 0.5900
F7 E165 | Loss: 0.5452 | Tr Acc: 0.6833 | Te Acc: 0.5968 | Te AUC: 0.5958 | Te F1: 0.5811
F7 E170 | Loss: 0.5468 | Tr Acc: 0.7491 | Te Acc: 0.6129 | Te AUC: 0.5958 | Te F1: 0.6121
F7 E175 | Loss: 0.5484 | Tr Acc: 0.6797 | Te Acc: 0.5968 | Te AUC: 0.5990 | Te F1: 0.5811
F7 E180 | Loss: 0.5185 | Tr Acc: 0.6957 | Te Acc: 0.5968 | Te AUC: 0.6010 | Te F1: 0.5811
F7 E185 | Loss: 0.5262 | Tr Acc: 0.7117 | Te Acc: 0.6129 | Te AUC: 0.6000 | Te F1: 0.6003
F7 E190 | Loss: 0.5420 | Tr Acc: 0.7100 | Te Acc: 0.6129 | Te AUC: 0.6000 | Te F1: 0.6003
F7 E195 | Loss: 0.5393 | Tr Acc: 0.7171 | Te Acc: 0.5968 | Te AUC: 0.5990 | Te F1: 0.5861
F7 E200 | Loss: 0.5275 | Tr Acc: 0.7242 | Te Acc: 0.5968 | Te AUC: 0.5979 | Te F1: 0.5861
Fold 7 - Training finished. Best Test Accuracy: 0.6129, AUC: 0.6583
Fold 7 elapsed time: 63.28 seconds.

--- Fold 8/10 ---
Calculating max TS length for Positional Encoding (624 subjects)...
Determined max TS length 295 from 624 valid files for Positional Encoding.
Fold 8 using dynamic max length (up to 295 for PE).
Loading time series for 624 subjects in fold...
No truncation active. Will pad to max length found in this fold's successful loads.
