Starting ACHNN regression training with 16 CPUs and 1 GPU at Tue Apr 15 02:50:07 PM EDT 2025
Starting validation with 431 batches...
Validating batch 0/431
Validating batch 10/431
Validating batch 20/431
Validating batch 30/431
Validating batch 40/431
Validating batch 50/431
Validating batch 60/431
Validating batch 70/431
Validating batch 80/431
Validating batch 90/431
Validating batch 100/431
Validating batch 110/431
Validating batch 120/431
Validating batch 130/431
Validating batch 140/431
Validating batch 150/431
Validating batch 160/431
Validating batch 170/431
Validating batch 180/431
Validating batch 190/431
Validating batch 200/431
Validating batch 210/431
Validating batch 220/431
Validating batch 230/431
Validating batch 240/431
Validating batch 250/431
Validating batch 260/431
Validating batch 270/431
Validating batch 280/431
Validating batch 290/431
Validating batch 300/431
Validating batch 310/431
Validating batch 320/431
Validating batch 330/431
Validating batch 340/431
Validating batch 350/431
Validating batch 360/431
Validating batch 370/431
Validating batch 380/431
Validating batch 390/431
Validating batch 400/431
Validating batch 410/431
Validating batch 420/431
Validating batch 430/431
Starting validation with 431 batches...
Validating batch 0/431
Validating batch 10/431
Validating batch 20/431
Validating batch 30/431
Validating batch 40/431
Validating batch 50/431
Validating batch 60/431
Validating batch 70/431
Validating batch 80/431
Validating batch 90/431
Validating batch 100/431
Validating batch 110/431
Validating batch 120/431
Validating batch 130/431
Validating batch 140/431
Validating batch 150/431
Validating batch 160/431
Validating batch 170/431
Validating batch 180/431
Validating batch 190/431
Validating batch 200/431
Validating batch 210/431
Validating batch 220/431
Validating batch 230/431
Validating batch 240/431
Validating batch 250/431
Validating batch 260/431
Validating batch 270/431
Validating batch 280/431
Validating batch 290/431
Validating batch 300/431
Validating batch 310/431
Validating batch 320/431
Validating batch 330/431
Validating batch 340/431
Validating batch 350/431
Validating batch 360/431
Validating batch 370/431
Validating batch 380/431
Validating batch 390/431
Validating batch 400/431
Validating batch 410/431
Validating batch 420/431
Validating batch 430/431
Starting validation with 431 batches...
Validating batch 0/431
Validating batch 10/431
Validating batch 20/431
Validating batch 30/431
Validating batch 40/431
Validating batch 50/431
Validating batch 60/431
Validating batch 70/431
Validating batch 80/431
Validating batch 90/431
Validating batch 100/431
Validating batch 110/431
Validating batch 120/431
Validating batch 130/431
Validating batch 140/431
Validating batch 150/431
Validating batch 160/431
Validating batch 170/431
Validating batch 180/431
Validating batch 190/431
Validating batch 200/431
Validating batch 210/431
Validating batch 220/431
Validating batch 230/431
Validating batch 240/431
Validating batch 250/431
Validating batch 260/431
Validating batch 270/431
Validating batch 280/431
Validating batch 290/431
Validating batch 300/431
Validating batch 310/431
Validating batch 320/431
Validating batch 330/431
Validating batch 340/431
Validating batch 350/431
Validating batch 360/431
Validating batch 370/431
Validating batch 380/431
Validating batch 390/431
Validating batch 400/431
Validating batch 410/431
Validating batch 420/431
Validating batch 430/431
Starting validation with 431 batches...
Validating batch 0/431
Validating batch 10/431
Validating batch 20/431
Validating batch 30/431
Validating batch 40/431
Validating batch 50/431
Validating batch 60/431
Validating batch 70/431
Validating batch 80/431
Validating batch 90/431
Validating batch 100/431
Validating batch 110/431
Validating batch 120/431
Validating batch 130/431
Validating batch 140/431
Validating batch 150/431
Validating batch 160/431
Validating batch 170/431
Validating batch 180/431
Validating batch 190/431
Validating batch 200/431
Validating batch 210/431
Validating batch 220/431
Validating batch 230/431
Validating batch 240/431
Validating batch 250/431
Validating batch 260/431
Validating batch 270/431
Validating batch 280/431
Validating batch 290/431
Validating batch 300/431
Validating batch 310/431
Validating batch 320/431
Validating batch 330/431
Validating batch 340/431
Validating batch 350/431
Validating batch 360/431
Validating batch 370/431
Validating batch 380/431
Validating batch 390/431
Validating batch 400/431
Validating batch 410/431
Validating batch 420/431
Validating batch 430/431
Starting validation with 431 batches...
Validating batch 0/431
Validating batch 10/431
Validating batch 20/431
Validating batch 30/431
Validating batch 40/431
Validating batch 50/431
Validating batch 60/431
Validating batch 70/431
Validating batch 80/431
Validating batch 90/431
Validating batch 100/431
Validating batch 110/431
Validating batch 120/431
Validating batch 130/431
Validating batch 140/431
Validating batch 150/431
Validating batch 160/431
Validating batch 170/431
Validating batch 180/431
Validating batch 190/431
Validating batch 200/431
Validating batch 210/431
Validating batch 220/431
Validating batch 230/431
Validating batch 240/431
Validating batch 250/431
Validating batch 260/431
Validating batch 270/431
Validating batch 280/431
Validating batch 290/431
Validating batch 300/431
Validating batch 310/431
Validating batch 320/431
Validating batch 330/431
Validating batch 340/431
Validating batch 350/431
Validating batch 360/431
Validating batch 370/431
Validating batch 380/431
Validating batch 390/431
Validating batch 400/431
Validating batch 410/431
Validating batch 420/431
Validating batch 430/431
Starting validation with 431 batches...
Validating batch 0/431
Validating batch 10/431
Validating batch 20/431
Validating batch 30/431
Validating batch 40/431
Validating batch 50/431
Validating batch 60/431
Validating batch 70/431
Validating batch 80/431
Validating batch 90/431
Validating batch 100/431
Validating batch 110/431
Validating batch 120/431
Validating batch 130/431
Validating batch 140/431
Validating batch 150/431
Validating batch 160/431
Validating batch 170/431
Validating batch 180/431
Validating batch 190/431
Validating batch 200/431
Validating batch 210/431
Validating batch 220/431
Validating batch 230/431
Validating batch 240/431
Validating batch 250/431
Validating batch 260/431
Validating batch 270/431
Validating batch 280/431
Validating batch 290/431
Validating batch 300/431
Validating batch 310/431
Validating batch 320/431
Validating batch 330/431
Validating batch 340/431
Validating batch 350/431
Validating batch 360/431
Validating batch 370/431
Validating batch 380/431
Validating batch 390/431
Validating batch 400/431
Validating batch 410/431
Validating batch 420/431
Validating batch 430/431
Starting validation with 431 batches...
Validating batch 0/431
Validating batch 10/431
Validating batch 20/431
Validating batch 30/431
Validating batch 40/431
Validating batch 50/431
Validating batch 60/431
Validating batch 70/431
Validating batch 80/431
Validating batch 90/431
Validating batch 100/431
Validating batch 110/431
Validating batch 120/431
Validating batch 130/431
Validating batch 140/431
Validating batch 150/431
Validating batch 160/431
Validating batch 170/431
Validating batch 180/431
Validating batch 190/431
Validating batch 200/431
Validating batch 210/431
Validating batch 220/431
Validating batch 230/431
Validating batch 240/431
Validating batch 250/431
Validating batch 260/431
Validating batch 270/431
Validating batch 280/431
Validating batch 290/431
Validating batch 300/431
Validating batch 310/431
Validating batch 320/431
Validating batch 330/431
Validating batch 340/431
Validating batch 350/431
Validating batch 360/431
Validating batch 370/431
Validating batch 380/431
Validating batch 390/431
Validating batch 400/431
Validating batch 410/431
Validating batch 420/431
Validating batch 430/431
Starting validation with 431 batches...
Validating batch 0/431
Validating batch 10/431
Validating batch 20/431
Validating batch 30/431
Validating batch 40/431
Validating batch 50/431
Validating batch 60/431
Validating batch 70/431
Validating batch 80/431
Validating batch 90/431
Validating batch 100/431
Validating batch 110/431
Validating batch 120/431
Validating batch 130/431
Validating batch 140/431
Validating batch 150/431
Validating batch 160/431
Validating batch 170/431
Validating batch 180/431
Validating batch 190/431
Validating batch 200/431
Validating batch 210/431
Validating batch 220/431
Validating batch 230/431
Validating batch 240/431
Validating batch 250/431
Validating batch 260/431
Validating batch 270/431
Validating batch 280/431
Validating batch 290/431
Validating batch 300/431
Validating batch 310/431
Validating batch 320/431
Validating batch 330/431
Validating batch 340/431
Validating batch 350/431
Validating batch 360/431
Validating batch 370/431
Validating batch 380/431
Validating batch 390/431
Validating batch 400/431
Validating batch 410/431
Validating batch 420/431
Validating batch 430/431
Starting validation with 431 batches...
Validating batch 0/431
Validating batch 10/431
Validating batch 20/431
Validating batch 30/431
Validating batch 40/431
Validating batch 50/431
Validating batch 60/431
Validating batch 70/431
Validating batch 80/431
Validating batch 90/431
Validating batch 100/431
Validating batch 110/431
Validating batch 120/431
Validating batch 130/431
Validating batch 140/431
Validating batch 150/431
Validating batch 160/431
Validating batch 170/431
Validating batch 180/431
Validating batch 190/431
Validating batch 200/431
Validating batch 210/431
Validating batch 220/431
Validating batch 230/431
Validating batch 240/431
Validating batch 250/431
Validating batch 260/431
Validating batch 270/431
Validating batch 280/431
Validating batch 290/431
Validating batch 300/431
Validating batch 310/431
Validating batch 320/431
Validating batch 330/431
Validating batch 340/431
Validating batch 350/431
Validating batch 360/431
Validating batch 370/431
Validating batch 380/431
Validating batch 390/431
Validating batch 400/431
Validating batch 410/431
Validating batch 420/431
Validating batch 430/431
Starting validation with 431 batches...
Validating batch 0/431
Validating batch 10/431
Validating batch 20/431
Validating batch 30/431
Validating batch 40/431
Validating batch 50/431
Validating batch 60/431
Validating batch 70/431
Validating batch 80/431
Validating batch 90/431
Validating batch 100/431
Validating batch 110/431
Validating batch 120/431
Validating batch 130/431
Validating batch 140/431
Validating batch 150/431
Validating batch 160/431
Validating batch 170/431
Validating batch 180/431
Validating batch 190/431
Validating batch 200/431
Validating batch 210/431
Validating batch 220/431
Validating batch 230/431
Validating batch 240/431
Validating batch 250/431
Validating batch 260/431
Validating batch 270/431
Validating batch 280/431
Validating batch 290/431
Validating batch 300/431
Validating batch 310/431
Validating batch 320/431
Validating batch 330/431
Validating batch 340/431
Validating batch 350/431
Validating batch 360/431
Validating batch 370/431
Validating batch 380/431
Validating batch 390/431
Validating batch 400/431
Validating batch 410/431
Validating batch 420/431
Validating batch 430/431
Starting validation with 431 batches...
Validating batch 0/431
Validating batch 10/431
Validating batch 20/431
Validating batch 30/431
Validating batch 40/431
Validating batch 50/431
Validating batch 60/431
Validating batch 70/431
Validating batch 80/431
Validating batch 90/431
Validating batch 100/431
Validating batch 110/431
Validating batch 120/431
Validating batch 130/431
Validating batch 140/431
Validating batch 150/431
Validating batch 160/431
Validating batch 170/431
Validating batch 180/431
Validating batch 190/431
Validating batch 200/431
Validating batch 210/431
Validating batch 220/431
Validating batch 230/431
Validating batch 240/431
Validating batch 250/431
Validating batch 260/431
Validating batch 270/431
Validating batch 280/431
Validating batch 290/431
Validating batch 300/431
Validating batch 310/431
Validating batch 320/431
Validating batch 330/431
Validating batch 340/431
Validating batch 350/431
Validating batch 360/431
Validating batch 370/431
Validating batch 380/431
Validating batch 390/431
Validating batch 400/431
Validating batch 410/431
Validating batch 420/431
Validating batch 430/431
Starting validation with 431 batches...
Validating batch 0/431
Validating batch 10/431
Validating batch 20/431
Validating batch 30/431
Validating batch 40/431
Validating batch 50/431
Validating batch 60/431
Validating batch 70/431
Validating batch 80/431
Validating batch 90/431
Validating batch 100/431
Validating batch 110/431
Validating batch 120/431
Validating batch 130/431
Validating batch 140/431
Validating batch 150/431
Validating batch 160/431
Validating batch 170/431
Validating batch 180/431
Validating batch 190/431
Validating batch 200/431
Validating batch 210/431
Validating batch 220/431
Validating batch 230/431
Validating batch 240/431
Validating batch 250/431
Validating batch 260/431
Validating batch 270/431
Validating batch 280/431
Validating batch 290/431
Validating batch 300/431
Validating batch 310/431
Validating batch 320/431
Validating batch 330/431
Validating batch 340/431
Validating batch 350/431
Validating batch 360/431
Validating batch 370/431
Validating batch 380/431
Validating batch 390/431
Validating batch 400/431
Validating batch 410/431
Validating batch 420/431
Validating batch 430/431
Starting validation with 431 batches...
Validating batch 0/431
Validating batch 10/431
Validating batch 20/431
Validating batch 30/431
Validating batch 40/431
Validating batch 50/431
Validating batch 60/431
Validating batch 70/431
Validating batch 80/431
Validating batch 90/431
Validating batch 100/431
Validating batch 110/431
Validating batch 120/431
Validating batch 130/431
Validating batch 140/431
Validating batch 150/431
Validating batch 160/431
Validating batch 170/431
Validating batch 180/431
Validating batch 190/431
Validating batch 200/431
Validating batch 210/431
Validating batch 220/431
Validating batch 230/431
Validating batch 240/431
Validating batch 250/431
Validating batch 260/431
Validating batch 270/431
Validating batch 280/431
Validating batch 290/431
Validating batch 300/431
Validating batch 310/431
Validating batch 320/431
Validating batch 330/431
Validating batch 340/431
Validating batch 350/431
Validating batch 360/431
Validating batch 370/431
Validating batch 380/431
Validating batch 390/431
Validating batch 400/431
Validating batch 410/431
Validating batch 420/431
Validating batch 430/431
Starting validation with 431 batches...
Validating batch 0/431
Validating batch 10/431
Validating batch 20/431
Validating batch 30/431
Validating batch 40/431
Validating batch 50/431
Validating batch 60/431
Validating batch 70/431
Validating batch 80/431
Validating batch 90/431
Validating batch 100/431
Validating batch 110/431
Validating batch 120/431
Validating batch 130/431
Validating batch 140/431
Validating batch 150/431
Validating batch 160/431
Validating batch 170/431
Validating batch 180/431
Validating batch 190/431
Validating batch 200/431
Validating batch 210/431
Validating batch 220/431
Validating batch 230/431
Validating batch 240/431
Validating batch 250/431
Validating batch 260/431
Validating batch 270/431
Validating batch 280/431
Validating batch 290/431
Validating batch 300/431
Validating batch 310/431
Validating batch 320/431
Validating batch 330/431
Validating batch 340/431
Validating batch 350/431
Validating batch 360/431
Validating batch 370/431
Validating batch 380/431
Validating batch 390/431
Validating batch 400/431
Validating batch 410/431
Validating batch 420/431
Validating batch 430/431
Starting validation with 431 batches...
Validating batch 0/431
Validating batch 10/431
Validating batch 20/431
Validating batch 30/431
Validating batch 40/431
Validating batch 50/431
Validating batch 60/431
Validating batch 70/431
Validating batch 80/431
Validating batch 90/431
Validating batch 100/431
Validating batch 110/431
Validating batch 120/431
Validating batch 130/431
Validating batch 140/431
Validating batch 150/431
Validating batch 160/431
Validating batch 170/431
Validating batch 180/431
Validating batch 190/431
Validating batch 200/431
Validating batch 210/431
Validating batch 220/431
Validating batch 230/431
Validating batch 240/431
Validating batch 250/431
Validating batch 260/431
Validating batch 270/431
Validating batch 280/431
Validating batch 290/431
Validating batch 300/431
Validating batch 310/431
Validating batch 320/431
Validating batch 330/431
Validating batch 340/431
Validating batch 350/431
Validating batch 360/431
Validating batch 370/431
Validating batch 380/431
Validating batch 390/431
Validating batch 400/431
Validating batch 410/431
Validating batch 420/431
Validating batch 430/431
Starting validation with 431 batches...
Validating batch 0/431
Validating batch 10/431
Validating batch 20/431
Validating batch 30/431
Validating batch 40/431
Validating batch 50/431
Validating batch 60/431
Validating batch 70/431
Validating batch 80/431
Validating batch 90/431
Validating batch 100/431
Validating batch 110/431
Validating batch 120/431
Validating batch 130/431
Validating batch 140/431
Validating batch 150/431
Validating batch 160/431
Validating batch 170/431
Validating batch 180/431
Validating batch 190/431
Validating batch 200/431
Validating batch 210/431
Validating batch 220/431
Validating batch 230/431
Validating batch 240/431
Validating batch 250/431
Validating batch 260/431
Validating batch 270/431
Validating batch 280/431
Validating batch 290/431
Validating batch 300/431
Validating batch 310/431
Validating batch 320/431
Validating batch 330/431
Validating batch 340/431
Validating batch 350/431
Validating batch 360/431
Validating batch 370/431
Validating batch 380/431
Validating batch 390/431
Validating batch 400/431
Validating batch 410/431
Validating batch 420/431
Validating batch 430/431
Starting validation with 431 batches...
Validating batch 0/431
Validating batch 10/431
Validating batch 20/431
Validating batch 30/431
Validating batch 40/431
Validating batch 50/431
Validating batch 60/431
Validating batch 70/431
Validating batch 80/431
Validating batch 90/431
Validating batch 100/431
Validating batch 110/431
Validating batch 120/431
Validating batch 130/431
Validating batch 140/431
Validating batch 150/431
Validating batch 160/431
Validating batch 170/431
Validating batch 180/431
Validating batch 190/431
Validating batch 200/431
Validating batch 210/431
Validating batch 220/431
Validating batch 230/431
Validating batch 240/431
Validating batch 250/431
Validating batch 260/431
Validating batch 270/431
Validating batch 280/431
Validating batch 290/431
Validating batch 300/431
Validating batch 310/431
Validating batch 320/431
Validating batch 330/431
Validating batch 340/431
Validating batch 350/431
Validating batch 360/431
Validating batch 370/431
Validating batch 380/431
Validating batch 390/431
Validating batch 400/431
Validating batch 410/431
Validating batch 420/431
Validating batch 430/431
Starting validation with 431 batches...
Validating batch 0/431
Validating batch 10/431
Validating batch 20/431
Validating batch 30/431
Validating batch 40/431
Validating batch 50/431
Validating batch 60/431
Validating batch 70/431
Validating batch 80/431
Validating batch 90/431
Validating batch 100/431
Validating batch 110/431
Validating batch 120/431
Validating batch 130/431
Validating batch 140/431
Validating batch 150/431
Validating batch 160/431
Validating batch 170/431
Validating batch 180/431
Validating batch 190/431
Validating batch 200/431
Validating batch 210/431
Validating batch 220/431
Validating batch 230/431
Validating batch 240/431
Validating batch 250/431
Validating batch 260/431
Validating batch 270/431
Validating batch 280/431
Validating batch 290/431
Validating batch 300/431
Validating batch 310/431
Validating batch 320/431
Validating batch 330/431
Validating batch 340/431
Validating batch 350/431
Validating batch 360/431
Validating batch 370/431
Validating batch 380/431
Validating batch 390/431
Validating batch 400/431
Validating batch 410/431
Validating batch 420/431
Validating batch 430/431
Starting validation with 431 batches...
Validating batch 0/431
Validating batch 10/431
Validating batch 20/431
Validating batch 30/431
Validating batch 40/431
Validating batch 50/431
Validating batch 60/431
Validating batch 70/431
Validating batch 80/431
Validating batch 90/431
Validating batch 100/431
Validating batch 110/431
Validating batch 120/431
Validating batch 130/431
Validating batch 140/431
Validating batch 150/431
Validating batch 160/431
Validating batch 170/431
Validating batch 180/431
Validating batch 190/431
Validating batch 200/431
Validating batch 210/431
Validating batch 220/431
Validating batch 230/431
Validating batch 240/431
Validating batch 250/431
Validating batch 260/431
Validating batch 270/431
Validating batch 280/431
Validating batch 290/431
Validating batch 300/431
Validating batch 310/431
Validating batch 320/431
Validating batch 330/431
Validating batch 340/431
Validating batch 350/431
Validating batch 360/431
Validating batch 370/431
Validating batch 380/431
Validating batch 390/431
Validating batch 400/431
Validating batch 410/431
Validating batch 420/431
Validating batch 430/431
Starting validation with 431 batches...
Validating batch 0/431
Validating batch 10/431
Validating batch 20/431
Validating batch 30/431
Validating batch 40/431
Validating batch 50/431
Validating batch 60/431
Validating batch 70/431
Validating batch 80/431
Validating batch 90/431
Validating batch 100/431
Validating batch 110/431
Validating batch 120/431
Validating batch 130/431
Validating batch 140/431
Validating batch 150/431
Validating batch 160/431
Validating batch 170/431
Validating batch 180/431
Validating batch 190/431
Validating batch 200/431
Validating batch 210/431
Validating batch 220/431
Validating batch 230/431
Validating batch 240/431
Validating batch 250/431
Validating batch 260/431
Validating batch 270/431
Validating batch 280/431
Validating batch 290/431
Validating batch 300/431
Validating batch 310/431
Validating batch 320/431
Validating batch 330/431
Validating batch 340/431
Validating batch 350/431
Validating batch 360/431
Validating batch 370/431
Validating batch 380/431
Validating batch 390/431
Validating batch 400/431
Validating batch 410/431
Validating batch 420/431
Validating batch 430/431
Starting validation with 431 batches...
Validating batch 0/431
Validating batch 10/431
Validating batch 20/431
Validating batch 30/431
Validating batch 40/431
Validating batch 50/431
Validating batch 60/431
Validating batch 70/431
Validating batch 80/431
Validating batch 90/431
Validating batch 100/431
Validating batch 110/431
Validating batch 120/431
Validating batch 130/431
Validating batch 140/431
Validating batch 150/431
Validating batch 160/431
Validating batch 170/431
Validating batch 180/431
Validating batch 190/431
Validating batch 200/431
Validating batch 210/431
Validating batch 220/431
Validating batch 230/431
Validating batch 240/431
Validating batch 250/431
Validating batch 260/431
Validating batch 270/431
Validating batch 280/431
Validating batch 290/431
Validating batch 300/431
Validating batch 310/431
Validating batch 320/431
Validating batch 330/431
Validating batch 340/431
Validating batch 350/431
Validating batch 360/431
Validating batch 370/431
Validating batch 380/431
Validating batch 390/431
Validating batch 400/431
Validating batch 410/431
Validating batch 420/431
Validating batch 430/431
Starting validation with 431 batches...
Validating batch 0/431
Validating batch 10/431
Validating batch 20/431
Validating batch 30/431
Validating batch 40/431
Validating batch 50/431
Validating batch 60/431
Validating batch 70/431
Validating batch 80/431
Validating batch 90/431
Validating batch 100/431
Validating batch 110/431
Validating batch 120/431
Validating batch 130/431
Validating batch 140/431
Validating batch 150/431
Validating batch 160/431
Validating batch 170/431
Validating batch 180/431
Validating batch 190/431
Validating batch 200/431
Validating batch 210/431
Validating batch 220/431
Validating batch 230/431
Validating batch 240/431
Validating batch 250/431
Validating batch 260/431
Validating batch 270/431
Validating batch 280/431
Validating batch 290/431
Validating batch 300/431
Validating batch 310/431
Validating batch 320/431
Validating batch 330/431
Validating batch 340/431
Validating batch 350/431
Validating batch 360/431
Validating batch 370/431
Validating batch 380/431
Validating batch 390/431
Validating batch 400/431
Validating batch 410/431
Validating batch 420/431
Validating batch 430/431
Starting validation with 431 batches...
Validating batch 0/431
Validating batch 10/431
Validating batch 20/431
Validating batch 30/431
Validating batch 40/431
Validating batch 50/431
Validating batch 60/431
Validating batch 70/431
Validating batch 80/431
Validating batch 90/431
Validating batch 100/431
Validating batch 110/431
Validating batch 120/431
Validating batch 130/431
Validating batch 140/431
Validating batch 150/431
Validating batch 160/431
Validating batch 170/431
Validating batch 180/431
Validating batch 190/431
Validating batch 200/431
Validating batch 210/431
Validating batch 220/431
Validating batch 230/431
Validating batch 240/431
Validating batch 250/431
Validating batch 260/431
Validating batch 270/431
Validating batch 280/431
Validating batch 290/431
Validating batch 300/431
Validating batch 310/431
Validating batch 320/431
Validating batch 330/431
Validating batch 340/431
Validating batch 350/431
Validating batch 360/431
Validating batch 370/431
Validating batch 380/431
Validating batch 390/431
Validating batch 400/431
Validating batch 410/431
Validating batch 420/431
Validating batch 430/431
Starting validation with 431 batches...
Validating batch 0/431
Validating batch 10/431
Validating batch 20/431
Validating batch 30/431
Validating batch 40/431
Validating batch 50/431
Validating batch 60/431
Validating batch 70/431
Validating batch 80/431
Validating batch 90/431
Validating batch 100/431
Validating batch 110/431
Validating batch 120/431
Validating batch 130/431
Validating batch 140/431
Validating batch 150/431
Validating batch 160/431
Validating batch 170/431
Validating batch 180/431
Validating batch 190/431
Validating batch 200/431
Validating batch 210/431
Validating batch 220/431
Validating batch 230/431
Validating batch 240/431
Validating batch 250/431
Validating batch 260/431
Validating batch 270/431
Validating batch 280/431
Validating batch 290/431
Validating batch 300/431
Validating batch 310/431
Validating batch 320/431
Validating batch 330/431
Validating batch 340/431
Validating batch 350/431
Validating batch 360/431
Validating batch 370/431
Validating batch 380/431
Validating batch 390/431
Validating batch 400/431
Validating batch 410/431
Validating batch 420/431
Validating batch 430/431
Starting validation with 431 batches...
Validating batch 0/431
Validating batch 10/431
Validating batch 20/431
Validating batch 30/431
Validating batch 40/431
Validating batch 50/431
Validating batch 60/431
Validating batch 70/431
Validating batch 80/431
Validating batch 90/431
Validating batch 100/431
Validating batch 110/431
Validating batch 120/431
Validating batch 130/431
Validating batch 140/431
Validating batch 150/431
Validating batch 160/431
Validating batch 170/431
Validating batch 180/431
Validating batch 190/431
Validating batch 200/431
Validating batch 210/431
Validating batch 220/431
Validating batch 230/431
Validating batch 240/431
Validating batch 250/431
Validating batch 260/431
Validating batch 270/431
Validating batch 280/431
Validating batch 290/431
Validating batch 300/431
Validating batch 310/431
Validating batch 320/431
Validating batch 330/431
Validating batch 340/431
Validating batch 350/431
Validating batch 360/431
Validating batch 370/431
Validating batch 380/431
Validating batch 390/431
Validating batch 400/431
Validating batch 410/431
Validating batch 420/431
Validating batch 430/431
Starting validation with 431 batches...
Validating batch 0/431
Validating batch 10/431
Validating batch 20/431
Validating batch 30/431
Validating batch 40/431
Validating batch 50/431
Validating batch 60/431
Validating batch 70/431
Validating batch 80/431
Validating batch 90/431
Validating batch 100/431
Validating batch 110/431
Validating batch 120/431
Validating batch 130/431
Validating batch 140/431
Validating batch 150/431
Validating batch 160/431
Validating batch 170/431
Validating batch 180/431
Validating batch 190/431
Validating batch 200/431
Validating batch 210/431
Validating batch 220/431
Validating batch 230/431
Validating batch 240/431
Validating batch 250/431
Validating batch 260/431
Validating batch 270/431
Validating batch 280/431
Validating batch 290/431
Validating batch 300/431
Validating batch 310/431
Validating batch 320/431
Validating batch 330/431
Validating batch 340/431
Validating batch 350/431
Validating batch 360/431
Validating batch 370/431
Validating batch 380/431
Validating batch 390/431
Validating batch 400/431
Validating batch 410/431
Validating batch 420/431
Validating batch 430/431
Starting validation with 431 batches...
Validating batch 0/431
Validating batch 10/431
Validating batch 20/431
Validating batch 30/431
Validating batch 40/431
Validating batch 50/431
Validating batch 60/431
Validating batch 70/431
Validating batch 80/431
Validating batch 90/431
Validating batch 100/431
Validating batch 110/431
Validating batch 120/431
Validating batch 130/431
Validating batch 140/431
Validating batch 150/431
Validating batch 160/431
Validating batch 170/431
Validating batch 180/431
Validating batch 190/431
Validating batch 200/431
Validating batch 210/431
Validating batch 220/431
Validating batch 230/431
Validating batch 240/431
Validating batch 250/431
Validating batch 260/431
Validating batch 270/431
Validating batch 280/431
Validating batch 290/431
Validating batch 300/431
Validating batch 310/431
Validating batch 320/431
Validating batch 330/431
Validating batch 340/431
Validating batch 350/431
Validating batch 360/431
Validating batch 370/431
Validating batch 380/431
Validating batch 390/431
Validating batch 400/431
Validating batch 410/431
Validating batch 420/431
Validating batch 430/431
Starting validation with 431 batches...
Validating batch 0/431
Validating batch 10/431
Validating batch 20/431
Validating batch 30/431
Validating batch 40/431
Validating batch 50/431
Validating batch 60/431
Validating batch 70/431
Validating batch 80/431
Validating batch 90/431
Validating batch 100/431
Validating batch 110/431
Validating batch 120/431
Validating batch 130/431
Validating batch 140/431
Validating batch 150/431
Validating batch 160/431
Validating batch 170/431
Validating batch 180/431
Validating batch 190/431
Validating batch 200/431
Validating batch 210/431
Validating batch 220/431
Validating batch 230/431
Validating batch 240/431
Validating batch 250/431
Validating batch 260/431
Validating batch 270/431
Validating batch 280/431
Validating batch 290/431
Validating batch 300/431
Validating batch 310/431
Validating batch 320/431
Validating batch 330/431
Validating batch 340/431
Validating batch 350/431
Validating batch 360/431
Validating batch 370/431
Validating batch 380/431
Validating batch 390/431
Validating batch 400/431
Validating batch 410/431
Validating batch 420/431
Validating batch 430/431
Starting validation with 431 batches...
Validating batch 0/431
Validating batch 10/431
Validating batch 20/431
Validating batch 30/431
Validating batch 40/431
Validating batch 50/431
Validating batch 60/431
Validating batch 70/431
Validating batch 80/431
Validating batch 90/431
Validating batch 100/431
Validating batch 110/431
Validating batch 120/431
Validating batch 130/431
Validating batch 140/431
Validating batch 150/431
Validating batch 160/431
Validating batch 170/431
Validating batch 180/431
Validating batch 190/431
Validating batch 200/431
Validating batch 210/431
Validating batch 220/431
Validating batch 230/431
Validating batch 240/431
Validating batch 250/431
Validating batch 260/431
Validating batch 270/431
Validating batch 280/431
Validating batch 290/431
Validating batch 300/431
Validating batch 310/431
Validating batch 320/431
Validating batch 330/431
Validating batch 340/431
Validating batch 350/431
Validating batch 360/431
Validating batch 370/431
Validating batch 380/431
Validating batch 390/431
Validating batch 400/431
Validating batch 410/431
Validating batch 420/431
Validating batch 430/431
Starting validation with 431 batches...
Validating batch 0/431
Validating batch 10/431
Validating batch 20/431
Validating batch 30/431
Validating batch 40/431
Validating batch 50/431
Validating batch 60/431
Validating batch 70/431
Validating batch 80/431
Validating batch 90/431
Validating batch 100/431
Validating batch 110/431
Validating batch 120/431
Validating batch 130/431
Validating batch 140/431
Validating batch 150/431
Validating batch 160/431
Validating batch 170/431
Validating batch 180/431
Validating batch 190/431
Validating batch 200/431
Validating batch 210/431
Validating batch 220/431
Validating batch 230/431
Validating batch 240/431
Validating batch 250/431
Validating batch 260/431
Validating batch 270/431
Validating batch 280/431
Validating batch 290/431
Validating batch 300/431
Validating batch 310/431
Validating batch 320/431
Validating batch 330/431
Validating batch 340/431
Validating batch 350/431
Validating batch 360/431
Validating batch 370/431
Validating batch 380/431
Validating batch 390/431
Validating batch 400/431
Validating batch 410/431
Validating batch 420/431
Validating batch 430/431
Starting validation with 431 batches...
Validating batch 0/431
Validating batch 10/431
Validating batch 20/431
Validating batch 30/431
Validating batch 40/431
Validating batch 50/431
Validating batch 60/431
Validating batch 70/431
Validating batch 80/431
Validating batch 90/431
Validating batch 100/431
Validating batch 110/431
Validating batch 120/431
Validating batch 130/431
Validating batch 140/431
Validating batch 150/431
Validating batch 160/431
Validating batch 170/431
Validating batch 180/431
Validating batch 190/431
Validating batch 200/431
Validating batch 210/431
Validating batch 220/431
Validating batch 230/431
Validating batch 240/431
Validating batch 250/431
Validating batch 260/431
Validating batch 270/431
Validating batch 280/431
Validating batch 290/431
Validating batch 300/431
Validating batch 310/431
Validating batch 320/431
Validating batch 330/431
Validating batch 340/431
Validating batch 350/431
Validating batch 360/431
Validating batch 370/431
Validating batch 380/431
Validating batch 390/431
Validating batch 400/431
Validating batch 410/431
Validating batch 420/431
Validating batch 430/431
Starting validation with 431 batches...
Validating batch 0/431
Validating batch 10/431
Validating batch 20/431
Validating batch 30/431
Validating batch 40/431
Validating batch 50/431
Validating batch 60/431
Validating batch 70/431
Validating batch 80/431
Validating batch 90/431
Validating batch 100/431
Validating batch 110/431
Validating batch 120/431
Validating batch 130/431
Validating batch 140/431
Validating batch 150/431
Validating batch 160/431
Validating batch 170/431
Validating batch 180/431
Validating batch 190/431
Validating batch 200/431
Validating batch 210/431
Validating batch 220/431
Validating batch 230/431
Validating batch 240/431
Validating batch 250/431
Validating batch 260/431
Validating batch 270/431
Validating batch 280/431
Validating batch 290/431
Validating batch 300/431
Validating batch 310/431
Validating batch 320/431
Validating batch 330/431
Validating batch 340/431
Validating batch 350/431
Validating batch 360/431
Validating batch 370/431
Validating batch 380/431
Validating batch 390/431
Validating batch 400/431
Validating batch 410/431
Validating batch 420/431
Validating batch 430/431
Starting validation with 431 batches...
Validating batch 0/431
Validating batch 10/431
Validating batch 20/431
Validating batch 30/431
Validating batch 40/431
Validating batch 50/431
Validating batch 60/431
Validating batch 70/431
Validating batch 80/431
Validating batch 90/431
Validating batch 100/431
Validating batch 110/431
Validating batch 120/431
Validating batch 130/431
Validating batch 140/431
Validating batch 150/431
Validating batch 160/431
Validating batch 170/431
Validating batch 180/431
Validating batch 190/431
Validating batch 200/431
Validating batch 210/431
Validating batch 220/431
Validating batch 230/431
Validating batch 240/431
Validating batch 250/431
Validating batch 260/431
Validating batch 270/431
Validating batch 280/431
Validating batch 290/431
Validating batch 300/431
Validating batch 310/431
Validating batch 320/431
Validating batch 330/431
Validating batch 340/431
Validating batch 350/431
Validating batch 360/431
Validating batch 370/431
Validating batch 380/431
Validating batch 390/431
Validating batch 400/431
Validating batch 410/431
Validating batch 420/431
Validating batch 430/431
Starting model evaluation for regression...
Evaluating batch 0/442
Evaluating batch 10/442
Evaluating batch 20/442
Evaluating batch 30/442
Evaluating batch 40/442
Evaluating batch 50/442
Evaluating batch 60/442
Evaluating batch 70/442
Evaluating batch 80/442
Evaluating batch 90/442
Evaluating batch 100/442
Evaluating batch 110/442
Evaluating batch 120/442
Evaluating batch 130/442
Evaluating batch 140/442
Evaluating batch 150/442
Evaluating batch 160/442
Evaluating batch 170/442
Evaluating batch 180/442
Evaluating batch 190/442
Evaluating batch 200/442
Evaluating batch 210/442
Evaluating batch 220/442
Evaluating batch 230/442
Evaluating batch 240/442
Evaluating batch 250/442
Evaluating batch 260/442
Evaluating batch 270/442
Evaluating batch 280/442
Evaluating batch 290/442
Evaluating batch 300/442
Evaluating batch 310/442
Evaluating batch 320/442
Evaluating batch 330/442
Evaluating batch 340/442
Evaluating batch 350/442
Evaluating batch 360/442
Evaluating batch 370/442
Evaluating batch 380/442
Evaluating batch 390/442
Evaluating batch 400/442
Evaluating batch 410/442
Evaluating batch 420/442
Evaluating batch 430/442
Evaluating batch 440/442
ACHNN Regression Training completed at Tue Apr 15 02:59:29 PM EDT 2025
