Starting ACHNN regression training with 16 CPUs and 1 GPU at Wed Apr 16 02:45:19 AM EDT 2025
Loading configuration from config.yaml...
Using configured max_ts_length setting: -1 (-1 means use max in fold)
Using configured num_regions: 200
Using configured encoder_batch_size: 32
Random seed set to 42
Using GPU: NVIDIA L40S
Loading phenotype data from: Phenotypic_V1_0b_preprocessed1.csv
Original selected data shape: (1112, 6)
Using target column: 'DX_GROUP'
Filtered out 0 rows with invalid/missing target values.
Phenotype data shape after target filtering: (1112, 6)
Processing specified numerical features...
 Processing numerical columns: ['AGE_AT_SCAN', 'FIQ']
Processing specified categorical features...
 Processing categorical columns: ['SEX', 'SITE_ID']
  Encoded categorical columns: ['SEX_1', 'SEX_2', 'SITE_ID_CALTECH', 'SITE_ID_CMU', 'SITE_ID_KKI', 'SITE_ID_LEUVEN_1', 'SITE_ID_LEUVEN_2', 'SITE_ID_MAX_MUN', 'SITE_ID_NYU', 'SITE_ID_OHSU', 'SITE_ID_OLIN', 'SITE_ID_PITT', 'SITE_ID_SBL', 'SITE_ID_SDSU', 'SITE_ID_STANFORD', 'SITE_ID_TRINITY', 'SITE_ID_UCLA_1', 'SITE_ID_UCLA_2', 'SITE_ID_UM_1', 'SITE_ID_UM_2', 'SITE_ID_USM', 'SITE_ID_YALE']
Final phenotype features identified (24): ['AGE_AT_SCAN', 'FIQ', 'SEX_1', 'SEX_2', 'SITE_ID_CALTECH', 'SITE_ID_CMU', 'SITE_ID_KKI', 'SITE_ID_LEUVEN_1', 'SITE_ID_LEUVEN_2', 'SITE_ID_MAX_MUN', 'SITE_ID_NYU', 'SITE_ID_OHSU', 'SITE_ID_OLIN', 'SITE_ID_PITT', 'SITE_ID_SBL', 'SITE_ID_SDSU', 'SITE_ID_STANFORD', 'SITE_ID_TRINITY', 'SITE_ID_UCLA_1', 'SITE_ID_UCLA_2', 'SITE_ID_UM_1', 'SITE_ID_UM_2', 'SITE_ID_USM', 'SITE_ID_YALE']
Checking for corresponding TS files in: /home/pl217/frankensteins_model/results/abide_timeseries/ccs_filt_noglobal_rois_cc200
Processed 1112 subjects from phenotype data.
Found existing, non-empty TS files for 624 subjects.
Skipped 488 subjects (missing file or invalid ID/Site).
Skipped 0 subjects (empty file).
Total subjects available for K-Fold analysis: 624

--- Fold 1/10 ---
Calculating max TS length for Positional Encoding (624 subjects)...
Determined max TS length 295 from 624 valid files for Positional Encoding.
Fold 1 using dynamic max length (up to 295 for PE).
Loading time series for 624 subjects in fold...
No truncation active. Will pad to max length found in this fold's successful loads.
Padding to max length found in fold: 295
Padding 624 time series to final length: 295
Proceeding with 624 subjects for Fold 1 model training/evaluation.
Phenotype encoder created.
Generating initial embeddings for graph construction (Batch Size: 32)...
Initial embeddings generated.
Building k-NN graph (k=10)...
Graph built with 624 nodes and 6240 edges.
Starting training for Fold 1... Train samples: 561, Test samples: 63
  Epoch 1, Grad Norm: 0.5501
F1 E001 | Loss: 0.7179 | Tr Acc: 0.4759 | Te Acc: 0.4762 | Te AUC: 0.5998 | Te F1: 0.3426
  Epoch 5, Grad Norm: 0.4750
F1 E005 | Loss: 0.6940 | Tr Acc: 0.5793 | Te Acc: 0.6032 | Te AUC: 0.6200 | Te F1: 0.6026
  Epoch 10, Grad Norm: 0.4177
F1 E010 | Loss: 0.6755 | Tr Acc: 0.5561 | Te Acc: 0.5714 | Te AUC: 0.6452 | Te F1: 0.4868
  Epoch 15, Grad Norm: 0.4482
F1 E015 | Loss: 0.6532 | Tr Acc: 0.5633 | Te Acc: 0.4921 | Te AUC: 0.6331 | Te F1: 0.4106
  Epoch 20, Grad Norm: 0.4358
F1 E020 | Loss: 0.6484 | Tr Acc: 0.6257 | Te Acc: 0.6349 | Te AUC: 0.6522 | Te F1: 0.6043
  Epoch 25, Grad Norm: 0.3980
F1 E025 | Loss: 0.6140 | Tr Acc: 0.6007 | Te Acc: 0.5873 | Te AUC: 0.6361 | Te F1: 0.5266
  Epoch 30, Grad Norm: 0.4295
F1 E030 | Loss: 0.5927 | Tr Acc: 0.5080 | Te Acc: 0.4921 | Te AUC: 0.6079 | Te F1: 0.3246
  Epoch 35, Grad Norm: 0.4063
F1 E035 | Loss: 0.5779 | Tr Acc: 0.6631 | Te Acc: 0.5873 | Te AUC: 0.6321 | Te F1: 0.5568
  Epoch 40, Grad Norm: 0.4528
F1 E040 | Loss: 0.5523 | Tr Acc: 0.6203 | Te Acc: 0.5397 | Te AUC: 0.6159 | Te F1: 0.4488
  Epoch 45, Grad Norm: 0.4908
F1 E045 | Loss: 0.5451 | Tr Acc: 0.6863 | Te Acc: 0.6032 | Te AUC: 0.6210 | Te F1: 0.5811
  Epoch 50, Grad Norm: 0.5905
F1 E050 | Loss: 0.5132 | Tr Acc: 0.6132 | Te Acc: 0.5714 | Te AUC: 0.6129 | Te F1: 0.5017
  Epoch 55, Grad Norm: 0.7902
F1 E055 | Loss: 0.5191 | Tr Acc: 0.7344 | Te Acc: 0.6508 | Te AUC: 0.6562 | Te F1: 0.6388
  Epoch 60, Grad Norm: 0.4141
F1 E060 | Loss: 0.4699 | Tr Acc: 0.6132 | Te Acc: 0.5238 | Te AUC: 0.6704 | Te F1: 0.4206
  Epoch 65, Grad Norm: 0.7247
F1 E065 | Loss: 0.4648 | Tr Acc: 0.6649 | Te Acc: 0.5556 | Te AUC: 0.6532 | Te F1: 0.4902
  Epoch 70, Grad Norm: 0.5416
F1 E070 | Loss: 0.4383 | Tr Acc: 0.6774 | Te Acc: 0.5556 | Te AUC: 0.6764 | Te F1: 0.5026
  Epoch 75, Grad Norm: 0.5470
F1 E075 | Loss: 0.4281 | Tr Acc: 0.6881 | Te Acc: 0.6032 | Te AUC: 0.6593 | Te F1: 0.5659
  Epoch 80, Grad Norm: 1.1308
F1 E080 | Loss: 0.4161 | Tr Acc: 0.8217 | Te Acc: 0.6349 | Te AUC: 0.6593 | Te F1: 0.6264
  Epoch 85, Grad Norm: 0.7030
F1 E085 | Loss: 0.4013 | Tr Acc: 0.6791 | Te Acc: 0.5714 | Te AUC: 0.6794 | Te F1: 0.5017
  Epoch 90, Grad Norm: 0.7108
F1 E090 | Loss: 0.3826 | Tr Acc: 0.7932 | Te Acc: 0.6032 | Te AUC: 0.6633 | Te F1: 0.5840
  Epoch 95, Grad Norm: 0.9443
F1 E095 | Loss: 0.3800 | Tr Acc: 0.6381 | Te Acc: 0.5238 | Te AUC: 0.6794 | Te F1: 0.4002
  Epoch 100, Grad Norm: 1.1451
F1 E100 | Loss: 0.3607 | Tr Acc: 0.7914 | Te Acc: 0.6349 | Te AUC: 0.6411 | Te F1: 0.6173
  Epoch 105, Grad Norm: 0.9734
F1 E105 | Loss: 0.3226 | Tr Acc: 0.9055 | Te Acc: 0.6349 | Te AUC: 0.6653 | Te F1: 0.6338
  Epoch 110, Grad Norm: 1.1043
F1 E110 | Loss: 0.3039 | Tr Acc: 0.8859 | Te Acc: 0.6508 | Te AUC: 0.6905 | Te F1: 0.6443
  Epoch 115, Grad Norm: 1.4515
F1 E115 | Loss: 0.3032 | Tr Acc: 0.8930 | Te Acc: 0.6825 | Te AUC: 0.6744 | Te F1: 0.6809
  Epoch 120, Grad Norm: 0.9272
F1 E120 | Loss: 0.2455 | Tr Acc: 0.8182 | Te Acc: 0.6825 | Te AUC: 0.6724 | Te F1: 0.6695
  Epoch 125, Grad Norm: 1.0725
F1 E125 | Loss: 0.2573 | Tr Acc: 0.8396 | Te Acc: 0.7460 | Te AUC: 0.6794 | Te F1: 0.7388
  Epoch 130, Grad Norm: 1.6846
F1 E130 | Loss: 0.2496 | Tr Acc: 0.8467 | Te Acc: 0.6349 | Te AUC: 0.6502 | Te F1: 0.6310
  Epoch 135, Grad Norm: 1.1463
F1 E135 | Loss: 0.2271 | Tr Acc: 0.8360 | Te Acc: 0.6032 | Te AUC: 0.6411 | Te F1: 0.5919
  Epoch 140, Grad Norm: 1.0073
F1 E140 | Loss: 0.1967 | Tr Acc: 0.9269 | Te Acc: 0.7143 | Te AUC: 0.6724 | Te F1: 0.7128
  Epoch 145, Grad Norm: 0.9942
F1 E145 | Loss: 0.1784 | Tr Acc: 0.9234 | Te Acc: 0.7143 | Te AUC: 0.7006 | Te F1: 0.7090
  Epoch 150, Grad Norm: 2.1626
F1 E150 | Loss: 0.1813 | Tr Acc: 0.9447 | Te Acc: 0.7460 | Te AUC: 0.6855 | Te F1: 0.7433
Fold 1 - Training finished. Best Test Accuracy: 0.7143, AUC: 0.7006
Fold 1 elapsed time: 35.15 seconds.

--- Fold 2/10 ---
Calculating max TS length for Positional Encoding (624 subjects)...
Determined max TS length 295 from 624 valid files for Positional Encoding.
Fold 2 using dynamic max length (up to 295 for PE).
Loading time series for 624 subjects in fold...
No truncation active. Will pad to max length found in this fold's successful loads.
Padding to max length found in fold: 295
Padding 624 time series to final length: 295
Proceeding with 624 subjects for Fold 2 model training/evaluation.
Phenotype encoder created.
Generating initial embeddings for graph construction (Batch Size: 32)...
Initial embeddings generated.
Building k-NN graph (k=10)...
Graph built with 624 nodes and 6240 edges.
Starting training for Fold 2... Train samples: 561, Test samples: 63
  Epoch 1, Grad Norm: 0.5031
F2 E001 | Loss: 0.7102 | Tr Acc: 0.5169 | Te Acc: 0.5079 | Te AUC: 0.4335 | Te F1: 0.3422
  Epoch 5, Grad Norm: 0.4217
F2 E005 | Loss: 0.6886 | Tr Acc: 0.5419 | Te Acc: 0.5397 | Te AUC: 0.5363 | Te F1: 0.4092
  Epoch 10, Grad Norm: 0.3778
F2 E010 | Loss: 0.6685 | Tr Acc: 0.5579 | Te Acc: 0.5556 | Te AUC: 0.5383 | Te F1: 0.4402
  Epoch 15, Grad Norm: 0.3918
F2 E015 | Loss: 0.6579 | Tr Acc: 0.6399 | Te Acc: 0.4603 | Te AUC: 0.5242 | Te F1: 0.4449
  Epoch 20, Grad Norm: 0.3652
F2 E020 | Loss: 0.6409 | Tr Acc: 0.6488 | Te Acc: 0.5079 | Te AUC: 0.5534 | Te F1: 0.4842
  Epoch 25, Grad Norm: 0.4118
F2 E025 | Loss: 0.6177 | Tr Acc: 0.6578 | Te Acc: 0.4286 | Te AUC: 0.5565 | Te F1: 0.4224
  Epoch 30, Grad Norm: 0.3878
F2 E030 | Loss: 0.6187 | Tr Acc: 0.6203 | Te Acc: 0.5873 | Te AUC: 0.5615 | Te F1: 0.5133
  Epoch 35, Grad Norm: 0.4121
F2 E035 | Loss: 0.5860 | Tr Acc: 0.5365 | Te Acc: 0.5238 | Te AUC: 0.5504 | Te F1: 0.4127
  Epoch 40, Grad Norm: 0.5119
F2 E040 | Loss: 0.5855 | Tr Acc: 0.6203 | Te Acc: 0.5714 | Te AUC: 0.5958 | Te F1: 0.4697
  Epoch 45, Grad Norm: 0.5131
F2 E045 | Loss: 0.5509 | Tr Acc: 0.7130 | Te Acc: 0.5238 | Te AUC: 0.5544 | Te F1: 0.5224
  Epoch 50, Grad Norm: 0.4456
F2 E050 | Loss: 0.5410 | Tr Acc: 0.6364 | Te Acc: 0.5556 | Te AUC: 0.5917 | Te F1: 0.4593
  Epoch 55, Grad Norm: 0.4058
F2 E055 | Loss: 0.5031 | Tr Acc: 0.6078 | Te Acc: 0.5079 | Te AUC: 0.5927 | Te F1: 0.4030
  Epoch 60, Grad Norm: 0.5673
F2 E060 | Loss: 0.4915 | Tr Acc: 0.6364 | Te Acc: 0.5714 | Te AUC: 0.5917 | Te F1: 0.4868
  Epoch 65, Grad Norm: 0.7382
F2 E065 | Loss: 0.4631 | Tr Acc: 0.7005 | Te Acc: 0.5556 | Te AUC: 0.5968 | Te F1: 0.5134
  Epoch 70, Grad Norm: 0.5702
F2 E070 | Loss: 0.4631 | Tr Acc: 0.7005 | Te Acc: 0.5873 | Te AUC: 0.5907 | Te F1: 0.5382
  Epoch 75, Grad Norm: 1.5827
F2 E075 | Loss: 0.4697 | Tr Acc: 0.6988 | Te Acc: 0.5873 | Te AUC: 0.5958 | Te F1: 0.5382
  Epoch 80, Grad Norm: 0.4944
F2 E080 | Loss: 0.4214 | Tr Acc: 0.6524 | Te Acc: 0.5397 | Te AUC: 0.6371 | Te F1: 0.4416
  Epoch 85, Grad Norm: 1.0030
F2 E085 | Loss: 0.4319 | Tr Acc: 0.7112 | Te Acc: 0.5714 | Te AUC: 0.6159 | Te F1: 0.5258
  Epoch 90, Grad Norm: 0.9140
F2 E090 | Loss: 0.3910 | Tr Acc: 0.8414 | Te Acc: 0.5397 | Te AUC: 0.6391 | Te F1: 0.5175
  Epoch 95, Grad Norm: 1.3766
F2 E095 | Loss: 0.3885 | Tr Acc: 0.7451 | Te Acc: 0.5556 | Te AUC: 0.6139 | Te F1: 0.5026
  Epoch 100, Grad Norm: 1.0774
F2 E100 | Loss: 0.3416 | Tr Acc: 0.8984 | Te Acc: 0.5873 | Te AUC: 0.6331 | Te F1: 0.5829
  Epoch 105, Grad Norm: 1.0342
F2 E105 | Loss: 0.3384 | Tr Acc: 0.7380 | Te Acc: 0.5556 | Te AUC: 0.5907 | Te F1: 0.4902
  Epoch 110, Grad Norm: 1.2515
F2 E110 | Loss: 0.3058 | Tr Acc: 0.8948 | Te Acc: 0.6190 | Te AUC: 0.6290 | Te F1: 0.6136
  Epoch 115, Grad Norm: 1.4277
F2 E115 | Loss: 0.2707 | Tr Acc: 0.8895 | Te Acc: 0.6349 | Te AUC: 0.6492 | Te F1: 0.6321
  Epoch 120, Grad Norm: 0.6726
F2 E120 | Loss: 0.2306 | Tr Acc: 0.8253 | Te Acc: 0.6349 | Te AUC: 0.6532 | Te F1: 0.6146
  Epoch 125, Grad Norm: 1.2774
F2 E125 | Loss: 0.2154 | Tr Acc: 0.8396 | Te Acc: 0.5556 | Te AUC: 0.6522 | Te F1: 0.5306
  Epoch 130, Grad Norm: 1.6401
F2 E130 | Loss: 0.1982 | Tr Acc: 0.9198 | Te Acc: 0.6349 | Te AUC: 0.6815 | Te F1: 0.6264
  Epoch 135, Grad Norm: 2.9145
F2 E135 | Loss: 0.1962 | Tr Acc: 0.9572 | Te Acc: 0.6190 | Te AUC: 0.6804 | Te F1: 0.6185
  Epoch 140, Grad Norm: 1.8990
F2 E140 | Loss: 0.1992 | Tr Acc: 0.9447 | Te Acc: 0.6508 | Te AUC: 0.7127 | Te F1: 0.6490
  Epoch 145, Grad Norm: 1.6672
F2 E145 | Loss: 0.1596 | Tr Acc: 0.8431 | Te Acc: 0.6190 | Te AUC: 0.7026 | Te F1: 0.5909
  Epoch 150, Grad Norm: 1.3252
F2 E150 | Loss: 0.1390 | Tr Acc: 0.9305 | Te Acc: 0.6667 | Te AUC: 0.7329 | Te F1: 0.6589
Fold 2 - Training finished. Best Test Accuracy: 0.6667, AUC: 0.7329
Fold 2 elapsed time: 33.84 seconds.

--- Fold 3/10 ---
Calculating max TS length for Positional Encoding (624 subjects)...
Determined max TS length 295 from 624 valid files for Positional Encoding.
Fold 3 using dynamic max length (up to 295 for PE).
Loading time series for 624 subjects in fold...
No truncation active. Will pad to max length found in this fold's successful loads.
Padding to max length found in fold: 295
Padding 624 time series to final length: 295
Proceeding with 624 subjects for Fold 3 model training/evaluation.
Phenotype encoder created.
Generating initial embeddings for graph construction (Batch Size: 32)...
Initial embeddings generated.
Building k-NN graph (k=10)...
Graph built with 624 nodes and 6240 edges.
Starting training for Fold 3... Train samples: 561, Test samples: 63
  Epoch 1, Grad Norm: 0.5605
F3 E001 | Loss: 0.7275 | Tr Acc: 0.4848 | Te Acc: 0.4762 | Te AUC: 0.6212 | Te F1: 0.3072
  Epoch 5, Grad Norm: 0.4446
F3 E005 | Loss: 0.6892 | Tr Acc: 0.4813 | Te Acc: 0.4603 | Te AUC: 0.6475 | Te F1: 0.3473
  Epoch 10, Grad Norm: 0.3826
F3 E010 | Loss: 0.6687 | Tr Acc: 0.6096 | Te Acc: 0.6508 | Te AUC: 0.7101 | Te F1: 0.6411
  Epoch 15, Grad Norm: 0.3569
F3 E015 | Loss: 0.6445 | Tr Acc: 0.5027 | Te Acc: 0.5238 | Te AUC: 0.6818 | Te F1: 0.4048
  Epoch 20, Grad Norm: 0.4160
F3 E020 | Loss: 0.6596 | Tr Acc: 0.5597 | Te Acc: 0.6032 | Te AUC: 0.6737 | Te F1: 0.5405
  Epoch 25, Grad Norm: 0.4018
F3 E025 | Loss: 0.6421 | Tr Acc: 0.6453 | Te Acc: 0.5714 | Te AUC: 0.6121 | Te F1: 0.5684
  Epoch 30, Grad Norm: 0.3902
F3 E030 | Loss: 0.6213 | Tr Acc: 0.5045 | Te Acc: 0.4921 | Te AUC: 0.6768 | Te F1: 0.3414
  Epoch 35, Grad Norm: 0.3747
F3 E035 | Loss: 0.6061 | Tr Acc: 0.6684 | Te Acc: 0.5397 | Te AUC: 0.5939 | Te F1: 0.5056
  Epoch 40, Grad Norm: 0.3586
F3 E040 | Loss: 0.5875 | Tr Acc: 0.5811 | Te Acc: 0.4921 | Te AUC: 0.5737 | Te F1: 0.3696
  Epoch 45, Grad Norm: 0.4308
F3 E045 | Loss: 0.5776 | Tr Acc: 0.5116 | Te Acc: 0.4762 | Te AUC: 0.7101 | Te F1: 0.3072
  Epoch 50, Grad Norm: 0.4055
F3 E050 | Loss: 0.5544 | Tr Acc: 0.5811 | Te Acc: 0.5079 | Te AUC: 0.5889 | Te F1: 0.3781
  Epoch 55, Grad Norm: 0.4121
F3 E055 | Loss: 0.5443 | Tr Acc: 0.6952 | Te Acc: 0.6825 | Te AUC: 0.6939 | Te F1: 0.6769
  Epoch 60, Grad Norm: 0.5015
F3 E060 | Loss: 0.5329 | Tr Acc: 0.5722 | Te Acc: 0.5238 | Te AUC: 0.7172 | Te F1: 0.4048
  Epoch 65, Grad Norm: 0.6757
F3 E065 | Loss: 0.5139 | Tr Acc: 0.5561 | Te Acc: 0.5079 | Te AUC: 0.5495 | Te F1: 0.3781
  Epoch 70, Grad Norm: 0.7201
F3 E070 | Loss: 0.4925 | Tr Acc: 0.7380 | Te Acc: 0.6190 | Te AUC: 0.6606 | Te F1: 0.6085
  Epoch 75, Grad Norm: 0.7106
F3 E075 | Loss: 0.4849 | Tr Acc: 0.5847 | Te Acc: 0.5238 | Te AUC: 0.6616 | Te F1: 0.4048
  Epoch 80, Grad Norm: 0.5742
F3 E080 | Loss: 0.4672 | Tr Acc: 0.7451 | Te Acc: 0.5714 | Te AUC: 0.6202 | Te F1: 0.5570
  Epoch 85, Grad Norm: 0.6140
F3 E085 | Loss: 0.4445 | Tr Acc: 0.8075 | Te Acc: 0.5873 | Te AUC: 0.6051 | Te F1: 0.5844
  Epoch 90, Grad Norm: 0.8060
F3 E090 | Loss: 0.4155 | Tr Acc: 0.7504 | Te Acc: 0.5079 | Te AUC: 0.6121 | Te F1: 0.4715
  Epoch 95, Grad Norm: 0.6643
F3 E095 | Loss: 0.4213 | Tr Acc: 0.8004 | Te Acc: 0.6190 | Te AUC: 0.6152 | Te F1: 0.6152
  Epoch 100, Grad Norm: 1.0862
F3 E100 | Loss: 0.4005 | Tr Acc: 0.7433 | Te Acc: 0.5238 | Te AUC: 0.6152 | Te F1: 0.5048
  Epoch 105, Grad Norm: 1.2410
F3 E105 | Loss: 0.3736 | Tr Acc: 0.6578 | Te Acc: 0.4603 | Te AUC: 0.5889 | Te F1: 0.3978
  Epoch 110, Grad Norm: 0.9819
F3 E110 | Loss: 0.3708 | Tr Acc: 0.6756 | Te Acc: 0.5238 | Te AUC: 0.6333 | Te F1: 0.4686
  Epoch 115, Grad Norm: 1.5524
F3 E115 | Loss: 0.3429 | Tr Acc: 0.7968 | Te Acc: 0.5397 | Te AUC: 0.5606 | Te F1: 0.5056
  Epoch 120, Grad Norm: 1.1422
F3 E120 | Loss: 0.3422 | Tr Acc: 0.8948 | Te Acc: 0.5873 | Te AUC: 0.5586 | Te F1: 0.5875
  Epoch 125, Grad Norm: 0.9714
F3 E125 | Loss: 0.3402 | Tr Acc: 0.9037 | Te Acc: 0.6190 | Te AUC: 0.5707 | Te F1: 0.6190
  Epoch 130, Grad Norm: 1.0620
F3 E130 | Loss: 0.3039 | Tr Acc: 0.8806 | Te Acc: 0.5714 | Te AUC: 0.5717 | Te F1: 0.5637
  Epoch 135, Grad Norm: 1.0710
F3 E135 | Loss: 0.3007 | Tr Acc: 0.8966 | Te Acc: 0.5873 | Te AUC: 0.5697 | Te F1: 0.5816
  Epoch 140, Grad Norm: 0.6026
F3 E140 | Loss: 0.3199 | Tr Acc: 0.9091 | Te Acc: 0.6032 | Te AUC: 0.5758 | Te F1: 0.6028
  Epoch 145, Grad Norm: 0.6330
F3 E145 | Loss: 0.2877 | Tr Acc: 0.9109 | Te Acc: 0.5873 | Te AUC: 0.5727 | Te F1: 0.5873
  Epoch 150, Grad Norm: 1.0349
F3 E150 | Loss: 0.2929 | Tr Acc: 0.8717 | Te Acc: 0.5873 | Te AUC: 0.5798 | Te F1: 0.5779
Fold 3 - Training finished. Best Test Accuracy: 0.5238, AUC: 0.7172
Fold 3 elapsed time: 33.86 seconds.

--- Fold 4/10 ---
Calculating max TS length for Positional Encoding (624 subjects)...
Determined max TS length 295 from 624 valid files for Positional Encoding.
Fold 4 using dynamic max length (up to 295 for PE).
Loading time series for 624 subjects in fold...
No truncation active. Will pad to max length found in this fold's successful loads.
Padding to max length found in fold: 295
Padding 624 time series to final length: 295
Proceeding with 624 subjects for Fold 4 model training/evaluation.
Phenotype encoder created.
Generating initial embeddings for graph construction (Batch Size: 32)...
Initial embeddings generated.
Building k-NN graph (k=10)...
Graph built with 624 nodes and 6240 edges.
Starting training for Fold 4... Train samples: 561, Test samples: 63
  Epoch 1, Grad Norm: 0.5202
F4 E001 | Loss: 0.7128 | Tr Acc: 0.5080 | Te Acc: 0.5079 | Te AUC: 0.4980 | Te F1: 0.4676
  Epoch 5, Grad Norm: 0.4192
F4 E005 | Loss: 0.6815 | Tr Acc: 0.5187 | Te Acc: 0.5238 | Te AUC: 0.5384 | Te F1: 0.3601
  Epoch 10, Grad Norm: 0.3909
F4 E010 | Loss: 0.6867 | Tr Acc: 0.5722 | Te Acc: 0.5714 | Te AUC: 0.5495 | Te F1: 0.5593
  Epoch 15, Grad Norm: 0.3639
F4 E015 | Loss: 0.6696 | Tr Acc: 0.5597 | Te Acc: 0.4603 | Te AUC: 0.5879 | Te F1: 0.4453
  Epoch 20, Grad Norm: 0.3670
F4 E020 | Loss: 0.6692 | Tr Acc: 0.5793 | Te Acc: 0.5238 | Te AUC: 0.6263 | Te F1: 0.4558
  Epoch 25, Grad Norm: 0.3466
F4 E025 | Loss: 0.6399 | Tr Acc: 0.6185 | Te Acc: 0.6190 | Te AUC: 0.6475 | Te F1: 0.5944
  Epoch 30, Grad Norm: 0.3936
F4 E030 | Loss: 0.6497 | Tr Acc: 0.6310 | Te Acc: 0.6667 | Te AUC: 0.6808 | Te F1: 0.6606
  Epoch 35, Grad Norm: 0.3551
F4 E035 | Loss: 0.6492 | Tr Acc: 0.5009 | Te Acc: 0.4921 | Te AUC: 0.6505 | Te F1: 0.3414
  Epoch 40, Grad Norm: 0.4135
F4 E040 | Loss: 0.6215 | Tr Acc: 0.5401 | Te Acc: 0.5079 | Te AUC: 0.6354 | Te F1: 0.3738
  Epoch 45, Grad Norm: 0.4120
F4 E045 | Loss: 0.6029 | Tr Acc: 0.5758 | Te Acc: 0.5238 | Te AUC: 0.6606 | Te F1: 0.4090
  Epoch 50, Grad Norm: 0.3850
F4 E050 | Loss: 0.5771 | Tr Acc: 0.4902 | Te Acc: 0.4762 | Te AUC: 0.6566 | Te F1: 0.3072
  Epoch 55, Grad Norm: 0.5224
F4 E055 | Loss: 0.5781 | Tr Acc: 0.7237 | Te Acc: 0.6190 | Te AUC: 0.6424 | Te F1: 0.6192
  Epoch 60, Grad Norm: 0.4142
F4 E060 | Loss: 0.5510 | Tr Acc: 0.6542 | Te Acc: 0.5238 | Te AUC: 0.6404 | Te F1: 0.4895
  Epoch 65, Grad Norm: 0.4365
F4 E065 | Loss: 0.5202 | Tr Acc: 0.5704 | Te Acc: 0.4603 | Te AUC: 0.6384 | Te F1: 0.3665
  Epoch 70, Grad Norm: 0.6095
F4 E070 | Loss: 0.5352 | Tr Acc: 0.6524 | Te Acc: 0.4762 | Te AUC: 0.6152 | Te F1: 0.4219
  Epoch 75, Grad Norm: 0.6187
F4 E075 | Loss: 0.4951 | Tr Acc: 0.6168 | Te Acc: 0.4921 | Te AUC: 0.6020 | Te F1: 0.4332
  Epoch 80, Grad Norm: 0.5836
F4 E080 | Loss: 0.4841 | Tr Acc: 0.7879 | Te Acc: 0.5873 | Te AUC: 0.6232 | Te F1: 0.5863
  Epoch 85, Grad Norm: 0.6793
F4 E085 | Loss: 0.4545 | Tr Acc: 0.7255 | Te Acc: 0.5238 | Te AUC: 0.6030 | Te F1: 0.4977
  Epoch 90, Grad Norm: 0.5326
F4 E090 | Loss: 0.4512 | Tr Acc: 0.7932 | Te Acc: 0.5397 | Te AUC: 0.6061 | Te F1: 0.5385
  Epoch 95, Grad Norm: 0.4389
F4 E095 | Loss: 0.4325 | Tr Acc: 0.7968 | Te Acc: 0.5873 | Te AUC: 0.6192 | Te F1: 0.5854
  Epoch 100, Grad Norm: 0.5353
F4 E100 | Loss: 0.4382 | Tr Acc: 0.7629 | Te Acc: 0.5397 | Te AUC: 0.6323 | Te F1: 0.5242
  Epoch 105, Grad Norm: 0.5142
F4 E105 | Loss: 0.4485 | Tr Acc: 0.7986 | Te Acc: 0.5556 | Te AUC: 0.6374 | Te F1: 0.5510
  Epoch 110, Grad Norm: 0.6529
F4 E110 | Loss: 0.4299 | Tr Acc: 0.7950 | Te Acc: 0.5556 | Te AUC: 0.6323 | Te F1: 0.5476
  Epoch 115, Grad Norm: 0.5168
F4 E115 | Loss: 0.4315 | Tr Acc: 0.7380 | Te Acc: 0.5238 | Te AUC: 0.6222 | Te F1: 0.4977
  Epoch 120, Grad Norm: 0.5058
F4 E120 | Loss: 0.4369 | Tr Acc: 0.8039 | Te Acc: 0.5714 | Te AUC: 0.6323 | Te F1: 0.5618
  Epoch 125, Grad Norm: 0.5248
F4 E125 | Loss: 0.4156 | Tr Acc: 0.7897 | Te Acc: 0.5714 | Te AUC: 0.6303 | Te F1: 0.5618
  Epoch 130, Grad Norm: 0.5016
F4 E130 | Loss: 0.4203 | Tr Acc: 0.7772 | Te Acc: 0.5238 | Te AUC: 0.6283 | Te F1: 0.5048
Early stopping triggered at epoch 130 due to lack of improvement in Test AUC.
Fold 4 - Training finished. Best Test Accuracy: 0.6667, AUC: 0.6808
Fold 4 elapsed time: 30.52 seconds.

--- Fold 5/10 ---
Calculating max TS length for Positional Encoding (624 subjects)...
Determined max TS length 295 from 624 valid files for Positional Encoding.
Fold 5 using dynamic max length (up to 295 for PE).
Loading time series for 624 subjects in fold...
No truncation active. Will pad to max length found in this fold's successful loads.
Padding to max length found in fold: 295
Padding 624 time series to final length: 295
Proceeding with 624 subjects for Fold 5 model training/evaluation.
Phenotype encoder created.
Generating initial embeddings for graph construction (Batch Size: 32)...
Initial embeddings generated.
Building k-NN graph (k=10)...
Graph built with 624 nodes and 6240 edges.
Starting training for Fold 5... Train samples: 562, Test samples: 62
  Epoch 1, Grad Norm: 0.4735
F5 E001 | Loss: 0.7082 | Tr Acc: 0.5214 | Te Acc: 0.5161 | Te AUC: 0.6510 | Te F1: 0.3514
  Epoch 5, Grad Norm: 0.4294
F5 E005 | Loss: 0.6837 | Tr Acc: 0.5160 | Te Acc: 0.5161 | Te AUC: 0.6469 | Te F1: 0.3514
  Epoch 10, Grad Norm: 0.4174
F5 E010 | Loss: 0.6697 | Tr Acc: 0.5445 | Te Acc: 0.5323 | Te AUC: 0.7031 | Te F1: 0.3864
  Epoch 15, Grad Norm: 0.4166
F5 E015 | Loss: 0.6589 | Tr Acc: 0.6032 | Te Acc: 0.5645 | Te AUC: 0.7531 | Te F1: 0.5338
  Epoch 20, Grad Norm: 0.3762
F5 E020 | Loss: 0.6477 | Tr Acc: 0.5872 | Te Acc: 0.5484 | Te AUC: 0.7375 | Te F1: 0.5022
  Epoch 25, Grad Norm: 0.3952
F5 E025 | Loss: 0.6293 | Tr Acc: 0.5249 | Te Acc: 0.4839 | Te AUC: 0.7469 | Te F1: 0.3156
  Epoch 30, Grad Norm: 0.3689
F5 E030 | Loss: 0.6145 | Tr Acc: 0.5979 | Te Acc: 0.5645 | Te AUC: 0.7688 | Te F1: 0.5146
  Epoch 35, Grad Norm: 0.3804
F5 E035 | Loss: 0.5931 | Tr Acc: 0.6833 | Te Acc: 0.6452 | Te AUC: 0.7844 | Te F1: 0.6377
  Epoch 40, Grad Norm: 0.3794
F5 E040 | Loss: 0.5709 | Tr Acc: 0.6139 | Te Acc: 0.5323 | Te AUC: 0.7625 | Te F1: 0.4787
  Epoch 45, Grad Norm: 0.3585
F5 E045 | Loss: 0.5615 | Tr Acc: 0.5214 | Te Acc: 0.4839 | Te AUC: 0.7479 | Te F1: 0.3156
  Epoch 50, Grad Norm: 0.5182
F5 E050 | Loss: 0.5491 | Tr Acc: 0.5658 | Te Acc: 0.5323 | Te AUC: 0.7792 | Te F1: 0.3864
  Epoch 55, Grad Norm: 0.4444
F5 E055 | Loss: 0.5323 | Tr Acc: 0.5783 | Te Acc: 0.5484 | Te AUC: 0.7896 | Te F1: 0.4446
  Epoch 60, Grad Norm: 0.7784
F5 E060 | Loss: 0.5147 | Tr Acc: 0.6975 | Te Acc: 0.6129 | Te AUC: 0.7708 | Te F1: 0.5724
  Epoch 65, Grad Norm: 0.5122
F5 E065 | Loss: 0.4840 | Tr Acc: 0.6085 | Te Acc: 0.5806 | Te AUC: 0.7312 | Te F1: 0.5006
  Epoch 70, Grad Norm: 0.6994
F5 E070 | Loss: 0.4634 | Tr Acc: 0.7420 | Te Acc: 0.6613 | Te AUC: 0.7406 | Te F1: 0.6430
  Epoch 75, Grad Norm: 0.6243
F5 E075 | Loss: 0.4540 | Tr Acc: 0.8203 | Te Acc: 0.6935 | Te AUC: 0.7896 | Te F1: 0.6933
  Epoch 80, Grad Norm: 0.7381
F5 E080 | Loss: 0.4312 | Tr Acc: 0.6957 | Te Acc: 0.5968 | Te AUC: 0.8302 | Te F1: 0.5601
  Epoch 85, Grad Norm: 0.9621
F5 E085 | Loss: 0.3997 | Tr Acc: 0.6851 | Te Acc: 0.6290 | Te AUC: 0.8562 | Te F1: 0.5953
  Epoch 90, Grad Norm: 0.6390
F5 E090 | Loss: 0.3648 | Tr Acc: 0.6299 | Te Acc: 0.5645 | Te AUC: 0.8385 | Te F1: 0.4890
  Epoch 95, Grad Norm: 0.6993
F5 E095 | Loss: 0.3249 | Tr Acc: 0.6797 | Te Acc: 0.6129 | Te AUC: 0.8333 | Te F1: 0.5634
  Epoch 100, Grad Norm: 2.4384
F5 E100 | Loss: 0.3376 | Tr Acc: 0.7313 | Te Acc: 0.6452 | Te AUC: 0.8312 | Te F1: 0.6167
  Epoch 105, Grad Norm: 0.9803
F5 E105 | Loss: 0.2778 | Tr Acc: 0.7598 | Te Acc: 0.6774 | Te AUC: 0.8177 | Te F1: 0.6576
  Epoch 110, Grad Norm: 1.6578
F5 E110 | Loss: 0.2507 | Tr Acc: 0.7865 | Te Acc: 0.7419 | Te AUC: 0.8177 | Te F1: 0.7337
  Epoch 115, Grad Norm: 2.9404
F5 E115 | Loss: 0.2703 | Tr Acc: 0.7580 | Te Acc: 0.6774 | Te AUC: 0.8125 | Te F1: 0.6576
  Epoch 120, Grad Norm: 0.8645
F5 E120 | Loss: 0.2133 | Tr Acc: 0.7456 | Te Acc: 0.6129 | Te AUC: 0.7927 | Te F1: 0.5733
  Epoch 125, Grad Norm: 1.3959
F5 E125 | Loss: 0.2188 | Tr Acc: 0.8826 | Te Acc: 0.7097 | Te AUC: 0.7552 | Te F1: 0.7060
  Epoch 130, Grad Norm: 1.3001
F5 E130 | Loss: 0.1959 | Tr Acc: 0.9466 | Te Acc: 0.6774 | Te AUC: 0.7542 | Te F1: 0.6774
  Epoch 135, Grad Norm: 1.7842
F5 E135 | Loss: 0.2088 | Tr Acc: 0.8363 | Te Acc: 0.7097 | Te AUC: 0.7635 | Te F1: 0.6965
  Epoch 140, Grad Norm: 1.5502
F5 E140 | Loss: 0.1818 | Tr Acc: 0.9324 | Te Acc: 0.6935 | Te AUC: 0.7708 | Te F1: 0.6923
  Epoch 145, Grad Norm: 1.1498
F5 E145 | Loss: 0.1618 | Tr Acc: 0.9484 | Te Acc: 0.6613 | Te AUC: 0.7750 | Te F1: 0.6610
  Epoch 150, Grad Norm: 0.9865
F5 E150 | Loss: 0.1535 | Tr Acc: 0.9484 | Te Acc: 0.6935 | Te AUC: 0.7906 | Te F1: 0.6923
Fold 5 - Training finished. Best Test Accuracy: 0.6290, AUC: 0.8562
Fold 5 elapsed time: 34.44 seconds.

--- Fold 6/10 ---
Calculating max TS length for Positional Encoding (624 subjects)...
Determined max TS length 295 from 624 valid files for Positional Encoding.
Fold 6 using dynamic max length (up to 295 for PE).
Loading time series for 624 subjects in fold...
No truncation active. Will pad to max length found in this fold's successful loads.
Padding to max length found in fold: 295
Padding 624 time series to final length: 295
Proceeding with 624 subjects for Fold 6 model training/evaluation.
Phenotype encoder created.
Generating initial embeddings for graph construction (Batch Size: 32)...
Initial embeddings generated.
Building k-NN graph (k=10)...
Graph built with 624 nodes and 6240 edges.
Starting training for Fold 6... Train samples: 562, Test samples: 62
  Epoch 1, Grad Norm: 0.4565
F6 E001 | Loss: 0.7211 | Tr Acc: 0.4840 | Te Acc: 0.4839 | Te AUC: 0.4917 | Te F1: 0.3156
  Epoch 5, Grad Norm: 0.3960
F6 E005 | Loss: 0.7014 | Tr Acc: 0.4858 | Te Acc: 0.4839 | Te AUC: 0.5813 | Te F1: 0.3156
  Epoch 10, Grad Norm: 0.3529
F6 E010 | Loss: 0.6752 | Tr Acc: 0.4858 | Te Acc: 0.4839 | Te AUC: 0.5865 | Te F1: 0.3156
  Epoch 15, Grad Norm: 0.3605
F6 E015 | Loss: 0.6634 | Tr Acc: 0.4858 | Te Acc: 0.4839 | Te AUC: 0.5719 | Te F1: 0.3156
  Epoch 20, Grad Norm: 0.3794
F6 E020 | Loss: 0.6428 | Tr Acc: 0.5302 | Te Acc: 0.4839 | Te AUC: 0.5594 | Te F1: 0.3422
  Epoch 25, Grad Norm: 0.3848
F6 E025 | Loss: 0.6351 | Tr Acc: 0.5961 | Te Acc: 0.5323 | Te AUC: 0.5115 | Te F1: 0.4309
  Epoch 30, Grad Norm: 0.3867
F6 E030 | Loss: 0.6072 | Tr Acc: 0.6459 | Te Acc: 0.5161 | Te AUC: 0.4490 | Te F1: 0.4208
  Epoch 35, Grad Norm: 0.3772
F6 E035 | Loss: 0.6004 | Tr Acc: 0.6068 | Te Acc: 0.4516 | Te AUC: 0.4656 | Te F1: 0.3654
  Epoch 40, Grad Norm: 0.4994
F6 E040 | Loss: 0.5871 | Tr Acc: 0.7064 | Te Acc: 0.5000 | Te AUC: 0.4990 | Te F1: 0.4868
  Epoch 45, Grad Norm: 0.5449
F6 E045 | Loss: 0.5663 | Tr Acc: 0.6975 | Te Acc: 0.5000 | Te AUC: 0.4885 | Te F1: 0.4641
  Epoch 50, Grad Norm: 0.4295
F6 E050 | Loss: 0.5511 | Tr Acc: 0.6548 | Te Acc: 0.4839 | Te AUC: 0.5177 | Te F1: 0.3853
  Epoch 55, Grad Norm: 0.5601
F6 E055 | Loss: 0.5367 | Tr Acc: 0.7456 | Te Acc: 0.5645 | Te AUC: 0.5229 | Te F1: 0.5529
  Epoch 60, Grad Norm: 0.4449
F6 E060 | Loss: 0.4993 | Tr Acc: 0.6851 | Te Acc: 0.5000 | Te AUC: 0.4917 | Te F1: 0.4427
  Epoch 65, Grad Norm: 0.7777
F6 E065 | Loss: 0.4952 | Tr Acc: 0.7598 | Te Acc: 0.5161 | Te AUC: 0.5240 | Te F1: 0.5004
  Epoch 70, Grad Norm: 0.5655
F6 E070 | Loss: 0.4958 | Tr Acc: 0.6868 | Te Acc: 0.5000 | Te AUC: 0.4969 | Te F1: 0.4290
  Epoch 75, Grad Norm: 0.5245
F6 E075 | Loss: 0.4822 | Tr Acc: 0.6068 | Te Acc: 0.4677 | Te AUC: 0.4917 | Te F1: 0.3561
  Epoch 80, Grad Norm: 0.3983
F6 E080 | Loss: 0.4618 | Tr Acc: 0.6904 | Te Acc: 0.5000 | Te AUC: 0.5094 | Te F1: 0.4427
  Epoch 85, Grad Norm: 0.4680
F6 E085 | Loss: 0.4610 | Tr Acc: 0.7491 | Te Acc: 0.5484 | Te AUC: 0.5104 | Te F1: 0.5388
  Epoch 90, Grad Norm: 0.4761
F6 E090 | Loss: 0.4614 | Tr Acc: 0.7829 | Te Acc: 0.5161 | Te AUC: 0.5073 | Te F1: 0.5131
  Epoch 95, Grad Norm: 0.5374
F6 E095 | Loss: 0.4608 | Tr Acc: 0.7776 | Te Acc: 0.5323 | Te AUC: 0.5135 | Te F1: 0.5280
  Epoch 100, Grad Norm: 0.4817
F6 E100 | Loss: 0.4608 | Tr Acc: 0.7349 | Te Acc: 0.5484 | Te AUC: 0.5208 | Te F1: 0.5339
  Epoch 105, Grad Norm: 0.5450
F6 E105 | Loss: 0.4509 | Tr Acc: 0.7509 | Te Acc: 0.5645 | Te AUC: 0.5250 | Te F1: 0.5531
  Epoch 110, Grad Norm: 0.5365
F6 E110 | Loss: 0.4494 | Tr Acc: 0.7064 | Te Acc: 0.5484 | Te AUC: 0.5281 | Te F1: 0.5207
Early stopping triggered at epoch 110 due to lack of improvement in Test AUC.
Fold 6 - Training finished. Best Test Accuracy: 0.4839, AUC: 0.5865
Fold 6 elapsed time: 28.84 seconds.

--- Fold 7/10 ---
Calculating max TS length for Positional Encoding (624 subjects)...
Determined max TS length 295 from 624 valid files for Positional Encoding.
Fold 7 using dynamic max length (up to 295 for PE).
Loading time series for 624 subjects in fold...
No truncation active. Will pad to max length found in this fold's successful loads.
Padding to max length found in fold: 295
Padding 624 time series to final length: 295
Proceeding with 624 subjects for Fold 7 model training/evaluation.
Phenotype encoder created.
Generating initial embeddings for graph construction (Batch Size: 32)...
Initial embeddings generated.
Building k-NN graph (k=10)...
Graph built with 624 nodes and 6240 edges.
Starting training for Fold 7... Train samples: 562, Test samples: 62
  Epoch 1, Grad Norm: 0.4624
F7 E001 | Loss: 0.6953 | Tr Acc: 0.4840 | Te Acc: 0.4839 | Te AUC: 0.4760 | Te F1: 0.3156
  Epoch 5, Grad Norm: 0.4632
F7 E005 | Loss: 0.6899 | Tr Acc: 0.5036 | Te Acc: 0.4677 | Te AUC: 0.5365 | Te F1: 0.3340
  Epoch 10, Grad Norm: 0.4283
F7 E010 | Loss: 0.6740 | Tr Acc: 0.5712 | Te Acc: 0.5161 | Te AUC: 0.5615 | Te F1: 0.4773
  Epoch 15, Grad Norm: 0.4482
F7 E015 | Loss: 0.6701 | Tr Acc: 0.4911 | Te Acc: 0.4839 | Te AUC: 0.5708 | Te F1: 0.3422
  Epoch 20, Grad Norm: 0.4120
F7 E020 | Loss: 0.6357 | Tr Acc: 0.5178 | Te Acc: 0.4839 | Te AUC: 0.6219 | Te F1: 0.3653
  Epoch 25, Grad Norm: 0.4316
F7 E025 | Loss: 0.6173 | Tr Acc: 0.6459 | Te Acc: 0.5484 | Te AUC: 0.6188 | Te F1: 0.5456
  Epoch 30, Grad Norm: 0.4531
F7 E030 | Loss: 0.6037 | Tr Acc: 0.5000 | Te Acc: 0.5000 | Te AUC: 0.6229 | Te F1: 0.3503
  Epoch 35, Grad Norm: 0.4351
F7 E035 | Loss: 0.5837 | Tr Acc: 0.7117 | Te Acc: 0.6129 | Te AUC: 0.6396 | Te F1: 0.6105
  Epoch 40, Grad Norm: 0.5341
F7 E040 | Loss: 0.5740 | Tr Acc: 0.6726 | Te Acc: 0.5484 | Te AUC: 0.6188 | Te F1: 0.5388
  Epoch 45, Grad Norm: 0.5045
F7 E045 | Loss: 0.5468 | Tr Acc: 0.6833 | Te Acc: 0.5323 | Te AUC: 0.6240 | Te F1: 0.5143
  Epoch 50, Grad Norm: 0.5442
F7 E050 | Loss: 0.5081 | Tr Acc: 0.6619 | Te Acc: 0.6290 | Te AUC: 0.6354 | Te F1: 0.5946
  Epoch 55, Grad Norm: 0.5165
F7 E055 | Loss: 0.4910 | Tr Acc: 0.7473 | Te Acc: 0.6290 | Te AUC: 0.6417 | Te F1: 0.6256
  Epoch 60, Grad Norm: 0.6315
F7 E060 | Loss: 0.4587 | Tr Acc: 0.6068 | Te Acc: 0.5484 | Te AUC: 0.6375 | Te F1: 0.4774
  Epoch 65, Grad Norm: 0.5938
F7 E065 | Loss: 0.4703 | Tr Acc: 0.6050 | Te Acc: 0.5645 | Te AUC: 0.6260 | Te F1: 0.4701
  Epoch 70, Grad Norm: 0.7831
F7 E070 | Loss: 0.4311 | Tr Acc: 0.6940 | Te Acc: 0.5806 | Te AUC: 0.6500 | Te F1: 0.5470
  Epoch 75, Grad Norm: 1.2314
F7 E075 | Loss: 0.4422 | Tr Acc: 0.7580 | Te Acc: 0.6452 | Te AUC: 0.6948 | Te F1: 0.6288
  Epoch 80, Grad Norm: 1.2823
F7 E080 | Loss: 0.4208 | Tr Acc: 0.7028 | Te Acc: 0.5645 | Te AUC: 0.6938 | Te F1: 0.5146
  Epoch 85, Grad Norm: 0.5369
F7 E085 | Loss: 0.3768 | Tr Acc: 0.8310 | Te Acc: 0.6613 | Te AUC: 0.6927 | Te F1: 0.6600
  Epoch 90, Grad Norm: 0.9755
F7 E090 | Loss: 0.3648 | Tr Acc: 0.7295 | Te Acc: 0.6290 | Te AUC: 0.6615 | Te F1: 0.6146
  Epoch 95, Grad Norm: 1.4621
F7 E095 | Loss: 0.3684 | Tr Acc: 0.8416 | Te Acc: 0.6452 | Te AUC: 0.6906 | Te F1: 0.6230
  Epoch 100, Grad Norm: 1.3997
F7 E100 | Loss: 0.3650 | Tr Acc: 0.8470 | Te Acc: 0.6452 | Te AUC: 0.6677 | Te F1: 0.6376
  Epoch 105, Grad Norm: 1.1008
F7 E105 | Loss: 0.3329 | Tr Acc: 0.6423 | Te Acc: 0.5806 | Te AUC: 0.6937 | Te F1: 0.4980
  Epoch 110, Grad Norm: 1.1606
F7 E110 | Loss: 0.3151 | Tr Acc: 0.7918 | Te Acc: 0.6613 | Te AUC: 0.7177 | Te F1: 0.6430
  Epoch 115, Grad Norm: 2.8384
F7 E115 | Loss: 0.3027 | Tr Acc: 0.8665 | Te Acc: 0.6452 | Te AUC: 0.7135 | Te F1: 0.6407
  Epoch 120, Grad Norm: 1.5533
F7 E120 | Loss: 0.2440 | Tr Acc: 0.7900 | Te Acc: 0.6290 | Te AUC: 0.7125 | Te F1: 0.6093
  Epoch 125, Grad Norm: 1.0975
F7 E125 | Loss: 0.2137 | Tr Acc: 0.8612 | Te Acc: 0.6774 | Te AUC: 0.7135 | Te F1: 0.6767
  Epoch 130, Grad Norm: 1.6731
F7 E130 | Loss: 0.2308 | Tr Acc: 0.7438 | Te Acc: 0.6290 | Te AUC: 0.7365 | Te F1: 0.5855
  Epoch 135, Grad Norm: 1.5104
F7 E135 | Loss: 0.2185 | Tr Acc: 0.9110 | Te Acc: 0.6935 | Te AUC: 0.7333 | Te F1: 0.6816
  Epoch 140, Grad Norm: 1.4949
F7 E140 | Loss: 0.1589 | Tr Acc: 0.9537 | Te Acc: 0.6613 | Te AUC: 0.7396 | Te F1: 0.6582
  Epoch 145, Grad Norm: 1.1840
F7 E145 | Loss: 0.1730 | Tr Acc: 0.9431 | Te Acc: 0.6613 | Te AUC: 0.7708 | Te F1: 0.6557
  Epoch 150, Grad Norm: 1.3909
F7 E150 | Loss: 0.1340 | Tr Acc: 0.9555 | Te Acc: 0.7097 | Te AUC: 0.7677 | Te F1: 0.7097
Fold 7 - Training finished. Best Test Accuracy: 0.6613, AUC: 0.7708
Fold 7 elapsed time: 36.60 seconds.

--- Fold 8/10 ---
Calculating max TS length for Positional Encoding (624 subjects)...
Determined max TS length 295 from 624 valid files for Positional Encoding.
Fold 8 using dynamic max length (up to 295 for PE).
Loading time series for 624 subjects in fold...
No truncation active. Will pad to max length found in this fold's successful loads.
Padding to max length found in fold: 295
Padding 624 time series to final length: 295
Proceeding with 624 subjects for Fold 8 model training/evaluation.
Phenotype encoder created.
Generating initial embeddings for graph construction (Batch Size: 32)...
Initial embeddings generated.
Building k-NN graph (k=10)...
Graph built with 624 nodes and 6240 edges.
Starting training for Fold 8... Train samples: 562, Test samples: 62
  Epoch 1, Grad Norm: 0.5455
F8 E001 | Loss: 0.7204 | Tr Acc: 0.5641 | Te Acc: 0.5000 | Te AUC: 0.5125 | Te F1: 0.4536
  Epoch 5, Grad Norm: 0.4567
F8 E005 | Loss: 0.6819 | Tr Acc: 0.5160 | Te Acc: 0.5323 | Te AUC: 0.4563 | Te F1: 0.3864
  Epoch 10, Grad Norm: 0.4036
F8 E010 | Loss: 0.6851 | Tr Acc: 0.5641 | Te Acc: 0.5000 | Te AUC: 0.4781 | Te F1: 0.4648
  Epoch 15, Grad Norm: 0.3968
F8 E015 | Loss: 0.6752 | Tr Acc: 0.5391 | Te Acc: 0.5161 | Te AUC: 0.5281 | Te F1: 0.4237
  Epoch 20, Grad Norm: 0.4088
F8 E020 | Loss: 0.6507 | Tr Acc: 0.5018 | Te Acc: 0.4839 | Te AUC: 0.5323 | Te F1: 0.3156
  Epoch 25, Grad Norm: 0.3784
F8 E025 | Loss: 0.6519 | Tr Acc: 0.6139 | Te Acc: 0.4677 | Te AUC: 0.5031 | Te F1: 0.4296
  Epoch 30, Grad Norm: 0.3910
F8 E030 | Loss: 0.6394 | Tr Acc: 0.6495 | Te Acc: 0.5000 | Te AUC: 0.5177 | Te F1: 0.4980
  Epoch 35, Grad Norm: 0.3369
F8 E035 | Loss: 0.6077 | Tr Acc: 0.5267 | Te Acc: 0.5000 | Te AUC: 0.5333 | Te F1: 0.3743
  Epoch 40, Grad Norm: 0.3892
F8 E040 | Loss: 0.5972 | Tr Acc: 0.5925 | Te Acc: 0.5323 | Te AUC: 0.5333 | Te F1: 0.4309
  Epoch 45, Grad Norm: 0.3931
F8 E045 | Loss: 0.5797 | Tr Acc: 0.5445 | Te Acc: 0.5161 | Te AUC: 0.5427 | Te F1: 0.4049
  Epoch 50, Grad Norm: 0.3998
F8 E050 | Loss: 0.5536 | Tr Acc: 0.6993 | Te Acc: 0.5323 | Te AUC: 0.5500 | Te F1: 0.5244
  Epoch 55, Grad Norm: 0.4734
F8 E055 | Loss: 0.5315 | Tr Acc: 0.6708 | Te Acc: 0.5645 | Te AUC: 0.5719 | Te F1: 0.5249
  Epoch 60, Grad Norm: 0.3685
F8 E060 | Loss: 0.5182 | Tr Acc: 0.7313 | Te Acc: 0.5323 | Te AUC: 0.5677 | Te F1: 0.5279
  Epoch 65, Grad Norm: 0.4706
F8 E065 | Loss: 0.5027 | Tr Acc: 0.5765 | Te Acc: 0.5161 | Te AUC: 0.5625 | Te F1: 0.4237
  Epoch 70, Grad Norm: 0.8067
F8 E070 | Loss: 0.4632 | Tr Acc: 0.7189 | Te Acc: 0.5323 | Te AUC: 0.6010 | Te F1: 0.4993
  Epoch 75, Grad Norm: 0.5418
F8 E075 | Loss: 0.4523 | Tr Acc: 0.7918 | Te Acc: 0.5323 | Te AUC: 0.6208 | Te F1: 0.5324
  Epoch 80, Grad Norm: 0.5861
F8 E080 | Loss: 0.4237 | Tr Acc: 0.5374 | Te Acc: 0.5161 | Te AUC: 0.6073 | Te F1: 0.3833
  Epoch 85, Grad Norm: 0.8380
F8 E085 | Loss: 0.4254 | Tr Acc: 0.6833 | Te Acc: 0.5000 | Te AUC: 0.6604 | Te F1: 0.4427
  Epoch 90, Grad Norm: 1.2097
F8 E090 | Loss: 0.4283 | Tr Acc: 0.6174 | Te Acc: 0.5161 | Te AUC: 0.6427 | Te F1: 0.4237
  Epoch 95, Grad Norm: 0.9612
F8 E095 | Loss: 0.3958 | Tr Acc: 0.7349 | Te Acc: 0.5968 | Te AUC: 0.6510 | Te F1: 0.5594
  Epoch 100, Grad Norm: 0.7466
F8 E100 | Loss: 0.3604 | Tr Acc: 0.8452 | Te Acc: 0.5968 | Te AUC: 0.6479 | Te F1: 0.5965
  Epoch 105, Grad Norm: 1.2816
F8 E105 | Loss: 0.3455 | Tr Acc: 0.7847 | Te Acc: 0.5484 | Te AUC: 0.6490 | Te F1: 0.5339
  Epoch 110, Grad Norm: 0.9586
F8 E110 | Loss: 0.3064 | Tr Acc: 0.8754 | Te Acc: 0.6613 | Te AUC: 0.6990 | Te F1: 0.6610
  Epoch 115, Grad Norm: 0.8338
F8 E115 | Loss: 0.2877 | Tr Acc: 0.8665 | Te Acc: 0.6452 | Te AUC: 0.6750 | Te F1: 0.6230
  Epoch 120, Grad Norm: 1.7256
F8 E120 | Loss: 0.3028 | Tr Acc: 0.8399 | Te Acc: 0.6452 | Te AUC: 0.7104 | Te F1: 0.6429
  Epoch 125, Grad Norm: 1.5560
F8 E125 | Loss: 0.2658 | Tr Acc: 0.8843 | Te Acc: 0.6613 | Te AUC: 0.6906 | Te F1: 0.6614
  Epoch 130, Grad Norm: 0.9313
F8 E130 | Loss: 0.2336 | Tr Acc: 0.8416 | Te Acc: 0.6129 | Te AUC: 0.6885 | Te F1: 0.6121
  Epoch 135, Grad Norm: 1.8960
F8 E135 | Loss: 0.2187 | Tr Acc: 0.8915 | Te Acc: 0.6452 | Te AUC: 0.7010 | Te F1: 0.6452
  Epoch 140, Grad Norm: 0.8875
F8 E140 | Loss: 0.1845 | Tr Acc: 0.9004 | Te Acc: 0.6452 | Te AUC: 0.7323 | Te F1: 0.6452
  Epoch 145, Grad Norm: 1.0498
F8 E145 | Loss: 0.1621 | Tr Acc: 0.9270 | Te Acc: 0.6452 | Te AUC: 0.7229 | Te F1: 0.6452
  Epoch 150, Grad Norm: 1.4062
F8 E150 | Loss: 0.1672 | Tr Acc: 0.9520 | Te Acc: 0.6613 | Te AUC: 0.7479 | Te F1: 0.6556
Fold 8 - Training finished. Best Test Accuracy: 0.6613, AUC: 0.7479
Fold 8 elapsed time: 34.98 seconds.

--- Fold 9/10 ---
Calculating max TS length for Positional Encoding (624 subjects)...
Determined max TS length 295 from 624 valid files for Positional Encoding.
Fold 9 using dynamic max length (up to 295 for PE).
Loading time series for 624 subjects in fold...
No truncation active. Will pad to max length found in this fold's successful loads.
Padding to max length found in fold: 295
Padding 624 time series to final length: 295
Proceeding with 624 subjects for Fold 9 model training/evaluation.
Phenotype encoder created.
Generating initial embeddings for graph construction (Batch Size: 32)...
Initial embeddings generated.
Building k-NN graph (k=10)...
Graph built with 624 nodes and 6240 edges.
Starting training for Fold 9... Train samples: 562, Test samples: 62
  Epoch 1, Grad Norm: 0.4174
F9 E001 | Loss: 0.6962 | Tr Acc: 0.5783 | Te Acc: 0.5000 | Te AUC: 0.5031 | Te F1: 0.4980
  Epoch 5, Grad Norm: 0.4307
F9 E005 | Loss: 0.6805 | Tr Acc: 0.5569 | Te Acc: 0.5161 | Te AUC: 0.6260 | Te F1: 0.3781
  Epoch 10, Grad Norm: 0.3789
F9 E010 | Loss: 0.6571 | Tr Acc: 0.5552 | Te Acc: 0.5161 | Te AUC: 0.7615 | Te F1: 0.3781
  Epoch 15, Grad Norm: 0.3580
F9 E015 | Loss: 0.6329 | Tr Acc: 0.6317 | Te Acc: 0.6452 | Te AUC: 0.7687 | Te F1: 0.6338
  Epoch 20, Grad Norm: 0.3976
F9 E020 | Loss: 0.6249 | Tr Acc: 0.6512 | Te Acc: 0.7258 | Te AUC: 0.7563 | Te F1: 0.7233
  Epoch 25, Grad Norm: 0.3774
F9 E025 | Loss: 0.5915 | Tr Acc: 0.5801 | Te Acc: 0.5645 | Te AUC: 0.7479 | Te F1: 0.5249
  Epoch 30, Grad Norm: 0.3766
F9 E030 | Loss: 0.5775 | Tr Acc: 0.6548 | Te Acc: 0.6290 | Te AUC: 0.7542 | Te F1: 0.5946
  Epoch 35, Grad Norm: 0.4560
F9 E035 | Loss: 0.5580 | Tr Acc: 0.6833 | Te Acc: 0.6452 | Te AUC: 0.7510 | Te F1: 0.6161
  Epoch 40, Grad Norm: 0.5090
F9 E040 | Loss: 0.5581 | Tr Acc: 0.5961 | Te Acc: 0.5161 | Te AUC: 0.7375 | Te F1: 0.3781
  Epoch 45, Grad Norm: 0.5362
F9 E045 | Loss: 0.5292 | Tr Acc: 0.7456 | Te Acc: 0.6774 | Te AUC: 0.6917 | Te F1: 0.6754
  Epoch 50, Grad Norm: 0.5924
F9 E050 | Loss: 0.5115 | Tr Acc: 0.5658 | Te Acc: 0.5161 | Te AUC: 0.6844 | Te F1: 0.3781
  Epoch 55, Grad Norm: 0.9156
F9 E055 | Loss: 0.5011 | Tr Acc: 0.6957 | Te Acc: 0.5806 | Te AUC: 0.6292 | Te F1: 0.5672
  Epoch 60, Grad Norm: 0.4811
F9 E060 | Loss: 0.4744 | Tr Acc: 0.6388 | Te Acc: 0.5161 | Te AUC: 0.6010 | Te F1: 0.4010
  Epoch 65, Grad Norm: 0.5064
F9 E065 | Loss: 0.4566 | Tr Acc: 0.7580 | Te Acc: 0.5161 | Te AUC: 0.5573 | Te F1: 0.5131
  Epoch 70, Grad Norm: 0.6506
F9 E070 | Loss: 0.4464 | Tr Acc: 0.8185 | Te Acc: 0.5806 | Te AUC: 0.5802 | Te F1: 0.5780
  Epoch 75, Grad Norm: 0.7507
F9 E075 | Loss: 0.4124 | Tr Acc: 0.7883 | Te Acc: 0.5806 | Te AUC: 0.5750 | Te F1: 0.5463
  Epoch 80, Grad Norm: 0.8642
F9 E080 | Loss: 0.4374 | Tr Acc: 0.7829 | Te Acc: 0.5323 | Te AUC: 0.5615 | Te F1: 0.4889
  Epoch 85, Grad Norm: 0.9005
F9 E085 | Loss: 0.4199 | Tr Acc: 0.8096 | Te Acc: 0.5806 | Te AUC: 0.5583 | Te F1: 0.5717
  Epoch 90, Grad Norm: 0.6755
F9 E090 | Loss: 0.4125 | Tr Acc: 0.7954 | Te Acc: 0.5323 | Te AUC: 0.5552 | Te F1: 0.4987
  Epoch 95, Grad Norm: 0.5122
F9 E095 | Loss: 0.4006 | Tr Acc: 0.8149 | Te Acc: 0.6129 | Te AUC: 0.5563 | Te F1: 0.6003
  Epoch 100, Grad Norm: 0.5455
F9 E100 | Loss: 0.3992 | Tr Acc: 0.8399 | Te Acc: 0.5161 | Te AUC: 0.5552 | Te F1: 0.5131
  Epoch 105, Grad Norm: 1.3614
F9 E105 | Loss: 0.4043 | Tr Acc: 0.8096 | Te Acc: 0.5323 | Te AUC: 0.5583 | Te F1: 0.4987
  Epoch 110, Grad Norm: 0.7312
F9 E110 | Loss: 0.3949 | Tr Acc: 0.7794 | Te Acc: 0.5645 | Te AUC: 0.5635 | Te F1: 0.5241
  Epoch 115, Grad Norm: 0.8444
F9 E115 | Loss: 0.4032 | Tr Acc: 0.7509 | Te Acc: 0.5323 | Te AUC: 0.5542 | Te F1: 0.4641
Early stopping triggered at epoch 115 due to lack of improvement in Test AUC.
Fold 9 - Training finished. Best Test Accuracy: 0.6452, AUC: 0.7687
Fold 9 elapsed time: 28.07 seconds.

--- Fold 10/10 ---
Calculating max TS length for Positional Encoding (624 subjects)...
Determined max TS length 295 from 624 valid files for Positional Encoding.
Fold 10 using dynamic max length (up to 295 for PE).
Loading time series for 624 subjects in fold...
No truncation active. Will pad to max length found in this fold's successful loads.
Padding to max length found in fold: 295
Padding 624 time series to final length: 295
Proceeding with 624 subjects for Fold 10 model training/evaluation.
Phenotype encoder created.
Generating initial embeddings for graph construction (Batch Size: 32)...
Initial embeddings generated.
Building k-NN graph (k=10)...
Graph built with 624 nodes and 6240 edges.
Starting training for Fold 10... Train samples: 562, Test samples: 62
  Epoch 1, Grad Norm: 0.6210
F10 E001 | Loss: 0.7224 | Tr Acc: 0.4840 | Te Acc: 0.4839 | Te AUC: 0.6198 | Te F1: 0.3156
  Epoch 5, Grad Norm: 0.4620
F10 E005 | Loss: 0.7120 | Tr Acc: 0.4840 | Te Acc: 0.4839 | Te AUC: 0.6177 | Te F1: 0.3156
  Epoch 10, Grad Norm: 0.4444
F10 E010 | Loss: 0.6969 | Tr Acc: 0.5587 | Te Acc: 0.5323 | Te AUC: 0.6146 | Te F1: 0.4309
  Epoch 15, Grad Norm: 0.4456
F10 E015 | Loss: 0.6888 | Tr Acc: 0.5480 | Te Acc: 0.5000 | Te AUC: 0.6031 | Te F1: 0.3952
  Epoch 20, Grad Norm: 0.4402
F10 E020 | Loss: 0.6668 | Tr Acc: 0.5676 | Te Acc: 0.5000 | Te AUC: 0.5896 | Te F1: 0.4133
  Epoch 25, Grad Norm: 0.4440
F10 E025 | Loss: 0.6616 | Tr Acc: 0.6050 | Te Acc: 0.5323 | Te AUC: 0.5948 | Te F1: 0.4659
  Epoch 30, Grad Norm: 0.4382
F10 E030 | Loss: 0.6374 | Tr Acc: 0.6530 | Te Acc: 0.5484 | Te AUC: 0.6302 | Te F1: 0.5484
  Epoch 35, Grad Norm: 0.4318
F10 E035 | Loss: 0.6337 | Tr Acc: 0.6530 | Te Acc: 0.5161 | Te AUC: 0.6271 | Te F1: 0.4401
  Epoch 40, Grad Norm: 0.4044
F10 E040 | Loss: 0.6013 | Tr Acc: 0.6851 | Te Acc: 0.5806 | Te AUC: 0.6292 | Te F1: 0.5717
  Epoch 45, Grad Norm: 0.5374
F10 E045 | Loss: 0.5748 | Tr Acc: 0.6299 | Te Acc: 0.5645 | Te AUC: 0.6031 | Te F1: 0.4867
  Epoch 50, Grad Norm: 0.4474
F10 E050 | Loss: 0.5423 | Tr Acc: 0.7384 | Te Acc: 0.6129 | Te AUC: 0.6031 | Te F1: 0.6105
  Epoch 55, Grad Norm: 0.5290
F10 E055 | Loss: 0.5093 | Tr Acc: 0.5427 | Te Acc: 0.4677 | Te AUC: 0.6365 | Te F1: 0.3084
  Epoch 60, Grad Norm: 0.6669
F10 E060 | Loss: 0.4976 | Tr Acc: 0.6815 | Te Acc: 0.5806 | Te AUC: 0.6052 | Te F1: 0.5463
  Epoch 65, Grad Norm: 0.5496
F10 E065 | Loss: 0.4507 | Tr Acc: 0.7562 | Te Acc: 0.5806 | Te AUC: 0.5854 | Te F1: 0.5670
  Epoch 70, Grad Norm: 1.1775
F10 E070 | Loss: 0.4494 | Tr Acc: 0.6495 | Te Acc: 0.5484 | Te AUC: 0.5948 | Te F1: 0.4754
  Epoch 75, Grad Norm: 0.8520
F10 E075 | Loss: 0.3881 | Tr Acc: 0.7367 | Te Acc: 0.5968 | Te AUC: 0.6208 | Te F1: 0.5750
  Epoch 80, Grad Norm: 1.0896
F10 E080 | Loss: 0.3581 | Tr Acc: 0.8256 | Te Acc: 0.5806 | Te AUC: 0.6438 | Te F1: 0.5549
  Epoch 85, Grad Norm: 0.8344
F10 E085 | Loss: 0.3514 | Tr Acc: 0.8238 | Te Acc: 0.6452 | Te AUC: 0.6510 | Te F1: 0.6234
  Epoch 90, Grad Norm: 1.0994
F10 E090 | Loss: 0.2919 | Tr Acc: 0.8470 | Te Acc: 0.6613 | Te AUC: 0.6802 | Te F1: 0.6600
  Epoch 95, Grad Norm: 1.0744
F10 E095 | Loss: 0.2792 | Tr Acc: 0.9004 | Te Acc: 0.6129 | Te AUC: 0.6771 | Te F1: 0.6129
  Epoch 100, Grad Norm: 0.7370
F10 E100 | Loss: 0.2382 | Tr Acc: 0.8381 | Te Acc: 0.6290 | Te AUC: 0.6937 | Te F1: 0.6276
  Epoch 105, Grad Norm: 1.2676
F10 E105 | Loss: 0.2313 | Tr Acc: 0.8559 | Te Acc: 0.6290 | Te AUC: 0.6833 | Te F1: 0.6287
  Epoch 110, Grad Norm: 0.9819
F10 E110 | Loss: 0.2155 | Tr Acc: 0.9181 | Te Acc: 0.6613 | Te AUC: 0.6948 | Te F1: 0.6610
  Epoch 115, Grad Norm: 1.5704
F10 E115 | Loss: 0.2040 | Tr Acc: 0.8630 | Te Acc: 0.6452 | Te AUC: 0.6885 | Te F1: 0.6407
  Epoch 120, Grad Norm: 2.7346
F10 E120 | Loss: 0.1893 | Tr Acc: 0.9484 | Te Acc: 0.5968 | Te AUC: 0.6708 | Te F1: 0.5931
  Epoch 125, Grad Norm: 1.1988
F10 E125 | Loss: 0.1751 | Tr Acc: 0.9502 | Te Acc: 0.6129 | Te AUC: 0.6990 | Te F1: 0.6080
  Epoch 130, Grad Norm: 1.6392
F10 E130 | Loss: 0.1584 | Tr Acc: 0.8594 | Te Acc: 0.6452 | Te AUC: 0.7021 | Te F1: 0.6376
  Epoch 135, Grad Norm: 3.7455
F10 E135 | Loss: 0.1871 | Tr Acc: 0.8665 | Te Acc: 0.6129 | Te AUC: 0.7198 | Te F1: 0.5818
  Epoch 140, Grad Norm: 2.4937
F10 E140 | Loss: 0.1710 | Tr Acc: 0.9253 | Te Acc: 0.6129 | Te AUC: 0.6969 | Te F1: 0.6121
  Epoch 145, Grad Norm: 2.6654
F10 E145 | Loss: 0.1628 | Tr Acc: 0.9662 | Te Acc: 0.6290 | Te AUC: 0.6885 | Te F1: 0.6287
  Epoch 150, Grad Norm: 0.8794
F10 E150 | Loss: 0.0991 | Tr Acc: 0.9609 | Te Acc: 0.5968 | Te AUC: 0.6781 | Te F1: 0.5965
Fold 10 - Training finished. Best Test Accuracy: 0.6129, AUC: 0.7198
Fold 10 elapsed time: 34.17 seconds.

--- Cross-Validation Results ---
Number of successfully completed folds with valid metrics: 10/10
Average Accuracy:  0.6265 +/- 0.0669
Average F1-Score:  0.5871
Average Precision: 0.6488
Average Recall:    0.6265
Average AUC:       0.7281

Total elapsed time: 330.99 seconds.
--- Run Finished ---
Frankenstein Training completed at Wed Apr 16 02:50:57 AM EDT 2025
