Starting ACHNN regression training with 16 CPUs and 1 GPU at Wed Apr 16 02:36:00 AM EDT 2025
Loading configuration from config.yaml...
Using configured max_ts_length: 300
Using configured num_regions: 200
Using configured encoder_batch_size: 32
Random seed set to 42
Using GPU: NVIDIA L40S
Loading phenotype data from: Phenotypic_V1_0b_preprocessed1.csv
Original selected data shape: (1112, 6)
Using target column: 'DX_GROUP'
Filtered out 0 rows with invalid/missing target values.
Phenotype data shape after target filtering: (1112, 6)
Processing specified numerical features...
 Processing numerical columns: ['AGE_AT_SCAN', 'FIQ']
Processing specified categorical features...
 Processing categorical columns: ['SEX', 'SITE_ID']
  Encoded categorical columns: ['SEX_1', 'SEX_2', 'SITE_ID_CALTECH', 'SITE_ID_CMU', 'SITE_ID_KKI', 'SITE_ID_LEUVEN_1', 'SITE_ID_LEUVEN_2', 'SITE_ID_MAX_MUN', 'SITE_ID_NYU', 'SITE_ID_OHSU', 'SITE_ID_OLIN', 'SITE_ID_PITT', 'SITE_ID_SBL', 'SITE_ID_SDSU', 'SITE_ID_STANFORD', 'SITE_ID_TRINITY', 'SITE_ID_UCLA_1', 'SITE_ID_UCLA_2', 'SITE_ID_UM_1', 'SITE_ID_UM_2', 'SITE_ID_USM', 'SITE_ID_YALE']
Final phenotype features identified (24): ['AGE_AT_SCAN', 'FIQ', 'SEX_1', 'SEX_2', 'SITE_ID_CALTECH', 'SITE_ID_CMU', 'SITE_ID_KKI', 'SITE_ID_LEUVEN_1', 'SITE_ID_LEUVEN_2', 'SITE_ID_MAX_MUN', 'SITE_ID_NYU', 'SITE_ID_OHSU', 'SITE_ID_OLIN', 'SITE_ID_PITT', 'SITE_ID_SBL', 'SITE_ID_SDSU', 'SITE_ID_STANFORD', 'SITE_ID_TRINITY', 'SITE_ID_UCLA_1', 'SITE_ID_UCLA_2', 'SITE_ID_UM_1', 'SITE_ID_UM_2', 'SITE_ID_USM', 'SITE_ID_YALE']
Checking for corresponding TS files in: /home/pl217/frankensteins_model/results/abide_timeseries/ccs_filt_noglobal_rois_cc200
Processed 1112 subjects from phenotype data.
Found existing, non-empty TS files for 205 subjects.
Skipped 906 subjects (missing file or invalid ID/Site).
Skipped 1 subjects (empty file).
Total subjects available for K-Fold analysis: 205

--- Fold 1/10 ---
Loading time series for 205 subjects in fold...
Padding 205 time series to max length: 300
Proceeding with 205 subjects for Fold 1 model training/evaluation.
Phenotype encoder created.
Generating initial embeddings for graph construction (Batch Size: 32)...
Initial embeddings generated.
Building k-NN graph (k=10)...
Graph built with 205 nodes and 2050 edges.
Starting training for Fold 1... Train samples: 184, Test samples: 21
  Epoch 1, Grad Norm: 0.7943
F1 E001 | Loss: 0.7018 | Tr Acc: 0.5543 | Te Acc: 0.5238 | Te AUC: 0.5727 | Te F1: 0.3601
  Epoch 5, Grad Norm: 0.7777
F1 E005 | Loss: 0.7002 | Tr Acc: 0.5543 | Te Acc: 0.5238 | Te AUC: 0.4364 | Te F1: 0.3601
  Epoch 10, Grad Norm: 0.6473
F1 E010 | Loss: 0.7018 | Tr Acc: 0.5543 | Te Acc: 0.5238 | Te AUC: 0.3727 | Te F1: 0.3601
  Epoch 15, Grad Norm: 0.7536
F1 E015 | Loss: 0.7060 | Tr Acc: 0.5435 | Te Acc: 0.5238 | Te AUC: 0.5000 | Te F1: 0.3601
  Epoch 20, Grad Norm: 0.6490
F1 E020 | Loss: 0.6844 | Tr Acc: 0.5326 | Te Acc: 0.5238 | Te AUC: 0.5545 | Te F1: 0.3601
  Epoch 25, Grad Norm: 0.7310
F1 E025 | Loss: 0.7360 | Tr Acc: 0.5380 | Te Acc: 0.5238 | Te AUC: 0.5000 | Te F1: 0.3601
  Epoch 30, Grad Norm: 0.8032
F1 E030 | Loss: 0.7249 | Tr Acc: 0.5326 | Te Acc: 0.5238 | Te AUC: 0.3636 | Te F1: 0.3601
  Epoch 35, Grad Norm: 0.8495
F1 E035 | Loss: 0.6968 | Tr Acc: 0.5489 | Te Acc: 0.5238 | Te AUC: 0.3727 | Te F1: 0.3601
  Epoch 40, Grad Norm: 0.7695
F1 E040 | Loss: 0.6964 | Tr Acc: 0.5380 | Te Acc: 0.5238 | Te AUC: 0.3364 | Te F1: 0.3601
  Epoch 45, Grad Norm: 0.6598
F1 E045 | Loss: 0.6941 | Tr Acc: 0.5380 | Te Acc: 0.5238 | Te AUC: 0.3000 | Te F1: 0.3601
  Epoch 50, Grad Norm: 0.7675
F1 E050 | Loss: 0.7209 | Tr Acc: 0.5326 | Te Acc: 0.5238 | Te AUC: 0.2455 | Te F1: 0.3601
  Epoch 55, Grad Norm: 0.6254
F1 E055 | Loss: 0.6898 | Tr Acc: 0.5489 | Te Acc: 0.5238 | Te AUC: 0.2455 | Te F1: 0.3601
  Epoch 60, Grad Norm: 0.6387
F1 E060 | Loss: 0.7118 | Tr Acc: 0.5435 | Te Acc: 0.5238 | Te AUC: 0.3182 | Te F1: 0.3601
  Epoch 65, Grad Norm: 0.7957
F1 E065 | Loss: 0.7221 | Tr Acc: 0.5489 | Te Acc: 0.5238 | Te AUC: 0.3182 | Te F1: 0.3601
  Epoch 70, Grad Norm: 0.7439
F1 E070 | Loss: 0.7209 | Tr Acc: 0.5489 | Te Acc: 0.5238 | Te AUC: 0.3273 | Te F1: 0.3601
  Epoch 75, Grad Norm: 0.6391
F1 E075 | Loss: 0.6888 | Tr Acc: 0.5489 | Te Acc: 0.5238 | Te AUC: 0.3455 | Te F1: 0.3601
  Epoch 80, Grad Norm: 0.6957
F1 E080 | Loss: 0.7101 | Tr Acc: 0.5489 | Te Acc: 0.5238 | Te AUC: 0.3455 | Te F1: 0.3601
  Epoch 85, Grad Norm: 0.7302
F1 E085 | Loss: 0.7149 | Tr Acc: 0.5489 | Te Acc: 0.5238 | Te AUC: 0.3455 | Te F1: 0.3601
  Epoch 90, Grad Norm: 0.8168
F1 E090 | Loss: 0.6960 | Tr Acc: 0.5489 | Te Acc: 0.5238 | Te AUC: 0.3636 | Te F1: 0.3601
  Epoch 95, Grad Norm: 0.6973
F1 E095 | Loss: 0.7116 | Tr Acc: 0.5489 | Te Acc: 0.5238 | Te AUC: 0.3818 | Te F1: 0.3601
  Epoch 100, Grad Norm: 0.8741
F1 E100 | Loss: 0.7181 | Tr Acc: 0.5489 | Te Acc: 0.5238 | Te AUC: 0.3818 | Te F1: 0.3601
  Epoch 105, Grad Norm: 0.7649
F1 E105 | Loss: 0.7110 | Tr Acc: 0.5543 | Te Acc: 0.5238 | Te AUC: 0.3455 | Te F1: 0.3601
  Epoch 110, Grad Norm: 0.6852
F1 E110 | Loss: 0.7015 | Tr Acc: 0.5543 | Te Acc: 0.5238 | Te AUC: 0.3636 | Te F1: 0.3601
  Epoch 115, Grad Norm: 0.7866
F1 E115 | Loss: 0.7093 | Tr Acc: 0.5489 | Te Acc: 0.5238 | Te AUC: 0.3636 | Te F1: 0.3601
  Epoch 120, Grad Norm: 0.7799
F1 E120 | Loss: 0.7099 | Tr Acc: 0.5489 | Te Acc: 0.5238 | Te AUC: 0.3636 | Te F1: 0.3601
  Epoch 125, Grad Norm: 0.6893
F1 E125 | Loss: 0.7223 | Tr Acc: 0.5489 | Te Acc: 0.5238 | Te AUC: 0.3455 | Te F1: 0.3601
  Epoch 130, Grad Norm: 0.7364
F1 E130 | Loss: 0.7227 | Tr Acc: 0.5489 | Te Acc: 0.5238 | Te AUC: 0.3636 | Te F1: 0.3601
  Epoch 135, Grad Norm: 0.6465
F1 E135 | Loss: 0.6991 | Tr Acc: 0.5489 | Te Acc: 0.5238 | Te AUC: 0.3455 | Te F1: 0.3601
  Epoch 140, Grad Norm: 0.8945
F1 E140 | Loss: 0.7553 | Tr Acc: 0.5543 | Te Acc: 0.5238 | Te AUC: 0.3818 | Te F1: 0.3601
  Epoch 145, Grad Norm: 0.7641
F1 E145 | Loss: 0.7058 | Tr Acc: 0.5543 | Te Acc: 0.5238 | Te AUC: 0.3909 | Te F1: 0.3601
  Epoch 150, Grad Norm: 0.7824
F1 E150 | Loss: 0.6832 | Tr Acc: 0.5543 | Te Acc: 0.5238 | Te AUC: 0.3727 | Te F1: 0.3601
Early stopping triggered at epoch 150 due to lack of improvement in Test AUC.
Fold 1 - Training finished. Best Test Accuracy: 0.5238, AUC: 0.5727
Fold 1 elapsed time: 10.10 seconds.

--- Fold 2/10 ---
Loading time series for 205 subjects in fold...
Padding 205 time series to max length: 300
Proceeding with 205 subjects for Fold 2 model training/evaluation.
Phenotype encoder created.
Generating initial embeddings for graph construction (Batch Size: 32)...
