Starting ACHNN regression training with 16 CPUs and 1 GPU at Wed Apr 16 01:57:39 AM EDT 2025
Loading configuration from config.yaml...
Using configured max_ts_length: 300
Using configured num_regions: 169
Using configured encoder_batch_size: 64
Random seed set to 42
Using GPU: NVIDIA RTX A5000
Loading phenotype data from: Phenotypic_V1_0b_preprocessed1.csv
Original selected data shape: (1112, 6)
Using target column: 'DX_GROUP'
Filtered out 0 rows with invalid/missing target values.
Phenotype data shape after filtering: (1112, 6)
Processing specified numerical features...
 Processing numerical columns: ['AGE_AT_SCAN', 'FIQ']
Processing specified categorical features...
 Processing categorical columns: ['SEX', 'SITE_ID']
  Encoded categorical columns: ['SEX_1', 'SEX_2', 'SITE_ID_CALTECH', 'SITE_ID_CMU', 'SITE_ID_KKI', 'SITE_ID_LEUVEN_1', 'SITE_ID_LEUVEN_2', 'SITE_ID_MAX_MUN', 'SITE_ID_NYU', 'SITE_ID_OHSU', 'SITE_ID_OLIN', 'SITE_ID_PITT', 'SITE_ID_SBL', 'SITE_ID_SDSU', 'SITE_ID_STANFORD', 'SITE_ID_TRINITY', 'SITE_ID_UCLA_1', 'SITE_ID_UCLA_2', 'SITE_ID_UM_1', 'SITE_ID_UM_2', 'SITE_ID_USM', 'SITE_ID_YALE']
Final phenotype features being used (24): ['AGE_AT_SCAN', 'FIQ', 'SEX_1', 'SEX_2', 'SITE_ID_CALTECH', 'SITE_ID_CMU', 'SITE_ID_KKI', 'SITE_ID_LEUVEN_1', 'SITE_ID_LEUVEN_2', 'SITE_ID_MAX_MUN', 'SITE_ID_NYU', 'SITE_ID_OHSU', 'SITE_ID_OLIN', 'SITE_ID_PITT', 'SITE_ID_SBL', 'SITE_ID_SDSU', 'SITE_ID_STANFORD', 'SITE_ID_TRINITY', 'SITE_ID_UCLA_1', 'SITE_ID_UCLA_2', 'SITE_ID_UM_1', 'SITE_ID_UM_2', 'SITE_ID_USM', 'SITE_ID_YALE']
Processed 1112 subjects from phenotype data with valid IDs and selected columns.
Matching time series files in: regions/
Found 866 potential TS files in directory.
Parsed 866 potential subject IDs from filenames.
Matched 866 subjects with both phenotype and time series data.
Total subjects available for K-Fold analysis: 866

--- Fold 1/10 ---
Loading time series for 866 subjects in fold...
Padding 866 time series to max length: 300
Proceeding with 866 subjects after handling TS loading errors.
Phenotype encoder created.
Generating initial embeddings for graph construction (Batch Size: 64)...
Initial embeddings generated.
Building k-NN graph (k=10)...
Graph built with 866 nodes and 8660 edges.
Starting training for Fold 1... Train samples: 779, Test samples: 87
F1 E005 | Loss: 0.7264 | Tr Acc: 0.4647 | Te Acc: 0.4713 | Te AUC: 0.5196 | Te F1: 0.3019
F1 E010 | Loss: 0.7224 | Tr Acc: 0.4634 | Te Acc: 0.4713 | Te AUC: 0.4852 | Te F1: 0.3019
F1 E015 | Loss: 0.7075 | Tr Acc: 0.4647 | Te Acc: 0.4598 | Te AUC: 0.4947 | Te F1: 0.2969
F1 E020 | Loss: 0.7010 | Tr Acc: 0.4673 | Te Acc: 0.4598 | Te AUC: 0.4846 | Te F1: 0.3157
F1 E025 | Loss: 0.7232 | Tr Acc: 0.4647 | Te Acc: 0.4598 | Te AUC: 0.4602 | Te F1: 0.2969
F1 E030 | Loss: 0.7052 | Tr Acc: 0.4647 | Te Acc: 0.4598 | Te AUC: 0.4756 | Te F1: 0.2969
F1 E035 | Loss: 0.7108 | Tr Acc: 0.4647 | Te Acc: 0.4598 | Te AUC: 0.4740 | Te F1: 0.2969
F1 E040 | Loss: 0.6980 | Tr Acc: 0.4750 | Te Acc: 0.4483 | Te AUC: 0.4767 | Te F1: 0.2917
F1 E045 | Loss: 0.6985 | Tr Acc: 0.4750 | Te Acc: 0.4483 | Te AUC: 0.4788 | Te F1: 0.2917
F1 E050 | Loss: 0.7019 | Tr Acc: 0.4801 | Te Acc: 0.4598 | Te AUC: 0.4671 | Te F1: 0.3481
Fold 1 - Training finished. Best Test Accuracy: 0.4713, AUC: 0.5196
Fold 1 elapsed time: 31.35 seconds.

--- Fold 2/10 ---
Loading time series for 866 subjects in fold...
Padding 866 time series to max length: 300
Proceeding with 866 subjects after handling TS loading errors.
Phenotype encoder created.
Generating initial embeddings for graph construction (Batch Size: 64)...
Initial embeddings generated.
Building k-NN graph (k=10)...
Graph built with 866 nodes and 8660 edges.
Starting training for Fold 2... Train samples: 779, Test samples: 87
F2 E005 | Loss: 0.7259 | Tr Acc: 0.5366 | Te Acc: 0.5287 | Te AUC: 0.4433 | Te F1: 0.3657
F2 E010 | Loss: 0.7261 | Tr Acc: 0.5366 | Te Acc: 0.5287 | Te AUC: 0.4205 | Te F1: 0.3657
F2 E015 | Loss: 0.7222 | Tr Acc: 0.5366 | Te Acc: 0.5287 | Te AUC: 0.4533 | Te F1: 0.3657
F2 E020 | Loss: 0.7087 | Tr Acc: 0.5533 | Te Acc: 0.5287 | Te AUC: 0.4942 | Te F1: 0.4182
F2 E025 | Loss: 0.7155 | Tr Acc: 0.5481 | Te Acc: 0.4943 | Te AUC: 0.4639 | Te F1: 0.4105
F2 E030 | Loss: 0.6977 | Tr Acc: 0.5379 | Te Acc: 0.5287 | Te AUC: 0.4576 | Te F1: 0.3657
F2 E035 | Loss: 0.7108 | Tr Acc: 0.5379 | Te Acc: 0.5287 | Te AUC: 0.4496 | Te F1: 0.3657
F2 E040 | Loss: 0.7013 | Tr Acc: 0.5469 | Te Acc: 0.5172 | Te AUC: 0.4714 | Te F1: 0.3793
F2 E045 | Loss: 0.6923 | Tr Acc: 0.5404 | Te Acc: 0.5402 | Te AUC: 0.4687 | Te F1: 0.3910
F2 E050 | Loss: 0.6930 | Tr Acc: 0.5443 | Te Acc: 0.4943 | Te AUC: 0.4732 | Te F1: 0.3834
Fold 2 - Training finished. Best Test Accuracy: 0.5287, AUC: 0.4942
Fold 2 elapsed time: 29.70 seconds.

--- Fold 3/10 ---
Loading time series for 866 subjects in fold...
Padding 866 time series to max length: 300
Proceeding with 866 subjects after handling TS loading errors.
Phenotype encoder created.
Generating initial embeddings for graph construction (Batch Size: 64)...
Initial embeddings generated.
Building k-NN graph (k=10)...
Graph built with 866 nodes and 8660 edges.
Starting training for Fold 3... Train samples: 779, Test samples: 87
F3 E005 | Loss: 0.7108 | Tr Acc: 0.4647 | Te Acc: 0.4598 | Te AUC: 0.5947 | Te F1: 0.2896
F3 E010 | Loss: 0.7174 | Tr Acc: 0.4788 | Te Acc: 0.4713 | Te AUC: 0.5489 | Te F1: 0.3324
F3 E015 | Loss: 0.7268 | Tr Acc: 0.5353 | Te Acc: 0.5402 | Te AUC: 0.5287 | Te F1: 0.3790
F3 E020 | Loss: 0.7049 | Tr Acc: 0.5353 | Te Acc: 0.5402 | Te AUC: 0.5564 | Te F1: 0.3790
F3 E025 | Loss: 0.7034 | Tr Acc: 0.5353 | Te Acc: 0.5402 | Te AUC: 0.5782 | Te F1: 0.3790
F3 E030 | Loss: 0.6972 | Tr Acc: 0.5353 | Te Acc: 0.5402 | Te AUC: 0.5670 | Te F1: 0.3790
F3 E035 | Loss: 0.7052 | Tr Acc: 0.5353 | Te Acc: 0.5402 | Te AUC: 0.5622 | Te F1: 0.3790
F3 E040 | Loss: 0.6842 | Tr Acc: 0.5469 | Te Acc: 0.5402 | Te AUC: 0.5569 | Te F1: 0.3790
F3 E045 | Loss: 0.7059 | Tr Acc: 0.5610 | Te Acc: 0.5287 | Te AUC: 0.5590 | Te F1: 0.4094
F3 E050 | Loss: 0.7030 | Tr Acc: 0.5802 | Te Acc: 0.5402 | Te AUC: 0.5654 | Te F1: 0.4885
Fold 3 - Training finished. Best Test Accuracy: 0.4598, AUC: 0.5947
Fold 3 elapsed time: 29.79 seconds.

--- Fold 4/10 ---
Loading time series for 866 subjects in fold...
Padding 866 time series to max length: 300
Proceeding with 866 subjects after handling TS loading errors.
Phenotype encoder created.
Generating initial embeddings for graph construction (Batch Size: 64)...
Initial embeddings generated.
Building k-NN graph (k=10)...
Graph built with 866 nodes and 8660 edges.
Starting training for Fold 4... Train samples: 779, Test samples: 87
F4 E005 | Loss: 0.7042 | Tr Acc: 0.5225 | Te Acc: 0.5402 | Te AUC: 0.4782 | Te F1: 0.4314
F4 E010 | Loss: 0.7255 | Tr Acc: 0.5546 | Te Acc: 0.5172 | Te AUC: 0.4755 | Te F1: 0.4791
F4 E015 | Loss: 0.7103 | Tr Acc: 0.4621 | Te Acc: 0.4828 | Te AUC: 0.4016 | Te F1: 0.3384
F4 E020 | Loss: 0.7125 | Tr Acc: 0.4647 | Te Acc: 0.4598 | Te AUC: 0.3787 | Te F1: 0.2896
F4 E025 | Loss: 0.7074 | Tr Acc: 0.4801 | Te Acc: 0.4483 | Te AUC: 0.3489 | Te F1: 0.3359
F4 E030 | Loss: 0.6990 | Tr Acc: 0.5597 | Te Acc: 0.4253 | Te AUC: 0.4117 | Te F1: 0.4247
F4 E035 | Loss: 0.6974 | Tr Acc: 0.5392 | Te Acc: 0.5517 | Te AUC: 0.4165 | Te F1: 0.4042
F4 E040 | Loss: 0.7017 | Tr Acc: 0.5366 | Te Acc: 0.5517 | Te AUC: 0.4548 | Te F1: 0.4042
F4 E045 | Loss: 0.7062 | Tr Acc: 0.5392 | Te Acc: 0.5402 | Te AUC: 0.4676 | Te F1: 0.3790
F4 E050 | Loss: 0.7049 | Tr Acc: 0.5366 | Te Acc: 0.5402 | Te AUC: 0.4436 | Te F1: 0.3790
Fold 4 - Training finished. Best Test Accuracy: 0.5402, AUC: 0.4782
Fold 4 elapsed time: 30.14 seconds.

--- Fold 5/10 ---
Loading time series for 866 subjects in fold...
Padding 866 time series to max length: 300
Proceeding with 866 subjects after handling TS loading errors.
Phenotype encoder created.
Generating initial embeddings for graph construction (Batch Size: 64)...
Initial embeddings generated.
Building k-NN graph (k=10)...
Graph built with 866 nodes and 8660 edges.
Starting training for Fold 5... Train samples: 779, Test samples: 87
F5 E005 | Loss: 0.7228 | Tr Acc: 0.4660 | Te Acc: 0.4598 | Te AUC: 0.4777 | Te F1: 0.3089
F5 E010 | Loss: 0.7367 | Tr Acc: 0.4750 | Te Acc: 0.4713 | Te AUC: 0.4543 | Te F1: 0.3487
F5 E015 | Loss: 0.7224 | Tr Acc: 0.4852 | Te Acc: 0.4713 | Te AUC: 0.4729 | Te F1: 0.3892
F5 E020 | Loss: 0.7161 | Tr Acc: 0.5379 | Te Acc: 0.5402 | Te AUC: 0.4665 | Te F1: 0.3790
F5 E025 | Loss: 0.7009 | Tr Acc: 0.5353 | Te Acc: 0.5402 | Te AUC: 0.4814 | Te F1: 0.3790
F5 E030 | Loss: 0.7094 | Tr Acc: 0.5366 | Te Acc: 0.5402 | Te AUC: 0.5830 | Te F1: 0.3790
F5 E035 | Loss: 0.7072 | Tr Acc: 0.5533 | Te Acc: 0.4943 | Te AUC: 0.5931 | Te F1: 0.3574
F5 E040 | Loss: 0.7032 | Tr Acc: 0.5533 | Te Acc: 0.6322 | Te AUC: 0.6085 | Te F1: 0.6318
F5 E045 | Loss: 0.7072 | Tr Acc: 0.5815 | Te Acc: 0.5517 | Te AUC: 0.6154 | Te F1: 0.5308
F5 E050 | Loss: 0.6937 | Tr Acc: 0.5751 | Te Acc: 0.6207 | Te AUC: 0.6133 | Te F1: 0.6213
Fold 5 - Training finished. Best Test Accuracy: 0.5517, AUC: 0.6154
Fold 5 elapsed time: 30.77 seconds.

--- Fold 6/10 ---
Loading time series for 866 subjects in fold...
Padding 866 time series to max length: 300
Proceeding with 866 subjects after handling TS loading errors.
Phenotype encoder created.
Generating initial embeddings for graph construction (Batch Size: 64)...
Initial embeddings generated.
Building k-NN graph (k=10)...
Graph built with 866 nodes and 8660 edges.
Starting training for Fold 6... Train samples: 779, Test samples: 87
F6 E005 | Loss: 0.7239 | Tr Acc: 0.5456 | Te Acc: 0.5057 | Te AUC: 0.5516 | Te F1: 0.4629
F6 E010 | Loss: 0.7098 | Tr Acc: 0.5353 | Te Acc: 0.5402 | Te AUC: 0.4803 | Te F1: 0.3790
F6 E015 | Loss: 0.7115 | Tr Acc: 0.5353 | Te Acc: 0.5402 | Te AUC: 0.4511 | Te F1: 0.3790
F6 E020 | Loss: 0.7152 | Tr Acc: 0.5764 | Te Acc: 0.4943 | Te AUC: 0.4463 | Te F1: 0.4463
F6 E025 | Loss: 0.7015 | Tr Acc: 0.4878 | Te Acc: 0.4253 | Te AUC: 0.4636 | Te F1: 0.3361
F6 E030 | Loss: 0.6948 | Tr Acc: 0.4827 | Te Acc: 0.4598 | Te AUC: 0.4559 | Te F1: 0.3423
F6 E035 | Loss: 0.7017 | Tr Acc: 0.5661 | Te Acc: 0.4253 | Te AUC: 0.4495 | Te F1: 0.4051
F6 E040 | Loss: 0.7007 | Tr Acc: 0.5623 | Te Acc: 0.5402 | Te AUC: 0.4564 | Te F1: 0.4885
F6 E045 | Loss: 0.6910 | Tr Acc: 0.5507 | Te Acc: 0.5287 | Te AUC: 0.4676 | Te F1: 0.4094
F6 E050 | Loss: 0.7110 | Tr Acc: 0.5546 | Te Acc: 0.5287 | Te AUC: 0.4638 | Te F1: 0.4381
Fold 6 - Training finished. Best Test Accuracy: 0.5057, AUC: 0.5516
Fold 6 elapsed time: 29.97 seconds.

--- Fold 7/10 ---
Loading time series for 866 subjects in fold...
Padding 866 time series to max length: 300
Proceeding with 866 subjects after handling TS loading errors.
Phenotype encoder created.
Generating initial embeddings for graph construction (Batch Size: 64)...
Initial embeddings generated.
Building k-NN graph (k=10)...
Graph built with 866 nodes and 8660 edges.
Starting training for Fold 7... Train samples: 780, Test samples: 86
F7 E005 | Loss: 0.7196 | Tr Acc: 0.5282 | Te Acc: 0.4651 | Te AUC: 0.4326 | Te F1: 0.4568
F7 E010 | Loss: 0.7181 | Tr Acc: 0.5628 | Te Acc: 0.5698 | Te AUC: 0.5364 | Te F1: 0.5547
F7 E015 | Loss: 0.6913 | Tr Acc: 0.5462 | Te Acc: 0.5233 | Te AUC: 0.5592 | Te F1: 0.3865
F7 E020 | Loss: 0.7169 | Tr Acc: 0.5359 | Te Acc: 0.5349 | Te AUC: 0.5239 | Te F1: 0.3728
F7 E025 | Loss: 0.7069 | Tr Acc: 0.5372 | Te Acc: 0.5349 | Te AUC: 0.5484 | Te F1: 0.3728
F7 E030 | Loss: 0.7017 | Tr Acc: 0.5359 | Te Acc: 0.5349 | Te AUC: 0.5207 | Te F1: 0.3728
F7 E035 | Loss: 0.6947 | Tr Acc: 0.5359 | Te Acc: 0.5349 | Te AUC: 0.5674 | Te F1: 0.3728
F7 E040 | Loss: 0.6930 | Tr Acc: 0.5359 | Te Acc: 0.5349 | Te AUC: 0.5223 | Te F1: 0.3728
F7 E045 | Loss: 0.7037 | Tr Acc: 0.5359 | Te Acc: 0.5349 | Te AUC: 0.5038 | Te F1: 0.3728
F7 E050 | Loss: 0.6976 | Tr Acc: 0.5359 | Te Acc: 0.5349 | Te AUC: 0.5408 | Te F1: 0.3728
Fold 7 - Training finished. Best Test Accuracy: 0.5349, AUC: 0.5674
Fold 7 elapsed time: 29.93 seconds.

--- Fold 8/10 ---
Loading time series for 866 subjects in fold...
Padding 866 time series to max length: 300
Proceeding with 866 subjects after handling TS loading errors.
Phenotype encoder created.
Generating initial embeddings for graph construction (Batch Size: 64)...
Initial embeddings generated.
Building k-NN graph (k=10)...
Graph built with 866 nodes and 8660 edges.
Starting training for Fold 8... Train samples: 780, Test samples: 86
F8 E005 | Loss: 0.7200 | Tr Acc: 0.4731 | Te Acc: 0.4767 | Te AUC: 0.4598 | Te F1: 0.3386
F8 E010 | Loss: 0.7084 | Tr Acc: 0.5410 | Te Acc: 0.5233 | Te AUC: 0.4549 | Te F1: 0.3675
F8 E015 | Loss: 0.7049 | Tr Acc: 0.5474 | Te Acc: 0.5116 | Te AUC: 0.4299 | Te F1: 0.3621
F8 E020 | Loss: 0.7039 | Tr Acc: 0.5795 | Te Acc: 0.5349 | Te AUC: 0.4614 | Te F1: 0.4833
F8 E025 | Loss: 0.7009 | Tr Acc: 0.5833 | Te Acc: 0.5000 | Te AUC: 0.4761 | Te F1: 0.4294
F8 E030 | Loss: 0.6927 | Tr Acc: 0.6064 | Te Acc: 0.4767 | Te AUC: 0.4793 | Te F1: 0.4470
F8 E035 | Loss: 0.6857 | Tr Acc: 0.5244 | Te Acc: 0.5233 | Te AUC: 0.4924 | Te F1: 0.4769
F8 E040 | Loss: 0.6976 | Tr Acc: 0.5487 | Te Acc: 0.4884 | Te AUC: 0.4848 | Te F1: 0.4631
F8 E045 | Loss: 0.7028 | Tr Acc: 0.5256 | Te Acc: 0.5233 | Te AUC: 0.4962 | Te F1: 0.4769
F8 E050 | Loss: 0.6936 | Tr Acc: 0.4897 | Te Acc: 0.4651 | Te AUC: 0.4908 | Te F1: 0.3149
Fold 8 - Training finished. Best Test Accuracy: 0.5233, AUC: 0.4962
Fold 8 elapsed time: 29.79 seconds.

--- Fold 9/10 ---
Loading time series for 866 subjects in fold...
Padding 866 time series to max length: 300
Proceeding with 866 subjects after handling TS loading errors.
Phenotype encoder created.
Generating initial embeddings for graph construction (Batch Size: 64)...
Initial embeddings generated.
Building k-NN graph (k=10)...
Graph built with 866 nodes and 8660 edges.
Starting training for Fold 9... Train samples: 780, Test samples: 86
F9 E005 | Loss: 0.7256 | Tr Acc: 0.5359 | Te Acc: 0.5349 | Te AUC: 0.5954 | Te F1: 0.3728
F9 E010 | Loss: 0.7264 | Tr Acc: 0.5346 | Te Acc: 0.5349 | Te AUC: 0.5755 | Te F1: 0.3728
F9 E015 | Loss: 0.7295 | Tr Acc: 0.5385 | Te Acc: 0.5465 | Te AUC: 0.5163 | Te F1: 0.3983
F9 E020 | Loss: 0.7058 | Tr Acc: 0.5923 | Te Acc: 0.4884 | Te AUC: 0.4875 | Te F1: 0.4873
F9 E025 | Loss: 0.7088 | Tr Acc: 0.4744 | Te Acc: 0.4651 | Te AUC: 0.4929 | Te F1: 0.2953
F9 E030 | Loss: 0.7188 | Tr Acc: 0.4769 | Te Acc: 0.4651 | Te AUC: 0.4935 | Te F1: 0.3325
F9 E035 | Loss: 0.7102 | Tr Acc: 0.5038 | Te Acc: 0.4302 | Te AUC: 0.4908 | Te F1: 0.3420
F9 E040 | Loss: 0.7033 | Tr Acc: 0.5910 | Te Acc: 0.5116 | Te AUC: 0.4940 | Te F1: 0.5122
F9 E045 | Loss: 0.7056 | Tr Acc: 0.6038 | Te Acc: 0.5233 | Te AUC: 0.5125 | Te F1: 0.4747
F9 E050 | Loss: 0.7093 | Tr Acc: 0.5500 | Te Acc: 0.5581 | Te AUC: 0.5125 | Te F1: 0.4395
Fold 9 - Training finished. Best Test Accuracy: 0.5349, AUC: 0.5954
Fold 9 elapsed time: 30.28 seconds.

--- Fold 10/10 ---
Loading time series for 866 subjects in fold...
Padding 866 time series to max length: 300
Proceeding with 866 subjects after handling TS loading errors.
Phenotype encoder created.
Generating initial embeddings for graph construction (Batch Size: 64)...
Initial embeddings generated.
Building k-NN graph (k=10)...
Graph built with 866 nodes and 8660 edges.
Starting training for Fold 10... Train samples: 780, Test samples: 86
F10 E005 | Loss: 0.7214 | Tr Acc: 0.5397 | Te Acc: 0.5349 | Te AUC: 0.4766 | Te F1: 0.4399
F10 E010 | Loss: 0.7158 | Tr Acc: 0.5397 | Te Acc: 0.5349 | Te AUC: 0.5152 | Te F1: 0.3728
F10 E015 | Loss: 0.6959 | Tr Acc: 0.5372 | Te Acc: 0.5349 | Te AUC: 0.5489 | Te F1: 0.3728
F10 E020 | Loss: 0.7008 | Tr Acc: 0.5410 | Te Acc: 0.5465 | Te AUC: 0.5935 | Te F1: 0.3983
F10 E025 | Loss: 0.7102 | Tr Acc: 0.5385 | Te Acc: 0.5581 | Te AUC: 0.6283 | Te F1: 0.4228
F10 E030 | Loss: 0.7083 | Tr Acc: 0.5397 | Te Acc: 0.5581 | Te AUC: 0.6446 | Te F1: 0.4228
F10 E035 | Loss: 0.6986 | Tr Acc: 0.5385 | Te Acc: 0.5581 | Te AUC: 0.6478 | Te F1: 0.4228
F10 E040 | Loss: 0.6995 | Tr Acc: 0.5410 | Te Acc: 0.5581 | Te AUC: 0.6321 | Te F1: 0.4228
F10 E045 | Loss: 0.6907 | Tr Acc: 0.5872 | Te Acc: 0.5698 | Te AUC: 0.6114 | Te F1: 0.5090
F10 E050 | Loss: 0.6898 | Tr Acc: 0.5987 | Te Acc: 0.5581 | Te AUC: 0.6076 | Te F1: 0.5356
Fold 10 - Training finished. Best Test Accuracy: 0.5581, AUC: 0.6478
Fold 10 elapsed time: 30.55 seconds.

--- Cross-Validation Results ---
Number of successfully completed folds with valid metrics: 10/10
Average Accuracy:  0.5209 +/- 0.0310
Average F1-Score:  0.4080
Average Precision: 0.4402
Average Recall:    0.5209
Average AUC:       0.5560

Total elapsed time: 302.96 seconds.
--- Run Finished ---
Frankenstein Training completed at Wed Apr 16 02:02:52 AM EDT 2025
