Starting ACHNN regression training with 16 CPUs and 1 GPU at Wed Apr 16 02:28:29 AM EDT 2025
Loading configuration from config.yaml...
Using configured max_ts_length: 300
Using configured num_regions: 200
Using configured encoder_batch_size: 32
Random seed set to 42
Using GPU: NVIDIA L40S
Loading phenotype data from: Phenotypic_V1_0b_preprocessed1.csv
Original selected data shape: (1112, 6)
Using target column: 'DX_GROUP'
Filtered out 0 rows with invalid/missing target values.
Phenotype data shape after target filtering: (1112, 6)
Processing specified numerical features...
 Processing numerical columns: ['AGE_AT_SCAN', 'FIQ']
Processing specified categorical features...
 Processing categorical columns: ['SEX', 'SITE_ID']
  Encoded categorical columns: ['SEX_1', 'SEX_2', 'SITE_ID_CALTECH', 'SITE_ID_CMU', 'SITE_ID_KKI', 'SITE_ID_LEUVEN_1', 'SITE_ID_LEUVEN_2', 'SITE_ID_MAX_MUN', 'SITE_ID_NYU', 'SITE_ID_OHSU', 'SITE_ID_OLIN', 'SITE_ID_PITT', 'SITE_ID_SBL', 'SITE_ID_SDSU', 'SITE_ID_STANFORD', 'SITE_ID_TRINITY', 'SITE_ID_UCLA_1', 'SITE_ID_UCLA_2', 'SITE_ID_UM_1', 'SITE_ID_UM_2', 'SITE_ID_USM', 'SITE_ID_YALE']
Final phenotype features identified (24): ['AGE_AT_SCAN', 'FIQ', 'SEX_1', 'SEX_2', 'SITE_ID_CALTECH', 'SITE_ID_CMU', 'SITE_ID_KKI', 'SITE_ID_LEUVEN_1', 'SITE_ID_LEUVEN_2', 'SITE_ID_MAX_MUN', 'SITE_ID_NYU', 'SITE_ID_OHSU', 'SITE_ID_OLIN', 'SITE_ID_PITT', 'SITE_ID_SBL', 'SITE_ID_SDSU', 'SITE_ID_STANFORD', 'SITE_ID_TRINITY', 'SITE_ID_UCLA_1', 'SITE_ID_UCLA_2', 'SITE_ID_UM_1', 'SITE_ID_UM_2', 'SITE_ID_USM', 'SITE_ID_YALE']
Checking for corresponding TS files in: /home/pl217/connecto-hopfield/results/abide_timeseries/ccs_filt_noglobal_rois_cc200
Processed 1112 subjects from phenotype data.
Found existing, non-empty TS files for 546 subjects.
Skipped 566 subjects (missing file or invalid ID/Site).
Skipped 0 subjects (empty file).
Total subjects available for K-Fold analysis: 546

--- Fold 1/10 ---
Loading time series for 546 subjects in fold...
Padding 546 time series to max length: 300
Proceeding with 546 subjects for Fold 1 model training/evaluation.
Phenotype encoder created.
Generating initial embeddings for graph construction (Batch Size: 32)...
Initial embeddings generated.
Building k-NN graph (k=10)...
Graph built with 546 nodes and 5460 edges.
Starting training for Fold 1... Train samples: 491, Test samples: 55
  Epoch 1, Grad Norm: 0.4871
F1 E001 | Loss: 0.7074 | Tr Acc: 0.5132 | Te Acc: 0.5091 | Te AUC: 0.4180 | Te F1: 0.3435
  Epoch 5, Grad Norm: 0.4392
F1 E005 | Loss: 0.6898 | Tr Acc: 0.5112 | Te Acc: 0.5091 | Te AUC: 0.7050 | Te F1: 0.3435
  Epoch 10, Grad Norm: 0.4033
F1 E010 | Loss: 0.6708 | Tr Acc: 0.6273 | Te Acc: 0.6364 | Te AUC: 0.6852 | Te F1: 0.6339
  Epoch 15, Grad Norm: 0.3935
F1 E015 | Loss: 0.6605 | Tr Acc: 0.4969 | Te Acc: 0.4909 | Te AUC: 0.6693 | Te F1: 0.3233
  Epoch 20, Grad Norm: 0.3910
F1 E020 | Loss: 0.6469 | Tr Acc: 0.6029 | Te Acc: 0.5273 | Te AUC: 0.6415 | Te F1: 0.4744
  Epoch 25, Grad Norm: 0.4288
F1 E025 | Loss: 0.6235 | Tr Acc: 0.5031 | Te Acc: 0.5091 | Te AUC: 0.6772 | Te F1: 0.3624
  Epoch 30, Grad Norm: 0.4583
F1 E030 | Loss: 0.5980 | Tr Acc: 0.7006 | Te Acc: 0.5636 | Te AUC: 0.6667 | Te F1: 0.5619
  Epoch 35, Grad Norm: 0.4643
F1 E035 | Loss: 0.5606 | Tr Acc: 0.7352 | Te Acc: 0.6000 | Te AUC: 0.6283 | Te F1: 0.5944
  Epoch 40, Grad Norm: 0.5288
F1 E040 | Loss: 0.5278 | Tr Acc: 0.6029 | Te Acc: 0.4909 | Te AUC: 0.6217 | Te F1: 0.3999
  Epoch 45, Grad Norm: 0.6653
F1 E045 | Loss: 0.5287 | Tr Acc: 0.5519 | Te Acc: 0.4909 | Te AUC: 0.6151 | Te F1: 0.3530
  Epoch 50, Grad Norm: 0.5529
F1 E050 | Loss: 0.4843 | Tr Acc: 0.7515 | Te Acc: 0.6000 | Te AUC: 0.6468 | Te F1: 0.6000
  Epoch 55, Grad Norm: 0.8965
F1 E055 | Loss: 0.4565 | Tr Acc: 0.8004 | Te Acc: 0.5273 | Te AUC: 0.6429 | Te F1: 0.5184
  Epoch 60, Grad Norm: 1.2365
F1 E060 | Loss: 0.4371 | Tr Acc: 0.7963 | Te Acc: 0.4545 | Te AUC: 0.6495 | Te F1: 0.4078
  Epoch 65, Grad Norm: 0.7377
F1 E065 | Loss: 0.4208 | Tr Acc: 0.8310 | Te Acc: 0.5455 | Te AUC: 0.6481 | Te F1: 0.5391
  Epoch 70, Grad Norm: 0.6247
F1 E070 | Loss: 0.4162 | Tr Acc: 0.8106 | Te Acc: 0.6000 | Te AUC: 0.6534 | Te F1: 0.6000
  Epoch 75, Grad Norm: 0.5460
F1 E075 | Loss: 0.3966 | Tr Acc: 0.8534 | Te Acc: 0.6000 | Te AUC: 0.6587 | Te F1: 0.5984
  Epoch 80, Grad Norm: 0.5347
F1 E080 | Loss: 0.3950 | Tr Acc: 0.8269 | Te Acc: 0.5818 | Te AUC: 0.6601 | Te F1: 0.5810
  Epoch 85, Grad Norm: 0.7458
F1 E085 | Loss: 0.3911 | Tr Acc: 0.8167 | Te Acc: 0.5818 | Te AUC: 0.6667 | Te F1: 0.5818
  Epoch 90, Grad Norm: 0.5663
F1 E090 | Loss: 0.3808 | Tr Acc: 0.8778 | Te Acc: 0.6182 | Te AUC: 0.6587 | Te F1: 0.6156
  Epoch 95, Grad Norm: 0.6272
F1 E095 | Loss: 0.3670 | Tr Acc: 0.8819 | Te Acc: 0.6182 | Te AUC: 0.6627 | Te F1: 0.6156
  Epoch 100, Grad Norm: 0.5972
F1 E100 | Loss: 0.3582 | Tr Acc: 0.8798 | Te Acc: 0.6182 | Te AUC: 0.6667 | Te F1: 0.6156
  Epoch 105, Grad Norm: 0.5046
F1 E105 | Loss: 0.3460 | Tr Acc: 0.8737 | Te Acc: 0.5818 | Te AUC: 0.6667 | Te F1: 0.5759
Early stopping triggered at epoch 105 due to lack of improvement in Test AUC.
Fold 1 - Training finished. Best Test Accuracy: 0.5091, AUC: 0.7050
Fold 1 elapsed time: 30.12 seconds.

--- Fold 2/10 ---
Loading time series for 546 subjects in fold...
Padding 546 time series to max length: 300
Proceeding with 546 subjects for Fold 2 model training/evaluation.
Phenotype encoder created.
Generating initial embeddings for graph construction (Batch Size: 32)...
Initial embeddings generated.
Building k-NN graph (k=10)...
Graph built with 546 nodes and 5460 edges.
Starting training for Fold 2... Train samples: 491, Test samples: 55
  Epoch 1, Grad Norm: 0.5399
F2 E001 | Loss: 0.7062 | Tr Acc: 0.5601 | Te Acc: 0.6000 | Te AUC: 0.6111 | Te F1: 0.5973
  Epoch 5, Grad Norm: 0.4554
F2 E005 | Loss: 0.6887 | Tr Acc: 0.4888 | Te Acc: 0.4909 | Te AUC: 0.6058 | Te F1: 0.3233
  Epoch 10, Grad Norm: 0.4804
F2 E010 | Loss: 0.6637 | Tr Acc: 0.4888 | Te Acc: 0.4909 | Te AUC: 0.6058 | Te F1: 0.3233
  Epoch 15, Grad Norm: 0.3979
F2 E015 | Loss: 0.6307 | Tr Acc: 0.5988 | Te Acc: 0.5636 | Te AUC: 0.6243 | Te F1: 0.5358
  Epoch 20, Grad Norm: 0.3946
F2 E020 | Loss: 0.6158 | Tr Acc: 0.6110 | Te Acc: 0.5091 | Te AUC: 0.6071 | Te F1: 0.4535
  Epoch 25, Grad Norm: 0.4277
F2 E025 | Loss: 0.6026 | Tr Acc: 0.5214 | Te Acc: 0.4909 | Te AUC: 0.5873 | Te F1: 0.3233
  Epoch 30, Grad Norm: 0.4663
F2 E030 | Loss: 0.5587 | Tr Acc: 0.7393 | Te Acc: 0.5636 | Te AUC: 0.5741 | Te F1: 0.5636
  Epoch 35, Grad Norm: 0.6758
F2 E035 | Loss: 0.5451 | Tr Acc: 0.6212 | Te Acc: 0.5091 | Te AUC: 0.5608 | Te F1: 0.4305
  Epoch 40, Grad Norm: 0.7993
F2 E040 | Loss: 0.5131 | Tr Acc: 0.6762 | Te Acc: 0.5273 | Te AUC: 0.5397 | Te F1: 0.5015
  Epoch 45, Grad Norm: 0.5172
F2 E045 | Loss: 0.4472 | Tr Acc: 0.6354 | Te Acc: 0.5091 | Te AUC: 0.5198 | Te F1: 0.4665
  Epoch 50, Grad Norm: 0.7109
F2 E050 | Loss: 0.4022 | Tr Acc: 0.8004 | Te Acc: 0.4727 | Te AUC: 0.4841 | Te F1: 0.4599
  Epoch 55, Grad Norm: 0.8170
F2 E055 | Loss: 0.3959 | Tr Acc: 0.6986 | Te Acc: 0.4727 | Te AUC: 0.5132 | Te F1: 0.4060
  Epoch 60, Grad Norm: 0.9238
F2 E060 | Loss: 0.3387 | Tr Acc: 0.7332 | Te Acc: 0.6000 | Te AUC: 0.5119 | Te F1: 0.5700
  Epoch 65, Grad Norm: 1.6194
F2 E065 | Loss: 0.3171 | Tr Acc: 0.8554 | Te Acc: 0.5273 | Te AUC: 0.5026 | Te F1: 0.5263
  Epoch 70, Grad Norm: 2.9765
F2 E070 | Loss: 0.3130 | Tr Acc: 0.7454 | Te Acc: 0.5273 | Te AUC: 0.4934 | Te F1: 0.5015
  Epoch 75, Grad Norm: 0.9382
F2 E075 | Loss: 0.2553 | Tr Acc: 0.8961 | Te Acc: 0.5091 | Te AUC: 0.5503 | Te F1: 0.4972
  Epoch 80, Grad Norm: 0.7539
F2 E080 | Loss: 0.2360 | Tr Acc: 0.8065 | Te Acc: 0.5091 | Te AUC: 0.5582 | Te F1: 0.4825
  Epoch 85, Grad Norm: 0.7139
F2 E085 | Loss: 0.2211 | Tr Acc: 0.9124 | Te Acc: 0.5091 | Te AUC: 0.5397 | Te F1: 0.4972
  Epoch 90, Grad Norm: 0.6803
F2 E090 | Loss: 0.2144 | Tr Acc: 0.9308 | Te Acc: 0.4909 | Te AUC: 0.5384 | Te F1: 0.4858
  Epoch 95, Grad Norm: 0.6078
F2 E095 | Loss: 0.2054 | Tr Acc: 0.9246 | Te Acc: 0.5273 | Te AUC: 0.5463 | Te F1: 0.5184
  Epoch 100, Grad Norm: 0.6679
F2 E100 | Loss: 0.2019 | Tr Acc: 0.9287 | Te Acc: 0.5273 | Te AUC: 0.5344 | Te F1: 0.5254
  Epoch 105, Grad Norm: 1.0478
F2 E105 | Loss: 0.1935 | Tr Acc: 0.9328 | Te Acc: 0.5091 | Te AUC: 0.5489 | Te F1: 0.5022
  Epoch 110, Grad Norm: 0.9385
F2 E110 | Loss: 0.1905 | Tr Acc: 0.9308 | Te Acc: 0.4909 | Te AUC: 0.5529 | Te F1: 0.4813
  Epoch 115, Grad Norm: 0.9262
F2 E115 | Loss: 0.1932 | Tr Acc: 0.9409 | Te Acc: 0.4909 | Te AUC: 0.5410 | Te F1: 0.4858
Early stopping triggered at epoch 115 due to lack of improvement in Test AUC.
Fold 2 - Training finished. Best Test Accuracy: 0.5636, AUC: 0.6243
Fold 2 elapsed time: 30.74 seconds.

--- Fold 3/10 ---
Loading time series for 546 subjects in fold...
Padding 546 time series to max length: 300
Proceeding with 546 subjects for Fold 3 model training/evaluation.
Phenotype encoder created.
Generating initial embeddings for graph construction (Batch Size: 32)...
Initial embeddings generated.
Building k-NN graph (k=10)...
Graph built with 546 nodes and 5460 edges.
Starting training for Fold 3... Train samples: 491, Test samples: 55
  Epoch 1, Grad Norm: 0.5487
F3 E001 | Loss: 0.7079 | Tr Acc: 0.4888 | Te Acc: 0.4909 | Te AUC: 0.6005 | Te F1: 0.3233
  Epoch 5, Grad Norm: 0.4611
F3 E005 | Loss: 0.6900 | Tr Acc: 0.5499 | Te Acc: 0.5818 | Te AUC: 0.6455 | Te F1: 0.4876
  Epoch 10, Grad Norm: 0.4120
F3 E010 | Loss: 0.6733 | Tr Acc: 0.5723 | Te Acc: 0.6000 | Te AUC: 0.6587 | Te F1: 0.5486
  Epoch 15, Grad Norm: 0.4639
F3 E015 | Loss: 0.6595 | Tr Acc: 0.6517 | Te Acc: 0.6545 | Te AUC: 0.6931 | Te F1: 0.6545
  Epoch 20, Grad Norm: 0.4655
F3 E020 | Loss: 0.6431 | Tr Acc: 0.6029 | Te Acc: 0.5818 | Te AUC: 0.6878 | Te F1: 0.5344
  Epoch 25, Grad Norm: 0.4288
F3 E025 | Loss: 0.6466 | Tr Acc: 0.6293 | Te Acc: 0.6000 | Te AUC: 0.6442 | Te F1: 0.5602
  Epoch 30, Grad Norm: 0.4672
F3 E030 | Loss: 0.6195 | Tr Acc: 0.5906 | Te Acc: 0.5091 | Te AUC: 0.6164 | Te F1: 0.3732
  Epoch 35, Grad Norm: 0.4532
F3 E035 | Loss: 0.5966 | Tr Acc: 0.6008 | Te Acc: 0.4727 | Te AUC: 0.5595 | Te F1: 0.3268
  Epoch 40, Grad Norm: 0.4916
F3 E040 | Loss: 0.5677 | Tr Acc: 0.5132 | Te Acc: 0.4909 | Te AUC: 0.6204 | Te F1: 0.3233
  Epoch 45, Grad Norm: 0.6144
F3 E045 | Loss: 0.5487 | Tr Acc: 0.6415 | Te Acc: 0.5455 | Te AUC: 0.5317 | Te F1: 0.4628
  Epoch 50, Grad Norm: 0.5326
F3 E050 | Loss: 0.5049 | Tr Acc: 0.6354 | Te Acc: 0.5455 | Te AUC: 0.5767 | Te F1: 0.4549
  Epoch 55, Grad Norm: 0.7019
F3 E055 | Loss: 0.4924 | Tr Acc: 0.7943 | Te Acc: 0.4727 | Te AUC: 0.4709 | Te F1: 0.4724
  Epoch 60, Grad Norm: 0.6637
F3 E060 | Loss: 0.4441 | Tr Acc: 0.8126 | Te Acc: 0.5273 | Te AUC: 0.4947 | Te F1: 0.5263
  Epoch 65, Grad Norm: 0.8105
F3 E065 | Loss: 0.4205 | Tr Acc: 0.8269 | Te Acc: 0.5091 | Te AUC: 0.5146 | Te F1: 0.5081
  Epoch 70, Grad Norm: 1.0770
F3 E070 | Loss: 0.3613 | Tr Acc: 0.8350 | Te Acc: 0.5818 | Te AUC: 0.5780 | Te F1: 0.5790
  Epoch 75, Grad Norm: 1.0972
F3 E075 | Loss: 0.3823 | Tr Acc: 0.7393 | Te Acc: 0.5636 | Te AUC: 0.5675 | Te F1: 0.5203
  Epoch 80, Grad Norm: 1.0878
F3 E080 | Loss: 0.3492 | Tr Acc: 0.8758 | Te Acc: 0.5455 | Te AUC: 0.5820 | Te F1: 0.5452
  Epoch 85, Grad Norm: 1.1859
F3 E085 | Loss: 0.3254 | Tr Acc: 0.8859 | Te Acc: 0.5455 | Te AUC: 0.5661 | Te F1: 0.5455
  Epoch 90, Grad Norm: 0.9328
F3 E090 | Loss: 0.3305 | Tr Acc: 0.7984 | Te Acc: 0.5636 | Te AUC: 0.5635 | Te F1: 0.5398
  Epoch 95, Grad Norm: 0.9949
F3 E095 | Loss: 0.3236 | Tr Acc: 0.8880 | Te Acc: 0.5273 | Te AUC: 0.5728 | Te F1: 0.5273
  Epoch 100, Grad Norm: 0.7935
F3 E100 | Loss: 0.3048 | Tr Acc: 0.7841 | Te Acc: 0.5818 | Te AUC: 0.5688 | Te F1: 0.5456
  Epoch 105, Grad Norm: 0.7382
F3 E105 | Loss: 0.2922 | Tr Acc: 0.8941 | Te Acc: 0.5455 | Te AUC: 0.5489 | Te F1: 0.5455
  Epoch 110, Grad Norm: 0.9966
F3 E110 | Loss: 0.2916 | Tr Acc: 0.7923 | Te Acc: 0.5636 | Te AUC: 0.5728 | Te F1: 0.5309
  Epoch 115, Grad Norm: 0.7236
F3 E115 | Loss: 0.2769 | Tr Acc: 0.8880 | Te Acc: 0.5091 | Te AUC: 0.5714 | Te F1: 0.5088
Early stopping triggered at epoch 115 due to lack of improvement in Test AUC.
Fold 3 - Training finished. Best Test Accuracy: 0.6545, AUC: 0.6931
Fold 3 elapsed time: 31.18 seconds.

--- Fold 4/10 ---
Loading time series for 546 subjects in fold...
Padding 546 time series to max length: 300
Proceeding with 546 subjects for Fold 4 model training/evaluation.
Phenotype encoder created.
Generating initial embeddings for graph construction (Batch Size: 32)...
Initial embeddings generated.
Building k-NN graph (k=10)...
Graph built with 546 nodes and 5460 edges.
Starting training for Fold 4... Train samples: 491, Test samples: 55
  Epoch 1, Grad Norm: 0.5415
F4 E001 | Loss: 0.7018 | Tr Acc: 0.4888 | Te Acc: 0.4909 | Te AUC: 0.7394 | Te F1: 0.3233
  Epoch 5, Grad Norm: 0.4906
F4 E005 | Loss: 0.6912 | Tr Acc: 0.5153 | Te Acc: 0.4727 | Te AUC: 0.5913 | Te F1: 0.3435
  Epoch 10, Grad Norm: 0.4920
F4 E010 | Loss: 0.6708 | Tr Acc: 0.5662 | Te Acc: 0.5455 | Te AUC: 0.6230 | Te F1: 0.4430
  Epoch 15, Grad Norm: 0.4725
F4 E015 | Loss: 0.6547 | Tr Acc: 0.5601 | Te Acc: 0.5273 | Te AUC: 0.6839 | Te F1: 0.3992
  Epoch 20, Grad Norm: 0.4763
F4 E020 | Loss: 0.6415 | Tr Acc: 0.4929 | Te Acc: 0.4909 | Te AUC: 0.6667 | Te F1: 0.3233
  Epoch 25, Grad Norm: 0.4659
F4 E025 | Loss: 0.6099 | Tr Acc: 0.6517 | Te Acc: 0.5818 | Te AUC: 0.7447 | Te F1: 0.5549
  Epoch 30, Grad Norm: 0.4786
F4 E030 | Loss: 0.5852 | Tr Acc: 0.6151 | Te Acc: 0.5273 | Te AUC: 0.7394 | Te F1: 0.4314
  Epoch 35, Grad Norm: 0.5259
F4 E035 | Loss: 0.5671 | Tr Acc: 0.4969 | Te Acc: 0.4909 | Te AUC: 0.6574 | Te F1: 0.3233
  Epoch 40, Grad Norm: 0.5396
F4 E040 | Loss: 0.5395 | Tr Acc: 0.6049 | Te Acc: 0.5091 | Te AUC: 0.6892 | Te F1: 0.4198
  Epoch 45, Grad Norm: 0.5880
F4 E045 | Loss: 0.5218 | Tr Acc: 0.6049 | Te Acc: 0.4909 | Te AUC: 0.6415 | Te F1: 0.4082
  Epoch 50, Grad Norm: 0.7027
F4 E050 | Loss: 0.4747 | Tr Acc: 0.6864 | Te Acc: 0.5455 | Te AUC: 0.6495 | Te F1: 0.5008
  Epoch 55, Grad Norm: 0.6654
F4 E055 | Loss: 0.4234 | Tr Acc: 0.8310 | Te Acc: 0.6182 | Te AUC: 0.6323 | Te F1: 0.6182
  Epoch 60, Grad Norm: 0.5621
F4 E060 | Loss: 0.3884 | Tr Acc: 0.5255 | Te Acc: 0.4909 | Te AUC: 0.6151 | Te F1: 0.3233
  Epoch 65, Grad Norm: 1.0584
F4 E065 | Loss: 0.3837 | Tr Acc: 0.8248 | Te Acc: 0.5818 | Te AUC: 0.5701 | Te F1: 0.5690
  Epoch 70, Grad Norm: 0.9523
F4 E070 | Loss: 0.3382 | Tr Acc: 0.8086 | Te Acc: 0.5636 | Te AUC: 0.5635 | Te F1: 0.5554
  Epoch 75, Grad Norm: 0.8518
F4 E075 | Loss: 0.2823 | Tr Acc: 0.9063 | Te Acc: 0.5636 | Te AUC: 0.5476 | Te F1: 0.5607
  Epoch 80, Grad Norm: 1.8701
F4 E080 | Loss: 0.2901 | Tr Acc: 0.9084 | Te Acc: 0.5818 | Te AUC: 0.5661 | Te F1: 0.5776
  Epoch 85, Grad Norm: 0.8241
F4 E085 | Loss: 0.2238 | Tr Acc: 0.9206 | Te Acc: 0.5818 | Te AUC: 0.5675 | Te F1: 0.5815
  Epoch 90, Grad Norm: 0.7982
F4 E090 | Loss: 0.2176 | Tr Acc: 0.9287 | Te Acc: 0.5455 | Te AUC: 0.5569 | Te F1: 0.5436
  Epoch 95, Grad Norm: 1.1850
F4 E095 | Loss: 0.2154 | Tr Acc: 0.9267 | Te Acc: 0.5455 | Te AUC: 0.5542 | Te F1: 0.5436
  Epoch 100, Grad Norm: 0.7417
F4 E100 | Loss: 0.1946 | Tr Acc: 0.9165 | Te Acc: 0.5455 | Te AUC: 0.5595 | Te F1: 0.5446
  Epoch 105, Grad Norm: 0.7533
F4 E105 | Loss: 0.1838 | Tr Acc: 0.9369 | Te Acc: 0.5273 | Te AUC: 0.5265 | Te F1: 0.5157
  Epoch 110, Grad Norm: 0.6972
F4 E110 | Loss: 0.1892 | Tr Acc: 0.9267 | Te Acc: 0.5455 | Te AUC: 0.5582 | Te F1: 0.5446
  Epoch 115, Grad Norm: 0.7739
F4 E115 | Loss: 0.1782 | Tr Acc: 0.9409 | Te Acc: 0.5636 | Te AUC: 0.5423 | Te F1: 0.5575
  Epoch 120, Grad Norm: 0.9777
F4 E120 | Loss: 0.1632 | Tr Acc: 0.9409 | Te Acc: 0.5273 | Te AUC: 0.5370 | Te F1: 0.5206
  Epoch 125, Grad Norm: 1.6750
F4 E125 | Loss: 0.1774 | Tr Acc: 0.9043 | Te Acc: 0.5455 | Te AUC: 0.5608 | Te F1: 0.5424
Early stopping triggered at epoch 125 due to lack of improvement in Test AUC.
Fold 4 - Training finished. Best Test Accuracy: 0.5818, AUC: 0.7447
Fold 4 elapsed time: 33.36 seconds.

--- Fold 5/10 ---
Loading time series for 546 subjects in fold...
Padding 546 time series to max length: 300
Proceeding with 546 subjects for Fold 5 model training/evaluation.
Phenotype encoder created.
Generating initial embeddings for graph construction (Batch Size: 32)...
Initial embeddings generated.
Building k-NN graph (k=10)...
Graph built with 546 nodes and 5460 edges.
Starting training for Fold 5... Train samples: 491, Test samples: 55
  Epoch 1, Grad Norm: 0.6099
F5 E001 | Loss: 0.7119 | Tr Acc: 0.4786 | Te Acc: 0.4909 | Te AUC: 0.4960 | Te F1: 0.3233
  Epoch 5, Grad Norm: 0.5304
F5 E005 | Loss: 0.6952 | Tr Acc: 0.5214 | Te Acc: 0.5091 | Te AUC: 0.6495 | Te F1: 0.3624
  Epoch 10, Grad Norm: 0.4687
F5 E010 | Loss: 0.6554 | Tr Acc: 0.6029 | Te Acc: 0.6000 | Te AUC: 0.6032 | Te F1: 0.5602
  Epoch 15, Grad Norm: 0.4928
F5 E015 | Loss: 0.6541 | Tr Acc: 0.6762 | Te Acc: 0.5455 | Te AUC: 0.6164 | Te F1: 0.5436
  Epoch 20, Grad Norm: 0.4248
F5 E020 | Loss: 0.6273 | Tr Acc: 0.5153 | Te Acc: 0.4909 | Te AUC: 0.6429 | Te F1: 0.3233
  Epoch 25, Grad Norm: 0.5186
F5 E025 | Loss: 0.6061 | Tr Acc: 0.6293 | Te Acc: 0.5818 | Te AUC: 0.6442 | Te F1: 0.5508
  Epoch 30, Grad Norm: 0.4704
F5 E030 | Loss: 0.5615 | Tr Acc: 0.7088 | Te Acc: 0.5636 | Te AUC: 0.6230 | Te F1: 0.5554
  Epoch 35, Grad Norm: 0.6379
F5 E035 | Loss: 0.5511 | Tr Acc: 0.6965 | Te Acc: 0.5636 | Te AUC: 0.6085 | Te F1: 0.5503
  Epoch 40, Grad Norm: 0.6170
F5 E040 | Loss: 0.5118 | Tr Acc: 0.7617 | Te Acc: 0.5091 | Te AUC: 0.5886 | Te F1: 0.5081
  Epoch 45, Grad Norm: 0.5578
F5 E045 | Loss: 0.4660 | Tr Acc: 0.7128 | Te Acc: 0.5455 | Te AUC: 0.5807 | Te F1: 0.5162
  Epoch 50, Grad Norm: 0.7419
F5 E050 | Loss: 0.4581 | Tr Acc: 0.6782 | Te Acc: 0.5091 | Te AUC: 0.5013 | Te F1: 0.4305
  Epoch 55, Grad Norm: 0.7426
F5 E055 | Loss: 0.4154 | Tr Acc: 0.7963 | Te Acc: 0.4909 | Te AUC: 0.5251 | Te F1: 0.4716
  Epoch 60, Grad Norm: 0.8313
F5 E060 | Loss: 0.4040 | Tr Acc: 0.8310 | Te Acc: 0.4909 | Te AUC: 0.5079 | Te F1: 0.4785
  Epoch 65, Grad Norm: 0.6827
F5 E065 | Loss: 0.4126 | Tr Acc: 0.6802 | Te Acc: 0.5273 | Te AUC: 0.5397 | Te F1: 0.4803
  Epoch 70, Grad Norm: 0.7460
F5 E070 | Loss: 0.4092 | Tr Acc: 0.7821 | Te Acc: 0.5091 | Te AUC: 0.5489 | Te F1: 0.4775
  Epoch 75, Grad Norm: 0.6271
F5 E075 | Loss: 0.3847 | Tr Acc: 0.8554 | Te Acc: 0.4909 | Te AUC: 0.5278 | Te F1: 0.4875
  Epoch 80, Grad Norm: 0.5151
F5 E080 | Loss: 0.3822 | Tr Acc: 0.7800 | Te Acc: 0.5273 | Te AUC: 0.5463 | Te F1: 0.5015
  Epoch 85, Grad Norm: 0.6958
F5 E085 | Loss: 0.3657 | Tr Acc: 0.7658 | Te Acc: 0.5091 | Te AUC: 0.5278 | Te F1: 0.4775
  Epoch 90, Grad Norm: 0.5937
F5 E090 | Loss: 0.3669 | Tr Acc: 0.7841 | Te Acc: 0.5091 | Te AUC: 0.5463 | Te F1: 0.4775
  Epoch 95, Grad Norm: 0.7164
F5 E095 | Loss: 0.3809 | Tr Acc: 0.8289 | Te Acc: 0.5091 | Te AUC: 0.5675 | Te F1: 0.4940
  Epoch 100, Grad Norm: 1.0520
F5 E100 | Loss: 0.3736 | Tr Acc: 0.7780 | Te Acc: 0.5091 | Te AUC: 0.5728 | Te F1: 0.4775
  Epoch 105, Grad Norm: 0.6100
F5 E105 | Loss: 0.3472 | Tr Acc: 0.8228 | Te Acc: 0.5455 | Te AUC: 0.5503 | Te F1: 0.5246
Early stopping triggered at epoch 105 due to lack of improvement in Test AUC.
Fold 5 - Training finished. Best Test Accuracy: 0.5091, AUC: 0.6495
Fold 5 elapsed time: 29.42 seconds.

--- Fold 6/10 ---
Loading time series for 546 subjects in fold...
Padding 546 time series to max length: 300
Proceeding with 546 subjects for Fold 6 model training/evaluation.
Phenotype encoder created.
Generating initial embeddings for graph construction (Batch Size: 32)...
Initial embeddings generated.
Building k-NN graph (k=10)...
Graph built with 546 nodes and 5460 edges.
Starting training for Fold 6... Train samples: 491, Test samples: 55
  Epoch 1, Grad Norm: 0.5528
F6 E001 | Loss: 0.7031 | Tr Acc: 0.5112 | Te Acc: 0.5091 | Te AUC: 0.6243 | Te F1: 0.3435
  Epoch 5, Grad Norm: 0.4983
F6 E005 | Loss: 0.6885 | Tr Acc: 0.5112 | Te Acc: 0.5091 | Te AUC: 0.6085 | Te F1: 0.3435
  Epoch 10, Grad Norm: 0.4498
F6 E010 | Loss: 0.6818 | Tr Acc: 0.5784 | Te Acc: 0.5636 | Te AUC: 0.6402 | Te F1: 0.4927
  Epoch 15, Grad Norm: 0.4244
F6 E015 | Loss: 0.6709 | Tr Acc: 0.5580 | Te Acc: 0.5818 | Te AUC: 0.6336 | Te F1: 0.5149
  Epoch 20, Grad Norm: 0.4912
F6 E020 | Loss: 0.6284 | Tr Acc: 0.4990 | Te Acc: 0.5091 | Te AUC: 0.6243 | Te F1: 0.3624
  Epoch 25, Grad Norm: 0.4176
F6 E025 | Loss: 0.6271 | Tr Acc: 0.6212 | Te Acc: 0.5818 | Te AUC: 0.5939 | Te F1: 0.5058
  Epoch 30, Grad Norm: 0.4462
F6 E030 | Loss: 0.5991 | Tr Acc: 0.5540 | Te Acc: 0.5273 | Te AUC: 0.5661 | Te F1: 0.4227
  Epoch 35, Grad Norm: 0.4653
F6 E035 | Loss: 0.5842 | Tr Acc: 0.6680 | Te Acc: 0.5818 | Te AUC: 0.5212 | Te F1: 0.5213
  Epoch 40, Grad Norm: 0.4701
F6 E040 | Loss: 0.5458 | Tr Acc: 0.7189 | Te Acc: 0.5636 | Te AUC: 0.5437 | Te F1: 0.5203
  Epoch 45, Grad Norm: 0.4340
F6 E045 | Loss: 0.5212 | Tr Acc: 0.6904 | Te Acc: 0.4727 | Te AUC: 0.5463 | Te F1: 0.4653
  Epoch 50, Grad Norm: 0.5968
F6 E050 | Loss: 0.5104 | Tr Acc: 0.7882 | Te Acc: 0.6000 | Te AUC: 0.5688 | Te F1: 0.5848
  Epoch 55, Grad Norm: 0.7048
F6 E055 | Loss: 0.4691 | Tr Acc: 0.7719 | Te Acc: 0.5091 | Te AUC: 0.5450 | Te F1: 0.5091
  Epoch 60, Grad Norm: 0.6317
F6 E060 | Loss: 0.4511 | Tr Acc: 0.7719 | Te Acc: 0.4909 | Te AUC: 0.5780 | Te F1: 0.4527
  Epoch 65, Grad Norm: 0.8271
F6 E065 | Loss: 0.4349 | Tr Acc: 0.8350 | Te Acc: 0.6364 | Te AUC: 0.6614 | Te F1: 0.6226
  Epoch 70, Grad Norm: 1.1665
F6 E070 | Loss: 0.4297 | Tr Acc: 0.8432 | Te Acc: 0.6000 | Te AUC: 0.6085 | Te F1: 0.5782
  Epoch 75, Grad Norm: 0.7088
F6 E075 | Loss: 0.3750 | Tr Acc: 0.8432 | Te Acc: 0.6000 | Te AUC: 0.5675 | Te F1: 0.5992
  Epoch 80, Grad Norm: 0.9263
F6 E080 | Loss: 0.3519 | Tr Acc: 0.8310 | Te Acc: 0.6182 | Te AUC: 0.6190 | Te F1: 0.5936
  Epoch 85, Grad Norm: 1.6039
F6 E085 | Loss: 0.3588 | Tr Acc: 0.8167 | Te Acc: 0.6182 | Te AUC: 0.6442 | Te F1: 0.6156
  Epoch 90, Grad Norm: 1.2747
F6 E090 | Loss: 0.3298 | Tr Acc: 0.8758 | Te Acc: 0.6182 | Te AUC: 0.6508 | Te F1: 0.6179
  Epoch 95, Grad Norm: 0.8136
F6 E095 | Loss: 0.2783 | Tr Acc: 0.8676 | Te Acc: 0.6364 | Te AUC: 0.6799 | Te F1: 0.6361
  Epoch 100, Grad Norm: 2.3383
F6 E100 | Loss: 0.2959 | Tr Acc: 0.7556 | Te Acc: 0.5455 | Te AUC: 0.6402 | Te F1: 0.5284
  Epoch 105, Grad Norm: 1.3672
F6 E105 | Loss: 0.2717 | Tr Acc: 0.9267 | Te Acc: 0.6545 | Te AUC: 0.6257 | Te F1: 0.6511
  Epoch 110, Grad Norm: 0.8881
F6 E110 | Loss: 0.2068 | Tr Acc: 0.9409 | Te Acc: 0.6000 | Te AUC: 0.6111 | Te F1: 0.6000
  Epoch 115, Grad Norm: 2.2656
F6 E115 | Loss: 0.1961 | Tr Acc: 0.9308 | Te Acc: 0.6545 | Te AUC: 0.5939 | Te F1: 0.6439
  Epoch 120, Grad Norm: 1.1116
F6 E120 | Loss: 0.1841 | Tr Acc: 0.9430 | Te Acc: 0.6545 | Te AUC: 0.6561 | Te F1: 0.6480
  Epoch 125, Grad Norm: 1.5661
F6 E125 | Loss: 0.1755 | Tr Acc: 0.9185 | Te Acc: 0.6000 | Te AUC: 0.6323 | Te F1: 0.5782
  Epoch 130, Grad Norm: 1.1650
F6 E130 | Loss: 0.1601 | Tr Acc: 0.9308 | Te Acc: 0.6000 | Te AUC: 0.6283 | Te F1: 0.5902
  Epoch 135, Grad Norm: 1.2067
F6 E135 | Loss: 0.1450 | Tr Acc: 0.9572 | Te Acc: 0.5818 | Te AUC: 0.6204 | Te F1: 0.5776
  Epoch 140, Grad Norm: 0.7419
F6 E140 | Loss: 0.1086 | Tr Acc: 0.9633 | Te Acc: 0.5636 | Te AUC: 0.6019 | Te F1: 0.5607
  Epoch 145, Grad Norm: 1.1752
F6 E145 | Loss: 0.0996 | Tr Acc: 0.9674 | Te Acc: 0.5636 | Te AUC: 0.6548 | Te F1: 0.5575
  Epoch 150, Grad Norm: 1.7811
F6 E150 | Loss: 0.1338 | Tr Acc: 0.9735 | Te Acc: 0.6182 | Te AUC: 0.6786 | Te F1: 0.6167
Fold 6 - Training finished. Best Test Accuracy: 0.6364, AUC: 0.6799
Fold 6 elapsed time: 38.46 seconds.

--- Fold 7/10 ---
Loading time series for 546 subjects in fold...
Padding 546 time series to max length: 300
Proceeding with 546 subjects for Fold 7 model training/evaluation.
Phenotype encoder created.
Generating initial embeddings for graph construction (Batch Size: 32)...
Initial embeddings generated.
Building k-NN graph (k=10)...
Graph built with 546 nodes and 5460 edges.
Starting training for Fold 7... Train samples: 492, Test samples: 54
  Epoch 1, Grad Norm: 0.4303
F7 E001 | Loss: 0.6904 | Tr Acc: 0.4878 | Te Acc: 0.5000 | Te AUC: 0.6667 | Te F1: 0.3333
  Epoch 5, Grad Norm: 0.4106
F7 E005 | Loss: 0.6721 | Tr Acc: 0.5081 | Te Acc: 0.5185 | Te AUC: 0.6749 | Te F1: 0.3732
  Epoch 10, Grad Norm: 0.4533
F7 E010 | Loss: 0.6691 | Tr Acc: 0.6159 | Te Acc: 0.6667 | Te AUC: 0.6818 | Te F1: 0.6625
  Epoch 15, Grad Norm: 0.3506
F7 E015 | Loss: 0.6293 | Tr Acc: 0.5752 | Te Acc: 0.5926 | Te AUC: 0.6749 | Te F1: 0.5115
  Epoch 20, Grad Norm: 0.3837
F7 E020 | Loss: 0.6236 | Tr Acc: 0.5874 | Te Acc: 0.5370 | Te AUC: 0.6365 | Te F1: 0.4545
  Epoch 25, Grad Norm: 0.4012
F7 E025 | Loss: 0.5928 | Tr Acc: 0.6850 | Te Acc: 0.6667 | Te AUC: 0.6337 | Te F1: 0.6494
  Epoch 30, Grad Norm: 0.5423
F7 E030 | Loss: 0.5444 | Tr Acc: 0.6301 | Te Acc: 0.5926 | Te AUC: 0.6900 | Te F1: 0.5534
  Epoch 35, Grad Norm: 0.5086
F7 E035 | Loss: 0.5302 | Tr Acc: 0.7541 | Te Acc: 0.6667 | Te AUC: 0.6722 | Te F1: 0.6592
  Epoch 40, Grad Norm: 0.4752
F7 E040 | Loss: 0.4893 | Tr Acc: 0.6484 | Te Acc: 0.5926 | Te AUC: 0.6406 | Te F1: 0.5417
  Epoch 45, Grad Norm: 0.5844
F7 E045 | Loss: 0.4464 | Tr Acc: 0.7358 | Te Acc: 0.6111 | Te AUC: 0.6653 | Te F1: 0.6000
  Epoch 50, Grad Norm: 0.6086
F7 E050 | Loss: 0.4219 | Tr Acc: 0.7459 | Te Acc: 0.6296 | Te AUC: 0.6694 | Te F1: 0.6165
  Epoch 55, Grad Norm: 0.7430
F7 E055 | Loss: 0.3899 | Tr Acc: 0.7459 | Te Acc: 0.6296 | Te AUC: 0.6982 | Te F1: 0.6029
  Epoch 60, Grad Norm: 0.7436
F7 E060 | Loss: 0.4015 | Tr Acc: 0.8760 | Te Acc: 0.6296 | Te AUC: 0.6900 | Te F1: 0.6291
  Epoch 65, Grad Norm: 1.1161
F7 E065 | Loss: 0.3640 | Tr Acc: 0.8862 | Te Acc: 0.6667 | Te AUC: 0.7243 | Te F1: 0.6662
  Epoch 70, Grad Norm: 0.8515
F7 E070 | Loss: 0.3139 | Tr Acc: 0.7785 | Te Acc: 0.5556 | Te AUC: 0.6914 | Te F1: 0.5000
  Epoch 75, Grad Norm: 2.0794
F7 E075 | Loss: 0.3267 | Tr Acc: 0.8923 | Te Acc: 0.6296 | Te AUC: 0.7023 | Te F1: 0.6165
  Epoch 80, Grad Norm: 1.4791
F7 E080 | Loss: 0.2913 | Tr Acc: 0.6179 | Te Acc: 0.5741 | Te AUC: 0.6475 | Te F1: 0.4982
  Epoch 85, Grad Norm: 1.6683
F7 E085 | Loss: 0.2712 | Tr Acc: 0.8496 | Te Acc: 0.5926 | Te AUC: 0.6804 | Te F1: 0.5632
  Epoch 90, Grad Norm: 1.1311
F7 E090 | Loss: 0.2459 | Tr Acc: 0.8902 | Te Acc: 0.6111 | Te AUC: 0.7435 | Te F1: 0.5943
  Epoch 95, Grad Norm: 0.7371
F7 E095 | Loss: 0.1868 | Tr Acc: 0.9431 | Te Acc: 0.5926 | Te AUC: 0.7023 | Te F1: 0.5875
  Epoch 100, Grad Norm: 0.9840
F7 E100 | Loss: 0.1929 | Tr Acc: 0.9248 | Te Acc: 0.5741 | Te AUC: 0.6269 | Te F1: 0.5728
  Epoch 105, Grad Norm: 0.8593
F7 E105 | Loss: 0.1418 | Tr Acc: 0.9045 | Te Acc: 0.6296 | Te AUC: 0.6337 | Te F1: 0.6213
  Epoch 110, Grad Norm: 1.0578
F7 E110 | Loss: 0.1256 | Tr Acc: 0.9512 | Te Acc: 0.5370 | Te AUC: 0.6036 | Te F1: 0.5369
  Epoch 115, Grad Norm: 1.8502
F7 E115 | Loss: 0.1521 | Tr Acc: 0.9390 | Te Acc: 0.5185 | Te AUC: 0.6036 | Te F1: 0.4935
  Epoch 120, Grad Norm: 1.3205
F7 E120 | Loss: 0.1453 | Tr Acc: 0.9553 | Te Acc: 0.5370 | Te AUC: 0.6337 | Te F1: 0.5356
  Epoch 125, Grad Norm: 1.6215
F7 E125 | Loss: 0.1172 | Tr Acc: 0.9573 | Te Acc: 0.5370 | Te AUC: 0.6461 | Te F1: 0.5330
  Epoch 130, Grad Norm: 0.9825
F7 E130 | Loss: 0.1057 | Tr Acc: 0.9817 | Te Acc: 0.5185 | Te AUC: 0.6488 | Te F1: 0.5125
  Epoch 135, Grad Norm: 0.9899
F7 E135 | Loss: 0.0889 | Tr Acc: 0.9776 | Te Acc: 0.5741 | Te AUC: 0.6667 | Te F1: 0.5556
  Epoch 140, Grad Norm: 1.6479
F7 E140 | Loss: 0.0849 | Tr Acc: 0.9878 | Te Acc: 0.5741 | Te AUC: 0.6228 | Te F1: 0.5728
  Epoch 145, Grad Norm: 0.6026
F7 E145 | Loss: 0.0511 | Tr Acc: 0.9451 | Te Acc: 0.5926 | Te AUC: 0.6118 | Te F1: 0.5835
  Epoch 150, Grad Norm: 1.2741
F7 E150 | Loss: 0.0735 | Tr Acc: 0.9817 | Te Acc: 0.5741 | Te AUC: 0.6036 | Te F1: 0.5668
Fold 7 - Training finished. Best Test Accuracy: 0.6111, AUC: 0.7435
Fold 7 elapsed time: 38.77 seconds.

--- Fold 8/10 ---
Loading time series for 546 subjects in fold...
Padding 546 time series to max length: 300
Proceeding with 546 subjects for Fold 8 model training/evaluation.
Phenotype encoder created.
Generating initial embeddings for graph construction (Batch Size: 32)...
Initial embeddings generated.
Building k-NN graph (k=10)...
Graph built with 546 nodes and 5460 edges.
Starting training for Fold 8... Train samples: 492, Test samples: 54
  Epoch 1, Grad Norm: 0.5244
F8 E001 | Loss: 0.7061 | Tr Acc: 0.5244 | Te Acc: 0.5556 | Te AUC: 0.4959 | Te F1: 0.4553
  Epoch 5, Grad Norm: 0.4513
F8 E005 | Loss: 0.6776 | Tr Acc: 0.6199 | Te Acc: 0.5556 | Te AUC: 0.5220 | Te F1: 0.5519
  Epoch 10, Grad Norm: 0.4496
F8 E010 | Loss: 0.6782 | Tr Acc: 0.5122 | Te Acc: 0.5185 | Te AUC: 0.5357 | Te F1: 0.3541
  Epoch 15, Grad Norm: 0.4620
F8 E015 | Loss: 0.6402 | Tr Acc: 0.6504 | Te Acc: 0.5741 | Te AUC: 0.5563 | Te F1: 0.5519
  Epoch 20, Grad Norm: 0.4430
F8 E020 | Loss: 0.6129 | Tr Acc: 0.5346 | Te Acc: 0.4815 | Te AUC: 0.5522 | Te F1: 0.3130
  Epoch 25, Grad Norm: 0.4467
F8 E025 | Loss: 0.6018 | Tr Acc: 0.6850 | Te Acc: 0.5370 | Te AUC: 0.6044 | Te F1: 0.5314
  Epoch 30, Grad Norm: 0.3910
F8 E030 | Loss: 0.5662 | Tr Acc: 0.6809 | Te Acc: 0.5000 | Te AUC: 0.5948 | Te F1: 0.4526
  Epoch 35, Grad Norm: 0.4735
F8 E035 | Loss: 0.5241 | Tr Acc: 0.7215 | Te Acc: 0.5000 | Te AUC: 0.5453 | Te F1: 0.4825
  Epoch 40, Grad Norm: 0.6065
F8 E040 | Loss: 0.4826 | Tr Acc: 0.6260 | Te Acc: 0.5556 | Te AUC: 0.5852 | Te F1: 0.4751
  Epoch 45, Grad Norm: 0.5467
F8 E045 | Loss: 0.4477 | Tr Acc: 0.6118 | Te Acc: 0.5556 | Te AUC: 0.5536 | Te F1: 0.4553
  Epoch 50, Grad Norm: 0.6926
F8 E050 | Loss: 0.4285 | Tr Acc: 0.7459 | Te Acc: 0.5185 | Te AUC: 0.5288 | Te F1: 0.4888
  Epoch 55, Grad Norm: 0.6442
F8 E055 | Loss: 0.3992 | Tr Acc: 0.7988 | Te Acc: 0.5185 | Te AUC: 0.5165 | Te F1: 0.5145
  Epoch 60, Grad Norm: 0.7891
F8 E060 | Loss: 0.3428 | Tr Acc: 0.6890 | Te Acc: 0.5556 | Te AUC: 0.5481 | Te F1: 0.5062
  Epoch 65, Grad Norm: 0.7566
F8 E065 | Loss: 0.3351 | Tr Acc: 0.8069 | Te Acc: 0.4815 | Te AUC: 0.5014 | Te F1: 0.4728
  Epoch 70, Grad Norm: 1.6499
F8 E070 | Loss: 0.3063 | Tr Acc: 0.7988 | Te Acc: 0.5370 | Te AUC: 0.5701 | Te F1: 0.4921
  Epoch 75, Grad Norm: 1.0992
F8 E075 | Loss: 0.2275 | Tr Acc: 0.9248 | Te Acc: 0.5926 | Te AUC: 0.5481 | Te F1: 0.5892
  Epoch 80, Grad Norm: 1.2781
F8 E080 | Loss: 0.2026 | Tr Acc: 0.7195 | Te Acc: 0.5926 | Te AUC: 0.5536 | Te F1: 0.5189
  Epoch 85, Grad Norm: 0.8466
F8 E085 | Loss: 0.1971 | Tr Acc: 0.9512 | Te Acc: 0.5926 | Te AUC: 0.5247 | Te F1: 0.5915
  Epoch 90, Grad Norm: 1.2065
F8 E090 | Loss: 0.1786 | Tr Acc: 0.9431 | Te Acc: 0.6111 | Te AUC: 0.5316 | Te F1: 0.6091
  Epoch 95, Grad Norm: 1.6559
F8 E095 | Loss: 0.1616 | Tr Acc: 0.8984 | Te Acc: 0.5926 | Te AUC: 0.5755 | Te F1: 0.5674
  Epoch 100, Grad Norm: 0.7890
F8 E100 | Loss: 0.1489 | Tr Acc: 0.9329 | Te Acc: 0.5926 | Te AUC: 0.5467 | Te F1: 0.5857
  Epoch 105, Grad Norm: 0.7665
F8 E105 | Loss: 0.1505 | Tr Acc: 0.9126 | Te Acc: 0.5741 | Te AUC: 0.5549 | Te F1: 0.5519
  Epoch 110, Grad Norm: 0.5451
F8 E110 | Loss: 0.1297 | Tr Acc: 0.9187 | Te Acc: 0.5741 | Te AUC: 0.5563 | Te F1: 0.5519
  Epoch 115, Grad Norm: 0.5030
F8 E115 | Loss: 0.1241 | Tr Acc: 0.9492 | Te Acc: 0.6111 | Te AUC: 0.5604 | Te F1: 0.6064
  Epoch 120, Grad Norm: 1.0628
F8 E120 | Loss: 0.1398 | Tr Acc: 0.9411 | Te Acc: 0.6111 | Te AUC: 0.5577 | Te F1: 0.6025
  Epoch 125, Grad Norm: 0.8561
F8 E125 | Loss: 0.1188 | Tr Acc: 0.9289 | Te Acc: 0.5926 | Te AUC: 0.5618 | Te F1: 0.5750
Early stopping triggered at epoch 125 due to lack of improvement in Test AUC.
Fold 8 - Training finished. Best Test Accuracy: 0.5370, AUC: 0.6044
Fold 8 elapsed time: 33.43 seconds.

--- Fold 9/10 ---
Loading time series for 546 subjects in fold...
Padding 546 time series to max length: 300
Proceeding with 546 subjects for Fold 9 model training/evaluation.
Phenotype encoder created.
Generating initial embeddings for graph construction (Batch Size: 32)...
Initial embeddings generated.
Building k-NN graph (k=10)...
Graph built with 546 nodes and 5460 edges.
Starting training for Fold 9... Train samples: 492, Test samples: 54
  Epoch 1, Grad Norm: 0.5492
F9 E001 | Loss: 0.7078 | Tr Acc: 0.5102 | Te Acc: 0.5185 | Te AUC: 0.5206 | Te F1: 0.3541
  Epoch 5, Grad Norm: 0.4478
F9 E005 | Loss: 0.6794 | Tr Acc: 0.5610 | Te Acc: 0.5741 | Te AUC: 0.6113 | Te F1: 0.4879
  Epoch 10, Grad Norm: 0.4275
F9 E010 | Loss: 0.6655 | Tr Acc: 0.5041 | Te Acc: 0.5000 | Te AUC: 0.5989 | Te F1: 0.3527
  Epoch 15, Grad Norm: 0.4483
F9 E015 | Loss: 0.6522 | Tr Acc: 0.5955 | Te Acc: 0.5370 | Te AUC: 0.5646 | Te F1: 0.4624
  Epoch 20, Grad Norm: 0.4270
F9 E020 | Loss: 0.6189 | Tr Acc: 0.4980 | Te Acc: 0.5000 | Te AUC: 0.5618 | Te F1: 0.3527
  Epoch 25, Grad Norm: 0.4101
F9 E025 | Loss: 0.5859 | Tr Acc: 0.6220 | Te Acc: 0.5556 | Te AUC: 0.5879 | Te F1: 0.4553
  Epoch 30, Grad Norm: 0.5315
F9 E030 | Loss: 0.5629 | Tr Acc: 0.7093 | Te Acc: 0.5370 | Te AUC: 0.5975 | Te F1: 0.5267
  Epoch 35, Grad Norm: 0.6446
F9 E035 | Loss: 0.5545 | Tr Acc: 0.6951 | Te Acc: 0.5556 | Te AUC: 0.5920 | Te F1: 0.5281
  Epoch 40, Grad Norm: 0.5287
F9 E040 | Loss: 0.5244 | Tr Acc: 0.6301 | Te Acc: 0.5185 | Te AUC: 0.5659 | Te F1: 0.3844
  Epoch 45, Grad Norm: 0.5415
F9 E045 | Loss: 0.5138 | Tr Acc: 0.6829 | Te Acc: 0.5185 | Te AUC: 0.5522 | Te F1: 0.4893
  Epoch 50, Grad Norm: 0.5946
F9 E050 | Loss: 0.4618 | Tr Acc: 0.7825 | Te Acc: 0.4630 | Te AUC: 0.5151 | Te F1: 0.4602
  Epoch 55, Grad Norm: 0.6153
F9 E055 | Loss: 0.4565 | Tr Acc: 0.7967 | Te Acc: 0.5185 | Te AUC: 0.5041 | Te F1: 0.5172
  Epoch 60, Grad Norm: 0.5492
F9 E060 | Loss: 0.4181 | Tr Acc: 0.6463 | Te Acc: 0.5185 | Te AUC: 0.5371 | Te F1: 0.4099
  Epoch 65, Grad Norm: 0.6059
F9 E065 | Loss: 0.4198 | Tr Acc: 0.8252 | Te Acc: 0.4815 | Te AUC: 0.5591 | Te F1: 0.4772
  Epoch 70, Grad Norm: 0.5837
F9 E070 | Loss: 0.3964 | Tr Acc: 0.7602 | Te Acc: 0.5556 | Te AUC: 0.5591 | Te F1: 0.5366
  Epoch 75, Grad Norm: 0.6963
F9 E075 | Loss: 0.4046 | Tr Acc: 0.8374 | Te Acc: 0.4815 | Te AUC: 0.5357 | Te F1: 0.4728
  Epoch 80, Grad Norm: 0.5876
F9 E080 | Loss: 0.4097 | Tr Acc: 0.8455 | Te Acc: 0.5185 | Te AUC: 0.5302 | Te F1: 0.5145
  Epoch 85, Grad Norm: 0.6168
F9 E085 | Loss: 0.3968 | Tr Acc: 0.8374 | Te Acc: 0.5000 | Te AUC: 0.5247 | Te F1: 0.4995
  Epoch 90, Grad Norm: 0.5520
F9 E090 | Loss: 0.3866 | Tr Acc: 0.8435 | Te Acc: 0.5370 | Te AUC: 0.5426 | Te F1: 0.5346
  Epoch 95, Grad Norm: 0.5215
F9 E095 | Loss: 0.3780 | Tr Acc: 0.8537 | Te Acc: 0.5000 | Te AUC: 0.5330 | Te F1: 0.4939
  Epoch 100, Grad Norm: 0.6767
F9 E100 | Loss: 0.3786 | Tr Acc: 0.8577 | Te Acc: 0.5000 | Te AUC: 0.5234 | Te F1: 0.4939
  Epoch 105, Grad Norm: 0.7459
F9 E105 | Loss: 0.3648 | Tr Acc: 0.8557 | Te Acc: 0.4815 | Te AUC: 0.5247 | Te F1: 0.4728
Early stopping triggered at epoch 105 due to lack of improvement in Test AUC.
Fold 9 - Training finished. Best Test Accuracy: 0.5741, AUC: 0.6113
Fold 9 elapsed time: 28.50 seconds.

--- Fold 10/10 ---
Loading time series for 546 subjects in fold...
Padding 546 time series to max length: 300
Proceeding with 546 subjects for Fold 10 model training/evaluation.
Phenotype encoder created.
Generating initial embeddings for graph construction (Batch Size: 32)...
Initial embeddings generated.
Building k-NN graph (k=10)...
Graph built with 546 nodes and 5460 edges.
Starting training for Fold 10... Train samples: 492, Test samples: 54
  Epoch 1, Grad Norm: 0.6015
F10 E001 | Loss: 0.7128 | Tr Acc: 0.4898 | Te Acc: 0.4815 | Te AUC: 0.3187 | Te F1: 0.3130
  Epoch 5, Grad Norm: 0.5049
F10 E005 | Loss: 0.6758 | Tr Acc: 0.5325 | Te Acc: 0.5185 | Te AUC: 0.5536 | Te F1: 0.3541
  Epoch 10, Grad Norm: 0.4631
F10 E010 | Loss: 0.6875 | Tr Acc: 0.5102 | Te Acc: 0.5185 | Te AUC: 0.5549 | Te F1: 0.3541
  Epoch 15, Grad Norm: 0.4865
F10 E015 | Loss: 0.6701 | Tr Acc: 0.5630 | Te Acc: 0.5185 | Te AUC: 0.7266 | Te F1: 0.3541
  Epoch 20, Grad Norm: 0.4038
F10 E020 | Loss: 0.6402 | Tr Acc: 0.4959 | Te Acc: 0.4815 | Te AUC: 0.6126 | Te F1: 0.3130
  Epoch 25, Grad Norm: 0.4470
F10 E025 | Loss: 0.6350 | Tr Acc: 0.6524 | Te Acc: 0.6481 | Te AUC: 0.7335 | Te F1: 0.6037
  Epoch 30, Grad Norm: 0.4515
F10 E030 | Loss: 0.5968 | Tr Acc: 0.5122 | Te Acc: 0.5000 | Te AUC: 0.6827 | Te F1: 0.3527
  Epoch 35, Grad Norm: 0.5295
F10 E035 | Loss: 0.5909 | Tr Acc: 0.5996 | Te Acc: 0.4630 | Te AUC: 0.6181 | Te F1: 0.4121
  Epoch 40, Grad Norm: 0.6382
F10 E040 | Loss: 0.5452 | Tr Acc: 0.5528 | Te Acc: 0.5185 | Te AUC: 0.7212 | Te F1: 0.3541
  Epoch 45, Grad Norm: 0.6669
F10 E045 | Loss: 0.5213 | Tr Acc: 0.5366 | Te Acc: 0.5000 | Te AUC: 0.5879 | Te F1: 0.3527
  Epoch 50, Grad Norm: 0.5439
F10 E050 | Loss: 0.4883 | Tr Acc: 0.6240 | Te Acc: 0.5741 | Te AUC: 0.6401 | Te F1: 0.4672
  Epoch 55, Grad Norm: 0.9081
F10 E055 | Loss: 0.4529 | Tr Acc: 0.6057 | Te Acc: 0.4815 | Te AUC: 0.6209 | Te F1: 0.3689
  Epoch 60, Grad Norm: 1.0448
F10 E060 | Loss: 0.4497 | Tr Acc: 0.8191 | Te Acc: 0.5926 | Te AUC: 0.6305 | Te F1: 0.5857
  Epoch 65, Grad Norm: 0.7853
F10 E065 | Loss: 0.4168 | Tr Acc: 0.7947 | Te Acc: 0.5741 | Te AUC: 0.6250 | Te F1: 0.5736
  Epoch 70, Grad Norm: 1.1005
F10 E070 | Loss: 0.4034 | Tr Acc: 0.8272 | Te Acc: 0.6481 | Te AUC: 0.6401 | Te F1: 0.6298
  Epoch 75, Grad Norm: 1.1158
F10 E075 | Loss: 0.3648 | Tr Acc: 0.8272 | Te Acc: 0.6296 | Te AUC: 0.7129 | Te F1: 0.5885
  Epoch 80, Grad Norm: 0.9724
F10 E080 | Loss: 0.3251 | Tr Acc: 0.9004 | Te Acc: 0.6296 | Te AUC: 0.6909 | Te F1: 0.6234
  Epoch 85, Grad Norm: 0.7745
F10 E085 | Loss: 0.3094 | Tr Acc: 0.8699 | Te Acc: 0.6111 | Te AUC: 0.6593 | Te F1: 0.6107
  Epoch 90, Grad Norm: 1.0261
F10 E090 | Loss: 0.3061 | Tr Acc: 0.8841 | Te Acc: 0.7407 | Te AUC: 0.7129 | Te F1: 0.7364
  Epoch 95, Grad Norm: 1.2685
F10 E095 | Loss: 0.3030 | Tr Acc: 0.9106 | Te Acc: 0.7037 | Te AUC: 0.6868 | Te F1: 0.7012
  Epoch 100, Grad Norm: 1.0231
F10 E100 | Loss: 0.2923 | Tr Acc: 0.9106 | Te Acc: 0.6296 | Te AUC: 0.6690 | Te F1: 0.6296
  Epoch 105, Grad Norm: 0.9771
F10 E105 | Loss: 0.2742 | Tr Acc: 0.9085 | Te Acc: 0.6481 | Te AUC: 0.6978 | Te F1: 0.6478
  Epoch 110, Grad Norm: 1.0030
F10 E110 | Loss: 0.2752 | Tr Acc: 0.8882 | Te Acc: 0.6481 | Te AUC: 0.6896 | Te F1: 0.6478
  Epoch 115, Grad Norm: 0.8544
F10 E115 | Loss: 0.2540 | Tr Acc: 0.9126 | Te Acc: 0.7407 | Te AUC: 0.7363 | Te F1: 0.7334
  Epoch 120, Grad Norm: 1.1126
F10 E120 | Loss: 0.2363 | Tr Acc: 0.9289 | Te Acc: 0.7222 | Te AUC: 0.6992 | Te F1: 0.7208
  Epoch 125, Grad Norm: 0.7156
F10 E125 | Loss: 0.2284 | Tr Acc: 0.9289 | Te Acc: 0.7407 | Te AUC: 0.7143 | Te F1: 0.7386
  Epoch 130, Grad Norm: 0.6363
F10 E130 | Loss: 0.2232 | Tr Acc: 0.9329 | Te Acc: 0.6852 | Te AUC: 0.7088 | Te F1: 0.6849
  Epoch 135, Grad Norm: 0.8275
F10 E135 | Loss: 0.2277 | Tr Acc: 0.9350 | Te Acc: 0.7778 | Te AUC: 0.7349 | Te F1: 0.7740
  Epoch 140, Grad Norm: 1.3330
F10 E140 | Loss: 0.2245 | Tr Acc: 0.9248 | Te Acc: 0.7593 | Te AUC: 0.7459 | Te F1: 0.7539
  Epoch 145, Grad Norm: 1.0633
F10 E145 | Loss: 0.2170 | Tr Acc: 0.9126 | Te Acc: 0.6481 | Te AUC: 0.6827 | Te F1: 0.6478
  Epoch 150, Grad Norm: 1.2373
F10 E150 | Loss: 0.2314 | Tr Acc: 0.9309 | Te Acc: 0.7778 | Te AUC: 0.7596 | Te F1: 0.7740
Fold 10 - Training finished. Best Test Accuracy: 0.7778, AUC: 0.7596
Fold 10 elapsed time: 38.40 seconds.

--- Cross-Validation Results ---
Number of successfully completed folds with valid metrics: 10/10
Average Accuracy:  0.5955 +/- 0.0766
Average F1-Score:  0.5475
Average Precision: 0.6128
Average Recall:    0.5955
Average AUC:       0.6815

Total elapsed time: 333.00 seconds.
--- Run Finished ---
Frankenstein Training completed at Wed Apr 16 02:34:08 AM EDT 2025
