Starting ACHNN regression training with 16 CPUs and 1 GPU at Tue Apr 15 03:00:48 PM EDT 2025
=== Starting training epoch ===
=== Training epoch completed! Average loss: 19.5775 ===
Starting validation with 431 batches...
Validating batch 0/431
Validating batch 10/431
Validating batch 20/431
Validating batch 30/431
Validating batch 40/431
Validating batch 50/431
Validating batch 60/431
Validating batch 70/431
Validating batch 80/431
Validating batch 90/431
Validating batch 100/431
Validating batch 110/431
Validating batch 120/431
Validating batch 130/431
Validating batch 140/431
Validating batch 150/431
Validating batch 160/431
Validating batch 170/431
Validating batch 180/431
Validating batch 190/431
Validating batch 200/431
Validating batch 210/431
Validating batch 220/431
Validating batch 230/431
Validating batch 240/431
Validating batch 250/431
Validating batch 260/431
Validating batch 270/431
Validating batch 280/431
Validating batch 290/431
Validating batch 300/431
Validating batch 310/431
Validating batch 320/431
Validating batch 330/431
Validating batch 340/431
Validating batch 350/431
Validating batch 360/431
Validating batch 370/431
Validating batch 380/431
Validating batch 390/431
Validating batch 400/431
Validating batch 410/431
Validating batch 420/431
Validating batch 430/431
Validation completed! Loss: 31.5710, MSE: 31.5710, MAE: 4.7977
=== Starting training epoch ===
=== Training epoch completed! Average loss: 7.3532 ===
Starting validation with 431 batches...
Validating batch 0/431
Validating batch 10/431
Validating batch 20/431
Validating batch 30/431
Validating batch 40/431
Validating batch 50/431
Validating batch 60/431
Validating batch 70/431
Validating batch 80/431
Validating batch 90/431
Validating batch 100/431
Validating batch 110/431
Validating batch 120/431
Validating batch 130/431
Validating batch 140/431
Validating batch 150/431
Validating batch 160/431
Validating batch 170/431
Validating batch 180/431
Validating batch 190/431
Validating batch 200/431
Validating batch 210/431
Validating batch 220/431
Validating batch 230/431
Validating batch 240/431
Validating batch 250/431
Validating batch 260/431
Validating batch 270/431
Validating batch 280/431
Validating batch 290/431
Validating batch 300/431
Validating batch 310/431
Validating batch 320/431
Validating batch 330/431
Validating batch 340/431
Validating batch 350/431
Validating batch 360/431
Validating batch 370/431
Validating batch 380/431
Validating batch 390/431
Validating batch 400/431
Validating batch 410/431
Validating batch 420/431
Validating batch 430/431
Validation completed! Loss: 25.9133, MSE: 25.9133, MAE: 4.0320
=== Starting training epoch ===
=== Training epoch completed! Average loss: 3.6950 ===
Starting validation with 431 batches...
Validating batch 0/431
Validating batch 10/431
Validating batch 20/431
Validating batch 30/431
Validating batch 40/431
Validating batch 50/431
Validating batch 60/431
Validating batch 70/431
Validating batch 80/431
Validating batch 90/431
Validating batch 100/431
Validating batch 110/431
Validating batch 120/431
Validating batch 130/431
Validating batch 140/431
Validating batch 150/431
Validating batch 160/431
Validating batch 170/431
Validating batch 180/431
Validating batch 190/431
Validating batch 200/431
Validating batch 210/431
Validating batch 220/431
Validating batch 230/431
Validating batch 240/431
Validating batch 250/431
Validating batch 260/431
Validating batch 270/431
Validating batch 280/431
Validating batch 290/431
Validating batch 300/431
Validating batch 310/431
Validating batch 320/431
Validating batch 330/431
Validating batch 340/431
Validating batch 350/431
Validating batch 360/431
Validating batch 370/431
Validating batch 380/431
Validating batch 390/431
Validating batch 400/431
Validating batch 410/431
Validating batch 420/431
Validating batch 430/431
Validation completed! Loss: 24.3670, MSE: 24.3670, MAE: 3.9426
=== Starting training epoch ===
=== Training epoch completed! Average loss: 2.9855 ===
Starting validation with 431 batches...
Validating batch 0/431
Validating batch 10/431
Validating batch 20/431
Validating batch 30/431
Validating batch 40/431
Validating batch 50/431
Validating batch 60/431
Validating batch 70/431
Validating batch 80/431
Validating batch 90/431
Validating batch 100/431
Validating batch 110/431
Validating batch 120/431
Validating batch 130/431
Validating batch 140/431
Validating batch 150/431
Validating batch 160/431
Validating batch 170/431
Validating batch 180/431
Validating batch 190/431
Validating batch 200/431
Validating batch 210/431
Validating batch 220/431
Validating batch 230/431
Validating batch 240/431
Validating batch 250/431
Validating batch 260/431
Validating batch 270/431
Validating batch 280/431
Validating batch 290/431
Validating batch 300/431
Validating batch 310/431
Validating batch 320/431
Validating batch 330/431
Validating batch 340/431
Validating batch 350/431
Validating batch 360/431
Validating batch 370/431
Validating batch 380/431
Validating batch 390/431
Validating batch 400/431
Validating batch 410/431
Validating batch 420/431
Validating batch 430/431
Validation completed! Loss: 24.9972, MSE: 24.9972, MAE: 3.8802
=== Starting training epoch ===
=== Training epoch completed! Average loss: 2.4440 ===
Starting validation with 431 batches...
Validating batch 0/431
Validating batch 10/431
Validating batch 20/431
Validating batch 30/431
Validating batch 40/431
Validating batch 50/431
Validating batch 60/431
Validating batch 70/431
Validating batch 80/431
Validating batch 90/431
Validating batch 100/431
Validating batch 110/431
Validating batch 120/431
Validating batch 130/431
Validating batch 140/431
Validating batch 150/431
Validating batch 160/431
Validating batch 170/431
Validating batch 180/431
Validating batch 190/431
Validating batch 200/431
Validating batch 210/431
Validating batch 220/431
Validating batch 230/431
Validating batch 240/431
Validating batch 250/431
Validating batch 260/431
Validating batch 270/431
Validating batch 280/431
Validating batch 290/431
Validating batch 300/431
Validating batch 310/431
Validating batch 320/431
Validating batch 330/431
Validating batch 340/431
Validating batch 350/431
Validating batch 360/431
Validating batch 370/431
Validating batch 380/431
Validating batch 390/431
Validating batch 400/431
Validating batch 410/431
Validating batch 420/431
Validating batch 430/431
Validation completed! Loss: 22.5995, MSE: 22.5995, MAE: 3.6977
=== Starting training epoch ===
=== Training epoch completed! Average loss: 2.3043 ===
Starting validation with 431 batches...
Validating batch 0/431
Validating batch 10/431
Validating batch 20/431
Validating batch 30/431
Validating batch 40/431
Validating batch 50/431
Validating batch 60/431
Validating batch 70/431
Validating batch 80/431
Validating batch 90/431
Validating batch 100/431
Validating batch 110/431
Validating batch 120/431
Validating batch 130/431
Validating batch 140/431
Validating batch 150/431
Validating batch 160/431
Validating batch 170/431
Validating batch 180/431
Validating batch 190/431
Validating batch 200/431
Validating batch 210/431
Validating batch 220/431
Validating batch 230/431
Validating batch 240/431
Validating batch 250/431
Validating batch 260/431
Validating batch 270/431
Validating batch 280/431
Validating batch 290/431
Validating batch 300/431
Validating batch 310/431
Validating batch 320/431
Validating batch 330/431
Validating batch 340/431
Validating batch 350/431
Validating batch 360/431
Validating batch 370/431
Validating batch 380/431
Validating batch 390/431
Validating batch 400/431
Validating batch 410/431
Validating batch 420/431
Validating batch 430/431
Validation completed! Loss: 22.7323, MSE: 22.7323, MAE: 3.6936
=== Starting training epoch ===
=== Training epoch completed! Average loss: 2.1231 ===
Starting validation with 431 batches...
Validating batch 0/431
Validating batch 10/431
Validating batch 20/431
Validating batch 30/431
Validating batch 40/431
Validating batch 50/431
Validating batch 60/431
Validating batch 70/431
Validating batch 80/431
Validating batch 90/431
Validating batch 100/431
Validating batch 110/431
Validating batch 120/431
Validating batch 130/431
Validating batch 140/431
Validating batch 150/431
Validating batch 160/431
Validating batch 170/431
Validating batch 180/431
Validating batch 190/431
Validating batch 200/431
Validating batch 210/431
Validating batch 220/431
Validating batch 230/431
Validating batch 240/431
Validating batch 250/431
Validating batch 260/431
Validating batch 270/431
Validating batch 280/431
Validating batch 290/431
Validating batch 300/431
Validating batch 310/431
Validating batch 320/431
Validating batch 330/431
Validating batch 340/431
Validating batch 350/431
Validating batch 360/431
Validating batch 370/431
Validating batch 380/431
Validating batch 390/431
Validating batch 400/431
Validating batch 410/431
Validating batch 420/431
Validating batch 430/431
Validation completed! Loss: 24.1820, MSE: 24.1820, MAE: 3.9804
=== Starting training epoch ===
=== Training epoch completed! Average loss: 2.0088 ===
Starting validation with 431 batches...
Validating batch 0/431
Validating batch 10/431
Validating batch 20/431
Validating batch 30/431
Validating batch 40/431
Validating batch 50/431
Validating batch 60/431
Validating batch 70/431
Validating batch 80/431
Validating batch 90/431
Validating batch 100/431
Validating batch 110/431
Validating batch 120/431
Validating batch 130/431
Validating batch 140/431
Validating batch 150/431
Validating batch 160/431
Validating batch 170/431
Validating batch 180/431
Validating batch 190/431
Validating batch 200/431
Validating batch 210/431
Validating batch 220/431
Validating batch 230/431
Validating batch 240/431
Validating batch 250/431
Validating batch 260/431
Validating batch 270/431
Validating batch 280/431
Validating batch 290/431
Validating batch 300/431
Validating batch 310/431
Validating batch 320/431
Validating batch 330/431
Validating batch 340/431
Validating batch 350/431
Validating batch 360/431
Validating batch 370/431
Validating batch 380/431
Validating batch 390/431
Validating batch 400/431
Validating batch 410/431
Validating batch 420/431
Validating batch 430/431
Validation completed! Loss: 22.7852, MSE: 22.7852, MAE: 3.7611
=== Starting training epoch ===
=== Training epoch completed! Average loss: 1.9359 ===
Starting validation with 431 batches...
Validating batch 0/431
Validating batch 10/431
Validating batch 20/431
Validating batch 30/431
Validating batch 40/431
Validating batch 50/431
Validating batch 60/431
Validating batch 70/431
Validating batch 80/431
Validating batch 90/431
Validating batch 100/431
Validating batch 110/431
Validating batch 120/431
Validating batch 130/431
Validating batch 140/431
Validating batch 150/431
Validating batch 160/431
Validating batch 170/431
Validating batch 180/431
Validating batch 190/431
Validating batch 200/431
Validating batch 210/431
Validating batch 220/431
Validating batch 230/431
Validating batch 240/431
Validating batch 250/431
Validating batch 260/431
Validating batch 270/431
Validating batch 280/431
Validating batch 290/431
Validating batch 300/431
Validating batch 310/431
Validating batch 320/431
Validating batch 330/431
Validating batch 340/431
Validating batch 350/431
Validating batch 360/431
Validating batch 370/431
Validating batch 380/431
Validating batch 390/431
Validating batch 400/431
Validating batch 410/431
Validating batch 420/431
Validating batch 430/431
Validation completed! Loss: 23.7805, MSE: 23.7805, MAE: 3.8725
=== Starting training epoch ===
=== Training epoch completed! Average loss: 1.7909 ===
Starting validation with 431 batches...
Validating batch 0/431
Validating batch 10/431
Validating batch 20/431
Validating batch 30/431
Validating batch 40/431
Validating batch 50/431
Validating batch 60/431
Validating batch 70/431
Validating batch 80/431
Validating batch 90/431
Validating batch 100/431
Validating batch 110/431
Validating batch 120/431
Validating batch 130/431
Validating batch 140/431
Validating batch 150/431
Validating batch 160/431
Validating batch 170/431
Validating batch 180/431
Validating batch 190/431
Validating batch 200/431
Validating batch 210/431
Validating batch 220/431
Validating batch 230/431
Validating batch 240/431
Validating batch 250/431
Validating batch 260/431
Validating batch 270/431
Validating batch 280/431
Validating batch 290/431
Validating batch 300/431
Validating batch 310/431
Validating batch 320/431
Validating batch 330/431
Validating batch 340/431
Validating batch 350/431
Validating batch 360/431
Validating batch 370/431
Validating batch 380/431
Validating batch 390/431
Validating batch 400/431
Validating batch 410/431
Validating batch 420/431
Validating batch 430/431
Validation completed! Loss: 23.2679, MSE: 23.2679, MAE: 3.8689
=== Starting training epoch ===
=== Training epoch completed! Average loss: 1.7851 ===
Starting validation with 431 batches...
Validating batch 0/431
Validating batch 10/431
Validating batch 20/431
Validating batch 30/431
Validating batch 40/431
Validating batch 50/431
Validating batch 60/431
Validating batch 70/431
Validating batch 80/431
Validating batch 90/431
Validating batch 100/431
Validating batch 110/431
Validating batch 120/431
Validating batch 130/431
Validating batch 140/431
Validating batch 150/431
Validating batch 160/431
Validating batch 170/431
Validating batch 180/431
Validating batch 190/431
Validating batch 200/431
Validating batch 210/431
Validating batch 220/431
Validating batch 230/431
Validating batch 240/431
Validating batch 250/431
Validating batch 260/431
Validating batch 270/431
Validating batch 280/431
Validating batch 290/431
Validating batch 300/431
Validating batch 310/431
Validating batch 320/431
Validating batch 330/431
Validating batch 340/431
Validating batch 350/431
Validating batch 360/431
Validating batch 370/431
Validating batch 380/431
Validating batch 390/431
Validating batch 400/431
Validating batch 410/431
Validating batch 420/431
Validating batch 430/431
Validation completed! Loss: 24.6876, MSE: 24.6876, MAE: 3.9291
=== Starting training epoch ===
=== Training epoch completed! Average loss: 1.6923 ===
Starting validation with 431 batches...
Validating batch 0/431
Validating batch 10/431
Validating batch 20/431
Validating batch 30/431
Validating batch 40/431
Validating batch 50/431
Validating batch 60/431
Validating batch 70/431
Validating batch 80/431
Validating batch 90/431
Validating batch 100/431
Validating batch 110/431
Validating batch 120/431
Validating batch 130/431
Validating batch 140/431
Validating batch 150/431
Validating batch 160/431
Validating batch 170/431
Validating batch 180/431
Validating batch 190/431
Validating batch 200/431
Validating batch 210/431
Validating batch 220/431
Validating batch 230/431
Validating batch 240/431
Validating batch 250/431
Validating batch 260/431
Validating batch 270/431
Validating batch 280/431
Validating batch 290/431
Validating batch 300/431
Validating batch 310/431
Validating batch 320/431
Validating batch 330/431
Validating batch 340/431
Validating batch 350/431
Validating batch 360/431
Validating batch 370/431
Validating batch 380/431
Validating batch 390/431
Validating batch 400/431
Validating batch 410/431
Validating batch 420/431
Validating batch 430/431
Validation completed! Loss: 25.4331, MSE: 25.4331, MAE: 3.9620
=== Starting training epoch ===
=== Training epoch completed! Average loss: 1.5960 ===
Starting validation with 431 batches...
Validating batch 0/431
Validating batch 10/431
Validating batch 20/431
Validating batch 30/431
Validating batch 40/431
Validating batch 50/431
Validating batch 60/431
Validating batch 70/431
Validating batch 80/431
Validating batch 90/431
Validating batch 100/431
Validating batch 110/431
Validating batch 120/431
Validating batch 130/431
Validating batch 140/431
Validating batch 150/431
Validating batch 160/431
Validating batch 170/431
Validating batch 180/431
Validating batch 190/431
Validating batch 200/431
Validating batch 210/431
Validating batch 220/431
Validating batch 230/431
Validating batch 240/431
Validating batch 250/431
Validating batch 260/431
Validating batch 270/431
Validating batch 280/431
Validating batch 290/431
Validating batch 300/431
Validating batch 310/431
Validating batch 320/431
Validating batch 330/431
Validating batch 340/431
Validating batch 350/431
Validating batch 360/431
Validating batch 370/431
Validating batch 380/431
Validating batch 390/431
Validating batch 400/431
Validating batch 410/431
Validating batch 420/431
Validating batch 430/431
Validation completed! Loss: 22.8636, MSE: 22.8636, MAE: 3.7900
=== Starting training epoch ===
=== Training epoch completed! Average loss: 1.5580 ===
Starting validation with 431 batches...
Validating batch 0/431
Validating batch 10/431
Validating batch 20/431
Validating batch 30/431
Validating batch 40/431
Validating batch 50/431
Validating batch 60/431
Validating batch 70/431
Validating batch 80/431
Validating batch 90/431
Validating batch 100/431
Validating batch 110/431
Validating batch 120/431
Validating batch 130/431
Validating batch 140/431
Validating batch 150/431
Validating batch 160/431
Validating batch 170/431
Validating batch 180/431
Validating batch 190/431
Validating batch 200/431
Validating batch 210/431
Validating batch 220/431
Validating batch 230/431
Validating batch 240/431
Validating batch 250/431
Validating batch 260/431
Validating batch 270/431
Validating batch 280/431
Validating batch 290/431
Validating batch 300/431
Validating batch 310/431
Validating batch 320/431
Validating batch 330/431
Validating batch 340/431
Validating batch 350/431
Validating batch 360/431
Validating batch 370/431
Validating batch 380/431
Validating batch 390/431
Validating batch 400/431
Validating batch 410/431
Validating batch 420/431
Validating batch 430/431
Validation completed! Loss: 24.4376, MSE: 24.4376, MAE: 3.9771
=== Starting training epoch ===
=== Training epoch completed! Average loss: 1.5584 ===
Starting validation with 431 batches...
Validating batch 0/431
Validating batch 10/431
Validating batch 20/431
Validating batch 30/431
Validating batch 40/431
Validating batch 50/431
Validating batch 60/431
Validating batch 70/431
Validating batch 80/431
Validating batch 90/431
Validating batch 100/431
Validating batch 110/431
Validating batch 120/431
Validating batch 130/431
Validating batch 140/431
Validating batch 150/431
Validating batch 160/431
Validating batch 170/431
Validating batch 180/431
Validating batch 190/431
Validating batch 200/431
Validating batch 210/431
Validating batch 220/431
Validating batch 230/431
Validating batch 240/431
Validating batch 250/431
Validating batch 260/431
Validating batch 270/431
Validating batch 280/431
Validating batch 290/431
Validating batch 300/431
Validating batch 310/431
Validating batch 320/431
Validating batch 330/431
Validating batch 340/431
Validating batch 350/431
Validating batch 360/431
Validating batch 370/431
Validating batch 380/431
Validating batch 390/431
Validating batch 400/431
Validating batch 410/431
Validating batch 420/431
Validating batch 430/431
Validation completed! Loss: 24.1455, MSE: 24.1455, MAE: 3.9172
=== Starting training epoch ===
=== Training epoch completed! Average loss: 1.4899 ===
Starting validation with 431 batches...
Validating batch 0/431
Validating batch 10/431
Validating batch 20/431
Validating batch 30/431
Validating batch 40/431
Validating batch 50/431
Validating batch 60/431
Validating batch 70/431
Validating batch 80/431
Validating batch 90/431
Validating batch 100/431
Validating batch 110/431
Validating batch 120/431
Validating batch 130/431
Validating batch 140/431
Validating batch 150/431
Validating batch 160/431
Validating batch 170/431
Validating batch 180/431
Validating batch 190/431
Validating batch 200/431
Validating batch 210/431
Validating batch 220/431
Validating batch 230/431
Validating batch 240/431
Validating batch 250/431
Validating batch 260/431
Validating batch 270/431
Validating batch 280/431
Validating batch 290/431
Validating batch 300/431
Validating batch 310/431
Validating batch 320/431
Validating batch 330/431
Validating batch 340/431
Validating batch 350/431
Validating batch 360/431
Validating batch 370/431
Validating batch 380/431
Validating batch 390/431
Validating batch 400/431
Validating batch 410/431
Validating batch 420/431
Validating batch 430/431
Validation completed! Loss: 22.6915, MSE: 22.6915, MAE: 3.7738
=== Starting training epoch ===
=== Training epoch completed! Average loss: 1.5071 ===
Starting validation with 431 batches...
Validating batch 0/431
Validating batch 10/431
Validating batch 20/431
Validating batch 30/431
Validating batch 40/431
Validating batch 50/431
Validating batch 60/431
Validating batch 70/431
Validating batch 80/431
Validating batch 90/431
Validating batch 100/431
Validating batch 110/431
Validating batch 120/431
Validating batch 130/431
Validating batch 140/431
Validating batch 150/431
Validating batch 160/431
Validating batch 170/431
Validating batch 180/431
Validating batch 190/431
Validating batch 200/431
Validating batch 210/431
Validating batch 220/431
Validating batch 230/431
Validating batch 240/431
Validating batch 250/431
Validating batch 260/431
Validating batch 270/431
Validating batch 280/431
Validating batch 290/431
Validating batch 300/431
Validating batch 310/431
Validating batch 320/431
Validating batch 330/431
Validating batch 340/431
Validating batch 350/431
Validating batch 360/431
Validating batch 370/431
Validating batch 380/431
Validating batch 390/431
Validating batch 400/431
Validating batch 410/431
Validating batch 420/431
Validating batch 430/431
Validation completed! Loss: 23.9159, MSE: 23.9159, MAE: 3.9515
=== Starting training epoch ===
=== Training epoch completed! Average loss: 1.4583 ===
Starting validation with 431 batches...
Validating batch 0/431
Validating batch 10/431
Validating batch 20/431
Validating batch 30/431
Validating batch 40/431
Validating batch 50/431
Validating batch 60/431
Validating batch 70/431
Validating batch 80/431
Validating batch 90/431
Validating batch 100/431
Validating batch 110/431
Validating batch 120/431
Validating batch 130/431
Validating batch 140/431
Validating batch 150/431
Validating batch 160/431
Validating batch 170/431
Validating batch 180/431
Validating batch 190/431
Validating batch 200/431
Validating batch 210/431
Validating batch 220/431
Validating batch 230/431
Validating batch 240/431
Validating batch 250/431
Validating batch 260/431
Validating batch 270/431
Validating batch 280/431
Validating batch 290/431
Validating batch 300/431
Validating batch 310/431
Validating batch 320/431
Validating batch 330/431
Validating batch 340/431
Validating batch 350/431
Validating batch 360/431
Validating batch 370/431
Validating batch 380/431
Validating batch 390/431
Validating batch 400/431
Validating batch 410/431
Validating batch 420/431
Validating batch 430/431
Validation completed! Loss: 21.7163, MSE: 21.7163, MAE: 3.7565
=== Starting training epoch ===
=== Training epoch completed! Average loss: 1.4389 ===
Starting validation with 431 batches...
Validating batch 0/431
Validating batch 10/431
Validating batch 20/431
Validating batch 30/431
Validating batch 40/431
Validating batch 50/431
Validating batch 60/431
Validating batch 70/431
Validating batch 80/431
Validating batch 90/431
Validating batch 100/431
Validating batch 110/431
Validating batch 120/431
Validating batch 130/431
Validating batch 140/431
Validating batch 150/431
Validating batch 160/431
Validating batch 170/431
Validating batch 180/431
Validating batch 190/431
Validating batch 200/431
Validating batch 210/431
Validating batch 220/431
Validating batch 230/431
Validating batch 240/431
Validating batch 250/431
Validating batch 260/431
Validating batch 270/431
Validating batch 280/431
Validating batch 290/431
Validating batch 300/431
Validating batch 310/431
Validating batch 320/431
Validating batch 330/431
Validating batch 340/431
Validating batch 350/431
Validating batch 360/431
Validating batch 370/431
Validating batch 380/431
Validating batch 390/431
Validating batch 400/431
Validating batch 410/431
Validating batch 420/431
Validating batch 430/431
Validation completed! Loss: 25.4021, MSE: 25.4021, MAE: 4.0492
=== Starting training epoch ===
=== Training epoch completed! Average loss: 1.4109 ===
Starting validation with 431 batches...
Validating batch 0/431
Validating batch 10/431
Validating batch 20/431
Validating batch 30/431
Validating batch 40/431
Validating batch 50/431
Validating batch 60/431
Validating batch 70/431
Validating batch 80/431
Validating batch 90/431
Validating batch 100/431
Validating batch 110/431
Validating batch 120/431
Validating batch 130/431
Validating batch 140/431
Validating batch 150/431
Validating batch 160/431
Validating batch 170/431
Validating batch 180/431
Validating batch 190/431
Validating batch 200/431
Validating batch 210/431
Validating batch 220/431
Validating batch 230/431
Validating batch 240/431
Validating batch 250/431
Validating batch 260/431
Validating batch 270/431
Validating batch 280/431
Validating batch 290/431
Validating batch 300/431
Validating batch 310/431
Validating batch 320/431
Validating batch 330/431
Validating batch 340/431
Validating batch 350/431
Validating batch 360/431
Validating batch 370/431
Validating batch 380/431
Validating batch 390/431
Validating batch 400/431
Validating batch 410/431
Validating batch 420/431
Validating batch 430/431
Validation completed! Loss: 23.7920, MSE: 23.7920, MAE: 3.8801
=== Starting training epoch ===
=== Training epoch completed! Average loss: 1.3557 ===
Starting validation with 431 batches...
Validating batch 0/431
Validating batch 10/431
Validating batch 20/431
Validating batch 30/431
Validating batch 40/431
Validating batch 50/431
Validating batch 60/431
Validating batch 70/431
Validating batch 80/431
Validating batch 90/431
Validating batch 100/431
Validating batch 110/431
Validating batch 120/431
Validating batch 130/431
Validating batch 140/431
Validating batch 150/431
Validating batch 160/431
Validating batch 170/431
Validating batch 180/431
Validating batch 190/431
Validating batch 200/431
Validating batch 210/431
Validating batch 220/431
Validating batch 230/431
Validating batch 240/431
Validating batch 250/431
Validating batch 260/431
Validating batch 270/431
Validating batch 280/431
Validating batch 290/431
Validating batch 300/431
Validating batch 310/431
Validating batch 320/431
Validating batch 330/431
Validating batch 340/431
Validating batch 350/431
Validating batch 360/431
Validating batch 370/431
Validating batch 380/431
Validating batch 390/431
Validating batch 400/431
Validating batch 410/431
Validating batch 420/431
Validating batch 430/431
Validation completed! Loss: 24.3977, MSE: 24.3977, MAE: 3.9925
=== Starting training epoch ===
=== Training epoch completed! Average loss: 1.3617 ===
Starting validation with 431 batches...
Validating batch 0/431
Validating batch 10/431
Validating batch 20/431
Validating batch 30/431
Validating batch 40/431
Validating batch 50/431
Validating batch 60/431
Validating batch 70/431
Validating batch 80/431
Validating batch 90/431
Validating batch 100/431
Validating batch 110/431
Validating batch 120/431
Validating batch 130/431
Validating batch 140/431
Validating batch 150/431
Validating batch 160/431
Validating batch 170/431
Validating batch 180/431
Validating batch 190/431
Validating batch 200/431
Validating batch 210/431
Validating batch 220/431
Validating batch 230/431
Validating batch 240/431
Validating batch 250/431
Validating batch 260/431
Validating batch 270/431
Validating batch 280/431
Validating batch 290/431
Validating batch 300/431
Validating batch 310/431
Validating batch 320/431
Validating batch 330/431
Validating batch 340/431
Validating batch 350/431
Validating batch 360/431
Validating batch 370/431
Validating batch 380/431
Validating batch 390/431
Validating batch 400/431
Validating batch 410/431
Validating batch 420/431
Validating batch 430/431
Validation completed! Loss: 24.4724, MSE: 24.4724, MAE: 3.9051
=== Starting training epoch ===
=== Training epoch completed! Average loss: 1.3698 ===
Starting validation with 431 batches...
Validating batch 0/431
Validating batch 10/431
Validating batch 20/431
Validating batch 30/431
Validating batch 40/431
Validating batch 50/431
Validating batch 60/431
Validating batch 70/431
Validating batch 80/431
Validating batch 90/431
Validating batch 100/431
Validating batch 110/431
Validating batch 120/431
Validating batch 130/431
Validating batch 140/431
Validating batch 150/431
Validating batch 160/431
Validating batch 170/431
Validating batch 180/431
Validating batch 190/431
Validating batch 200/431
Validating batch 210/431
Validating batch 220/431
Validating batch 230/431
Validating batch 240/431
Validating batch 250/431
Validating batch 260/431
Validating batch 270/431
Validating batch 280/431
Validating batch 290/431
Validating batch 300/431
Validating batch 310/431
Validating batch 320/431
Validating batch 330/431
Validating batch 340/431
Validating batch 350/431
Validating batch 360/431
Validating batch 370/431
Validating batch 380/431
Validating batch 390/431
Validating batch 400/431
Validating batch 410/431
Validating batch 420/431
Validating batch 430/431
Validation completed! Loss: 23.3628, MSE: 23.3628, MAE: 3.8352
=== Starting training epoch ===
=== Training epoch completed! Average loss: 1.3178 ===
Starting validation with 431 batches...
Validating batch 0/431
Validating batch 10/431
Validating batch 20/431
Validating batch 30/431
Validating batch 40/431
Validating batch 50/431
Validating batch 60/431
Validating batch 70/431
Validating batch 80/431
Validating batch 90/431
Validating batch 100/431
Validating batch 110/431
Validating batch 120/431
Validating batch 130/431
Validating batch 140/431
Validating batch 150/431
Validating batch 160/431
Validating batch 170/431
Validating batch 180/431
Validating batch 190/431
Validating batch 200/431
Validating batch 210/431
Validating batch 220/431
Validating batch 230/431
Validating batch 240/431
Validating batch 250/431
Validating batch 260/431
Validating batch 270/431
Validating batch 280/431
Validating batch 290/431
Validating batch 300/431
Validating batch 310/431
Validating batch 320/431
Validating batch 330/431
Validating batch 340/431
Validating batch 350/431
Validating batch 360/431
Validating batch 370/431
Validating batch 380/431
Validating batch 390/431
Validating batch 400/431
Validating batch 410/431
Validating batch 420/431
Validating batch 430/431
Validation completed! Loss: 24.3453, MSE: 24.3453, MAE: 3.8258
=== Starting training epoch ===
=== Training epoch completed! Average loss: 1.3101 ===
Starting validation with 431 batches...
Validating batch 0/431
Validating batch 10/431
Validating batch 20/431
Validating batch 30/431
Validating batch 40/431
Validating batch 50/431
Validating batch 60/431
Validating batch 70/431
Validating batch 80/431
Validating batch 90/431
Validating batch 100/431
Validating batch 110/431
Validating batch 120/431
Validating batch 130/431
Validating batch 140/431
Validating batch 150/431
Validating batch 160/431
Validating batch 170/431
Validating batch 180/431
Validating batch 190/431
Validating batch 200/431
Validating batch 210/431
Validating batch 220/431
Validating batch 230/431
Validating batch 240/431
Validating batch 250/431
Validating batch 260/431
Validating batch 270/431
Validating batch 280/431
Validating batch 290/431
Validating batch 300/431
Validating batch 310/431
Validating batch 320/431
Validating batch 330/431
Validating batch 340/431
Validating batch 350/431
Validating batch 360/431
Validating batch 370/431
Validating batch 380/431
Validating batch 390/431
Validating batch 400/431
Validating batch 410/431
Validating batch 420/431
Validating batch 430/431
Validation completed! Loss: 23.4663, MSE: 23.4663, MAE: 3.8106
=== Starting training epoch ===
=== Training epoch completed! Average loss: 1.2608 ===
Starting validation with 431 batches...
Validating batch 0/431
Validating batch 10/431
Validating batch 20/431
Validating batch 30/431
Validating batch 40/431
Validating batch 50/431
Validating batch 60/431
Validating batch 70/431
Validating batch 80/431
Validating batch 90/431
Validating batch 100/431
Validating batch 110/431
Validating batch 120/431
Validating batch 130/431
Validating batch 140/431
Validating batch 150/431
Validating batch 160/431
Validating batch 170/431
Validating batch 180/431
Validating batch 190/431
Validating batch 200/431
Validating batch 210/431
Validating batch 220/431
Validating batch 230/431
Validating batch 240/431
Validating batch 250/431
Validating batch 260/431
Validating batch 270/431
Validating batch 280/431
Validating batch 290/431
Validating batch 300/431
Validating batch 310/431
Validating batch 320/431
Validating batch 330/431
Validating batch 340/431
Validating batch 350/431
Validating batch 360/431
Validating batch 370/431
Validating batch 380/431
Validating batch 390/431
Validating batch 400/431
Validating batch 410/431
Validating batch 420/431
Validating batch 430/431
Validation completed! Loss: 26.2912, MSE: 26.2912, MAE: 4.0508
=== Starting training epoch ===
=== Training epoch completed! Average loss: 1.3513 ===
Starting validation with 431 batches...
Validating batch 0/431
Validating batch 10/431
Validating batch 20/431
Validating batch 30/431
Validating batch 40/431
Validating batch 50/431
Validating batch 60/431
Validating batch 70/431
Validating batch 80/431
Validating batch 90/431
Validating batch 100/431
Validating batch 110/431
Validating batch 120/431
Validating batch 130/431
Validating batch 140/431
Validating batch 150/431
Validating batch 160/431
Validating batch 170/431
Validating batch 180/431
Validating batch 190/431
Validating batch 200/431
Validating batch 210/431
Validating batch 220/431
Validating batch 230/431
Validating batch 240/431
Validating batch 250/431
Validating batch 260/431
Validating batch 270/431
Validating batch 280/431
Validating batch 290/431
Validating batch 300/431
Validating batch 310/431
Validating batch 320/431
Validating batch 330/431
Validating batch 340/431
Validating batch 350/431
Validating batch 360/431
Validating batch 370/431
Validating batch 380/431
Validating batch 390/431
Validating batch 400/431
Validating batch 410/431
Validating batch 420/431
Validating batch 430/431
Validation completed! Loss: 23.2821, MSE: 23.2821, MAE: 3.7996
=== Starting training epoch ===
=== Training epoch completed! Average loss: 1.2392 ===
Starting validation with 431 batches...
Validating batch 0/431
Validating batch 10/431
Validating batch 20/431
Validating batch 30/431
Validating batch 40/431
Validating batch 50/431
Validating batch 60/431
Validating batch 70/431
Validating batch 80/431
Validating batch 90/431
Validating batch 100/431
Validating batch 110/431
Validating batch 120/431
Validating batch 130/431
Validating batch 140/431
Validating batch 150/431
Validating batch 160/431
Validating batch 170/431
Validating batch 180/431
Validating batch 190/431
Validating batch 200/431
Validating batch 210/431
Validating batch 220/431
Validating batch 230/431
Validating batch 240/431
Validating batch 250/431
Validating batch 260/431
Validating batch 270/431
Validating batch 280/431
Validating batch 290/431
Validating batch 300/431
Validating batch 310/431
Validating batch 320/431
Validating batch 330/431
Validating batch 340/431
Validating batch 350/431
Validating batch 360/431
Validating batch 370/431
Validating batch 380/431
Validating batch 390/431
Validating batch 400/431
Validating batch 410/431
Validating batch 420/431
Validating batch 430/431
Validation completed! Loss: 25.3375, MSE: 25.3375, MAE: 4.0455
=== Starting training epoch ===
=== Training epoch completed! Average loss: 1.2541 ===
Starting validation with 431 batches...
Validating batch 0/431
Validating batch 10/431
Validating batch 20/431
Validating batch 30/431
Validating batch 40/431
Validating batch 50/431
Validating batch 60/431
Validating batch 70/431
Validating batch 80/431
Validating batch 90/431
Validating batch 100/431
Validating batch 110/431
Validating batch 120/431
Validating batch 130/431
Validating batch 140/431
Validating batch 150/431
Validating batch 160/431
Validating batch 170/431
Validating batch 180/431
Validating batch 190/431
Validating batch 200/431
Validating batch 210/431
Validating batch 220/431
Validating batch 230/431
Validating batch 240/431
Validating batch 250/431
Validating batch 260/431
Validating batch 270/431
Validating batch 280/431
Validating batch 290/431
Validating batch 300/431
Validating batch 310/431
Validating batch 320/431
Validating batch 330/431
Validating batch 340/431
Validating batch 350/431
Validating batch 360/431
Validating batch 370/431
Validating batch 380/431
Validating batch 390/431
Validating batch 400/431
Validating batch 410/431
Validating batch 420/431
Validating batch 430/431
Validation completed! Loss: 24.0049, MSE: 24.0049, MAE: 3.9068
=== Starting training epoch ===
=== Training epoch completed! Average loss: 1.2449 ===
Starting validation with 431 batches...
Validating batch 0/431
Validating batch 10/431
Validating batch 20/431
Validating batch 30/431
Validating batch 40/431
Validating batch 50/431
Validating batch 60/431
Validating batch 70/431
Validating batch 80/431
Validating batch 90/431
Validating batch 100/431
Validating batch 110/431
Validating batch 120/431
Validating batch 130/431
Validating batch 140/431
Validating batch 150/431
Validating batch 160/431
Validating batch 170/431
Validating batch 180/431
Validating batch 190/431
Validating batch 200/431
Validating batch 210/431
Validating batch 220/431
Validating batch 230/431
Validating batch 240/431
Validating batch 250/431
Validating batch 260/431
Validating batch 270/431
Validating batch 280/431
Validating batch 290/431
Validating batch 300/431
Validating batch 310/431
Validating batch 320/431
Validating batch 330/431
Validating batch 340/431
Validating batch 350/431
Validating batch 360/431
Validating batch 370/431
Validating batch 380/431
Validating batch 390/431
Validating batch 400/431
Validating batch 410/431
Validating batch 420/431
Validating batch 430/431
Validation completed! Loss: 23.4574, MSE: 23.4574, MAE: 3.7995
=== Starting training epoch ===
=== Training epoch completed! Average loss: 1.2186 ===
Starting validation with 431 batches...
Validating batch 0/431
Validating batch 10/431
Validating batch 20/431
Validating batch 30/431
Validating batch 40/431
Validating batch 50/431
Validating batch 60/431
Validating batch 70/431
Validating batch 80/431
Validating batch 90/431
Validating batch 100/431
Validating batch 110/431
Validating batch 120/431
Validating batch 130/431
Validating batch 140/431
Validating batch 150/431
Validating batch 160/431
Validating batch 170/431
Validating batch 180/431
Validating batch 190/431
Validating batch 200/431
Validating batch 210/431
Validating batch 220/431
Validating batch 230/431
Validating batch 240/431
Validating batch 250/431
Validating batch 260/431
Validating batch 270/431
Validating batch 280/431
Validating batch 290/431
Validating batch 300/431
Validating batch 310/431
Validating batch 320/431
Validating batch 330/431
Validating batch 340/431
Validating batch 350/431
Validating batch 360/431
Validating batch 370/431
Validating batch 380/431
Validating batch 390/431
Validating batch 400/431
Validating batch 410/431
Validating batch 420/431
Validating batch 430/431
Validation completed! Loss: 25.0413, MSE: 25.0413, MAE: 3.8539
=== Starting training epoch ===
=== Training epoch completed! Average loss: 1.1962 ===
Starting validation with 431 batches...
Validating batch 0/431
Validating batch 10/431
Validating batch 20/431
Validating batch 30/431
Validating batch 40/431
Validating batch 50/431
Validating batch 60/431
Validating batch 70/431
Validating batch 80/431
Validating batch 90/431
Validating batch 100/431
Validating batch 110/431
Validating batch 120/431
Validating batch 130/431
Validating batch 140/431
Validating batch 150/431
Validating batch 160/431
Validating batch 170/431
Validating batch 180/431
Validating batch 190/431
Validating batch 200/431
Validating batch 210/431
Validating batch 220/431
Validating batch 230/431
Validating batch 240/431
Validating batch 250/431
Validating batch 260/431
Validating batch 270/431
Validating batch 280/431
Validating batch 290/431
Validating batch 300/431
Validating batch 310/431
Validating batch 320/431
Validating batch 330/431
Validating batch 340/431
Validating batch 350/431
Validating batch 360/431
Validating batch 370/431
Validating batch 380/431
Validating batch 390/431
Validating batch 400/431
Validating batch 410/431
Validating batch 420/431
Validating batch 430/431
Validation completed! Loss: 25.4523, MSE: 25.4523, MAE: 3.9900
=== Starting training epoch ===
=== Training epoch completed! Average loss: 1.1861 ===
Starting validation with 431 batches...
Validating batch 0/431
Validating batch 10/431
Validating batch 20/431
Validating batch 30/431
Validating batch 40/431
Validating batch 50/431
Validating batch 60/431
Validating batch 70/431
Validating batch 80/431
Validating batch 90/431
Validating batch 100/431
Validating batch 110/431
Validating batch 120/431
Validating batch 130/431
Validating batch 140/431
Validating batch 150/431
Validating batch 160/431
Validating batch 170/431
Validating batch 180/431
Validating batch 190/431
Validating batch 200/431
Validating batch 210/431
Validating batch 220/431
Validating batch 230/431
Validating batch 240/431
Validating batch 250/431
Validating batch 260/431
Validating batch 270/431
Validating batch 280/431
Validating batch 290/431
Validating batch 300/431
Validating batch 310/431
Validating batch 320/431
Validating batch 330/431
Validating batch 340/431
Validating batch 350/431
Validating batch 360/431
Validating batch 370/431
Validating batch 380/431
Validating batch 390/431
Validating batch 400/431
Validating batch 410/431
Validating batch 420/431
Validating batch 430/431
Validation completed! Loss: 22.8085, MSE: 22.8085, MAE: 3.7723
Starting model evaluation for regression...
Evaluating batch 0/442
Evaluating batch 10/442
Evaluating batch 20/442
Evaluating batch 30/442
Evaluating batch 40/442
Evaluating batch 50/442
Evaluating batch 60/442
Evaluating batch 70/442
Evaluating batch 80/442
Evaluating batch 90/442
Evaluating batch 100/442
Evaluating batch 110/442
Evaluating batch 120/442
Evaluating batch 130/442
Evaluating batch 140/442
Evaluating batch 150/442
Evaluating batch 160/442
Evaluating batch 170/442
Evaluating batch 180/442
Evaluating batch 190/442
Evaluating batch 200/442
Evaluating batch 210/442
Evaluating batch 220/442
Evaluating batch 230/442
Evaluating batch 240/442
Evaluating batch 250/442
Evaluating batch 260/442
Evaluating batch 270/442
Evaluating batch 280/442
Evaluating batch 290/442
Evaluating batch 300/442
Evaluating batch 310/442
Evaluating batch 320/442
Evaluating batch 330/442
Evaluating batch 340/442
Evaluating batch 350/442
Evaluating batch 360/442
Evaluating batch 370/442
Evaluating batch 380/442
Evaluating batch 390/442
Evaluating batch 400/442
Evaluating batch 410/442
Evaluating batch 420/442
Evaluating batch 430/442
Evaluating batch 440/442
ACHNN Regression Training completed at Tue Apr 15 03:10:18 PM EDT 2025
