Starting ACHNN regression training with 16 CPUs and 1 GPU at Wed Apr 16 02:10:30 AM EDT 2025
Loading configuration from config.yaml...
Using configured max_ts_length: 1000
Using configured num_regions: 169
Using configured encoder_batch_size: 64
Random seed set to 42
Using GPU: NVIDIA L40S
Loading phenotype data from: Phenotypic_V1_0b_preprocessed1.csv
Original selected data shape: (1112, 6)
Using target column: 'DX_GROUP'
Filtered out 0 rows with invalid/missing target values.
Phenotype data shape after filtering: (1112, 6)
Processing specified numerical features...
 Processing numerical columns: ['AGE_AT_SCAN', 'FIQ']
Processing specified categorical features...
 Processing categorical columns: ['SEX', 'SITE_ID']
  Encoded categorical columns: ['SEX_1', 'SEX_2', 'SITE_ID_CALTECH', 'SITE_ID_CMU', 'SITE_ID_KKI', 'SITE_ID_LEUVEN_1', 'SITE_ID_LEUVEN_2', 'SITE_ID_MAX_MUN', 'SITE_ID_NYU', 'SITE_ID_OHSU', 'SITE_ID_OLIN', 'SITE_ID_PITT', 'SITE_ID_SBL', 'SITE_ID_SDSU', 'SITE_ID_STANFORD', 'SITE_ID_TRINITY', 'SITE_ID_UCLA_1', 'SITE_ID_UCLA_2', 'SITE_ID_UM_1', 'SITE_ID_UM_2', 'SITE_ID_USM', 'SITE_ID_YALE']
Final phenotype features being used (24): ['AGE_AT_SCAN', 'FIQ', 'SEX_1', 'SEX_2', 'SITE_ID_CALTECH', 'SITE_ID_CMU', 'SITE_ID_KKI', 'SITE_ID_LEUVEN_1', 'SITE_ID_LEUVEN_2', 'SITE_ID_MAX_MUN', 'SITE_ID_NYU', 'SITE_ID_OHSU', 'SITE_ID_OLIN', 'SITE_ID_PITT', 'SITE_ID_SBL', 'SITE_ID_SDSU', 'SITE_ID_STANFORD', 'SITE_ID_TRINITY', 'SITE_ID_UCLA_1', 'SITE_ID_UCLA_2', 'SITE_ID_UM_1', 'SITE_ID_UM_2', 'SITE_ID_USM', 'SITE_ID_YALE']
Processed 1112 subjects from phenotype data with valid IDs and selected columns.
Matching time series files in: regions/
Found 866 potential TS files in directory.
Parsed 866 potential subject IDs from filenames.
Matched 866 subjects with both phenotype and time series data.
Total subjects available for K-Fold analysis: 866

--- Fold 1/10 ---
Loading time series for 866 subjects in fold...
Padding 866 time series to max length: 1000
Proceeding with 866 subjects after handling TS loading errors.
Phenotype encoder created.
Generating initial embeddings for graph construction (Batch Size: 64)...
Initial embeddings generated.
Building k-NN graph (k=10)...
Graph built with 866 nodes and 8660 edges.
Starting training for Fold 1... Train samples: 779, Test samples: 87
  Epoch 1, Grad Norm: 0.6995
  Epoch 5, Grad Norm: 0.6540
F1 E005 | Loss: 0.7446 | Tr Acc: 0.4634 | Te Acc: 0.4713 | Te AUC: 0.5101 | Te F1: 0.3019
  Epoch 10, Grad Norm: 0.6303
F1 E010 | Loss: 0.7319 | Tr Acc: 0.4634 | Te Acc: 0.4713 | Te AUC: 0.5180 | Te F1: 0.3019
  Epoch 15, Grad Norm: 0.5960
F1 E015 | Loss: 0.7238 | Tr Acc: 0.4647 | Te Acc: 0.4598 | Te AUC: 0.5350 | Te F1: 0.2969
  Epoch 20, Grad Norm: 0.6372
F1 E020 | Loss: 0.7346 | Tr Acc: 0.4647 | Te Acc: 0.4598 | Te AUC: 0.5265 | Te F1: 0.2969
  Epoch 25, Grad Norm: 0.6219
F1 E025 | Loss: 0.7305 | Tr Acc: 0.4647 | Te Acc: 0.4483 | Te AUC: 0.5127 | Te F1: 0.2917
  Epoch 30, Grad Norm: 0.6430
F1 E030 | Loss: 0.7217 | Tr Acc: 0.4711 | Te Acc: 0.4368 | Te AUC: 0.5048 | Te F1: 0.2865
  Epoch 35, Grad Norm: 0.5374
F1 E035 | Loss: 0.7073 | Tr Acc: 0.4724 | Te Acc: 0.4253 | Te AUC: 0.5064 | Te F1: 0.2812
  Epoch 40, Grad Norm: 0.6333
F1 E040 | Loss: 0.7266 | Tr Acc: 0.4763 | Te Acc: 0.4253 | Te AUC: 0.5048 | Te F1: 0.2812
  Epoch 45, Grad Norm: 0.5521
F1 E045 | Loss: 0.7188 | Tr Acc: 0.4801 | Te Acc: 0.4253 | Te AUC: 0.5143 | Te F1: 0.2812
  Epoch 50, Grad Norm: 0.5967
F1 E050 | Loss: 0.7311 | Tr Acc: 0.4775 | Te Acc: 0.4253 | Te AUC: 0.5016 | Te F1: 0.2985
Fold 1 - Training finished. Best Test Accuracy: 0.4598, AUC: 0.5350
Fold 1 elapsed time: 63.11 seconds.

--- Fold 2/10 ---
Loading time series for 866 subjects in fold...
Padding 866 time series to max length: 1000
Proceeding with 866 subjects after handling TS loading errors.
Phenotype encoder created.
Generating initial embeddings for graph construction (Batch Size: 64)...
Initial embeddings generated.
Building k-NN graph (k=10)...
Graph built with 866 nodes and 8660 edges.
Starting training for Fold 2... Train samples: 779, Test samples: 87
  Epoch 1, Grad Norm: 0.7084
  Epoch 5, Grad Norm: 0.6737
F2 E005 | Loss: 0.7446 | Tr Acc: 0.4891 | Te Acc: 0.4713 | Te AUC: 0.5000 | Te F1: 0.3689
  Epoch 10, Grad Norm: 0.7066
F2 E010 | Loss: 0.7468 | Tr Acc: 0.4621 | Te Acc: 0.4713 | Te AUC: 0.5451 | Te F1: 0.3019
  Epoch 15, Grad Norm: 0.6534
F2 E015 | Loss: 0.7298 | Tr Acc: 0.4621 | Te Acc: 0.4713 | Te AUC: 0.5164 | Te F1: 0.3019
  Epoch 20, Grad Norm: 0.6238
F2 E020 | Loss: 0.7218 | Tr Acc: 0.4621 | Te Acc: 0.4713 | Te AUC: 0.5053 | Te F1: 0.3019
  Epoch 25, Grad Norm: 0.6689
F2 E025 | Loss: 0.7445 | Tr Acc: 0.4621 | Te Acc: 0.4713 | Te AUC: 0.5255 | Te F1: 0.3019
  Epoch 30, Grad Norm: 0.6167
F2 E030 | Loss: 0.7218 | Tr Acc: 0.4634 | Te Acc: 0.4713 | Te AUC: 0.5329 | Te F1: 0.3019
  Epoch 35, Grad Norm: 0.6141
F2 E035 | Loss: 0.7414 | Tr Acc: 0.4634 | Te Acc: 0.4713 | Te AUC: 0.5244 | Te F1: 0.3019
  Epoch 40, Grad Norm: 0.6436
F2 E040 | Loss: 0.7362 | Tr Acc: 0.4634 | Te Acc: 0.4713 | Te AUC: 0.5180 | Te F1: 0.3019
  Epoch 45, Grad Norm: 0.6399
F2 E045 | Loss: 0.7360 | Tr Acc: 0.4647 | Te Acc: 0.4598 | Te AUC: 0.5090 | Te F1: 0.2969
  Epoch 50, Grad Norm: 0.5754
F2 E050 | Loss: 0.7211 | Tr Acc: 0.4621 | Te Acc: 0.4598 | Te AUC: 0.5101 | Te F1: 0.2969
Fold 2 - Training finished. Best Test Accuracy: 0.4713, AUC: 0.5451
Fold 2 elapsed time: 62.82 seconds.

--- Fold 3/10 ---
Loading time series for 866 subjects in fold...
Padding 866 time series to max length: 1000
Proceeding with 866 subjects after handling TS loading errors.
Phenotype encoder created.
Generating initial embeddings for graph construction (Batch Size: 64)...
