Starting ACHNN regression training with 16 CPUs and 1 GPU at Wed Apr 16 03:27:40 AM EDT 2025
Loading configuration from config.yaml...

--- Configuration Used ---
data_params:
  exclude_cols:
  - 'Unnamed: 0'
  - X
  - subject
  - FILE_ID
  - qc_rater_1
  - qc_notes_rater_1
  - qc_anat_rater_2
  - qc_anat_notes_rater_2
  - qc_func_rater_2
  - qc_func_notes_rater_2
  - qc_anat_rater_3
  - qc_anat_notes_rater_3
  - qc_func_rater_3
  - qc_func_notes_rater_3
  max_ts_length: -1
  num_regions: 200
  phenotype_cols_categorical:
  - SEX
  - SITE_ID
  - EYE_STATUS_AT_SCAN
  phenotype_cols_numerical:
  - AGE_AT_SCAN
  - FIQ
  - func_mean_fd
  phenotype_file: Phenotypic_V1_0b_preprocessed1.csv
  region_dir: /home/pl217/frankensteins_model/results/abide_timeseries/ccs_filt_noglobal_rois_cc200
  site_id_col: SITE_ID
  sub_id_col: SUB_ID
  target_col: DX_GROUP
graph_params:
  k_neighbors: 20
model_params:
  dropout_rate: 0.3
  gnn_heads: 4
  gnn_hidden_dim: 128
  gnn_output_dim: 2
  pheno_embedding_dim: 64
  pheno_hidden_dim: 128
  ts_embedding_dim: 128
  ts_transformer_d_model: 128
  ts_transformer_dim_feedforward: 512
  ts_transformer_nhead: 4
  ts_transformer_num_layers: 3
run_params:
  device: cuda
  early_stopping_patience: 30
  encoder_batch_size: 32
  epochs: 200
  learning_rate: 0.0002
  lr_scheduler_factor: 0.5
  lr_scheduler_patience: 15
  n_splits: 10
  seed: 42
  weight_decay: 0.0005

--------------------------

Using configured max_ts_length setting: -1 (-1 means use max in fold)
Using configured num_regions: 200
Using configured encoder_batch_size: 32
Random seed set to 42
Using GPU: NVIDIA RTX A5000
Loading phenotype data from: Phenotypic_V1_0b_preprocessed1.csv
Original selected data shape: (1112, 8)
Using target column: 'DX_GROUP'
Filtered out 0 rows with invalid/missing target values.
Phenotype data shape after target filtering: (1112, 8)
Processing specified numerical features...
 Processing numerical columns: ['AGE_AT_SCAN', 'FIQ', 'func_mean_fd']
Processing specified categorical features...
 Processing categorical columns: ['SEX', 'SITE_ID', 'EYE_STATUS_AT_SCAN']
  Encoded categorical columns: ['SEX_1', 'SEX_2', 'SITE_ID_CALTECH', 'SITE_ID_CMU', 'SITE_ID_KKI', 'SITE_ID_LEUVEN_1', 'SITE_ID_LEUVEN_2', 'SITE_ID_MAX_MUN', 'SITE_ID_NYU', 'SITE_ID_OHSU', 'SITE_ID_OLIN', 'SITE_ID_PITT', 'SITE_ID_SBL', 'SITE_ID_SDSU', 'SITE_ID_STANFORD', 'SITE_ID_TRINITY', 'SITE_ID_UCLA_1', 'SITE_ID_UCLA_2', 'SITE_ID_UM_1', 'SITE_ID_UM_2', 'SITE_ID_USM', 'SITE_ID_YALE', 'EYE_STATUS_AT_SCAN_1', 'EYE_STATUS_AT_SCAN_2']
Final phenotype features identified (27): ['AGE_AT_SCAN', 'FIQ', 'func_mean_fd', 'SEX_1', 'SEX_2', 'SITE_ID_CALTECH', 'SITE_ID_CMU', 'SITE_ID_KKI', 'SITE_ID_LEUVEN_1', 'SITE_ID_LEUVEN_2', 'SITE_ID_MAX_MUN', 'SITE_ID_NYU', 'SITE_ID_OHSU', 'SITE_ID_OLIN', 'SITE_ID_PITT', 'SITE_ID_SBL', 'SITE_ID_SDSU', 'SITE_ID_STANFORD', 'SITE_ID_TRINITY', 'SITE_ID_UCLA_1', 'SITE_ID_UCLA_2', 'SITE_ID_UM_1', 'SITE_ID_UM_2', 'SITE_ID_USM', 'SITE_ID_YALE', 'EYE_STATUS_AT_SCAN_1', 'EYE_STATUS_AT_SCAN_2']
Checking for corresponding TS files in: /home/pl217/frankensteins_model/results/abide_timeseries/ccs_filt_noglobal_rois_cc200
Processed 1112 subjects from phenotype data.
Found existing, non-empty TS files for 624 subjects.
Skipped 488 subjects (missing file or invalid ID/Site).
Skipped 0 subjects (empty file).
Total subjects available for K-Fold analysis: 624

--- Fold 1/10 ---
Calculating max TS length for Positional Encoding (624 subjects)...
Determined max TS length 295 from 624 valid files for Positional Encoding.
Fold 1 using dynamic max length (up to 295 for PE).
Loading time series for 624 subjects in fold...
No truncation active. Will pad to max length found in this fold's successful loads.
Padding to max length found in fold: 295
Padding 624 time series to final length: 295
Proceeding with 624 subjects for Fold 1 model training/evaluation.
Phenotype encoder created.
Generating initial embeddings for graph construction (Batch Size: 32)...
Initial embeddings generated.
Building k-NN graph (k=20)...
Graph built with 624 nodes and 12480 edges.
Starting training for Fold 1... Train samples: 561, Test samples: 63
  Epoch 1, Grad Norm: 0.4857
F1 E001 | Loss: 0.7208 | Tr Acc: 0.5169 | Te Acc: 0.5079 | Te AUC: 0.5444 | Te F1: 0.3422
F1 E002 | Loss: 0.6961 | Tr Acc: 0.5169 | Te Acc: 0.5079 | Te AUC: 0.5726 | Te F1: 0.3422
F1 E003 | Loss: 0.7067 | Tr Acc: 0.5169 | Te Acc: 0.5079 | Te AUC: 0.5736 | Te F1: 0.3422
F1 E004 | Loss: 0.6881 | Tr Acc: 0.5169 | Te Acc: 0.5079 | Te AUC: 0.5837 | Te F1: 0.3422
  Epoch 5, Grad Norm: 0.4650
F1 E005 | Loss: 0.7011 | Tr Acc: 0.5169 | Te Acc: 0.5079 | Te AUC: 0.5968 | Te F1: 0.3422
F1 E006 | Loss: 0.6866 | Tr Acc: 0.5169 | Te Acc: 0.5079 | Te AUC: 0.6129 | Te F1: 0.3422
F1 E007 | Loss: 0.6837 | Tr Acc: 0.5169 | Te Acc: 0.5079 | Te AUC: 0.6190 | Te F1: 0.3422
F1 E008 | Loss: 0.6739 | Tr Acc: 0.5169 | Te Acc: 0.5079 | Te AUC: 0.6401 | Te F1: 0.3422
F1 E009 | Loss: 0.6858 | Tr Acc: 0.5187 | Te Acc: 0.5397 | Te AUC: 0.6573 | Te F1: 0.4092
  Epoch 10, Grad Norm: 0.4137
F1 E010 | Loss: 0.6757 | Tr Acc: 0.5258 | Te Acc: 0.5397 | Te AUC: 0.6613 | Te F1: 0.4092
F1 E011 | Loss: 0.6774 | Tr Acc: 0.5276 | Te Acc: 0.5556 | Te AUC: 0.6643 | Te F1: 0.4402
F1 E012 | Loss: 0.6777 | Tr Acc: 0.5383 | Te Acc: 0.5714 | Te AUC: 0.6754 | Te F1: 0.4697
F1 E013 | Loss: 0.6869 | Tr Acc: 0.5579 | Te Acc: 0.5873 | Te AUC: 0.6754 | Te F1: 0.5133
F1 E014 | Loss: 0.6762 | Tr Acc: 0.5633 | Te Acc: 0.6032 | Te AUC: 0.6694 | Te F1: 0.5386
  Epoch 15, Grad Norm: 0.3669
F1 E015 | Loss: 0.6672 | Tr Acc: 0.5651 | Te Acc: 0.6032 | Te AUC: 0.6663 | Te F1: 0.5386
F1 E016 | Loss: 0.6739 | Tr Acc: 0.5740 | Te Acc: 0.5873 | Te AUC: 0.6704 | Te F1: 0.5266
F1 E017 | Loss: 0.6821 | Tr Acc: 0.5900 | Te Acc: 0.5873 | Te AUC: 0.6754 | Te F1: 0.5266
F1 E018 | Loss: 0.6666 | Tr Acc: 0.5847 | Te Acc: 0.5873 | Te AUC: 0.6905 | Te F1: 0.5382
F1 E019 | Loss: 0.6681 | Tr Acc: 0.5900 | Te Acc: 0.6032 | Te AUC: 0.7056 | Te F1: 0.5609
  Epoch 20, Grad Norm: 0.4069
F1 E020 | Loss: 0.6767 | Tr Acc: 0.5989 | Te Acc: 0.6032 | Te AUC: 0.7127 | Te F1: 0.5609
F1 E021 | Loss: 0.6622 | Tr Acc: 0.6061 | Te Acc: 0.6349 | Te AUC: 0.7127 | Te F1: 0.6113
F1 E022 | Loss: 0.6737 | Tr Acc: 0.6096 | Te Acc: 0.6032 | Te AUC: 0.7107 | Te F1: 0.5840
F1 E023 | Loss: 0.6658 | Tr Acc: 0.6132 | Te Acc: 0.6190 | Te AUC: 0.7107 | Te F1: 0.6082
F1 E024 | Loss: 0.6657 | Tr Acc: 0.6114 | Te Acc: 0.6032 | Te AUC: 0.7077 | Te F1: 0.5939
  Epoch 25, Grad Norm: 0.4020
F1 E025 | Loss: 0.6704 | Tr Acc: 0.6078 | Te Acc: 0.6190 | Te AUC: 0.7107 | Te F1: 0.6082
F1 E026 | Loss: 0.6638 | Tr Acc: 0.6043 | Te Acc: 0.6190 | Te AUC: 0.7167 | Te F1: 0.6120
F1 E027 | Loss: 0.6664 | Tr Acc: 0.6025 | Te Acc: 0.6349 | Te AUC: 0.7268 | Te F1: 0.6264
F1 E028 | Loss: 0.6725 | Tr Acc: 0.6007 | Te Acc: 0.6349 | Te AUC: 0.7238 | Te F1: 0.6264
F1 E029 | Loss: 0.6609 | Tr Acc: 0.6043 | Te Acc: 0.6190 | Te AUC: 0.7208 | Te F1: 0.6120
  Epoch 30, Grad Norm: 0.4001
F1 E030 | Loss: 0.6633 | Tr Acc: 0.6114 | Te Acc: 0.6190 | Te AUC: 0.7157 | Te F1: 0.6034
F1 E031 | Loss: 0.6657 | Tr Acc: 0.6078 | Te Acc: 0.6032 | Te AUC: 0.7177 | Te F1: 0.5840
F1 E032 | Loss: 0.6567 | Tr Acc: 0.6114 | Te Acc: 0.6032 | Te AUC: 0.7167 | Te F1: 0.5775
F1 E033 | Loss: 0.6547 | Tr Acc: 0.6114 | Te Acc: 0.6032 | Te AUC: 0.7087 | Te F1: 0.5699
F1 E034 | Loss: 0.6503 | Tr Acc: 0.6185 | Te Acc: 0.5873 | Te AUC: 0.7016 | Te F1: 0.5482
  Epoch 35, Grad Norm: 0.3940
F1 E035 | Loss: 0.6622 | Tr Acc: 0.6150 | Te Acc: 0.6190 | Te AUC: 0.6915 | Te F1: 0.5909
F1 E036 | Loss: 0.6610 | Tr Acc: 0.6096 | Te Acc: 0.6190 | Te AUC: 0.6875 | Te F1: 0.5909
F1 E037 | Loss: 0.6588 | Tr Acc: 0.6185 | Te Acc: 0.6667 | Te AUC: 0.6855 | Te F1: 0.6552
F1 E038 | Loss: 0.6537 | Tr Acc: 0.6275 | Te Acc: 0.6032 | Te AUC: 0.6815 | Te F1: 0.6030
F1 E039 | Loss: 0.6502 | Tr Acc: 0.6203 | Te Acc: 0.5714 | Te AUC: 0.6754 | Te F1: 0.5635
  Epoch 40, Grad Norm: 0.3831
F1 E040 | Loss: 0.6526 | Tr Acc: 0.5722 | Te Acc: 0.6032 | Te AUC: 0.6804 | Te F1: 0.5741
F1 E041 | Loss: 0.6411 | Tr Acc: 0.5579 | Te Acc: 0.5873 | Te AUC: 0.6875 | Te F1: 0.5333
F1 E042 | Loss: 0.6612 | Tr Acc: 0.5544 | Te Acc: 0.5873 | Te AUC: 0.6935 | Te F1: 0.5333
F1 E043 | Loss: 0.6352 | Tr Acc: 0.5508 | Te Acc: 0.5873 | Te AUC: 0.6966 | Te F1: 0.5333
  Learning rate reduced to 1.0e-04
F1 E044 | Loss: 0.6597 | Tr Acc: 0.5633 | Te Acc: 0.5873 | Te AUC: 0.6946 | Te F1: 0.5333
  Epoch 45, Grad Norm: 0.3704
F1 E045 | Loss: 0.6357 | Tr Acc: 0.5633 | Te Acc: 0.5714 | Te AUC: 0.7006 | Te F1: 0.5210
F1 E046 | Loss: 0.6401 | Tr Acc: 0.5686 | Te Acc: 0.6190 | Te AUC: 0.7077 | Te F1: 0.5874
F1 E047 | Loss: 0.6499 | Tr Acc: 0.6007 | Te Acc: 0.6349 | Te AUC: 0.7087 | Te F1: 0.6146
F1 E048 | Loss: 0.6468 | Tr Acc: 0.6257 | Te Acc: 0.6825 | Te AUC: 0.7087 | Te F1: 0.6752
F1 E049 | Loss: 0.6446 | Tr Acc: 0.6381 | Te Acc: 0.7143 | Te AUC: 0.7087 | Te F1: 0.7121
  Epoch 50, Grad Norm: 0.3621
F1 E050 | Loss: 0.6612 | Tr Acc: 0.6417 | Te Acc: 0.6508 | Te AUC: 0.7107 | Te F1: 0.6508
  Epoch 55, Grad Norm: 0.3350
F1 E055 | Loss: 0.6356 | Tr Acc: 0.6417 | Te Acc: 0.6667 | Te AUC: 0.7167 | Te F1: 0.6552
  Epoch 60, Grad Norm: 0.4011
F1 E060 | Loss: 0.6487 | Tr Acc: 0.6168 | Te Acc: 0.5873 | Te AUC: 0.7137 | Te F1: 0.5482
  Epoch 65, Grad Norm: 0.3800
F1 E065 | Loss: 0.6387 | Tr Acc: 0.6310 | Te Acc: 0.6508 | Te AUC: 0.7218 | Te F1: 0.6365
  Epoch 70, Grad Norm: 0.3797
F1 E070 | Loss: 0.6274 | Tr Acc: 0.6453 | Te Acc: 0.6508 | Te AUC: 0.7107 | Te F1: 0.6408
  Epoch 75, Grad Norm: 0.3808
F1 E075 | Loss: 0.6335 | Tr Acc: 0.6863 | Te Acc: 0.6667 | Te AUC: 0.7016 | Te F1: 0.6665
  Epoch 80, Grad Norm: 0.3641
F1 E080 | Loss: 0.6177 | Tr Acc: 0.6791 | Te Acc: 0.6984 | Te AUC: 0.7036 | Te F1: 0.6980
  Epoch 85, Grad Norm: 0.3734
F1 E085 | Loss: 0.6243 | Tr Acc: 0.6702 | Te Acc: 0.6190 | Te AUC: 0.7046 | Te F1: 0.6150
Early stopping triggered at epoch 85 due to lack of improvement in Test AUC for 30 evaluation steps.
Fold 1 - Training finished. Best Test Accuracy: 0.6349, AUC: 0.7268
Fold 1 elapsed time: 39.69 seconds.

--- Fold 2/10 ---
Calculating max TS length for Positional Encoding (624 subjects)...
Determined max TS length 295 from 624 valid files for Positional Encoding.
Fold 2 using dynamic max length (up to 295 for PE).
Loading time series for 624 subjects in fold...
No truncation active. Will pad to max length found in this fold's successful loads.
Padding to max length found in fold: 295
Padding 624 time series to final length: 295
Proceeding with 624 subjects for Fold 2 model training/evaluation.
Phenotype encoder created.
Generating initial embeddings for graph construction (Batch Size: 32)...
Initial embeddings generated.
Building k-NN graph (k=20)...
Graph built with 624 nodes and 12480 edges.
Starting training for Fold 2... Train samples: 561, Test samples: 63
  Epoch 1, Grad Norm: 0.4815
F2 E001 | Loss: 0.7094 | Tr Acc: 0.5169 | Te Acc: 0.5079 | Te AUC: 0.5736 | Te F1: 0.3422
F2 E002 | Loss: 0.6959 | Tr Acc: 0.5169 | Te Acc: 0.5079 | Te AUC: 0.5706 | Te F1: 0.3422
F2 E003 | Loss: 0.6940 | Tr Acc: 0.5169 | Te Acc: 0.5079 | Te AUC: 0.5746 | Te F1: 0.3422
F2 E004 | Loss: 0.6988 | Tr Acc: 0.5169 | Te Acc: 0.5079 | Te AUC: 0.5696 | Te F1: 0.3422
  Epoch 5, Grad Norm: 0.3885
F2 E005 | Loss: 0.6914 | Tr Acc: 0.5330 | Te Acc: 0.5238 | Te AUC: 0.5645 | Te F1: 0.3766
F2 E006 | Loss: 0.6853 | Tr Acc: 0.5365 | Te Acc: 0.5397 | Te AUC: 0.5575 | Te F1: 0.4092
F2 E007 | Loss: 0.6867 | Tr Acc: 0.5365 | Te Acc: 0.5556 | Te AUC: 0.5585 | Te F1: 0.4402
F2 E008 | Loss: 0.6910 | Tr Acc: 0.5419 | Te Acc: 0.5873 | Te AUC: 0.5575 | Te F1: 0.4979
F2 E009 | Loss: 0.6820 | Tr Acc: 0.5490 | Te Acc: 0.5873 | Te AUC: 0.5595 | Te F1: 0.4979
  Epoch 10, Grad Norm: 0.3382
F2 E010 | Loss: 0.6759 | Tr Acc: 0.5651 | Te Acc: 0.5873 | Te AUC: 0.5575 | Te F1: 0.4979
F2 E011 | Loss: 0.6726 | Tr Acc: 0.5704 | Te Acc: 0.5873 | Te AUC: 0.5595 | Te F1: 0.4979
F2 E012 | Loss: 0.6918 | Tr Acc: 0.5775 | Te Acc: 0.5556 | Te AUC: 0.5645 | Te F1: 0.4758
F2 E013 | Loss: 0.6884 | Tr Acc: 0.5811 | Te Acc: 0.5079 | Te AUC: 0.5655 | Te F1: 0.4427
F2 E014 | Loss: 0.6717 | Tr Acc: 0.5758 | Te Acc: 0.5397 | Te AUC: 0.5685 | Te F1: 0.4907
  Epoch 15, Grad Norm: 0.3191
F2 E015 | Loss: 0.6770 | Tr Acc: 0.5918 | Te Acc: 0.5397 | Te AUC: 0.5655 | Te F1: 0.4907
F2 E016 | Loss: 0.6802 | Tr Acc: 0.5936 | Te Acc: 0.5079 | Te AUC: 0.5685 | Te F1: 0.4666
F2 E017 | Loss: 0.6772 | Tr Acc: 0.5811 | Te Acc: 0.5238 | Te AUC: 0.5615 | Te F1: 0.4787
F2 E018 | Loss: 0.6749 | Tr Acc: 0.5829 | Te Acc: 0.5238 | Te AUC: 0.5645 | Te F1: 0.4787
F2 E019 | Loss: 0.6686 | Tr Acc: 0.5847 | Te Acc: 0.5079 | Te AUC: 0.5696 | Te F1: 0.4666
  Learning rate reduced to 1.0e-04
  Epoch 20, Grad Norm: 0.3281
F2 E020 | Loss: 0.6763 | Tr Acc: 0.5971 | Te Acc: 0.5079 | Te AUC: 0.5766 | Te F1: 0.4761
F2 E021 | Loss: 0.6718 | Tr Acc: 0.6025 | Te Acc: 0.5397 | Te AUC: 0.5786 | Te F1: 0.5175
F2 E022 | Loss: 0.6700 | Tr Acc: 0.6043 | Te Acc: 0.5238 | Te AUC: 0.5806 | Te F1: 0.5102
F2 E023 | Loss: 0.6751 | Tr Acc: 0.5989 | Te Acc: 0.5238 | Te AUC: 0.5817 | Te F1: 0.5102
F2 E024 | Loss: 0.6737 | Tr Acc: 0.6043 | Te Acc: 0.5238 | Te AUC: 0.5857 | Te F1: 0.5102
  Epoch 25, Grad Norm: 0.3349
F2 E025 | Loss: 0.6767 | Tr Acc: 0.6185 | Te Acc: 0.5397 | Te AUC: 0.5857 | Te F1: 0.5290
F2 E026 | Loss: 0.6742 | Tr Acc: 0.6168 | Te Acc: 0.5556 | Te AUC: 0.5867 | Te F1: 0.5508
F2 E027 | Loss: 0.6693 | Tr Acc: 0.6061 | Te Acc: 0.5397 | Te AUC: 0.5907 | Te F1: 0.5383
F2 E028 | Loss: 0.6592 | Tr Acc: 0.6061 | Te Acc: 0.5556 | Te AUC: 0.5958 | Te F1: 0.5549
F2 E029 | Loss: 0.6681 | Tr Acc: 0.6168 | Te Acc: 0.5397 | Te AUC: 0.5927 | Te F1: 0.5383
  Epoch 30, Grad Norm: 0.3333
F2 E030 | Loss: 0.6724 | Tr Acc: 0.6132 | Te Acc: 0.5397 | Te AUC: 0.5927 | Te F1: 0.5383
F2 E031 | Loss: 0.6703 | Tr Acc: 0.6114 | Te Acc: 0.5556 | Te AUC: 0.5917 | Te F1: 0.5549
F2 E032 | Loss: 0.6589 | Tr Acc: 0.6096 | Te Acc: 0.5397 | Te AUC: 0.5938 | Te F1: 0.5397
F2 E033 | Loss: 0.6704 | Tr Acc: 0.6007 | Te Acc: 0.5397 | Te AUC: 0.5958 | Te F1: 0.5397
F2 E034 | Loss: 0.6740 | Tr Acc: 0.6007 | Te Acc: 0.5238 | Te AUC: 0.5978 | Te F1: 0.5236
  Epoch 35, Grad Norm: 0.3466
F2 E035 | Loss: 0.6618 | Tr Acc: 0.5936 | Te Acc: 0.5397 | Te AUC: 0.5978 | Te F1: 0.5390
F2 E036 | Loss: 0.6608 | Tr Acc: 0.5900 | Te Acc: 0.5397 | Te AUC: 0.5988 | Te F1: 0.5390
F2 E037 | Loss: 0.6782 | Tr Acc: 0.5936 | Te Acc: 0.5397 | Te AUC: 0.6028 | Te F1: 0.5390
F2 E038 | Loss: 0.6778 | Tr Acc: 0.5865 | Te Acc: 0.5556 | Te AUC: 0.6079 | Te F1: 0.5553
F2 E039 | Loss: 0.6688 | Tr Acc: 0.5918 | Te Acc: 0.5556 | Te AUC: 0.6079 | Te F1: 0.5553
  Epoch 40, Grad Norm: 0.3487
F2 E040 | Loss: 0.6742 | Tr Acc: 0.6007 | Te Acc: 0.5397 | Te AUC: 0.6079 | Te F1: 0.5397
F2 E041 | Loss: 0.6635 | Tr Acc: 0.6025 | Te Acc: 0.5397 | Te AUC: 0.6048 | Te F1: 0.5397
F2 E042 | Loss: 0.6759 | Tr Acc: 0.6096 | Te Acc: 0.5556 | Te AUC: 0.6028 | Te F1: 0.5549
F2 E043 | Loss: 0.6625 | Tr Acc: 0.6203 | Te Acc: 0.5556 | Te AUC: 0.6018 | Te F1: 0.5533
F2 E044 | Loss: 0.6629 | Tr Acc: 0.6185 | Te Acc: 0.5556 | Te AUC: 0.6018 | Te F1: 0.5508
  Epoch 45, Grad Norm: 0.3351
F2 E045 | Loss: 0.6573 | Tr Acc: 0.6168 | Te Acc: 0.5397 | Te AUC: 0.6008 | Te F1: 0.5331
F2 E046 | Loss: 0.6538 | Tr Acc: 0.6185 | Te Acc: 0.5556 | Te AUC: 0.5958 | Te F1: 0.5473
F2 E047 | Loss: 0.6639 | Tr Acc: 0.6061 | Te Acc: 0.5397 | Te AUC: 0.5907 | Te F1: 0.5238
F2 E048 | Loss: 0.6668 | Tr Acc: 0.6096 | Te Acc: 0.5397 | Te AUC: 0.5948 | Te F1: 0.5238
F2 E049 | Loss: 0.6598 | Tr Acc: 0.6132 | Te Acc: 0.5238 | Te AUC: 0.5938 | Te F1: 0.5102
  Epoch 50, Grad Norm: 0.3336
F2 E050 | Loss: 0.6579 | Tr Acc: 0.6150 | Te Acc: 0.5079 | Te AUC: 0.5958 | Te F1: 0.4965
  Epoch 55, Grad Norm: 0.3486
F2 E055 | Loss: 0.6546 | Tr Acc: 0.6346 | Te Acc: 0.5238 | Te AUC: 0.5988 | Te F1: 0.5231
  Epoch 60, Grad Norm: 0.3267
F2 E060 | Loss: 0.6557 | Tr Acc: 0.5989 | Te Acc: 0.5397 | Te AUC: 0.5927 | Te F1: 0.5209
  Epoch 65, Grad Norm: 0.3362
F2 E065 | Loss: 0.6552 | Tr Acc: 0.5704 | Te Acc: 0.5238 | Te AUC: 0.5958 | Te F1: 0.4474
  Epoch 70, Grad Norm: 0.3865
F2 E070 | Loss: 0.6538 | Tr Acc: 0.6061 | Te Acc: 0.5238 | Te AUC: 0.5948 | Te F1: 0.5075
  Learning rate reduced to 5.0e-05
  Epoch 75, Grad Norm: 0.3479
F2 E075 | Loss: 0.6639 | Tr Acc: 0.6506 | Te Acc: 0.5714 | Te AUC: 0.5867 | Te F1: 0.5701
  Epoch 80, Grad Norm: 0.3697
F2 E080 | Loss: 0.6598 | Tr Acc: 0.6292 | Te Acc: 0.6032 | Te AUC: 0.5827 | Te F1: 0.5895
  Epoch 85, Grad Norm: 0.3424
F2 E085 | Loss: 0.6518 | Tr Acc: 0.6328 | Te Acc: 0.6032 | Te AUC: 0.5766 | Te F1: 0.5939
  Epoch 90, Grad Norm: 0.3179
F2 E090 | Loss: 0.6471 | Tr Acc: 0.6328 | Te Acc: 0.6032 | Te AUC: 0.5746 | Te F1: 0.5939
  Epoch 95, Grad Norm: 0.3561
F2 E095 | Loss: 0.6443 | Tr Acc: 0.6381 | Te Acc: 0.5397 | Te AUC: 0.5766 | Te F1: 0.5383
  Epoch 100, Grad Norm: 0.3472
F2 E100 | Loss: 0.6430 | Tr Acc: 0.6399 | Te Acc: 0.5714 | Te AUC: 0.5796 | Te F1: 0.5682
  Epoch 105, Grad Norm: 0.3615
F2 E105 | Loss: 0.6544 | Tr Acc: 0.6417 | Te Acc: 0.6032 | Te AUC: 0.5746 | Te F1: 0.5840
  Epoch 110, Grad Norm: 0.3462
F2 E110 | Loss: 0.6443 | Tr Acc: 0.6453 | Te Acc: 0.5714 | Te AUC: 0.5726 | Te F1: 0.5437
  Epoch 115, Grad Norm: 0.3744
F2 E115 | Loss: 0.6456 | Tr Acc: 0.6471 | Te Acc: 0.5873 | Te AUC: 0.5776 | Te F1: 0.5642
  Epoch 120, Grad Norm: 0.3598
F2 E120 | Loss: 0.6508 | Tr Acc: 0.6488 | Te Acc: 0.5873 | Te AUC: 0.5786 | Te F1: 0.5704
  Epoch 125, Grad Norm: 0.3532
F2 E125 | Loss: 0.6391 | Tr Acc: 0.6560 | Te Acc: 0.5873 | Te AUC: 0.5796 | Te F1: 0.5797
  Epoch 130, Grad Norm: 0.3522
F2 E130 | Loss: 0.6434 | Tr Acc: 0.6488 | Te Acc: 0.5397 | Te AUC: 0.5827 | Te F1: 0.5395
  Epoch 135, Grad Norm: 0.3840
F2 E135 | Loss: 0.6408 | Tr Acc: 0.6560 | Te Acc: 0.5397 | Te AUC: 0.5827 | Te F1: 0.5390
  Epoch 140, Grad Norm: 0.3643
F2 E140 | Loss: 0.6347 | Tr Acc: 0.6506 | Te Acc: 0.5556 | Te AUC: 0.5706 | Te F1: 0.5549
Early stopping triggered at epoch 140 due to lack of improvement in Test AUC for 30 evaluation steps.
Fold 2 - Training finished. Best Test Accuracy: 0.5556, AUC: 0.6079
Fold 2 elapsed time: 53.94 seconds.

--- Fold 3/10 ---
Calculating max TS length for Positional Encoding (624 subjects)...
Determined max TS length 295 from 624 valid files for Positional Encoding.
Fold 3 using dynamic max length (up to 295 for PE).
Loading time series for 624 subjects in fold...
No truncation active. Will pad to max length found in this fold's successful loads.
Padding to max length found in fold: 295
Padding 624 time series to final length: 295
Proceeding with 624 subjects for Fold 3 model training/evaluation.
Phenotype encoder created.
Generating initial embeddings for graph construction (Batch Size: 32)...
Initial embeddings generated.
Building k-NN graph (k=20)...
Graph built with 624 nodes and 12480 edges.
Starting training for Fold 3... Train samples: 561, Test samples: 63
  Epoch 1, Grad Norm: 0.6044
F3 E001 | Loss: 0.7026 | Tr Acc: 0.4848 | Te Acc: 0.4762 | Te AUC: 0.4364 | Te F1: 0.3072
F3 E002 | Loss: 0.7062 | Tr Acc: 0.4848 | Te Acc: 0.4762 | Te AUC: 0.4616 | Te F1: 0.3072
F3 E003 | Loss: 0.7186 | Tr Acc: 0.4848 | Te Acc: 0.4762 | Te AUC: 0.4758 | Te F1: 0.3072
F3 E004 | Loss: 0.7097 | Tr Acc: 0.4848 | Te Acc: 0.4762 | Te AUC: 0.5061 | Te F1: 0.3072
  Epoch 5, Grad Norm: 0.4798
F3 E005 | Loss: 0.6863 | Tr Acc: 0.4848 | Te Acc: 0.4762 | Te AUC: 0.5121 | Te F1: 0.3072
F3 E006 | Loss: 0.6922 | Tr Acc: 0.4848 | Te Acc: 0.4762 | Te AUC: 0.5394 | Te F1: 0.3072
F3 E007 | Loss: 0.6932 | Tr Acc: 0.4848 | Te Acc: 0.4762 | Te AUC: 0.5596 | Te F1: 0.3072
F3 E008 | Loss: 0.6862 | Tr Acc: 0.4795 | Te Acc: 0.4762 | Te AUC: 0.5606 | Te F1: 0.3334
F3 E009 | Loss: 0.6968 | Tr Acc: 0.4848 | Te Acc: 0.4762 | Te AUC: 0.5737 | Te F1: 0.3935
  Epoch 10, Grad Norm: 0.4675
F3 E010 | Loss: 0.6830 | Tr Acc: 0.5312 | Te Acc: 0.5714 | Te AUC: 0.5949 | Te F1: 0.5684
F3 E011 | Loss: 0.6921 | Tr Acc: 0.5954 | Te Acc: 0.5556 | Te AUC: 0.6091 | Te F1: 0.5524
F3 E012 | Loss: 0.6687 | Tr Acc: 0.5615 | Te Acc: 0.5556 | Te AUC: 0.6313 | Te F1: 0.5181
F3 E013 | Loss: 0.6896 | Tr Acc: 0.5508 | Te Acc: 0.5714 | Te AUC: 0.6455 | Te F1: 0.4936
F3 E014 | Loss: 0.6820 | Tr Acc: 0.5508 | Te Acc: 0.5556 | Te AUC: 0.6444 | Te F1: 0.4667
  Epoch 15, Grad Norm: 0.4715
F3 E015 | Loss: 0.6849 | Tr Acc: 0.5472 | Te Acc: 0.5397 | Te AUC: 0.6475 | Te F1: 0.4385
F3 E016 | Loss: 0.6876 | Tr Acc: 0.5490 | Te Acc: 0.5397 | Te AUC: 0.6505 | Te F1: 0.4385
F3 E017 | Loss: 0.6954 | Tr Acc: 0.5490 | Te Acc: 0.5556 | Te AUC: 0.6495 | Te F1: 0.4667
F3 E018 | Loss: 0.6859 | Tr Acc: 0.5490 | Te Acc: 0.5556 | Te AUC: 0.6374 | Te F1: 0.4667
F3 E019 | Loss: 0.6841 | Tr Acc: 0.5508 | Te Acc: 0.5556 | Te AUC: 0.6263 | Te F1: 0.4667
  Epoch 20, Grad Norm: 0.4764
F3 E020 | Loss: 0.6817 | Tr Acc: 0.5508 | Te Acc: 0.5556 | Te AUC: 0.6222 | Te F1: 0.4667
F3 E021 | Loss: 0.6804 | Tr Acc: 0.5490 | Te Acc: 0.5556 | Te AUC: 0.6071 | Te F1: 0.4667
F3 E022 | Loss: 0.6815 | Tr Acc: 0.5526 | Te Acc: 0.5714 | Te AUC: 0.6081 | Te F1: 0.4936
F3 E023 | Loss: 0.6709 | Tr Acc: 0.5561 | Te Acc: 0.5714 | Te AUC: 0.6061 | Te F1: 0.4936
F3 E024 | Loss: 0.6797 | Tr Acc: 0.5561 | Te Acc: 0.5714 | Te AUC: 0.5990 | Te F1: 0.4936
  Epoch 25, Grad Norm: 0.4423
F3 E025 | Loss: 0.6884 | Tr Acc: 0.5668 | Te Acc: 0.5873 | Te AUC: 0.6010 | Te F1: 0.5606
F3 E026 | Loss: 0.6744 | Tr Acc: 0.5740 | Te Acc: 0.6032 | Te AUC: 0.6061 | Te F1: 0.5870
F3 E027 | Loss: 0.6785 | Tr Acc: 0.5918 | Te Acc: 0.5873 | Te AUC: 0.6071 | Te F1: 0.5779
F3 E028 | Loss: 0.6789 | Tr Acc: 0.6061 | Te Acc: 0.6190 | Te AUC: 0.6131 | Te F1: 0.6163
F3 E029 | Loss: 0.6634 | Tr Acc: 0.6043 | Te Acc: 0.6190 | Te AUC: 0.6202 | Te F1: 0.6181
  Epoch 30, Grad Norm: 0.4165
F3 E030 | Loss: 0.6714 | Tr Acc: 0.6043 | Te Acc: 0.6032 | Te AUC: 0.6152 | Te F1: 0.6028
F3 E031 | Loss: 0.6735 | Tr Acc: 0.6007 | Te Acc: 0.6032 | Te AUC: 0.6111 | Te F1: 0.6014
F3 E032 | Loss: 0.6757 | Tr Acc: 0.5954 | Te Acc: 0.6032 | Te AUC: 0.6081 | Te F1: 0.6014
  Learning rate reduced to 1.0e-04
F3 E033 | Loss: 0.6834 | Tr Acc: 0.6061 | Te Acc: 0.6032 | Te AUC: 0.6051 | Te F1: 0.6014
F3 E034 | Loss: 0.6721 | Tr Acc: 0.5954 | Te Acc: 0.5714 | Te AUC: 0.6020 | Te F1: 0.5670
  Epoch 35, Grad Norm: 0.4104
F3 E035 | Loss: 0.6602 | Tr Acc: 0.5936 | Te Acc: 0.5714 | Te AUC: 0.5929 | Te F1: 0.5637
F3 E036 | Loss: 0.6763 | Tr Acc: 0.5882 | Te Acc: 0.5714 | Te AUC: 0.5848 | Te F1: 0.5593
F3 E037 | Loss: 0.6713 | Tr Acc: 0.5847 | Te Acc: 0.5714 | Te AUC: 0.5808 | Te F1: 0.5593
F3 E038 | Loss: 0.6775 | Tr Acc: 0.5882 | Te Acc: 0.5714 | Te AUC: 0.5788 | Te F1: 0.5593
F3 E039 | Loss: 0.6657 | Tr Acc: 0.5882 | Te Acc: 0.5873 | Te AUC: 0.5778 | Te F1: 0.5732
  Epoch 40, Grad Norm: 0.4239
F3 E040 | Loss: 0.6710 | Tr Acc: 0.5865 | Te Acc: 0.5714 | Te AUC: 0.5828 | Te F1: 0.5593
F3 E041 | Loss: 0.6723 | Tr Acc: 0.5900 | Te Acc: 0.5714 | Te AUC: 0.5838 | Te F1: 0.5593
F3 E042 | Loss: 0.6610 | Tr Acc: 0.5900 | Te Acc: 0.5714 | Te AUC: 0.5848 | Te F1: 0.5637
F3 E043 | Loss: 0.6846 | Tr Acc: 0.5918 | Te Acc: 0.5714 | Te AUC: 0.5879 | Te F1: 0.5637
F3 E044 | Loss: 0.6656 | Tr Acc: 0.5971 | Te Acc: 0.5714 | Te AUC: 0.5909 | Te F1: 0.5637
  Epoch 45, Grad Norm: 0.4262
F3 E045 | Loss: 0.6657 | Tr Acc: 0.5918 | Te Acc: 0.5873 | Te AUC: 0.5919 | Te F1: 0.5816
F3 E046 | Loss: 0.6614 | Tr Acc: 0.6061 | Te Acc: 0.5873 | Te AUC: 0.5990 | Te F1: 0.5844
Early stopping triggered at epoch 46 due to lack of improvement in Test AUC for 30 evaluation steps.
Fold 3 - Training finished. Best Test Accuracy: 0.5397, AUC: 0.6505
Fold 3 elapsed time: 27.85 seconds.

--- Fold 4/10 ---
Calculating max TS length for Positional Encoding (624 subjects)...
Determined max TS length 295 from 624 valid files for Positional Encoding.
Fold 4 using dynamic max length (up to 295 for PE).
Loading time series for 624 subjects in fold...
No truncation active. Will pad to max length found in this fold's successful loads.
Padding to max length found in fold: 295
Padding 624 time series to final length: 295
Proceeding with 624 subjects for Fold 4 model training/evaluation.
Phenotype encoder created.
Generating initial embeddings for graph construction (Batch Size: 32)...
Initial embeddings generated.
Building k-NN graph (k=20)...
Graph built with 624 nodes and 12480 edges.
Starting training for Fold 4... Train samples: 561, Test samples: 63
  Epoch 1, Grad Norm: 0.5963
F4 E001 | Loss: 0.7116 | Tr Acc: 0.5152 | Te Acc: 0.5238 | Te AUC: 0.5586 | Te F1: 0.3601
F4 E002 | Loss: 0.7162 | Tr Acc: 0.5152 | Te Acc: 0.5238 | Te AUC: 0.5919 | Te F1: 0.3601
F4 E003 | Loss: 0.6959 | Tr Acc: 0.5152 | Te Acc: 0.5238 | Te AUC: 0.5990 | Te F1: 0.3601
F4 E004 | Loss: 0.6955 | Tr Acc: 0.5152 | Te Acc: 0.5238 | Te AUC: 0.6091 | Te F1: 0.3601
  Epoch 5, Grad Norm: 0.5588
F4 E005 | Loss: 0.6990 | Tr Acc: 0.5152 | Te Acc: 0.5238 | Te AUC: 0.5788 | Te F1: 0.3601
F4 E006 | Loss: 0.6955 | Tr Acc: 0.5152 | Te Acc: 0.5238 | Te AUC: 0.5717 | Te F1: 0.3601
F4 E007 | Loss: 0.6944 | Tr Acc: 0.5152 | Te Acc: 0.5238 | Te AUC: 0.5586 | Te F1: 0.3601
F4 E008 | Loss: 0.6975 | Tr Acc: 0.5152 | Te Acc: 0.5397 | Te AUC: 0.5535 | Te F1: 0.3946
F4 E009 | Loss: 0.6775 | Tr Acc: 0.5241 | Te Acc: 0.5397 | Te AUC: 0.5485 | Te F1: 0.3946
  Epoch 10, Grad Norm: 0.5439
F4 E010 | Loss: 0.6839 | Tr Acc: 0.5401 | Te Acc: 0.5397 | Te AUC: 0.5434 | Te F1: 0.3946
F4 E011 | Loss: 0.7033 | Tr Acc: 0.5561 | Te Acc: 0.5873 | Te AUC: 0.5475 | Te F1: 0.4878
F4 E012 | Loss: 0.6834 | Tr Acc: 0.5811 | Te Acc: 0.5556 | Te AUC: 0.5475 | Te F1: 0.4961
F4 E013 | Loss: 0.6883 | Tr Acc: 0.6078 | Te Acc: 0.5714 | Te AUC: 0.5414 | Te F1: 0.5593
F4 E014 | Loss: 0.6719 | Tr Acc: 0.5936 | Te Acc: 0.5397 | Te AUC: 0.5364 | Te F1: 0.5397
  Epoch 15, Grad Norm: 0.4895
F4 E015 | Loss: 0.6765 | Tr Acc: 0.5633 | Te Acc: 0.4921 | Te AUC: 0.5283 | Te F1: 0.4780
F4 E016 | Loss: 0.6635 | Tr Acc: 0.5490 | Te Acc: 0.4921 | Te AUC: 0.5162 | Te F1: 0.4554
F4 E017 | Loss: 0.6735 | Tr Acc: 0.5544 | Te Acc: 0.4921 | Te AUC: 0.5192 | Te F1: 0.4554
F4 E018 | Loss: 0.6644 | Tr Acc: 0.5704 | Te Acc: 0.4762 | Te AUC: 0.5172 | Te F1: 0.4431
F4 E019 | Loss: 0.6679 | Tr Acc: 0.5633 | Te Acc: 0.4921 | Te AUC: 0.5354 | Te F1: 0.4643
  Epoch 20, Grad Norm: 0.4488
F4 E020 | Loss: 0.6836 | Tr Acc: 0.5686 | Te Acc: 0.5397 | Te AUC: 0.5343 | Te F1: 0.5242
  Learning rate reduced to 1.0e-04
F4 E021 | Loss: 0.6839 | Tr Acc: 0.5793 | Te Acc: 0.5397 | Te AUC: 0.5354 | Te F1: 0.5334
F4 E022 | Loss: 0.6659 | Tr Acc: 0.5847 | Te Acc: 0.5238 | Te AUC: 0.5283 | Te F1: 0.5216
F4 E023 | Loss: 0.6722 | Tr Acc: 0.5847 | Te Acc: 0.5397 | Te AUC: 0.5364 | Te F1: 0.5385
F4 E024 | Loss: 0.6601 | Tr Acc: 0.5865 | Te Acc: 0.5079 | Te AUC: 0.5404 | Te F1: 0.5045
  Epoch 25, Grad Norm: 0.4367
F4 E025 | Loss: 0.6626 | Tr Acc: 0.5918 | Te Acc: 0.5238 | Te AUC: 0.5323 | Te F1: 0.5216
F4 E026 | Loss: 0.6588 | Tr Acc: 0.5936 | Te Acc: 0.5079 | Te AUC: 0.5364 | Te F1: 0.5012
F4 E027 | Loss: 0.6649 | Tr Acc: 0.5954 | Te Acc: 0.5238 | Te AUC: 0.5384 | Te F1: 0.5190
F4 E028 | Loss: 0.6561 | Tr Acc: 0.5918 | Te Acc: 0.5079 | Te AUC: 0.5475 | Te F1: 0.4968
F4 E029 | Loss: 0.6762 | Tr Acc: 0.5865 | Te Acc: 0.4762 | Te AUC: 0.5444 | Te F1: 0.4515
  Epoch 30, Grad Norm: 0.4673
F4 E030 | Loss: 0.6669 | Tr Acc: 0.5847 | Te Acc: 0.5079 | Te AUC: 0.5465 | Te F1: 0.4769
F4 E031 | Loss: 0.6683 | Tr Acc: 0.5847 | Te Acc: 0.4921 | Te AUC: 0.5434 | Te F1: 0.4554
F4 E032 | Loss: 0.6589 | Tr Acc: 0.5971 | Te Acc: 0.4921 | Te AUC: 0.5495 | Te F1: 0.4451
F4 E033 | Loss: 0.6742 | Tr Acc: 0.5989 | Te Acc: 0.4921 | Te AUC: 0.5475 | Te F1: 0.4451
F4 E034 | Loss: 0.6640 | Tr Acc: 0.5989 | Te Acc: 0.4921 | Te AUC: 0.5414 | Te F1: 0.4332
Early stopping triggered at epoch 34 due to lack of improvement in Test AUC for 30 evaluation steps.
Fold 4 - Training finished. Best Test Accuracy: 0.5238, AUC: 0.6091
Fold 4 elapsed time: 22.86 seconds.

--- Fold 5/10 ---
Calculating max TS length for Positional Encoding (624 subjects)...
Determined max TS length 295 from 624 valid files for Positional Encoding.
Fold 5 using dynamic max length (up to 295 for PE).
Loading time series for 624 subjects in fold...
No truncation active. Will pad to max length found in this fold's successful loads.
Padding to max length found in fold: 295
Padding 624 time series to final length: 295
Proceeding with 624 subjects for Fold 5 model training/evaluation.
Phenotype encoder created.
Generating initial embeddings for graph construction (Batch Size: 32)...
Initial embeddings generated.
Building k-NN graph (k=20)...
Graph built with 624 nodes and 12480 edges.
Starting training for Fold 5... Train samples: 562, Test samples: 62
  Epoch 1, Grad Norm: 0.6002
F5 E001 | Loss: 0.7296 | Tr Acc: 0.5160 | Te Acc: 0.5161 | Te AUC: 0.6146 | Te F1: 0.3514
F5 E002 | Loss: 0.7152 | Tr Acc: 0.5160 | Te Acc: 0.5161 | Te AUC: 0.6177 | Te F1: 0.3514
F5 E003 | Loss: 0.7079 | Tr Acc: 0.5160 | Te Acc: 0.5161 | Te AUC: 0.6063 | Te F1: 0.3514
F5 E004 | Loss: 0.7044 | Tr Acc: 0.5160 | Te Acc: 0.5161 | Te AUC: 0.6000 | Te F1: 0.3514
  Epoch 5, Grad Norm: 0.5279
F5 E005 | Loss: 0.7015 | Tr Acc: 0.5160 | Te Acc: 0.5161 | Te AUC: 0.6083 | Te F1: 0.3514
F5 E006 | Loss: 0.6857 | Tr Acc: 0.5160 | Te Acc: 0.5161 | Te AUC: 0.6073 | Te F1: 0.3514
F5 E007 | Loss: 0.6934 | Tr Acc: 0.5178 | Te Acc: 0.5161 | Te AUC: 0.6167 | Te F1: 0.3514
F5 E008 | Loss: 0.6899 | Tr Acc: 0.5178 | Te Acc: 0.5161 | Te AUC: 0.6094 | Te F1: 0.3514
F5 E009 | Loss: 0.6949 | Tr Acc: 0.5249 | Te Acc: 0.5161 | Te AUC: 0.5823 | Te F1: 0.3514
  Epoch 10, Grad Norm: 0.4398
F5 E010 | Loss: 0.6731 | Tr Acc: 0.5267 | Te Acc: 0.5161 | Te AUC: 0.5469 | Te F1: 0.3514
F5 E011 | Loss: 0.6913 | Tr Acc: 0.5409 | Te Acc: 0.5323 | Te AUC: 0.5073 | Te F1: 0.3864
F5 E012 | Loss: 0.6743 | Tr Acc: 0.5730 | Te Acc: 0.5323 | Te AUC: 0.5000 | Te F1: 0.4309
F5 E013 | Loss: 0.6749 | Tr Acc: 0.5979 | Te Acc: 0.5161 | Te AUC: 0.5000 | Te F1: 0.4656
F5 E014 | Loss: 0.6796 | Tr Acc: 0.6281 | Te Acc: 0.5323 | Te AUC: 0.5052 | Te F1: 0.5244
  Epoch 15, Grad Norm: 0.4342
F5 E015 | Loss: 0.6733 | Tr Acc: 0.6121 | Te Acc: 0.4355 | Te AUC: 0.5146 | Te F1: 0.4303
F5 E016 | Loss: 0.6784 | Tr Acc: 0.5552 | Te Acc: 0.4032 | Te AUC: 0.5125 | Te F1: 0.3612
F5 E017 | Loss: 0.6693 | Tr Acc: 0.5302 | Te Acc: 0.4839 | Te AUC: 0.5177 | Te F1: 0.4179
F5 E018 | Loss: 0.6770 | Tr Acc: 0.5142 | Te Acc: 0.4839 | Te AUC: 0.5167 | Te F1: 0.4028
  Learning rate reduced to 1.0e-04
F5 E019 | Loss: 0.6675 | Tr Acc: 0.5142 | Te Acc: 0.4677 | Te AUC: 0.5094 | Te F1: 0.3754
  Epoch 20, Grad Norm: 0.3784
F5 E020 | Loss: 0.6606 | Tr Acc: 0.5196 | Te Acc: 0.4677 | Te AUC: 0.5094 | Te F1: 0.3754
F5 E021 | Loss: 0.6697 | Tr Acc: 0.5160 | Te Acc: 0.4839 | Te AUC: 0.5073 | Te F1: 0.4028
F5 E022 | Loss: 0.6636 | Tr Acc: 0.5178 | Te Acc: 0.4839 | Te AUC: 0.5083 | Te F1: 0.4028
F5 E023 | Loss: 0.6702 | Tr Acc: 0.5249 | Te Acc: 0.5000 | Te AUC: 0.5104 | Te F1: 0.4290
F5 E024 | Loss: 0.6623 | Tr Acc: 0.5320 | Te Acc: 0.5000 | Te AUC: 0.5083 | Te F1: 0.4290
  Epoch 25, Grad Norm: 0.4164
F5 E025 | Loss: 0.6642 | Tr Acc: 0.5374 | Te Acc: 0.4839 | Te AUC: 0.5052 | Te F1: 0.4179
F5 E026 | Loss: 0.6694 | Tr Acc: 0.5409 | Te Acc: 0.4516 | Te AUC: 0.5010 | Te F1: 0.3955
F5 E027 | Loss: 0.6618 | Tr Acc: 0.5480 | Te Acc: 0.4677 | Te AUC: 0.5000 | Te F1: 0.4194
F5 E028 | Loss: 0.6584 | Tr Acc: 0.5587 | Te Acc: 0.4355 | Te AUC: 0.5021 | Te F1: 0.3957
F5 E029 | Loss: 0.6690 | Tr Acc: 0.5605 | Te Acc: 0.4194 | Te AUC: 0.5021 | Te F1: 0.3837
  Epoch 30, Grad Norm: 0.3690
F5 E030 | Loss: 0.6594 | Tr Acc: 0.5658 | Te Acc: 0.4194 | Te AUC: 0.5062 | Te F1: 0.3837
F5 E031 | Loss: 0.6534 | Tr Acc: 0.5747 | Te Acc: 0.4194 | Te AUC: 0.5083 | Te F1: 0.3837
F5 E032 | Loss: 0.6665 | Tr Acc: 0.5819 | Te Acc: 0.4355 | Te AUC: 0.5083 | Te F1: 0.4055
Early stopping triggered at epoch 32 due to lack of improvement in Test AUC for 30 evaluation steps.
Fold 5 - Training finished. Best Test Accuracy: 0.5161, AUC: 0.6177
Fold 5 elapsed time: 21.94 seconds.

--- Fold 6/10 ---
Calculating max TS length for Positional Encoding (624 subjects)...
Determined max TS length 295 from 624 valid files for Positional Encoding.
Fold 6 using dynamic max length (up to 295 for PE).
Loading time series for 624 subjects in fold...
No truncation active. Will pad to max length found in this fold's successful loads.
Padding to max length found in fold: 295
Padding 624 time series to final length: 295
Proceeding with 624 subjects for Fold 6 model training/evaluation.
Phenotype encoder created.
Generating initial embeddings for graph construction (Batch Size: 32)...
Initial embeddings generated.
Building k-NN graph (k=20)...
Graph built with 624 nodes and 12480 edges.
Starting training for Fold 6... Train samples: 562, Test samples: 62
  Epoch 1, Grad Norm: 0.4534
F6 E001 | Loss: 0.7139 | Tr Acc: 0.4840 | Te Acc: 0.4839 | Te AUC: 0.3719 | Te F1: 0.3156
F6 E002 | Loss: 0.7107 | Tr Acc: 0.4840 | Te Acc: 0.4839 | Te AUC: 0.4094 | Te F1: 0.3156
F6 E003 | Loss: 0.7048 | Tr Acc: 0.4840 | Te Acc: 0.4839 | Te AUC: 0.4635 | Te F1: 0.3156
F6 E004 | Loss: 0.6928 | Tr Acc: 0.4840 | Te Acc: 0.4839 | Te AUC: 0.5979 | Te F1: 0.3156
  Epoch 5, Grad Norm: 0.3899
F6 E005 | Loss: 0.7021 | Tr Acc: 0.4840 | Te Acc: 0.4839 | Te AUC: 0.6188 | Te F1: 0.3156
F6 E006 | Loss: 0.6991 | Tr Acc: 0.4840 | Te Acc: 0.4839 | Te AUC: 0.6208 | Te F1: 0.3156
F6 E007 | Loss: 0.6982 | Tr Acc: 0.4875 | Te Acc: 0.4839 | Te AUC: 0.6146 | Te F1: 0.3156
F6 E008 | Loss: 0.6943 | Tr Acc: 0.5000 | Te Acc: 0.4839 | Te AUC: 0.6177 | Te F1: 0.3156
F6 E009 | Loss: 0.6972 | Tr Acc: 0.5107 | Te Acc: 0.5161 | Te AUC: 0.6146 | Te F1: 0.4773
  Epoch 10, Grad Norm: 0.3698
F6 E010 | Loss: 0.6879 | Tr Acc: 0.5730 | Te Acc: 0.5645 | Te AUC: 0.6198 | Te F1: 0.5241
F6 E011 | Loss: 0.6857 | Tr Acc: 0.5801 | Te Acc: 0.5000 | Te AUC: 0.6177 | Te F1: 0.4271
F6 E012 | Loss: 0.6801 | Tr Acc: 0.5730 | Te Acc: 0.5161 | Te AUC: 0.6135 | Te F1: 0.4208
F6 E013 | Loss: 0.6974 | Tr Acc: 0.5730 | Te Acc: 0.5161 | Te AUC: 0.6115 | Te F1: 0.4208
F6 E014 | Loss: 0.6815 | Tr Acc: 0.5730 | Te Acc: 0.5161 | Te AUC: 0.6187 | Te F1: 0.4208
  Epoch 15, Grad Norm: 0.3389
F6 E015 | Loss: 0.6818 | Tr Acc: 0.5765 | Te Acc: 0.5000 | Te AUC: 0.6219 | Te F1: 0.4107
F6 E016 | Loss: 0.6949 | Tr Acc: 0.5801 | Te Acc: 0.5484 | Te AUC: 0.6177 | Te F1: 0.4892
F6 E017 | Loss: 0.6840 | Tr Acc: 0.5854 | Te Acc: 0.5323 | Te AUC: 0.5896 | Te F1: 0.4774
F6 E018 | Loss: 0.6801 | Tr Acc: 0.5925 | Te Acc: 0.5484 | Te AUC: 0.5687 | Te F1: 0.5012
F6 E019 | Loss: 0.6757 | Tr Acc: 0.5819 | Te Acc: 0.5806 | Te AUC: 0.5583 | Te F1: 0.5463
  Epoch 20, Grad Norm: 0.3780
F6 E020 | Loss: 0.6857 | Tr Acc: 0.5854 | Te Acc: 0.5484 | Te AUC: 0.5552 | Te F1: 0.5337
F6 E021 | Loss: 0.6823 | Tr Acc: 0.5676 | Te Acc: 0.5806 | Te AUC: 0.5531 | Te F1: 0.5780
F6 E022 | Loss: 0.6785 | Tr Acc: 0.5641 | Te Acc: 0.5968 | Te AUC: 0.5510 | Te F1: 0.5965
F6 E023 | Loss: 0.6807 | Tr Acc: 0.5534 | Te Acc: 0.4677 | Te AUC: 0.5385 | Te F1: 0.4537
F6 E024 | Loss: 0.6734 | Tr Acc: 0.5463 | Te Acc: 0.4677 | Te AUC: 0.5302 | Te F1: 0.4194
  Epoch 25, Grad Norm: 0.3210
F6 E025 | Loss: 0.6776 | Tr Acc: 0.5356 | Te Acc: 0.4677 | Te AUC: 0.5167 | Te F1: 0.4068
F6 E026 | Loss: 0.6743 | Tr Acc: 0.5552 | Te Acc: 0.4516 | Te AUC: 0.5115 | Te F1: 0.4076
F6 E027 | Loss: 0.6712 | Tr Acc: 0.5658 | Te Acc: 0.4677 | Te AUC: 0.5104 | Te F1: 0.4537
F6 E028 | Loss: 0.6645 | Tr Acc: 0.5836 | Te Acc: 0.4839 | Te AUC: 0.5104 | Te F1: 0.4774
F6 E029 | Loss: 0.6692 | Tr Acc: 0.5836 | Te Acc: 0.4839 | Te AUC: 0.5052 | Te F1: 0.4774
  Epoch 30, Grad Norm: 0.3539
F6 E030 | Loss: 0.6634 | Tr Acc: 0.5783 | Te Acc: 0.4355 | Te AUC: 0.4990 | Te F1: 0.4055
F6 E031 | Loss: 0.6667 | Tr Acc: 0.5302 | Te Acc: 0.4677 | Te AUC: 0.4917 | Te F1: 0.4068
  Learning rate reduced to 1.0e-04
F6 E032 | Loss: 0.6562 | Tr Acc: 0.5160 | Te Acc: 0.4839 | Te AUC: 0.4885 | Te F1: 0.4179
F6 E033 | Loss: 0.6535 | Tr Acc: 0.5196 | Te Acc: 0.4677 | Te AUC: 0.4854 | Te F1: 0.3922
F6 E034 | Loss: 0.6644 | Tr Acc: 0.5178 | Te Acc: 0.4677 | Te AUC: 0.4875 | Te F1: 0.3922
  Epoch 35, Grad Norm: 0.3360
F6 E035 | Loss: 0.6610 | Tr Acc: 0.5302 | Te Acc: 0.4839 | Te AUC: 0.4875 | Te F1: 0.4179
F6 E036 | Loss: 0.6668 | Tr Acc: 0.5374 | Te Acc: 0.4839 | Te AUC: 0.4896 | Te F1: 0.4311
F6 E037 | Loss: 0.6601 | Tr Acc: 0.5516 | Te Acc: 0.4839 | Te AUC: 0.4906 | Te F1: 0.4424
F6 E038 | Loss: 0.6562 | Tr Acc: 0.5694 | Te Acc: 0.4355 | Te AUC: 0.4927 | Te F1: 0.4055
F6 E039 | Loss: 0.6571 | Tr Acc: 0.5907 | Te Acc: 0.4677 | Te AUC: 0.4948 | Te F1: 0.4473
  Epoch 40, Grad Norm: 0.3238
F6 E040 | Loss: 0.6600 | Tr Acc: 0.6103 | Te Acc: 0.4677 | Te AUC: 0.4958 | Te F1: 0.4589
F6 E041 | Loss: 0.6633 | Tr Acc: 0.6174 | Te Acc: 0.4839 | Te AUC: 0.4917 | Te F1: 0.4839
F6 E042 | Loss: 0.6561 | Tr Acc: 0.6210 | Te Acc: 0.5000 | Te AUC: 0.4958 | Te F1: 0.4954
F6 E043 | Loss: 0.6591 | Tr Acc: 0.6246 | Te Acc: 0.5323 | Te AUC: 0.4990 | Te F1: 0.5244
F6 E044 | Loss: 0.6592 | Tr Acc: 0.6228 | Te Acc: 0.5484 | Te AUC: 0.5031 | Te F1: 0.5387
  Epoch 45, Grad Norm: 0.3166
F6 E045 | Loss: 0.6562 | Tr Acc: 0.6246 | Te Acc: 0.5645 | Te AUC: 0.5062 | Te F1: 0.5529
Early stopping triggered at epoch 45 due to lack of improvement in Test AUC for 30 evaluation steps.
Fold 6 - Training finished. Best Test Accuracy: 0.5000, AUC: 0.6219
Fold 6 elapsed time: 28.23 seconds.

--- Fold 7/10 ---
Calculating max TS length for Positional Encoding (624 subjects)...
Determined max TS length 295 from 624 valid files for Positional Encoding.
Fold 7 using dynamic max length (up to 295 for PE).
Loading time series for 624 subjects in fold...
No truncation active. Will pad to max length found in this fold's successful loads.
Padding to max length found in fold: 295
Padding 624 time series to final length: 295
Proceeding with 624 subjects for Fold 7 model training/evaluation.
Phenotype encoder created.
Generating initial embeddings for graph construction (Batch Size: 32)...
Initial embeddings generated.
Building k-NN graph (k=20)...
Graph built with 624 nodes and 12480 edges.
Starting training for Fold 7... Train samples: 562, Test samples: 62
  Epoch 1, Grad Norm: 0.5746
F7 E001 | Loss: 0.7182 | Tr Acc: 0.5125 | Te Acc: 0.5161 | Te AUC: 0.5448 | Te F1: 0.3514
F7 E002 | Loss: 0.7059 | Tr Acc: 0.5125 | Te Acc: 0.5161 | Te AUC: 0.5490 | Te F1: 0.3514
F7 E003 | Loss: 0.7089 | Tr Acc: 0.5142 | Te Acc: 0.5161 | Te AUC: 0.5687 | Te F1: 0.3514
F7 E004 | Loss: 0.7147 | Tr Acc: 0.5160 | Te Acc: 0.5161 | Te AUC: 0.5719 | Te F1: 0.3514
  Epoch 5, Grad Norm: 0.4516
F7 E005 | Loss: 0.7029 | Tr Acc: 0.5214 | Te Acc: 0.5161 | Te AUC: 0.5771 | Te F1: 0.3514
F7 E006 | Loss: 0.7106 | Tr Acc: 0.5356 | Te Acc: 0.5484 | Te AUC: 0.5615 | Te F1: 0.4409
F7 E007 | Loss: 0.6974 | Tr Acc: 0.5480 | Te Acc: 0.5968 | Te AUC: 0.5594 | Te F1: 0.5380
F7 E008 | Loss: 0.7050 | Tr Acc: 0.5658 | Te Acc: 0.5645 | Te AUC: 0.5563 | Te F1: 0.5333
F7 E009 | Loss: 0.7069 | Tr Acc: 0.5516 | Te Acc: 0.5000 | Te AUC: 0.5479 | Te F1: 0.4980
  Epoch 10, Grad Norm: 0.4554
F7 E010 | Loss: 0.6899 | Tr Acc: 0.5338 | Te Acc: 0.5484 | Te AUC: 0.5458 | Te F1: 0.4907
F7 E011 | Loss: 0.6825 | Tr Acc: 0.5552 | Te Acc: 0.5323 | Te AUC: 0.5500 | Te F1: 0.5143
F7 E012 | Loss: 0.6922 | Tr Acc: 0.5658 | Te Acc: 0.5323 | Te AUC: 0.5427 | Te F1: 0.5244
F7 E013 | Loss: 0.6776 | Tr Acc: 0.5641 | Te Acc: 0.5968 | Te AUC: 0.5510 | Te F1: 0.5380
F7 E014 | Loss: 0.6878 | Tr Acc: 0.5534 | Te Acc: 0.5645 | Te AUC: 0.5500 | Te F1: 0.4701
  Epoch 15, Grad Norm: 0.4185
F7 E015 | Loss: 0.6901 | Tr Acc: 0.5498 | Te Acc: 0.5323 | Te AUC: 0.5625 | Te F1: 0.4103
F7 E016 | Loss: 0.7016 | Tr Acc: 0.5480 | Te Acc: 0.5484 | Te AUC: 0.5625 | Te F1: 0.4409
F7 E017 | Loss: 0.6943 | Tr Acc: 0.5463 | Te Acc: 0.5484 | Te AUC: 0.5740 | Te F1: 0.4409
F7 E018 | Loss: 0.6870 | Tr Acc: 0.5480 | Te Acc: 0.5484 | Te AUC: 0.5823 | Te F1: 0.4409
F7 E019 | Loss: 0.6942 | Tr Acc: 0.5498 | Te Acc: 0.5484 | Te AUC: 0.5844 | Te F1: 0.4409
  Epoch 20, Grad Norm: 0.3881
F7 E020 | Loss: 0.6819 | Tr Acc: 0.5498 | Te Acc: 0.5484 | Te AUC: 0.5938 | Te F1: 0.4409
F7 E021 | Loss: 0.6813 | Tr Acc: 0.5463 | Te Acc: 0.5484 | Te AUC: 0.5969 | Te F1: 0.4409
F7 E022 | Loss: 0.6776 | Tr Acc: 0.5463 | Te Acc: 0.5484 | Te AUC: 0.5990 | Te F1: 0.4409
F7 E023 | Loss: 0.6829 | Tr Acc: 0.5463 | Te Acc: 0.5484 | Te AUC: 0.5979 | Te F1: 0.4409
F7 E024 | Loss: 0.6651 | Tr Acc: 0.5480 | Te Acc: 0.5484 | Te AUC: 0.5958 | Te F1: 0.4594
  Epoch 25, Grad Norm: 0.4050
F7 E025 | Loss: 0.6723 | Tr Acc: 0.5498 | Te Acc: 0.5484 | Te AUC: 0.5917 | Te F1: 0.4594
F7 E026 | Loss: 0.6826 | Tr Acc: 0.5480 | Te Acc: 0.5484 | Te AUC: 0.5958 | Te F1: 0.4594
F7 E027 | Loss: 0.6732 | Tr Acc: 0.5516 | Te Acc: 0.5484 | Te AUC: 0.6000 | Te F1: 0.4594
F7 E028 | Loss: 0.6903 | Tr Acc: 0.5480 | Te Acc: 0.5484 | Te AUC: 0.6010 | Te F1: 0.4594
F7 E029 | Loss: 0.6815 | Tr Acc: 0.5516 | Te Acc: 0.5484 | Te AUC: 0.6083 | Te F1: 0.4594
  Epoch 30, Grad Norm: 0.4050
F7 E030 | Loss: 0.6871 | Tr Acc: 0.5516 | Te Acc: 0.5484 | Te AUC: 0.6094 | Te F1: 0.4594
F7 E031 | Loss: 0.6767 | Tr Acc: 0.5480 | Te Acc: 0.5484 | Te AUC: 0.6146 | Te F1: 0.4594
F7 E032 | Loss: 0.6814 | Tr Acc: 0.5534 | Te Acc: 0.5484 | Te AUC: 0.6125 | Te F1: 0.4594
F7 E033 | Loss: 0.6752 | Tr Acc: 0.5623 | Te Acc: 0.5645 | Te AUC: 0.6115 | Te F1: 0.5011
F7 E034 | Loss: 0.6769 | Tr Acc: 0.5783 | Te Acc: 0.5806 | Te AUC: 0.6115 | Te F1: 0.5368
  Epoch 35, Grad Norm: 0.3761
F7 E035 | Loss: 0.6594 | Tr Acc: 0.5765 | Te Acc: 0.5968 | Te AUC: 0.6167 | Te F1: 0.5750
F7 E036 | Loss: 0.6722 | Tr Acc: 0.5747 | Te Acc: 0.5645 | Te AUC: 0.6156 | Te F1: 0.5476
F7 E037 | Loss: 0.6738 | Tr Acc: 0.5730 | Te Acc: 0.5645 | Te AUC: 0.6146 | Te F1: 0.5476
F7 E038 | Loss: 0.6646 | Tr Acc: 0.5765 | Te Acc: 0.5484 | Te AUC: 0.6156 | Te F1: 0.5337
F7 E039 | Loss: 0.6627 | Tr Acc: 0.5890 | Te Acc: 0.5645 | Te AUC: 0.6229 | Te F1: 0.5529
  Epoch 40, Grad Norm: 0.3963
F7 E040 | Loss: 0.6742 | Tr Acc: 0.6103 | Te Acc: 0.5968 | Te AUC: 0.6302 | Te F1: 0.5900
F7 E041 | Loss: 0.6650 | Tr Acc: 0.6192 | Te Acc: 0.6129 | Te AUC: 0.6323 | Te F1: 0.6105
F7 E042 | Loss: 0.6648 | Tr Acc: 0.6121 | Te Acc: 0.6290 | Te AUC: 0.6302 | Te F1: 0.6276
F7 E043 | Loss: 0.6713 | Tr Acc: 0.6050 | Te Acc: 0.5968 | Te AUC: 0.6302 | Te F1: 0.5969
F7 E044 | Loss: 0.6668 | Tr Acc: 0.5996 | Te Acc: 0.5484 | Te AUC: 0.6323 | Te F1: 0.5427
  Epoch 45, Grad Norm: 0.3975
F7 E045 | Loss: 0.6509 | Tr Acc: 0.6032 | Te Acc: 0.5161 | Te AUC: 0.6396 | Te F1: 0.5059
F7 E046 | Loss: 0.6670 | Tr Acc: 0.6157 | Te Acc: 0.5968 | Te AUC: 0.6375 | Te F1: 0.5952
F7 E047 | Loss: 0.6681 | Tr Acc: 0.6317 | Te Acc: 0.5968 | Te AUC: 0.6365 | Te F1: 0.5965
F7 E048 | Loss: 0.6600 | Tr Acc: 0.6299 | Te Acc: 0.5968 | Te AUC: 0.6333 | Te F1: 0.5969
F7 E049 | Loss: 0.6457 | Tr Acc: 0.6317 | Te Acc: 0.5968 | Te AUC: 0.6354 | Te F1: 0.5965
  Epoch 50, Grad Norm: 0.4325
F7 E050 | Loss: 0.6509 | Tr Acc: 0.6317 | Te Acc: 0.5968 | Te AUC: 0.6344 | Te F1: 0.5965
  Epoch 55, Grad Norm: 0.4168
F7 E055 | Loss: 0.6509 | Tr Acc: 0.5943 | Te Acc: 0.5968 | Te AUC: 0.6531 | Te F1: 0.5495
  Epoch 60, Grad Norm: 0.4350
F7 E060 | Loss: 0.6484 | Tr Acc: 0.6335 | Te Acc: 0.6452 | Te AUC: 0.6448 | Te F1: 0.6452
  Epoch 65, Grad Norm: 0.4032
F7 E065 | Loss: 0.6387 | Tr Acc: 0.6423 | Te Acc: 0.6290 | Te AUC: 0.6542 | Te F1: 0.6276
  Epoch 70, Grad Norm: 0.4648
F7 E070 | Loss: 0.6299 | Tr Acc: 0.5694 | Te Acc: 0.5806 | Te AUC: 0.6792 | Te F1: 0.4980
  Epoch 75, Grad Norm: 0.4409
F7 E075 | Loss: 0.6309 | Tr Acc: 0.6192 | Te Acc: 0.6452 | Te AUC: 0.6562 | Te F1: 0.6161
  Epoch 80, Grad Norm: 0.4093
F7 E080 | Loss: 0.6255 | Tr Acc: 0.6637 | Te Acc: 0.5645 | Te AUC: 0.6385 | Te F1: 0.5531
  Epoch 85, Grad Norm: 0.4669
F7 E085 | Loss: 0.6093 | Tr Acc: 0.6246 | Te Acc: 0.5000 | Te AUC: 0.6156 | Te F1: 0.4546
  Epoch 90, Grad Norm: 0.4301
F7 E090 | Loss: 0.6008 | Tr Acc: 0.6406 | Te Acc: 0.6613 | Te AUC: 0.6427 | Te F1: 0.6299
  Epoch 95, Grad Norm: 0.4203
F7 E095 | Loss: 0.5838 | Tr Acc: 0.6922 | Te Acc: 0.5323 | Te AUC: 0.6042 | Te F1: 0.5245
  Epoch 100, Grad Norm: 0.4867
F7 E100 | Loss: 0.5845 | Tr Acc: 0.6726 | Te Acc: 0.5645 | Te AUC: 0.6156 | Te F1: 0.5642
  Epoch 105, Grad Norm: 0.5622
F7 E105 | Loss: 0.5838 | Tr Acc: 0.7046 | Te Acc: 0.5484 | Te AUC: 0.6135 | Te F1: 0.5484
  Epoch 110, Grad Norm: 0.7183
F7 E110 | Loss: 0.5861 | Tr Acc: 0.6174 | Te Acc: 0.6129 | Te AUC: 0.6542 | Te F1: 0.5622
  Epoch 115, Grad Norm: 0.8141
F7 E115 | Loss: 0.5641 | Tr Acc: 0.5819 | Te Acc: 0.5161 | Te AUC: 0.6156 | Te F1: 0.4401
  Epoch 120, Grad Norm: 0.5580
F7 E120 | Loss: 0.5464 | Tr Acc: 0.5569 | Te Acc: 0.5161 | Te AUC: 0.6229 | Te F1: 0.4010
  Epoch 125, Grad Norm: 0.7405
F7 E125 | Loss: 0.5385 | Tr Acc: 0.7367 | Te Acc: 0.5323 | Te AUC: 0.5969 | Te F1: 0.5245
  Epoch 130, Grad Norm: 0.6568
F7 E130 | Loss: 0.5271 | Tr Acc: 0.6085 | Te Acc: 0.5645 | Te AUC: 0.6208 | Te F1: 0.4867
  Epoch 135, Grad Norm: 0.6927
F7 E135 | Loss: 0.5228 | Tr Acc: 0.6121 | Te Acc: 0.5323 | Te AUC: 0.6021 | Te F1: 0.4659
  Epoch 140, Grad Norm: 0.6477
F7 E140 | Loss: 0.5125 | Tr Acc: 0.7509 | Te Acc: 0.6129 | Te AUC: 0.6312 | Te F1: 0.6129
  Epoch 145, Grad Norm: 0.5225
F7 E145 | Loss: 0.5255 | Tr Acc: 0.7758 | Te Acc: 0.5806 | Te AUC: 0.6406 | Te F1: 0.5798
  Epoch 150, Grad Norm: 0.5123
F7 E150 | Loss: 0.4998 | Tr Acc: 0.6922 | Te Acc: 0.6613 | Te AUC: 0.6594 | Te F1: 0.6370
  Learning rate reduced to 1.0e-04
  Epoch 155, Grad Norm: 0.4924
F7 E155 | Loss: 0.4846 | Tr Acc: 0.7527 | Te Acc: 0.6452 | Te AUC: 0.6635 | Te F1: 0.6337
  Epoch 160, Grad Norm: 0.5717
F7 E160 | Loss: 0.4874 | Tr Acc: 0.7794 | Te Acc: 0.5806 | Te AUC: 0.6448 | Te F1: 0.5798
  Epoch 165, Grad Norm: 0.6354
F7 E165 | Loss: 0.4853 | Tr Acc: 0.6779 | Te Acc: 0.5806 | Te AUC: 0.6656 | Te F1: 0.5463
  Epoch 170, Grad Norm: 0.6402
F7 E170 | Loss: 0.4909 | Tr Acc: 0.7811 | Te Acc: 0.5968 | Te AUC: 0.6521 | Te F1: 0.5965
  Epoch 175, Grad Norm: 0.6333
F7 E175 | Loss: 0.4680 | Tr Acc: 0.8132 | Te Acc: 0.5968 | Te AUC: 0.6438 | Te F1: 0.5965
  Epoch 180, Grad Norm: 0.7606
F7 E180 | Loss: 0.4840 | Tr Acc: 0.7829 | Te Acc: 0.6129 | Te AUC: 0.6448 | Te F1: 0.6121
  Epoch 185, Grad Norm: 0.9580
F7 E185 | Loss: 0.4706 | Tr Acc: 0.7794 | Te Acc: 0.5968 | Te AUC: 0.6396 | Te F1: 0.5900
  Epoch 190, Grad Norm: 1.4108
F7 E190 | Loss: 0.4767 | Tr Acc: 0.6708 | Te Acc: 0.6129 | Te AUC: 0.6698 | Te F1: 0.5724
  Epoch 195, Grad Norm: 1.3884
F7 E195 | Loss: 0.4876 | Tr Acc: 0.7153 | Te Acc: 0.5323 | Te AUC: 0.6271 | Te F1: 0.5074
  Epoch 200, Grad Norm: 1.6861
F7 E200 | Loss: 0.4710 | Tr Acc: 0.6317 | Te Acc: 0.5968 | Te AUC: 0.6813 | Te F1: 0.5247
Fold 7 - Training finished. Best Test Accuracy: 0.5968, AUC: 0.6813
Fold 7 elapsed time: 70.83 seconds.

--- Fold 8/10 ---
Calculating max TS length for Positional Encoding (624 subjects)...
Determined max TS length 295 from 624 valid files for Positional Encoding.
Fold 8 using dynamic max length (up to 295 for PE).
Loading time series for 624 subjects in fold...
No truncation active. Will pad to max length found in this fold's successful loads.
Padding to max length found in fold: 295
Padding 624 time series to final length: 295
Proceeding with 624 subjects for Fold 8 model training/evaluation.
Phenotype encoder created.
Generating initial embeddings for graph construction (Batch Size: 32)...
Initial embeddings generated.
Building k-NN graph (k=20)...
Graph built with 624 nodes and 12480 edges.
Starting training for Fold 8... Train samples: 562, Test samples: 62
  Epoch 1, Grad Norm: 0.5708
F8 E001 | Loss: 0.7116 | Tr Acc: 0.4840 | Te Acc: 0.4839 | Te AUC: 0.5302 | Te F1: 0.3156
F8 E002 | Loss: 0.7052 | Tr Acc: 0.4840 | Te Acc: 0.4839 | Te AUC: 0.4938 | Te F1: 0.3156
F8 E003 | Loss: 0.6923 | Tr Acc: 0.4858 | Te Acc: 0.4677 | Te AUC: 0.4750 | Te F1: 0.3084
F8 E004 | Loss: 0.6971 | Tr Acc: 0.5000 | Te Acc: 0.4516 | Te AUC: 0.4469 | Te F1: 0.3011
  Epoch 5, Grad Norm: 0.5123
F8 E005 | Loss: 0.6825 | Tr Acc: 0.5605 | Te Acc: 0.4516 | Te AUC: 0.4448 | Te F1: 0.4400
F8 E006 | Loss: 0.6800 | Tr Acc: 0.5836 | Te Acc: 0.5161 | Te AUC: 0.4292 | Te F1: 0.4938
F8 E007 | Loss: 0.6736 | Tr Acc: 0.5872 | Te Acc: 0.5323 | Te AUC: 0.4260 | Te F1: 0.4987
F8 E008 | Loss: 0.6782 | Tr Acc: 0.5676 | Te Acc: 0.5000 | Te AUC: 0.4177 | Te F1: 0.4536
F8 E009 | Loss: 0.6746 | Tr Acc: 0.5676 | Te Acc: 0.5323 | Te AUC: 0.4187 | Te F1: 0.4774
  Epoch 10, Grad Norm: 0.4505
F8 E010 | Loss: 0.6729 | Tr Acc: 0.5676 | Te Acc: 0.5484 | Te AUC: 0.4208 | Te F1: 0.4892
F8 E011 | Loss: 0.6621 | Tr Acc: 0.5783 | Te Acc: 0.5161 | Te AUC: 0.4250 | Te F1: 0.4765
F8 E012 | Loss: 0.6617 | Tr Acc: 0.5730 | Te Acc: 0.5161 | Te AUC: 0.4250 | Te F1: 0.4765
F8 E013 | Loss: 0.6620 | Tr Acc: 0.6014 | Te Acc: 0.5323 | Te AUC: 0.4323 | Te F1: 0.4987
F8 E014 | Loss: 0.6560 | Tr Acc: 0.6068 | Te Acc: 0.5484 | Te AUC: 0.4458 | Te F1: 0.5202
  Epoch 15, Grad Norm: 0.4472
F8 E015 | Loss: 0.6554 | Tr Acc: 0.6085 | Te Acc: 0.5161 | Te AUC: 0.4521 | Te F1: 0.4938
F8 E016 | Loss: 0.6569 | Tr Acc: 0.6103 | Te Acc: 0.5161 | Te AUC: 0.4552 | Te F1: 0.4938
F8 E017 | Loss: 0.6466 | Tr Acc: 0.6441 | Te Acc: 0.5000 | Te AUC: 0.4552 | Te F1: 0.4916
  Learning rate reduced to 1.0e-04
F8 E018 | Loss: 0.6465 | Tr Acc: 0.6477 | Te Acc: 0.4839 | Te AUC: 0.4510 | Te F1: 0.4806
F8 E019 | Loss: 0.6443 | Tr Acc: 0.6388 | Te Acc: 0.4677 | Te AUC: 0.4510 | Te F1: 0.4673
  Epoch 20, Grad Norm: 0.4348
F8 E020 | Loss: 0.6490 | Tr Acc: 0.6299 | Te Acc: 0.4677 | Te AUC: 0.4521 | Te F1: 0.4673
F8 E021 | Loss: 0.6509 | Tr Acc: 0.6299 | Te Acc: 0.4677 | Te AUC: 0.4521 | Te F1: 0.4679
F8 E022 | Loss: 0.6507 | Tr Acc: 0.6281 | Te Acc: 0.4677 | Te AUC: 0.4583 | Te F1: 0.4679
F8 E023 | Loss: 0.6451 | Tr Acc: 0.6317 | Te Acc: 0.4516 | Te AUC: 0.4594 | Te F1: 0.4516
F8 E024 | Loss: 0.6433 | Tr Acc: 0.6388 | Te Acc: 0.4839 | Te AUC: 0.4646 | Te F1: 0.4828
  Epoch 25, Grad Norm: 0.4024
F8 E025 | Loss: 0.6416 | Tr Acc: 0.6495 | Te Acc: 0.4839 | Te AUC: 0.4677 | Te F1: 0.4806
F8 E026 | Loss: 0.6348 | Tr Acc: 0.6512 | Te Acc: 0.4677 | Te AUC: 0.4708 | Te F1: 0.4628
F8 E027 | Loss: 0.6367 | Tr Acc: 0.6512 | Te Acc: 0.4839 | Te AUC: 0.4750 | Te F1: 0.4773
F8 E028 | Loss: 0.6409 | Tr Acc: 0.6459 | Te Acc: 0.5000 | Te AUC: 0.4771 | Te F1: 0.4916
F8 E029 | Loss: 0.6465 | Tr Acc: 0.6477 | Te Acc: 0.5000 | Te AUC: 0.4792 | Te F1: 0.4916
  Epoch 30, Grad Norm: 0.3880
F8 E030 | Loss: 0.6459 | Tr Acc: 0.6495 | Te Acc: 0.5161 | Te AUC: 0.4812 | Te F1: 0.5100
F8 E031 | Loss: 0.6374 | Tr Acc: 0.6512 | Te Acc: 0.5323 | Te AUC: 0.4833 | Te F1: 0.5279
Early stopping triggered at epoch 31 due to lack of improvement in Test AUC for 30 evaluation steps.
Fold 8 - Training finished. Best Test Accuracy: 0.4839, AUC: 0.5302
Fold 8 elapsed time: 21.55 seconds.

--- Fold 9/10 ---
Calculating max TS length for Positional Encoding (624 subjects)...
Determined max TS length 295 from 624 valid files for Positional Encoding.
Fold 9 using dynamic max length (up to 295 for PE).
Loading time series for 624 subjects in fold...
No truncation active. Will pad to max length found in this fold's successful loads.
Padding to max length found in fold: 295
Padding 624 time series to final length: 295
Proceeding with 624 subjects for Fold 9 model training/evaluation.
Phenotype encoder created.
Generating initial embeddings for graph construction (Batch Size: 32)...
Initial embeddings generated.
Building k-NN graph (k=20)...
Graph built with 624 nodes and 12480 edges.
Starting training for Fold 9... Train samples: 562, Test samples: 62
  Epoch 1, Grad Norm: 0.5538
F9 E001 | Loss: 0.7131 | Tr Acc: 0.4840 | Te Acc: 0.4677 | Te AUC: 0.5760 | Te F1: 0.3754
F9 E002 | Loss: 0.6983 | Tr Acc: 0.5302 | Te Acc: 0.5323 | Te AUC: 0.5302 | Te F1: 0.4103
F9 E003 | Loss: 0.6999 | Tr Acc: 0.5302 | Te Acc: 0.5323 | Te AUC: 0.5240 | Te F1: 0.4103
F9 E004 | Loss: 0.6984 | Tr Acc: 0.5374 | Te Acc: 0.5161 | Te AUC: 0.5344 | Te F1: 0.3781
  Epoch 5, Grad Norm: 0.4311
F9 E005 | Loss: 0.6874 | Tr Acc: 0.5338 | Te Acc: 0.5161 | Te AUC: 0.5479 | Te F1: 0.3781
F9 E006 | Loss: 0.7047 | Tr Acc: 0.5374 | Te Acc: 0.5000 | Te AUC: 0.5469 | Te F1: 0.3696
F9 E007 | Loss: 0.6926 | Tr Acc: 0.5463 | Te Acc: 0.5161 | Te AUC: 0.5427 | Te F1: 0.4010
F9 E008 | Loss: 0.6711 | Tr Acc: 0.5641 | Te Acc: 0.5161 | Te AUC: 0.5500 | Te F1: 0.4380
F9 E009 | Loss: 0.6829 | Tr Acc: 0.5658 | Te Acc: 0.6129 | Te AUC: 0.5542 | Te F1: 0.5812
  Epoch 10, Grad Norm: 0.4597
F9 E010 | Loss: 0.6845 | Tr Acc: 0.5658 | Te Acc: 0.5806 | Te AUC: 0.5656 | Te F1: 0.5670
F9 E011 | Loss: 0.6787 | Tr Acc: 0.5819 | Te Acc: 0.5968 | Te AUC: 0.5792 | Te F1: 0.5965
F9 E012 | Loss: 0.6834 | Tr Acc: 0.5676 | Te Acc: 0.5484 | Te AUC: 0.5844 | Te F1: 0.5427
F9 E013 | Loss: 0.6849 | Tr Acc: 0.5765 | Te Acc: 0.4839 | Te AUC: 0.5927 | Te F1: 0.4522
F9 E014 | Loss: 0.6814 | Tr Acc: 0.5214 | Te Acc: 0.5000 | Te AUC: 0.6208 | Te F1: 0.3743
  Epoch 15, Grad Norm: 0.4293
F9 E015 | Loss: 0.6768 | Tr Acc: 0.5142 | Te Acc: 0.5000 | Te AUC: 0.6417 | Te F1: 0.3743
F9 E016 | Loss: 0.6793 | Tr Acc: 0.5285 | Te Acc: 0.5323 | Te AUC: 0.6615 | Te F1: 0.4342
F9 E017 | Loss: 0.6815 | Tr Acc: 0.5338 | Te Acc: 0.5323 | Te AUC: 0.6708 | Te F1: 0.4511
F9 E018 | Loss: 0.6688 | Tr Acc: 0.5427 | Te Acc: 0.5323 | Te AUC: 0.6792 | Te F1: 0.4511
F9 E019 | Loss: 0.6986 | Tr Acc: 0.5498 | Te Acc: 0.5645 | Te AUC: 0.6854 | Te F1: 0.5027
  Epoch 20, Grad Norm: 0.3999
F9 E020 | Loss: 0.6650 | Tr Acc: 0.5569 | Te Acc: 0.5806 | Te AUC: 0.6844 | Te F1: 0.5271
F9 E021 | Loss: 0.6788 | Tr Acc: 0.5641 | Te Acc: 0.6129 | Te AUC: 0.6865 | Te F1: 0.5733
F9 E022 | Loss: 0.6740 | Tr Acc: 0.5658 | Te Acc: 0.6129 | Te AUC: 0.6885 | Te F1: 0.5733
F9 E023 | Loss: 0.6686 | Tr Acc: 0.5819 | Te Acc: 0.6452 | Te AUC: 0.6896 | Te F1: 0.6234
F9 E024 | Loss: 0.6706 | Tr Acc: 0.6068 | Te Acc: 0.6613 | Te AUC: 0.6865 | Te F1: 0.6483
  Epoch 25, Grad Norm: 0.4042
F9 E025 | Loss: 0.6766 | Tr Acc: 0.6085 | Te Acc: 0.6452 | Te AUC: 0.6969 | Te F1: 0.6377
F9 E026 | Loss: 0.6802 | Tr Acc: 0.6103 | Te Acc: 0.6613 | Te AUC: 0.7010 | Te F1: 0.6524
F9 E027 | Loss: 0.6747 | Tr Acc: 0.6032 | Te Acc: 0.6613 | Te AUC: 0.7073 | Te F1: 0.6483
F9 E028 | Loss: 0.6706 | Tr Acc: 0.6085 | Te Acc: 0.6613 | Te AUC: 0.7135 | Te F1: 0.6483
F9 E029 | Loss: 0.6701 | Tr Acc: 0.6281 | Te Acc: 0.6452 | Te AUC: 0.7104 | Te F1: 0.6338
  Epoch 30, Grad Norm: 0.4245
F9 E030 | Loss: 0.6771 | Tr Acc: 0.6032 | Te Acc: 0.6452 | Te AUC: 0.7104 | Te F1: 0.6234
F9 E031 | Loss: 0.6652 | Tr Acc: 0.6068 | Te Acc: 0.6452 | Te AUC: 0.7031 | Te F1: 0.6234
F9 E032 | Loss: 0.6664 | Tr Acc: 0.6032 | Te Acc: 0.5968 | Te AUC: 0.6854 | Te F1: 0.5684
F9 E033 | Loss: 0.6621 | Tr Acc: 0.6085 | Te Acc: 0.5806 | Te AUC: 0.6604 | Te F1: 0.5378
F9 E034 | Loss: 0.6672 | Tr Acc: 0.5943 | Te Acc: 0.5645 | Te AUC: 0.6521 | Te F1: 0.5249
  Epoch 35, Grad Norm: 0.4162
F9 E035 | Loss: 0.6675 | Tr Acc: 0.5943 | Te Acc: 0.5645 | Te AUC: 0.6510 | Te F1: 0.5249
F9 E036 | Loss: 0.6512 | Tr Acc: 0.6032 | Te Acc: 0.5806 | Te AUC: 0.6479 | Te F1: 0.5470
F9 E037 | Loss: 0.6646 | Tr Acc: 0.6121 | Te Acc: 0.6129 | Te AUC: 0.6375 | Te F1: 0.6005
F9 E038 | Loss: 0.6669 | Tr Acc: 0.6246 | Te Acc: 0.6129 | Te AUC: 0.6354 | Te F1: 0.6047
F9 E039 | Loss: 0.6612 | Tr Acc: 0.6157 | Te Acc: 0.5968 | Te AUC: 0.6333 | Te F1: 0.5901
  Epoch 40, Grad Norm: 0.4115
F9 E040 | Loss: 0.6685 | Tr Acc: 0.5890 | Te Acc: 0.5806 | Te AUC: 0.6396 | Te F1: 0.5806
F9 E041 | Loss: 0.6616 | Tr Acc: 0.5996 | Te Acc: 0.5806 | Te AUC: 0.6604 | Te F1: 0.5753
F9 E042 | Loss: 0.6670 | Tr Acc: 0.6032 | Te Acc: 0.6452 | Te AUC: 0.6708 | Te F1: 0.6337
F9 E043 | Loss: 0.6648 | Tr Acc: 0.5943 | Te Acc: 0.6290 | Te AUC: 0.6938 | Te F1: 0.6024
F9 E044 | Loss: 0.6693 | Tr Acc: 0.5943 | Te Acc: 0.5968 | Te AUC: 0.7083 | Te F1: 0.5594
  Learning rate reduced to 1.0e-04
  Epoch 45, Grad Norm: 0.3670
F9 E045 | Loss: 0.6515 | Tr Acc: 0.5890 | Te Acc: 0.5968 | Te AUC: 0.7135 | Te F1: 0.5594
F9 E046 | Loss: 0.6518 | Tr Acc: 0.5836 | Te Acc: 0.5968 | Te AUC: 0.7104 | Te F1: 0.5594
F9 E047 | Loss: 0.6645 | Tr Acc: 0.5819 | Te Acc: 0.5968 | Te AUC: 0.7125 | Te F1: 0.5594
F9 E048 | Loss: 0.6627 | Tr Acc: 0.5712 | Te Acc: 0.6129 | Te AUC: 0.7125 | Te F1: 0.5812
F9 E049 | Loss: 0.6631 | Tr Acc: 0.5801 | Te Acc: 0.6129 | Te AUC: 0.7073 | Te F1: 0.5887
  Epoch 50, Grad Norm: 0.3749
F9 E050 | Loss: 0.6623 | Tr Acc: 0.5854 | Te Acc: 0.6290 | Te AUC: 0.7073 | Te F1: 0.6090
  Epoch 55, Grad Norm: 0.3975
F9 E055 | Loss: 0.6524 | Tr Acc: 0.6085 | Te Acc: 0.6774 | Te AUC: 0.7115 | Te F1: 0.6754
  Epoch 60, Grad Norm: 0.4259
F9 E060 | Loss: 0.6563 | Tr Acc: 0.6388 | Te Acc: 0.6290 | Te AUC: 0.7187 | Te F1: 0.6276
  Epoch 65, Grad Norm: 0.4017
F9 E065 | Loss: 0.6488 | Tr Acc: 0.6299 | Te Acc: 0.7097 | Te AUC: 0.7229 | Te F1: 0.7091
  Epoch 70, Grad Norm: 0.3997
F9 E070 | Loss: 0.6446 | Tr Acc: 0.6548 | Te Acc: 0.6613 | Te AUC: 0.7229 | Te F1: 0.6600
  Epoch 75, Grad Norm: 0.3896
F9 E075 | Loss: 0.6484 | Tr Acc: 0.6406 | Te Acc: 0.5806 | Te AUC: 0.7323 | Te F1: 0.5470
  Epoch 80, Grad Norm: 0.3822
F9 E080 | Loss: 0.6288 | Tr Acc: 0.6317 | Te Acc: 0.7097 | Te AUC: 0.7312 | Te F1: 0.7097
  Epoch 85, Grad Norm: 0.4057
F9 E085 | Loss: 0.6261 | Tr Acc: 0.5854 | Te Acc: 0.5968 | Te AUC: 0.7208 | Te F1: 0.5679
  Epoch 90, Grad Norm: 0.4332
F9 E090 | Loss: 0.6430 | Tr Acc: 0.5765 | Te Acc: 0.5484 | Te AUC: 0.7188 | Te F1: 0.4892
  Epoch 95, Grad Norm: 0.4273
F9 E095 | Loss: 0.6298 | Tr Acc: 0.5819 | Te Acc: 0.5323 | Te AUC: 0.7198 | Te F1: 0.4774
  Epoch 100, Grad Norm: 0.3903
F9 E100 | Loss: 0.6345 | Tr Acc: 0.6014 | Te Acc: 0.6774 | Te AUC: 0.7219 | Te F1: 0.6670
  Epoch 105, Grad Norm: 0.3715
F9 E105 | Loss: 0.6171 | Tr Acc: 0.6548 | Te Acc: 0.6290 | Te AUC: 0.7271 | Te F1: 0.6093
  Epoch 110, Grad Norm: 0.4592
F9 E110 | Loss: 0.6267 | Tr Acc: 0.6335 | Te Acc: 0.6129 | Te AUC: 0.7240 | Te F1: 0.5818
  Epoch 115, Grad Norm: 0.3923
F9 E115 | Loss: 0.6145 | Tr Acc: 0.6744 | Te Acc: 0.7258 | Te AUC: 0.7115 | Te F1: 0.7256
  Epoch 120, Grad Norm: 0.4447
F9 E120 | Loss: 0.6185 | Tr Acc: 0.6335 | Te Acc: 0.6774 | Te AUC: 0.7021 | Te F1: 0.6754
  Epoch 125, Grad Norm: 0.3926
F9 E125 | Loss: 0.6086 | Tr Acc: 0.6406 | Te Acc: 0.5806 | Te AUC: 0.7052 | Te F1: 0.5470
  Epoch 130, Grad Norm: 0.3961
F9 E130 | Loss: 0.6000 | Tr Acc: 0.6050 | Te Acc: 0.5968 | Te AUC: 0.6927 | Te F1: 0.5750
  Epoch 135, Grad Norm: 0.5018
F9 E135 | Loss: 0.6011 | Tr Acc: 0.6157 | Te Acc: 0.6129 | Te AUC: 0.7010 | Te F1: 0.6003
  Epoch 140, Grad Norm: 0.6562
F9 E140 | Loss: 0.6181 | Tr Acc: 0.6690 | Te Acc: 0.6774 | Te AUC: 0.7042 | Te F1: 0.6671
  Epoch 145, Grad Norm: 0.4162
F9 E145 | Loss: 0.5909 | Tr Acc: 0.6317 | Te Acc: 0.6613 | Te AUC: 0.7042 | Te F1: 0.6582
  Epoch 150, Grad Norm: 0.4635
F9 E150 | Loss: 0.6098 | Tr Acc: 0.6281 | Te Acc: 0.6613 | Te AUC: 0.7010 | Te F1: 0.6582
  Epoch 155, Grad Norm: 0.4460
F9 E155 | Loss: 0.5851 | Tr Acc: 0.6797 | Te Acc: 0.6613 | Te AUC: 0.7052 | Te F1: 0.6483
  Learning rate reduced to 5.0e-05
  Epoch 160, Grad Norm: 0.4780
F9 E160 | Loss: 0.5896 | Tr Acc: 0.6762 | Te Acc: 0.6613 | Te AUC: 0.6937 | Te F1: 0.6610
  Epoch 165, Grad Norm: 0.4969
F9 E165 | Loss: 0.5921 | Tr Acc: 0.6032 | Te Acc: 0.5645 | Te AUC: 0.6990 | Te F1: 0.5241
  Epoch 170, Grad Norm: 0.4057
F9 E170 | Loss: 0.5828 | Tr Acc: 0.5979 | Te Acc: 0.5484 | Te AUC: 0.7073 | Te F1: 0.5012
  Epoch 175, Grad Norm: 0.4845
F9 E175 | Loss: 0.5825 | Tr Acc: 0.6281 | Te Acc: 0.5968 | Te AUC: 0.6979 | Te F1: 0.5861
  Epoch 180, Grad Norm: 0.5268
F9 E180 | Loss: 0.5773 | Tr Acc: 0.6975 | Te Acc: 0.6452 | Te AUC: 0.6896 | Te F1: 0.6429
  Epoch 185, Grad Norm: 0.4102
F9 E185 | Loss: 0.5758 | Tr Acc: 0.6975 | Te Acc: 0.6452 | Te AUC: 0.6865 | Te F1: 0.6429
  Epoch 190, Grad Norm: 0.5160
F9 E190 | Loss: 0.5781 | Tr Acc: 0.6281 | Te Acc: 0.5968 | Te AUC: 0.6948 | Te F1: 0.5811
  Epoch 195, Grad Norm: 0.4937
F9 E195 | Loss: 0.5784 | Tr Acc: 0.6299 | Te Acc: 0.5968 | Te AUC: 0.6948 | Te F1: 0.5811
  Epoch 200, Grad Norm: 0.5465
F9 E200 | Loss: 0.5869 | Tr Acc: 0.6246 | Te Acc: 0.5968 | Te AUC: 0.6927 | Te F1: 0.5750
Fold 9 - Training finished. Best Test Accuracy: 0.5806, AUC: 0.7323
Fold 9 elapsed time: 70.73 seconds.

--- Fold 10/10 ---
Calculating max TS length for Positional Encoding (624 subjects)...
Determined max TS length 295 from 624 valid files for Positional Encoding.
Fold 10 using dynamic max length (up to 295 for PE).
Loading time series for 624 subjects in fold...
No truncation active. Will pad to max length found in this fold's successful loads.
Padding to max length found in fold: 295
Padding 624 time series to final length: 295
Proceeding with 624 subjects for Fold 10 model training/evaluation.
Phenotype encoder created.
Generating initial embeddings for graph construction (Batch Size: 32)...
Initial embeddings generated.
Building k-NN graph (k=20)...
Graph built with 624 nodes and 12480 edges.
Starting training for Fold 10... Train samples: 562, Test samples: 62
  Epoch 1, Grad Norm: 0.4977
F10 E001 | Loss: 0.7007 | Tr Acc: 0.5160 | Te Acc: 0.5161 | Te AUC: 0.5312 | Te F1: 0.3514
F10 E002 | Loss: 0.6974 | Tr Acc: 0.5160 | Te Acc: 0.5161 | Te AUC: 0.5354 | Te F1: 0.3514
F10 E003 | Loss: 0.7034 | Tr Acc: 0.5160 | Te Acc: 0.5161 | Te AUC: 0.5276 | Te F1: 0.3514
F10 E004 | Loss: 0.6917 | Tr Acc: 0.5160 | Te Acc: 0.5161 | Te AUC: 0.5396 | Te F1: 0.3514
  Epoch 5, Grad Norm: 0.5007
F10 E005 | Loss: 0.6949 | Tr Acc: 0.5160 | Te Acc: 0.5323 | Te AUC: 0.5896 | Te F1: 0.3864
F10 E006 | Loss: 0.6883 | Tr Acc: 0.5249 | Te Acc: 0.5323 | Te AUC: 0.6187 | Te F1: 0.3864
F10 E007 | Loss: 0.6843 | Tr Acc: 0.5374 | Te Acc: 0.5323 | Te AUC: 0.6208 | Te F1: 0.4309
F10 E008 | Loss: 0.6871 | Tr Acc: 0.5498 | Te Acc: 0.5323 | Te AUC: 0.6250 | Te F1: 0.4309
F10 E009 | Loss: 0.6806 | Tr Acc: 0.5516 | Te Acc: 0.5484 | Te AUC: 0.6344 | Te F1: 0.4594
  Epoch 10, Grad Norm: 0.4495
F10 E010 | Loss: 0.6879 | Tr Acc: 0.5534 | Te Acc: 0.5323 | Te AUC: 0.6354 | Te F1: 0.4487
F10 E011 | Loss: 0.6841 | Tr Acc: 0.5676 | Te Acc: 0.5323 | Te AUC: 0.6313 | Te F1: 0.4487
F10 E012 | Loss: 0.6916 | Tr Acc: 0.5836 | Te Acc: 0.5645 | Te AUC: 0.6271 | Te F1: 0.5135
F10 E013 | Loss: 0.6904 | Tr Acc: 0.5836 | Te Acc: 0.5806 | Te AUC: 0.6208 | Te F1: 0.5368
F10 E014 | Loss: 0.6885 | Tr Acc: 0.5925 | Te Acc: 0.5645 | Te AUC: 0.6135 | Te F1: 0.5333
  Epoch 15, Grad Norm: 0.4137
F10 E015 | Loss: 0.6768 | Tr Acc: 0.5890 | Te Acc: 0.5645 | Te AUC: 0.6146 | Te F1: 0.5411
F10 E016 | Loss: 0.6808 | Tr Acc: 0.5907 | Te Acc: 0.5968 | Te AUC: 0.6115 | Te F1: 0.5900
F10 E017 | Loss: 0.6761 | Tr Acc: 0.5783 | Te Acc: 0.6290 | Te AUC: 0.6104 | Te F1: 0.6276
F10 E018 | Loss: 0.6810 | Tr Acc: 0.5854 | Te Acc: 0.6452 | Te AUC: 0.6115 | Te F1: 0.6452
F10 E019 | Loss: 0.6700 | Tr Acc: 0.5783 | Te Acc: 0.6452 | Te AUC: 0.6094 | Te F1: 0.6452
  Epoch 20, Grad Norm: 0.4068
F10 E020 | Loss: 0.6781 | Tr Acc: 0.5587 | Te Acc: 0.5645 | Te AUC: 0.6115 | Te F1: 0.5605
F10 E021 | Loss: 0.6821 | Tr Acc: 0.5374 | Te Acc: 0.5968 | Te AUC: 0.6062 | Te F1: 0.5813
F10 E022 | Loss: 0.6722 | Tr Acc: 0.5445 | Te Acc: 0.6129 | Te AUC: 0.6104 | Te F1: 0.6005
F10 E023 | Loss: 0.6863 | Tr Acc: 0.5249 | Te Acc: 0.5645 | Te AUC: 0.6083 | Te F1: 0.5414
F10 E024 | Loss: 0.6786 | Tr Acc: 0.5231 | Te Acc: 0.5806 | Te AUC: 0.6125 | Te F1: 0.5616
  Epoch 25, Grad Norm: 0.3945
F10 E025 | Loss: 0.6650 | Tr Acc: 0.5338 | Te Acc: 0.5645 | Te AUC: 0.6052 | Te F1: 0.5478
F10 E026 | Loss: 0.6726 | Tr Acc: 0.5409 | Te Acc: 0.5161 | Te AUC: 0.6062 | Te F1: 0.4864
  Learning rate reduced to 1.0e-04
F10 E027 | Loss: 0.6840 | Tr Acc: 0.5569 | Te Acc: 0.5161 | Te AUC: 0.6083 | Te F1: 0.4864
F10 E028 | Loss: 0.6827 | Tr Acc: 0.5605 | Te Acc: 0.5484 | Te AUC: 0.6052 | Te F1: 0.5279
F10 E029 | Loss: 0.6638 | Tr Acc: 0.5605 | Te Acc: 0.5484 | Te AUC: 0.6000 | Te F1: 0.5279
  Epoch 30, Grad Norm: 0.3820
F10 E030 | Loss: 0.6679 | Tr Acc: 0.5641 | Te Acc: 0.5484 | Te AUC: 0.5969 | Te F1: 0.5279
F10 E031 | Loss: 0.6754 | Tr Acc: 0.5587 | Te Acc: 0.5484 | Te AUC: 0.5990 | Te F1: 0.5279
F10 E032 | Loss: 0.6723 | Tr Acc: 0.5641 | Te Acc: 0.5806 | Te AUC: 0.5990 | Te F1: 0.5672
F10 E033 | Loss: 0.6665 | Tr Acc: 0.5694 | Te Acc: 0.5968 | Te AUC: 0.5948 | Te F1: 0.5862
F10 E034 | Loss: 0.6667 | Tr Acc: 0.5747 | Te Acc: 0.5968 | Te AUC: 0.5958 | Te F1: 0.5901
  Epoch 35, Grad Norm: 0.3714
F10 E035 | Loss: 0.6757 | Tr Acc: 0.5783 | Te Acc: 0.6452 | Te AUC: 0.5906 | Te F1: 0.6429
F10 E036 | Loss: 0.6739 | Tr Acc: 0.5801 | Te Acc: 0.5806 | Te AUC: 0.5854 | Te F1: 0.5806
F10 E037 | Loss: 0.6722 | Tr Acc: 0.5890 | Te Acc: 0.5645 | Te AUC: 0.5875 | Te F1: 0.5628
F10 E038 | Loss: 0.6648 | Tr Acc: 0.6014 | Te Acc: 0.5484 | Te AUC: 0.5833 | Te F1: 0.5427
F10 E039 | Loss: 0.6728 | Tr Acc: 0.6014 | Te Acc: 0.5484 | Te AUC: 0.5865 | Te F1: 0.5387
  Epoch 40, Grad Norm: 0.3562
F10 E040 | Loss: 0.6677 | Tr Acc: 0.6032 | Te Acc: 0.5484 | Te AUC: 0.5740 | Te F1: 0.5387
Early stopping triggered at epoch 40 due to lack of improvement in Test AUC for 30 evaluation steps.
Fold 10 - Training finished. Best Test Accuracy: 0.5323, AUC: 0.6354
Fold 10 elapsed time: 25.37 seconds.

--- Cross-Validation Results ---
Number of successfully completed folds with valid metrics: 10/10
Average Accuracy:  0.5464 +/- 0.0440
Average F1-Score:  0.4578
Average Precision: 0.4897
Average Recall:    0.5464
Average AUC:       0.6413

Total elapsed time: 383.35 seconds.
--- Run Finished ---
Frankenstein Training completed at Wed Apr 16 03:34:14 AM EDT 2025
