Starting ACHNN regression training with 16 CPUs and 1 GPU at Wed Apr 16 02:07:30 AM EDT 2025
Loading configuration from config.yaml...
Using configured max_ts_length: 1000
Using configured num_regions: 169
Using configured encoder_batch_size: 64
Random seed set to 42
Using GPU: NVIDIA L40S
Loading phenotype data from: Phenotypic_V1_0b_preprocessed1.csv
Original selected data shape: (1112, 6)
Using target column: 'DX_GROUP'
Filtered out 0 rows with invalid/missing target values.
Phenotype data shape after filtering: (1112, 6)
Processing specified numerical features...
 Processing numerical columns: ['AGE_AT_SCAN', 'FIQ']
Processing specified categorical features...
 Processing categorical columns: ['SEX', 'SITE_ID']
  Encoded categorical columns: ['SEX_1', 'SEX_2', 'SITE_ID_CALTECH', 'SITE_ID_CMU', 'SITE_ID_KKI', 'SITE_ID_LEUVEN_1', 'SITE_ID_LEUVEN_2', 'SITE_ID_MAX_MUN', 'SITE_ID_NYU', 'SITE_ID_OHSU', 'SITE_ID_OLIN', 'SITE_ID_PITT', 'SITE_ID_SBL', 'SITE_ID_SDSU', 'SITE_ID_STANFORD', 'SITE_ID_TRINITY', 'SITE_ID_UCLA_1', 'SITE_ID_UCLA_2', 'SITE_ID_UM_1', 'SITE_ID_UM_2', 'SITE_ID_USM', 'SITE_ID_YALE']
Final phenotype features being used (24): ['AGE_AT_SCAN', 'FIQ', 'SEX_1', 'SEX_2', 'SITE_ID_CALTECH', 'SITE_ID_CMU', 'SITE_ID_KKI', 'SITE_ID_LEUVEN_1', 'SITE_ID_LEUVEN_2', 'SITE_ID_MAX_MUN', 'SITE_ID_NYU', 'SITE_ID_OHSU', 'SITE_ID_OLIN', 'SITE_ID_PITT', 'SITE_ID_SBL', 'SITE_ID_SDSU', 'SITE_ID_STANFORD', 'SITE_ID_TRINITY', 'SITE_ID_UCLA_1', 'SITE_ID_UCLA_2', 'SITE_ID_UM_1', 'SITE_ID_UM_2', 'SITE_ID_USM', 'SITE_ID_YALE']
Processed 1112 subjects from phenotype data with valid IDs and selected columns.
Matching time series files in: regions/
Found 866 potential TS files in directory.
Parsed 866 potential subject IDs from filenames.
Matched 866 subjects with both phenotype and time series data.
Total subjects available for K-Fold analysis: 866

--- Fold 1/10 ---
Loading time series for 866 subjects in fold...
Padding 866 time series to max length: 1000
Proceeding with 866 subjects after handling TS loading errors.
Phenotype encoder created.
Generating initial embeddings for graph construction (Batch Size: 64)...
Initial embeddings generated.
Building k-NN graph (k=10)...
Graph built with 866 nodes and 8660 edges.
Starting training for Fold 1... Train samples: 779, Test samples: 87
  Epoch 1, Grad Norm: 0.6995
  Epoch 5, Grad Norm: 0.6093
F1 E005 | Loss: 0.7306 | Tr Acc: 0.5443 | Te Acc: 0.4598 | Te AUC: 0.4682 | Te F1: 0.4245
  Epoch 10, Grad Norm: 0.5367
F1 E010 | Loss: 0.7136 | Tr Acc: 0.5379 | Te Acc: 0.4483 | Te AUC: 0.4576 | Te F1: 0.3912
  Epoch 15, Grad Norm: 0.4933
F1 E015 | Loss: 0.7055 | Tr Acc: 0.4840 | Te Acc: 0.4138 | Te AUC: 0.4544 | Te F1: 0.3215
  Epoch 20, Grad Norm: 0.4544
F1 E020 | Loss: 0.7096 | Tr Acc: 0.4647 | Te Acc: 0.4483 | Te AUC: 0.4608 | Te F1: 0.2917
  Epoch 25, Grad Norm: 0.4931
F1 E025 | Loss: 0.7090 | Tr Acc: 0.5148 | Te Acc: 0.4828 | Te AUC: 0.4777 | Te F1: 0.4313
  Epoch 30, Grad Norm: 0.4259
F1 E030 | Loss: 0.7042 | Tr Acc: 0.5417 | Te Acc: 0.5057 | Te AUC: 0.4761 | Te F1: 0.4775
  Epoch 35, Grad Norm: 0.4203
F1 E035 | Loss: 0.6918 | Tr Acc: 0.5353 | Te Acc: 0.4713 | Te AUC: 0.4523 | Te F1: 0.4378
  Epoch 40, Grad Norm: 0.3859
F1 E040 | Loss: 0.7018 | Tr Acc: 0.4840 | Te Acc: 0.4138 | Te AUC: 0.4592 | Te F1: 0.2926
  Epoch 45, Grad Norm: 0.3825
F1 E045 | Loss: 0.7011 | Tr Acc: 0.5276 | Te Acc: 0.4483 | Te AUC: 0.4560 | Te F1: 0.3887
  Epoch 50, Grad Norm: 0.3271
F1 E050 | Loss: 0.7036 | Tr Acc: 0.5584 | Te Acc: 0.5287 | Te AUC: 0.4576 | Te F1: 0.5290
Fold 1 - Training finished. Best Test Accuracy: 0.4828, AUC: 0.4777
Fold 1 elapsed time: 62.37 seconds.

--- Fold 2/10 ---
Loading time series for 866 subjects in fold...
Padding 866 time series to max length: 1000
Proceeding with 866 subjects after handling TS loading errors.
Phenotype encoder created.
Generating initial embeddings for graph construction (Batch Size: 64)...
Initial embeddings generated.
Building k-NN graph (k=10)...
Graph built with 866 nodes and 8660 edges.
Starting training for Fold 2... Train samples: 779, Test samples: 87
  Epoch 1, Grad Norm: 0.7084
  Epoch 5, Grad Norm: 0.5703
F2 E005 | Loss: 0.7286 | Tr Acc: 0.4634 | Te Acc: 0.4713 | Te AUC: 0.4555 | Te F1: 0.3019
  Epoch 10, Grad Norm: 0.5428
F2 E010 | Loss: 0.7289 | Tr Acc: 0.4634 | Te Acc: 0.4713 | Te AUC: 0.4857 | Te F1: 0.3019
  Epoch 15, Grad Norm: 0.4795
F2 E015 | Loss: 0.7016 | Tr Acc: 0.4634 | Te Acc: 0.4713 | Te AUC: 0.4841 | Te F1: 0.3019
  Epoch 20, Grad Norm: 0.4495
F2 E020 | Loss: 0.7128 | Tr Acc: 0.4955 | Te Acc: 0.4943 | Te AUC: 0.4735 | Te F1: 0.3964
  Epoch 25, Grad Norm: 0.4250
F2 E025 | Loss: 0.7103 | Tr Acc: 0.5481 | Te Acc: 0.5172 | Te AUC: 0.4666 | Te F1: 0.4114
  Epoch 30, Grad Norm: 0.3990
F2 E030 | Loss: 0.6896 | Tr Acc: 0.5353 | Te Acc: 0.5172 | Te AUC: 0.4751 | Te F1: 0.3793
  Epoch 35, Grad Norm: 0.4031
F2 E035 | Loss: 0.7079 | Tr Acc: 0.5379 | Te Acc: 0.4943 | Te AUC: 0.4846 | Te F1: 0.3675
  Epoch 40, Grad Norm: 0.3400
F2 E040 | Loss: 0.6918 | Tr Acc: 0.5584 | Te Acc: 0.4828 | Te AUC: 0.4756 | Te F1: 0.4032
  Epoch 45, Grad Norm: 0.4106
F2 E045 | Loss: 0.7047 | Tr Acc: 0.5674 | Te Acc: 0.4483 | Te AUC: 0.4793 | Te F1: 0.4279
  Epoch 50, Grad Norm: 0.3626
F2 E050 | Loss: 0.6863 | Tr Acc: 0.5969 | Te Acc: 0.5057 | Te AUC: 0.4719 | Te F1: 0.5057
Fold 2 - Training finished. Best Test Accuracy: 0.4713, AUC: 0.4857
Fold 2 elapsed time: 60.88 seconds.

--- Fold 3/10 ---
Loading time series for 866 subjects in fold...
Padding 866 time series to max length: 1000
Proceeding with 866 subjects after handling TS loading errors.
Phenotype encoder created.
Generating initial embeddings for graph construction (Batch Size: 64)...
