Starting ACHNN regression training with 16 CPUs and 1 GPU at Wed Apr 16 05:08:59 AM EDT 2025
Loading configuration from config_baseline_rf.yaml...
Loading preprocessed features and labels...
 Feature shape: (546, 19927), Label shape: (546,)
 Label distribution: [279 267]
Attempting to retrieve feature names...
Warning: Could not reliably get OHE feature names: name 'SimpleImputer' is not defined. Using generic names.

--- Fold 1/10 ---
Applying RFE to select 1000 features...
 Fitting RFE...
 Transforming features with RFE...
 RFE finished. Selected features shape: (491, 1000)
Training Random Forest Classifier...
Evaluating on test set...
Fold 1 Results: Acc=0.6182, AUC=0.7474, F1=0.6156
Fold 1 elapsed time: 4.44 seconds.

--- Fold 2/10 ---
Applying RFE to select 1000 features...
 Fitting RFE...
 Transforming features with RFE...
 RFE finished. Selected features shape: (491, 1000)
Training Random Forest Classifier...
Evaluating on test set...
Fold 2 Results: Acc=0.6182, AUC=0.6468, F1=0.6143
Fold 2 elapsed time: 4.18 seconds.

--- Fold 3/10 ---
Applying RFE to select 1000 features...
 Fitting RFE...
 Transforming features with RFE...
 RFE finished. Selected features shape: (491, 1000)
Training Random Forest Classifier...
Evaluating on test set...
Fold 3 Results: Acc=0.6000, AUC=0.6931, F1=0.5944
Fold 3 elapsed time: 4.42 seconds.

--- Fold 4/10 ---
Applying RFE to select 1000 features...
 Fitting RFE...
 Transforming features with RFE...
 RFE finished. Selected features shape: (491, 1000)
Training Random Forest Classifier...
Evaluating on test set...
Fold 4 Results: Acc=0.7818, AUC=0.7632, F1=0.7765
Fold 4 elapsed time: 4.20 seconds.

--- Fold 5/10 ---
Applying RFE to select 1000 features...
 Fitting RFE...
 Transforming features with RFE...
 RFE finished. Selected features shape: (491, 1000)
Training Random Forest Classifier...
Evaluating on test set...
Fold 5 Results: Acc=0.6545, AUC=0.6561, F1=0.6532
Fold 5 elapsed time: 4.26 seconds.

--- Fold 6/10 ---
Applying RFE to select 1000 features...
 Fitting RFE...
 Transforming features with RFE...
 RFE finished. Selected features shape: (491, 1000)
Training Random Forest Classifier...
Evaluating on test set...
Fold 6 Results: Acc=0.6545, AUC=0.7712, F1=0.6511
Fold 6 elapsed time: 4.18 seconds.

--- Fold 7/10 ---
Applying RFE to select 1000 features...
 Fitting RFE...
 Transforming features with RFE...
 RFE finished. Selected features shape: (492, 1000)
Training Random Forest Classifier...
Evaluating on test set...
Fold 7 Results: Acc=0.6111, AUC=0.7298, F1=0.6077
Fold 7 elapsed time: 4.29 seconds.

--- Fold 8/10 ---
Applying RFE to select 1000 features...
 Fitting RFE...
 Transforming features with RFE...
 RFE finished. Selected features shape: (492, 1000)
Training Random Forest Classifier...
Evaluating on test set...
Fold 8 Results: Acc=0.6667, AUC=0.7143, F1=0.6657
Fold 8 elapsed time: 4.19 seconds.

--- Fold 9/10 ---
Applying RFE to select 1000 features...
 Fitting RFE...
 Transforming features with RFE...
 RFE finished. Selected features shape: (492, 1000)
Training Random Forest Classifier...
Evaluating on test set...
Fold 9 Results: Acc=0.6852, AUC=0.8036, F1=0.6813
Fold 9 elapsed time: 4.15 seconds.

--- Fold 10/10 ---
Applying RFE to select 1000 features...
 Fitting RFE...
 Transforming features with RFE...
 RFE finished. Selected features shape: (492, 1000)
Training Random Forest Classifier...
Evaluating on test set...
Fold 10 Results: Acc=0.7037, AUC=0.7555, F1=0.6987
Fold 10 elapsed time: 4.08 seconds.

--- Cross-Validation Results ---
Number of successfully completed folds: 10/10
Average Accuracy:  0.6594 +/- 0.0519
Average F1-Score:  0.6559
Average Precision: 0.6652
Average Recall:    0.6594
Average AUC:       0.7281

--- Average Feature Importances (Random Forest Gini Importance) ---
Average feature importance across folds not calculated when RFE is enabled (selected features may differ per fold).

Total elapsed time: 42.42 seconds.
--- Baseline Random Forest Run Finished ---
Frankenstein Training completed at Wed Apr 16 05:09:45 AM EDT 2025
